Processing custom-st7789-160x128 (board: esp32dev; platform: https://github.com/pioarduino/platform-espressif32/releases/download/55.03.36/platform-espressif32.zip; framework: arduino)
--------------------------------------------------------------------------------
Library Manager: Installing h2zero/NimBLE-Arduino
Library Manager: Installing h2zero/NimBLE-Arduino
Library Manager: Installing h2zero/NimBLE-Arduino
Library Manager: Installing whywilson/ESP-PN532-UART
Verbose mode can be enabled via `-v, --verbose` option
[GZIP & EMBED INTO HEADER] - Nothing to process.
ae56fe5480611f036a40c7264b9e5c94478eab62cadc274a2dcabeed691b9488 ae56fe5480611f036a40c7264b9e5c94478eab62cadc274a2dcabeed691b9488
CONFIGURATION: https://docs.platformio.org/page/boards/espressif32/esp32dev.html
PLATFORM: Espressif 32 (55.3.36) > Espressif ESP32 Dev Module
HARDWARE: ESP32 240MHz, 320KB RAM, 4MB Flash
DEBUG: Current (cmsis-dap) External (cmsis-dap, esp-bridge, esp-prog, iot-bus-jtag, jlink, minimodule, olimex-arm-usb-ocd, olimex-arm-usb-ocd-h, olimex-arm-usb-tiny-h, olimex-jtag-tiny, tumpa)
PACKAGES: 
 - contrib-piohome @ 3.4.4 
 - framework-arduinoespressif32 @ 3.3.6 
 - framework-arduinoespressif32-libs @ 5.5.0+sha.30aaf64524 
 - tool-esp-rom-elfs @ 2024.10.11 
 - tool-esptoolpy @ 5.1.0 
 - toolchain-xtensa-esp-elf @ 14.2.0+20251107
*** WARNING: Windows Long Path Support is disabled ***
*** Enable it for better performance: ***
*** 1. Run as Administrator: gpedit.msc ***
*** 2. Navigate to: Computer Configuration > Administrative Templates > System > Filesystem ***
*** 3. Enable 'Enable Win32 long paths' ***
*** OR run PowerShell as Admin: ***
*** New-ItemProperty -Path 'HKLM:\SYSTEM\CurrentControlSet\Control\FileSystem' -Name 'LongPathsEnabled' -Value 1 -PropertyType DWORD -Force ***
*** Restart required after enabling ***
*** Applied include path shortening for 293 framework paths ***
*** Path length reduced from 33630 to ~11746 characters ***
*** Estimated savings: 21389 characters ***
LDF: Library Dependency Finder -> https://bit.ly/configure-pio-ldf
LDF Modes: Finder ~ chain, Compatibility ~ soft
Found 88 compatible libraries
Scanning dependencies...
Dependency Graph
|-- WireGuard-ESP32 @ 0.1.5+sha.4e22d2e
|-- IRremoteESP8266 @ 2.8.6+sha.22cd38c
|-- Time @ 1.6.1
|-- LibSSH-ESP32 @ 5.8.0
|-- Adafruit BusIO @ 1.17.2-bruce.1+sha.27230c1
|-- Adafruit PN532 @ 1.3.3-bruce.1+sha.e91d695
|-- BER-TLV @ 0.0.0+20260324184543.sha.bd61b70
|-- RFID_MFRC522v2 @ 2.0.6+sha.a6977df
|-- ESP Chameleon Ultra @ 0.0.2+sha.f66f354
|-- ESP Amiibolink @ 0.0.2+sha.fc26412
|-- SimpleCLI @ 1.1.4+sha.b23d377
|-- ESP PN32BLE @ 0.0.2+sha.542f121
|-- ESP PN532 UART @ 0.0.2+sha.8021fde
|-- ESP PN532Killer @ 0.0.7+sha.71bf110
|-- NTPClient @ 3.2.1
|-- ESP32Time @ 2.0.6
|-- FFat @ 3.3.6
|-- ArduinoJson @ 7.4.3
|-- rc-switch @ 2.6.4+sha.2c43b93
|-- ESP8266Audio @ 2.4.1
|-- ESP8266SAM @ 1.1.0
|-- TinyGPSPlus @ 1.1.0
|-- FFT @ 0.0.1
|-- NimBLE-Arduino @ 2.4.0
|-- RF24 @ 1.4.11
|-- Adafruit Si4713 Library @ 1.2.3
|-- JPEGDecoder @ 2.0.0
|-- SmartRC-CC1101-Driver-Lib @ 2.5.7+sha.7bba521
|-- mquickjs @ 0.0.6+sha.169b5ea
|-- OneWire @ 2.3.8+sha.42e045e
|-- ESP32-PSRamFS @ 1.0.6+sha.5ace2e6
|-- AnimatedGIF @ 2.2.0
|-- PNGdec @ 1.1.6
|-- ESPAsyncWebServer @ 3.10.3
|-- FastLED @ 3.10.3
|-- RadioLib @ 7.6.0
|-- LittleFS @ 3.3.6
|-- BruceHAL @ 7.3.1
|-- WiFi @ 3.3.6
|-- Wire @ 3.3.6
|-- HTTPClient @ 3.3.6
|-- Ethernet @ 3.3.6
|-- Networking @ 3.3.6
|-- SPI @ 3.3.6
|-- FS @ 3.3.6
|-- Bad_Usb_Lib
|-- TFT_eSPI QRcode @ 1.0.0
|-- Preferences @ 3.3.6
|-- DNSServer @ 3.3.6
|-- WebServer @ 3.3.6
|-- RTC
|-- utility
|-- AsyncTCP @ 3.4.10
|-- ESPmDNS @ 3.3.6
|-- PN532_SRIX
|-- NetworkClientSecure @ 3.3.6
|-- SPIFFS @ 3.3.6
Building in release mode
Linking .pio\build\custom-st7789-160x128\firmware.elf
pio : C:/Users/phamm/.platformio/packages/toolchain-xtensa-esp-elf/bin/../lib/g
cc/xtensa-esp-elf/14.2.0/../../../../xtensa-esp-elf/bin/ld.exe: 
.pio/build/custom-st7789-160x128/FrameworkArduinoVariant/variant.cpp.o: plugin 
needed to handle lto object
At line:1 char:42
+ ... mware-main"; pio run -e custom-st7789-160x128 > build_output.txt 2>&1
+                  ~~~~~~~~~~~~~~~~~~~~~~~~~~~~~~~~~~~~~~~~~~~~~~~~~~~~~~~~
    + CategoryInfo          : NotSpecified: (C:/Users/phamm/...ndle lto object 
   :String) [], RemoteException
    + FullyQualifiedErrorId : NativeCommandError
 
C:/Users/phamm/.platformio/packages/toolchain-xtensa-esp-elf/bin/../lib/gcc/xte
nsa-esp-elf/14.2.0/../../../../xtensa-esp-elf/bin/ld.exe: 
.pio/build/custom-st7789-160x128/FrameworkArduinoVariant/variant.cpp.o: plugin 
needed to handle lto object
C:/Users/phamm/.platformio/packages/toolchain-xtensa-esp-elf/bin/../lib/gcc/xte
nsa-esp-elf/14.2.0/../../../../xtensa-esp-elf/bin/ld.exe: 
.pio/build/custom-st7789-160x128/lib572/WireGuard-ESP32/WireGuard.cpp.o: 
plugin needed to handle lto object
C:/Users/phamm/.platformio/packages/toolchain-xtensa-esp-elf/bin/../lib/gcc/xte
nsa-esp-elf/14.2.0/../../../../xtensa-esp-elf/bin/ld.exe: 
.pio/build/custom-st7789-160x128/lib572/WireGuard-ESP32/WireGuard.cpp.o: 
plugin needed to handle lto object
C:/Users/phamm/.platformio/packages/toolchain-xtensa-esp-elf/bin/../lib/gcc/xte
nsa-esp-elf/14.2.0/../../../../xtensa-esp-elf/bin/ld.exe: 
.pio/build/custom-st7789-160x128/lib572/WireGuard-ESP32/WireGuard.cpp.o and 
.pio/build/custom-st7789-160x128/FrameworkArduinoVariant/variant.cpp.o: 
warning: multiple common of `__gnu_lto_slim'
C:/Users/phamm/.platformio/packages/toolchain-xtensa-esp-elf/bin/../lib/gcc/xte
nsa-esp-elf/14.2.0/../../../../xtensa-esp-elf/bin/ld.exe: 
.pio/build/custom-st7789-160x128/lib572/WireGuard-ESP32/crypto.c.o: plugin 
needed to handle lto object
C:/Users/phamm/.platformio/packages/toolchain-xtensa-esp-elf/bin/../lib/gcc/xte
nsa-esp-elf/14.2.0/../../../../xtensa-esp-elf/bin/ld.exe: 
.pio/build/custom-st7789-160x128/lib572/WireGuard-ESP32/crypto.c.o: plugin 
needed to handle lto object
C:/Users/phamm/.platformio/packages/toolchain-xtensa-esp-elf/bin/../lib/gcc/xte
nsa-esp-elf/14.2.0/../../../../xtensa-esp-elf/bin/ld.exe: 
.pio/build/custom-st7789-160x128/lib572/WireGuard-ESP32/crypto.c.o and 
.pio/build/custom-st7789-160x128/FrameworkArduinoVariant/variant.cpp.o: 
warning: multiple common of `__gnu_lto_slim'
C:/Users/phamm/.platformio/packages/toolchain-xtensa-esp-elf/bin/../lib/gcc/xte
nsa-esp-elf/14.2.0/../../../../xtensa-esp-elf/bin/ld.exe: .pio/build/custom-st7
789-160x128/lib572/WireGuard-ESP32/crypto/refc/blake2s.c.o: plugin needed to 
handle lto object
C:/Users/phamm/.platformio/packages/toolchain-xtensa-esp-elf/bin/../lib/gcc/xte
nsa-esp-elf/14.2.0/../../../../xtensa-esp-elf/bin/ld.exe: .pio/build/custom-st7
789-160x128/lib572/WireGuard-ESP32/crypto/refc/blake2s.c.o: plugin needed to 
handle lto object
C:/Users/phamm/.platformio/packages/toolchain-xtensa-esp-elf/bin/../lib/gcc/xte
nsa-esp-elf/14.2.0/../../../../xtensa-esp-elf/bin/ld.exe: .pio/build/custom-st7
789-160x128/lib572/WireGuard-ESP32/crypto/refc/blake2s.c.o and 
.pio/build/custom-st7789-160x128/FrameworkArduinoVariant/variant.cpp.o: 
warning: multiple common of `__gnu_lto_slim'
C:/Users/phamm/.platformio/packages/toolchain-xtensa-esp-elf/bin/../lib/gcc/xte
nsa-esp-elf/14.2.0/../../../../xtensa-esp-elf/bin/ld.exe: .pio/build/custom-st7
789-160x128/lib572/WireGuard-ESP32/crypto/refc/chacha20.c.o: plugin needed to 
handle lto object
C:/Users/phamm/.platformio/packages/toolchain-xtensa-esp-elf/bin/../lib/gcc/xte
nsa-esp-elf/14.2.0/../../../../xtensa-esp-elf/bin/ld.exe: .pio/build/custom-st7
789-160x128/lib572/WireGuard-ESP32/crypto/refc/chacha20.c.o: plugin needed to 
handle lto object
C:/Users/phamm/.platformio/packages/toolchain-xtensa-esp-elf/bin/../lib/gcc/xte
nsa-esp-elf/14.2.0/../../../../xtensa-esp-elf/bin/ld.exe: .pio/build/custom-st7
789-160x128/lib572/WireGuard-ESP32/crypto/refc/chacha20.c.o and 
.pio/build/custom-st7789-160x128/FrameworkArduinoVariant/variant.cpp.o: 
warning: multiple common of `__gnu_lto_slim'
C:/Users/phamm/.platformio/packages/toolchain-xtensa-esp-elf/bin/../lib/gcc/xte
nsa-esp-elf/14.2.0/../../../../xtensa-esp-elf/bin/ld.exe: .pio/build/custom-st7
789-160x128/lib572/WireGuard-ESP32/crypto/refc/chacha20poly1305.c.o: plugin 
needed to handle lto object
C:/Users/phamm/.platformio/packages/toolchain-xtensa-esp-elf/bin/../lib/gcc/xte
nsa-esp-elf/14.2.0/../../../../xtensa-esp-elf/bin/ld.exe: .pio/build/custom-st7
789-160x128/lib572/WireGuard-ESP32/crypto/refc/chacha20poly1305.c.o: plugin 
needed to handle lto object
C:/Users/phamm/.platformio/packages/toolchain-xtensa-esp-elf/bin/../lib/gcc/xte
nsa-esp-elf/14.2.0/../../../../xtensa-esp-elf/bin/ld.exe: .pio/build/custom-st7
789-160x128/lib572/WireGuard-ESP32/crypto/refc/chacha20poly1305.c.o and 
.pio/build/custom-st7789-160x128/FrameworkArduinoVariant/variant.cpp.o: 
warning: multiple common of `__gnu_lto_slim'
C:/Users/phamm/.platformio/packages/toolchain-xtensa-esp-elf/bin/../lib/gcc/xte
nsa-esp-elf/14.2.0/../../../../xtensa-esp-elf/bin/ld.exe: .pio/build/custom-st7
789-160x128/lib572/WireGuard-ESP32/crypto/refc/poly1305-donna.c.o: plugin 
needed to handle lto object
C:/Users/phamm/.platformio/packages/toolchain-xtensa-esp-elf/bin/../lib/gcc/xte
nsa-esp-elf/14.2.0/../../../../xtensa-esp-elf/bin/ld.exe: .pio/build/custom-st7
789-160x128/lib572/WireGuard-ESP32/crypto/refc/poly1305-donna.c.o: plugin 
needed to handle lto object
C:/Users/phamm/.platformio/packages/toolchain-xtensa-esp-elf/bin/../lib/gcc/xte
nsa-esp-elf/14.2.0/../../../../xtensa-esp-elf/bin/ld.exe: .pio/build/custom-st7
789-160x128/lib572/WireGuard-ESP32/crypto/refc/poly1305-donna.c.o and 
.pio/build/custom-st7789-160x128/FrameworkArduinoVariant/variant.cpp.o: 
warning: multiple common of `__gnu_lto_slim'
C:/Users/phamm/.platformio/packages/toolchain-xtensa-esp-elf/bin/../lib/gcc/xte
nsa-esp-elf/14.2.0/../../../../xtensa-esp-elf/bin/ld.exe: .pio/build/custom-st7
789-160x128/lib572/WireGuard-ESP32/crypto/refc/x25519.c.o: plugin needed to 
handle lto object
C:/Users/phamm/.platformio/packages/toolchain-xtensa-esp-elf/bin/../lib/gcc/xte
nsa-esp-elf/14.2.0/../../../../xtensa-esp-elf/bin/ld.exe: .pio/build/custom-st7
789-160x128/lib572/WireGuard-ESP32/crypto/refc/x25519.c.o: plugin needed to 
handle lto object
C:/Users/phamm/.platformio/packages/toolchain-xtensa-esp-elf/bin/../lib/gcc/xte
nsa-esp-elf/14.2.0/../../../../xtensa-esp-elf/bin/ld.exe: 
.pio/build/custom-st7789-160x128/lib572/WireGuard-ESP32/crypto/refc/x25519.c.o 
and .pio/build/custom-st7789-160x128/FrameworkArduinoVariant/variant.cpp.o: 
warning: multiple common of `__gnu_lto_slim'
C:/Users/phamm/.platformio/packages/toolchain-xtensa-esp-elf/bin/../lib/gcc/xte
nsa-esp-elf/14.2.0/../../../../xtensa-esp-elf/bin/ld.exe: .pio/build/custom-st7
789-160x128/lib572/WireGuard-ESP32/wireguard-platform.c.o: plugin needed to 
handle lto object
C:/Users/phamm/.platformio/packages/toolchain-xtensa-esp-elf/bin/../lib/gcc/xte
nsa-esp-elf/14.2.0/../../../../xtensa-esp-elf/bin/ld.exe: .pio/build/custom-st7
789-160x128/lib572/WireGuard-ESP32/wireguard-platform.c.o: plugin needed to 
handle lto object
C:/Users/phamm/.platformio/packages/toolchain-xtensa-esp-elf/bin/../lib/gcc/xte
nsa-esp-elf/14.2.0/../../../../xtensa-esp-elf/bin/ld.exe: 
.pio/build/custom-st7789-160x128/lib572/WireGuard-ESP32/wireguard-platform.c.o 
and .pio/build/custom-st7789-160x128/FrameworkArduinoVariant/variant.cpp.o: 
warning: multiple common of `__gnu_lto_slim'
C:/Users/phamm/.platformio/packages/toolchain-xtensa-esp-elf/bin/../lib/gcc/xte
nsa-esp-elf/14.2.0/../../../../xtensa-esp-elf/bin/ld.exe: 
.pio/build/custom-st7789-160x128/lib572/WireGuard-ESP32/wireguard.c.o: plugin 
needed to handle lto object
C:/Users/phamm/.platformio/packages/toolchain-xtensa-esp-elf/bin/../lib/gcc/xte
nsa-esp-elf/14.2.0/../../../../xtensa-esp-elf/bin/ld.exe: 
.pio/build/custom-st7789-160x128/lib572/WireGuard-ESP32/wireguard.c.o: plugin 
needed to handle lto object
C:/Users/phamm/.platformio/packages/toolchain-xtensa-esp-elf/bin/../lib/gcc/xte
nsa-esp-elf/14.2.0/../../../../xtensa-esp-elf/bin/ld.exe: 
.pio/build/custom-st7789-160x128/lib572/WireGuard-ESP32/wireguard.c.o and 
.pio/build/custom-st7789-160x128/FrameworkArduinoVariant/variant.cpp.o: 
warning: multiple common of `__gnu_lto_slim'
C:/Users/phamm/.platformio/packages/toolchain-xtensa-esp-elf/bin/../lib/gcc/xte
nsa-esp-elf/14.2.0/../../../../xtensa-esp-elf/bin/ld.exe: 
.pio/build/custom-st7789-160x128/lib572/WireGuard-ESP32/wireguardif.c.o: 
plugin needed to handle lto object
C:/Users/phamm/.platformio/packages/toolchain-xtensa-esp-elf/bin/../lib/gcc/xte
nsa-esp-elf/14.2.0/../../../../xtensa-esp-elf/bin/ld.exe: 
.pio/build/custom-st7789-160x128/lib572/WireGuard-ESP32/wireguardif.c.o: 
plugin needed to handle lto object
C:/Users/phamm/.platformio/packages/toolchain-xtensa-esp-elf/bin/../lib/gcc/xte
nsa-esp-elf/14.2.0/../../../../xtensa-esp-elf/bin/ld.exe: 
.pio/build/custom-st7789-160x128/lib572/WireGuard-ESP32/wireguardif.c.o and 
.pio/build/custom-st7789-160x128/FrameworkArduinoVariant/variant.cpp.o: 
warning: multiple common of `__gnu_lto_slim'
C:/Users/phamm/.platformio/packages/toolchain-xtensa-esp-elf/bin/../lib/gcc/xte
nsa-esp-elf/14.2.0/../../../../xtensa-esp-elf/bin/ld.exe: 
.pio/build/custom-st7789-160x128/libbbc/IRremoteESP8266/IRac.cpp.o: plugin 
needed to handle lto object
C:/Users/phamm/.platformio/packages/toolchain-xtensa-esp-elf/bin/../lib/gcc/xte
nsa-esp-elf/14.2.0/../../../../xtensa-esp-elf/bin/ld.exe: 
.pio/build/custom-st7789-160x128/libbbc/IRremoteESP8266/IRac.cpp.o: plugin 
needed to handle lto object
C:/Users/phamm/.platformio/packages/toolchain-xtensa-esp-elf/bin/../lib/gcc/xte
nsa-esp-elf/14.2.0/../../../../xtensa-esp-elf/bin/ld.exe: 
.pio/build/custom-st7789-160x128/libbbc/IRremoteESP8266/IRac.cpp.o and 
.pio/build/custom-st7789-160x128/FrameworkArduinoVariant/variant.cpp.o: 
warning: multiple common of `__gnu_lto_slim'
C:/Users/phamm/.platformio/packages/toolchain-xtensa-esp-elf/bin/../lib/gcc/xte
nsa-esp-elf/14.2.0/../../../../xtensa-esp-elf/bin/ld.exe: 
.pio/build/custom-st7789-160x128/libbbc/IRremoteESP8266/IRrecv.cpp.o: plugin 
needed to handle lto object
C:/Users/phamm/.platformio/packages/toolchain-xtensa-esp-elf/bin/../lib/gcc/xte
nsa-esp-elf/14.2.0/../../../../xtensa-esp-elf/bin/ld.exe: 
.pio/build/custom-st7789-160x128/libbbc/IRremoteESP8266/IRrecv.cpp.o: plugin 
needed to handle lto object
C:/Users/phamm/.platformio/packages/toolchain-xtensa-esp-elf/bin/../lib/gcc/xte
nsa-esp-elf/14.2.0/../../../../xtensa-esp-elf/bin/ld.exe: 
.pio/build/custom-st7789-160x128/libbbc/IRremoteESP8266/IRrecv.cpp.o and 
.pio/build/custom-st7789-160x128/FrameworkArduinoVariant/variant.cpp.o: 
warning: multiple common of `__gnu_lto_slim'
C:/Users/phamm/.platformio/packages/toolchain-xtensa-esp-elf/bin/../lib/gcc/xte
nsa-esp-elf/14.2.0/../../../../xtensa-esp-elf/bin/ld.exe: 
.pio/build/custom-st7789-160x128/libbbc/IRremoteESP8266/IRsend.cpp.o: plugin 
needed to handle lto object
C:/Users/phamm/.platformio/packages/toolchain-xtensa-esp-elf/bin/../lib/gcc/xte
nsa-esp-elf/14.2.0/../../../../xtensa-esp-elf/bin/ld.exe: 
.pio/build/custom-st7789-160x128/libbbc/IRremoteESP8266/IRsend.cpp.o: plugin 
needed to handle lto object
C:/Users/phamm/.platformio/packages/toolchain-xtensa-esp-elf/bin/../lib/gcc/xte
nsa-esp-elf/14.2.0/../../../../xtensa-esp-elf/bin/ld.exe: 
.pio/build/custom-st7789-160x128/libbbc/IRremoteESP8266/IRsend.cpp.o and 
.pio/build/custom-st7789-160x128/FrameworkArduinoVariant/variant.cpp.o: 
warning: multiple common of `__gnu_lto_slim'
C:/Users/phamm/.platformio/packages/toolchain-xtensa-esp-elf/bin/../lib/gcc/xte
nsa-esp-elf/14.2.0/../../../../xtensa-esp-elf/bin/ld.exe: 
.pio/build/custom-st7789-160x128/libbbc/IRremoteESP8266/IRtext.cpp.o: plugin 
needed to handle lto object
C:/Users/phamm/.platformio/packages/toolchain-xtensa-esp-elf/bin/../lib/gcc/xte
nsa-esp-elf/14.2.0/../../../../xtensa-esp-elf/bin/ld.exe: 
.pio/build/custom-st7789-160x128/libbbc/IRremoteESP8266/IRtext.cpp.o: plugin 
needed to handle lto object
C:/Users/phamm/.platformio/packages/toolchain-xtensa-esp-elf/bin/../lib/gcc/xte
nsa-esp-elf/14.2.0/../../../../xtensa-esp-elf/bin/ld.exe: 
.pio/build/custom-st7789-160x128/libbbc/IRremoteESP8266/IRtext.cpp.o and 
.pio/build/custom-st7789-160x128/FrameworkArduinoVariant/variant.cpp.o: 
warning: multiple common of `__gnu_lto_slim'
C:/Users/phamm/.platformio/packages/toolchain-xtensa-esp-elf/bin/../lib/gcc/xte
nsa-esp-elf/14.2.0/../../../../xtensa-esp-elf/bin/ld.exe: 
.pio/build/custom-st7789-160x128/libbbc/IRremoteESP8266/IRtimer.cpp.o: plugin 
needed to handle lto object
C:/Users/phamm/.platformio/packages/toolchain-xtensa-esp-elf/bin/../lib/gcc/xte
nsa-esp-elf/14.2.0/../../../../xtensa-esp-elf/bin/ld.exe: 
.pio/build/custom-st7789-160x128/libbbc/IRremoteESP8266/IRtimer.cpp.o: plugin 
needed to handle lto object
C:/Users/phamm/.platformio/packages/toolchain-xtensa-esp-elf/bin/../lib/gcc/xte
nsa-esp-elf/14.2.0/../../../../xtensa-esp-elf/bin/ld.exe: 
.pio/build/custom-st7789-160x128/libbbc/IRremoteESP8266/IRtimer.cpp.o and 
.pio/build/custom-st7789-160x128/FrameworkArduinoVariant/variant.cpp.o: 
warning: multiple common of `__gnu_lto_slim'
C:/Users/phamm/.platformio/packages/toolchain-xtensa-esp-elf/bin/../lib/gcc/xte
nsa-esp-elf/14.2.0/../../../../xtensa-esp-elf/bin/ld.exe: 
.pio/build/custom-st7789-160x128/libbbc/IRremoteESP8266/IRutils.cpp.o: plugin 
needed to handle lto object
C:/Users/phamm/.platformio/packages/toolchain-xtensa-esp-elf/bin/../lib/gcc/xte
nsa-esp-elf/14.2.0/../../../../xtensa-esp-elf/bin/ld.exe: 
.pio/build/custom-st7789-160x128/libbbc/IRremoteESP8266/IRutils.cpp.o: plugin 
needed to handle lto object
C:/Users/phamm/.platformio/packages/toolchain-xtensa-esp-elf/bin/../lib/gcc/xte
nsa-esp-elf/14.2.0/../../../../xtensa-esp-elf/bin/ld.exe: 
.pio/build/custom-st7789-160x128/libbbc/IRremoteESP8266/IRutils.cpp.o and 
.pio/build/custom-st7789-160x128/FrameworkArduinoVariant/variant.cpp.o: 
warning: multiple common of `__gnu_lto_slim'
C:/Users/phamm/.platformio/packages/toolchain-xtensa-esp-elf/bin/../lib/gcc/xte
nsa-esp-elf/14.2.0/../../../../xtensa-esp-elf/bin/ld.exe: 
.pio/build/custom-st7789-160x128/libbbc/IRremoteESP8266/ir_Airton.cpp.o: 
plugin needed to handle lto object
C:/Users/phamm/.platformio/packages/toolchain-xtensa-esp-elf/bin/../lib/gcc/xte
nsa-esp-elf/14.2.0/../../../../xtensa-esp-elf/bin/ld.exe: 
.pio/build/custom-st7789-160x128/libbbc/IRremoteESP8266/ir_Airton.cpp.o: 
plugin needed to handle lto object
C:/Users/phamm/.platformio/packages/toolchain-xtensa-esp-elf/bin/../lib/gcc/xte
nsa-esp-elf/14.2.0/../../../../xtensa-esp-elf/bin/ld.exe: 
.pio/build/custom-st7789-160x128/libbbc/IRremoteESP8266/ir_Airton.cpp.o and 
.pio/build/custom-st7789-160x128/FrameworkArduinoVariant/variant.cpp.o: 
warning: multiple common of `__gnu_lto_slim'
C:/Users/phamm/.platformio/packages/toolchain-xtensa-esp-elf/bin/../lib/gcc/xte
nsa-esp-elf/14.2.0/../../../../xtensa-esp-elf/bin/ld.exe: 
.pio/build/custom-st7789-160x128/libbbc/IRremoteESP8266/ir_Airwell.cpp.o: 
plugin needed to handle lto object
C:/Users/phamm/.platformio/packages/toolchain-xtensa-esp-elf/bin/../lib/gcc/xte
nsa-esp-elf/14.2.0/../../../../xtensa-esp-elf/bin/ld.exe: 
.pio/build/custom-st7789-160x128/libbbc/IRremoteESP8266/ir_Airwell.cpp.o: 
plugin needed to handle lto object
C:/Users/phamm/.platformio/packages/toolchain-xtensa-esp-elf/bin/../lib/gcc/xte
nsa-esp-elf/14.2.0/../../../../xtensa-esp-elf/bin/ld.exe: 
.pio/build/custom-st7789-160x128/libbbc/IRremoteESP8266/ir_Airwell.cpp.o and 
.pio/build/custom-st7789-160x128/FrameworkArduinoVariant/variant.cpp.o: 
warning: multiple common of `__gnu_lto_slim'
C:/Users/phamm/.platformio/packages/toolchain-xtensa-esp-elf/bin/../lib/gcc/xte
nsa-esp-elf/14.2.0/../../../../xtensa-esp-elf/bin/ld.exe: 
.pio/build/custom-st7789-160x128/libbbc/IRremoteESP8266/ir_Aiwa.cpp.o: plugin 
needed to handle lto object
C:/Users/phamm/.platformio/packages/toolchain-xtensa-esp-elf/bin/../lib/gcc/xte
nsa-esp-elf/14.2.0/../../../../xtensa-esp-elf/bin/ld.exe: 
.pio/build/custom-st7789-160x128/libbbc/IRremoteESP8266/ir_Aiwa.cpp.o: plugin 
needed to handle lto object
C:/Users/phamm/.platformio/packages/toolchain-xtensa-esp-elf/bin/../lib/gcc/xte
nsa-esp-elf/14.2.0/../../../../xtensa-esp-elf/bin/ld.exe: 
.pio/build/custom-st7789-160x128/libbbc/IRremoteESP8266/ir_Aiwa.cpp.o and 
.pio/build/custom-st7789-160x128/FrameworkArduinoVariant/variant.cpp.o: 
warning: multiple common of `__gnu_lto_slim'
C:/Users/phamm/.platformio/packages/toolchain-xtensa-esp-elf/bin/../lib/gcc/xte
nsa-esp-elf/14.2.0/../../../../xtensa-esp-elf/bin/ld.exe: 
.pio/build/custom-st7789-160x128/libbbc/IRremoteESP8266/ir_Amcor.cpp.o: plugin 
needed to handle lto object
C:/Users/phamm/.platformio/packages/toolchain-xtensa-esp-elf/bin/../lib/gcc/xte
nsa-esp-elf/14.2.0/../../../../xtensa-esp-elf/bin/ld.exe: 
.pio/build/custom-st7789-160x128/libbbc/IRremoteESP8266/ir_Amcor.cpp.o: plugin 
needed to handle lto object
C:/Users/phamm/.platformio/packages/toolchain-xtensa-esp-elf/bin/../lib/gcc/xte
nsa-esp-elf/14.2.0/../../../../xtensa-esp-elf/bin/ld.exe: 
.pio/build/custom-st7789-160x128/libbbc/IRremoteESP8266/ir_Amcor.cpp.o and 
.pio/build/custom-st7789-160x128/FrameworkArduinoVariant/variant.cpp.o: 
warning: multiple common of `__gnu_lto_slim'
C:/Users/phamm/.platformio/packages/toolchain-xtensa-esp-elf/bin/../lib/gcc/xte
nsa-esp-elf/14.2.0/../../../../xtensa-esp-elf/bin/ld.exe: 
.pio/build/custom-st7789-160x128/libbbc/IRremoteESP8266/ir_Argo.cpp.o: plugin 
needed to handle lto object
C:/Users/phamm/.platformio/packages/toolchain-xtensa-esp-elf/bin/../lib/gcc/xte
nsa-esp-elf/14.2.0/../../../../xtensa-esp-elf/bin/ld.exe: 
.pio/build/custom-st7789-160x128/libbbc/IRremoteESP8266/ir_Argo.cpp.o: plugin 
needed to handle lto object
C:/Users/phamm/.platformio/packages/toolchain-xtensa-esp-elf/bin/../lib/gcc/xte
nsa-esp-elf/14.2.0/../../../../xtensa-esp-elf/bin/ld.exe: 
.pio/build/custom-st7789-160x128/libbbc/IRremoteESP8266/ir_Argo.cpp.o and 
.pio/build/custom-st7789-160x128/FrameworkArduinoVariant/variant.cpp.o: 
warning: multiple common of `__gnu_lto_slim'
C:/Users/phamm/.platformio/packages/toolchain-xtensa-esp-elf/bin/../lib/gcc/xte
nsa-esp-elf/14.2.0/../../../../xtensa-esp-elf/bin/ld.exe: 
.pio/build/custom-st7789-160x128/libbbc/IRremoteESP8266/ir_Arris.cpp.o: plugin 
needed to handle lto object
C:/Users/phamm/.platformio/packages/toolchain-xtensa-esp-elf/bin/../lib/gcc/xte
nsa-esp-elf/14.2.0/../../../../xtensa-esp-elf/bin/ld.exe: 
.pio/build/custom-st7789-160x128/libbbc/IRremoteESP8266/ir_Arris.cpp.o: plugin 
needed to handle lto object
C:/Users/phamm/.platformio/packages/toolchain-xtensa-esp-elf/bin/../lib/gcc/xte
nsa-esp-elf/14.2.0/../../../../xtensa-esp-elf/bin/ld.exe: 
.pio/build/custom-st7789-160x128/libbbc/IRremoteESP8266/ir_Arris.cpp.o and 
.pio/build/custom-st7789-160x128/FrameworkArduinoVariant/variant.cpp.o: 
warning: multiple common of `__gnu_lto_slim'
C:/Users/phamm/.platformio/packages/toolchain-xtensa-esp-elf/bin/../lib/gcc/xte
nsa-esp-elf/14.2.0/../../../../xtensa-esp-elf/bin/ld.exe: .pio/build/custom-st7
789-160x128/libbbc/IRremoteESP8266/ir_BluestarHeavy.cpp.o: plugin needed to 
handle lto object
C:/Users/phamm/.platformio/packages/toolchain-xtensa-esp-elf/bin/../lib/gcc/xte
nsa-esp-elf/14.2.0/../../../../xtensa-esp-elf/bin/ld.exe: .pio/build/custom-st7
789-160x128/libbbc/IRremoteESP8266/ir_BluestarHeavy.cpp.o: plugin needed to 
handle lto object
C:/Users/phamm/.platformio/packages/toolchain-xtensa-esp-elf/bin/../lib/gcc/xte
nsa-esp-elf/14.2.0/../../../../xtensa-esp-elf/bin/ld.exe: 
.pio/build/custom-st7789-160x128/libbbc/IRremoteESP8266/ir_BluestarHeavy.cpp.o 
and .pio/build/custom-st7789-160x128/FrameworkArduinoVariant/variant.cpp.o: 
warning: multiple common of `__gnu_lto_slim'
C:/Users/phamm/.platformio/packages/toolchain-xtensa-esp-elf/bin/../lib/gcc/xte
nsa-esp-elf/14.2.0/../../../../xtensa-esp-elf/bin/ld.exe: 
.pio/build/custom-st7789-160x128/libbbc/IRremoteESP8266/ir_Bosch.cpp.o: plugin 
needed to handle lto object
C:/Users/phamm/.platformio/packages/toolchain-xtensa-esp-elf/bin/../lib/gcc/xte
nsa-esp-elf/14.2.0/../../../../xtensa-esp-elf/bin/ld.exe: 
.pio/build/custom-st7789-160x128/libbbc/IRremoteESP8266/ir_Bosch.cpp.o: plugin 
needed to handle lto object
C:/Users/phamm/.platformio/packages/toolchain-xtensa-esp-elf/bin/../lib/gcc/xte
nsa-esp-elf/14.2.0/../../../../xtensa-esp-elf/bin/ld.exe: 
.pio/build/custom-st7789-160x128/libbbc/IRremoteESP8266/ir_Bosch.cpp.o and 
.pio/build/custom-st7789-160x128/FrameworkArduinoVariant/variant.cpp.o: 
warning: multiple common of `__gnu_lto_slim'
C:/Users/phamm/.platformio/packages/toolchain-xtensa-esp-elf/bin/../lib/gcc/xte
nsa-esp-elf/14.2.0/../../../../xtensa-esp-elf/bin/ld.exe: 
.pio/build/custom-st7789-160x128/libbbc/IRremoteESP8266/ir_Bose.cpp.o: plugin 
needed to handle lto object
C:/Users/phamm/.platformio/packages/toolchain-xtensa-esp-elf/bin/../lib/gcc/xte
nsa-esp-elf/14.2.0/../../../../xtensa-esp-elf/bin/ld.exe: 
.pio/build/custom-st7789-160x128/libbbc/IRremoteESP8266/ir_Bose.cpp.o: plugin 
needed to handle lto object
C:/Users/phamm/.platformio/packages/toolchain-xtensa-esp-elf/bin/../lib/gcc/xte
nsa-esp-elf/14.2.0/../../../../xtensa-esp-elf/bin/ld.exe: 
.pio/build/custom-st7789-160x128/libbbc/IRremoteESP8266/ir_Bose.cpp.o and 
.pio/build/custom-st7789-160x128/FrameworkArduinoVariant/variant.cpp.o: 
warning: multiple common of `__gnu_lto_slim'
C:/Users/phamm/.platformio/packages/toolchain-xtensa-esp-elf/bin/../lib/gcc/xte
nsa-esp-elf/14.2.0/../../../../xtensa-esp-elf/bin/ld.exe: 
.pio/build/custom-st7789-160x128/libbbc/IRremoteESP8266/ir_Carrier.cpp.o: 
plugin needed to handle lto object
C:/Users/phamm/.platformio/packages/toolchain-xtensa-esp-elf/bin/../lib/gcc/xte
nsa-esp-elf/14.2.0/../../../../xtensa-esp-elf/bin/ld.exe: 
.pio/build/custom-st7789-160x128/libbbc/IRremoteESP8266/ir_Carrier.cpp.o: 
plugin needed to handle lto object
C:/Users/phamm/.platformio/packages/toolchain-xtensa-esp-elf/bin/../lib/gcc/xte
nsa-esp-elf/14.2.0/../../../../xtensa-esp-elf/bin/ld.exe: 
.pio/build/custom-st7789-160x128/libbbc/IRremoteESP8266/ir_Carrier.cpp.o and 
.pio/build/custom-st7789-160x128/FrameworkArduinoVariant/variant.cpp.o: 
warning: multiple common of `__gnu_lto_slim'
C:/Users/phamm/.platformio/packages/toolchain-xtensa-esp-elf/bin/../lib/gcc/xte
nsa-esp-elf/14.2.0/../../../../xtensa-esp-elf/bin/ld.exe: 
.pio/build/custom-st7789-160x128/libbbc/IRremoteESP8266/ir_ClimaButler.cpp.o: 
plugin needed to handle lto object
C:/Users/phamm/.platformio/packages/toolchain-xtensa-esp-elf/bin/../lib/gcc/xte
nsa-esp-elf/14.2.0/../../../../xtensa-esp-elf/bin/ld.exe: 
.pio/build/custom-st7789-160x128/libbbc/IRremoteESP8266/ir_ClimaButler.cpp.o: 
plugin needed to handle lto object
C:/Users/phamm/.platformio/packages/toolchain-xtensa-esp-elf/bin/../lib/gcc/xte
nsa-esp-elf/14.2.0/../../../../xtensa-esp-elf/bin/ld.exe: 
.pio/build/custom-st7789-160x128/libbbc/IRremoteESP8266/ir_ClimaButler.cpp.o 
and .pio/build/custom-st7789-160x128/FrameworkArduinoVariant/variant.cpp.o: 
warning: multiple common of `__gnu_lto_slim'
C:/Users/phamm/.platformio/packages/toolchain-xtensa-esp-elf/bin/../lib/gcc/xte
nsa-esp-elf/14.2.0/../../../../xtensa-esp-elf/bin/ld.exe: 
.pio/build/custom-st7789-160x128/libbbc/IRremoteESP8266/ir_Coolix.cpp.o: 
plugin needed to handle lto object
C:/Users/phamm/.platformio/packages/toolchain-xtensa-esp-elf/bin/../lib/gcc/xte
nsa-esp-elf/14.2.0/../../../../xtensa-esp-elf/bin/ld.exe: 
.pio/build/custom-st7789-160x128/libbbc/IRremoteESP8266/ir_Coolix.cpp.o: 
plugin needed to handle lto object
C:/Users/phamm/.platformio/packages/toolchain-xtensa-esp-elf/bin/../lib/gcc/xte
nsa-esp-elf/14.2.0/../../../../xtensa-esp-elf/bin/ld.exe: 
.pio/build/custom-st7789-160x128/libbbc/IRremoteESP8266/ir_Coolix.cpp.o and 
.pio/build/custom-st7789-160x128/FrameworkArduinoVariant/variant.cpp.o: 
warning: multiple common of `__gnu_lto_slim'
C:/Users/phamm/.platformio/packages/toolchain-xtensa-esp-elf/bin/../lib/gcc/xte
nsa-esp-elf/14.2.0/../../../../xtensa-esp-elf/bin/ld.exe: 
.pio/build/custom-st7789-160x128/libbbc/IRremoteESP8266/ir_Corona.cpp.o: 
plugin needed to handle lto object
C:/Users/phamm/.platformio/packages/toolchain-xtensa-esp-elf/bin/../lib/gcc/xte
nsa-esp-elf/14.2.0/../../../../xtensa-esp-elf/bin/ld.exe: 
.pio/build/custom-st7789-160x128/libbbc/IRremoteESP8266/ir_Corona.cpp.o: 
plugin needed to handle lto object
C:/Users/phamm/.platformio/packages/toolchain-xtensa-esp-elf/bin/../lib/gcc/xte
nsa-esp-elf/14.2.0/../../../../xtensa-esp-elf/bin/ld.exe: 
.pio/build/custom-st7789-160x128/libbbc/IRremoteESP8266/ir_Corona.cpp.o and 
.pio/build/custom-st7789-160x128/FrameworkArduinoVariant/variant.cpp.o: 
warning: multiple common of `__gnu_lto_slim'
C:/Users/phamm/.platformio/packages/toolchain-xtensa-esp-elf/bin/../lib/gcc/xte
nsa-esp-elf/14.2.0/../../../../xtensa-esp-elf/bin/ld.exe: 
.pio/build/custom-st7789-160x128/libbbc/IRremoteESP8266/ir_Daikin.cpp.o: 
plugin needed to handle lto object
C:/Users/phamm/.platformio/packages/toolchain-xtensa-esp-elf/bin/../lib/gcc/xte
nsa-esp-elf/14.2.0/../../../../xtensa-esp-elf/bin/ld.exe: 
.pio/build/custom-st7789-160x128/libbbc/IRremoteESP8266/ir_Daikin.cpp.o: 
plugin needed to handle lto object
C:/Users/phamm/.platformio/packages/toolchain-xtensa-esp-elf/bin/../lib/gcc/xte
nsa-esp-elf/14.2.0/../../../../xtensa-esp-elf/bin/ld.exe: 
.pio/build/custom-st7789-160x128/libbbc/IRremoteESP8266/ir_Daikin.cpp.o and 
.pio/build/custom-st7789-160x128/FrameworkArduinoVariant/variant.cpp.o: 
warning: multiple common of `__gnu_lto_slim'
C:/Users/phamm/.platformio/packages/toolchain-xtensa-esp-elf/bin/../lib/gcc/xte
nsa-esp-elf/14.2.0/../../../../xtensa-esp-elf/bin/ld.exe: 
.pio/build/custom-st7789-160x128/libbbc/IRremoteESP8266/ir_Delonghi.cpp.o: 
plugin needed to handle lto object
C:/Users/phamm/.platformio/packages/toolchain-xtensa-esp-elf/bin/../lib/gcc/xte
nsa-esp-elf/14.2.0/../../../../xtensa-esp-elf/bin/ld.exe: 
.pio/build/custom-st7789-160x128/libbbc/IRremoteESP8266/ir_Delonghi.cpp.o: 
plugin needed to handle lto object
C:/Users/phamm/.platformio/packages/toolchain-xtensa-esp-elf/bin/../lib/gcc/xte
nsa-esp-elf/14.2.0/../../../../xtensa-esp-elf/bin/ld.exe: 
.pio/build/custom-st7789-160x128/libbbc/IRremoteESP8266/ir_Delonghi.cpp.o and 
.pio/build/custom-st7789-160x128/FrameworkArduinoVariant/variant.cpp.o: 
warning: multiple common of `__gnu_lto_slim'
C:/Users/phamm/.platformio/packages/toolchain-xtensa-esp-elf/bin/../lib/gcc/xte
nsa-esp-elf/14.2.0/../../../../xtensa-esp-elf/bin/ld.exe: 
.pio/build/custom-st7789-160x128/libbbc/IRremoteESP8266/ir_Denon.cpp.o: plugin 
needed to handle lto object
C:/Users/phamm/.platformio/packages/toolchain-xtensa-esp-elf/bin/../lib/gcc/xte
nsa-esp-elf/14.2.0/../../../../xtensa-esp-elf/bin/ld.exe: 
.pio/build/custom-st7789-160x128/libbbc/IRremoteESP8266/ir_Denon.cpp.o: plugin 
needed to handle lto object
C:/Users/phamm/.platformio/packages/toolchain-xtensa-esp-elf/bin/../lib/gcc/xte
nsa-esp-elf/14.2.0/../../../../xtensa-esp-elf/bin/ld.exe: 
.pio/build/custom-st7789-160x128/libbbc/IRremoteESP8266/ir_Denon.cpp.o and 
.pio/build/custom-st7789-160x128/FrameworkArduinoVariant/variant.cpp.o: 
warning: multiple common of `__gnu_lto_slim'
C:/Users/phamm/.platformio/packages/toolchain-xtensa-esp-elf/bin/../lib/gcc/xte
nsa-esp-elf/14.2.0/../../../../xtensa-esp-elf/bin/ld.exe: 
.pio/build/custom-st7789-160x128/libbbc/IRremoteESP8266/ir_Dish.cpp.o: plugin 
needed to handle lto object
C:/Users/phamm/.platformio/packages/toolchain-xtensa-esp-elf/bin/../lib/gcc/xte
nsa-esp-elf/14.2.0/../../../../xtensa-esp-elf/bin/ld.exe: 
.pio/build/custom-st7789-160x128/libbbc/IRremoteESP8266/ir_Dish.cpp.o: plugin 
needed to handle lto object
C:/Users/phamm/.platformio/packages/toolchain-xtensa-esp-elf/bin/../lib/gcc/xte
nsa-esp-elf/14.2.0/../../../../xtensa-esp-elf/bin/ld.exe: 
.pio/build/custom-st7789-160x128/libbbc/IRremoteESP8266/ir_Dish.cpp.o and 
.pio/build/custom-st7789-160x128/FrameworkArduinoVariant/variant.cpp.o: 
warning: multiple common of `__gnu_lto_slim'
C:/Users/phamm/.platformio/packages/toolchain-xtensa-esp-elf/bin/../lib/gcc/xte
nsa-esp-elf/14.2.0/../../../../xtensa-esp-elf/bin/ld.exe: 
.pio/build/custom-st7789-160x128/libbbc/IRremoteESP8266/ir_Doshisha.cpp.o: 
plugin needed to handle lto object
C:/Users/phamm/.platformio/packages/toolchain-xtensa-esp-elf/bin/../lib/gcc/xte
nsa-esp-elf/14.2.0/../../../../xtensa-esp-elf/bin/ld.exe: 
.pio/build/custom-st7789-160x128/libbbc/IRremoteESP8266/ir_Doshisha.cpp.o: 
plugin needed to handle lto object
C:/Users/phamm/.platformio/packages/toolchain-xtensa-esp-elf/bin/../lib/gcc/xte
nsa-esp-elf/14.2.0/../../../../xtensa-esp-elf/bin/ld.exe: 
.pio/build/custom-st7789-160x128/libbbc/IRremoteESP8266/ir_Doshisha.cpp.o and 
.pio/build/custom-st7789-160x128/FrameworkArduinoVariant/variant.cpp.o: 
warning: multiple common of `__gnu_lto_slim'
C:/Users/phamm/.platformio/packages/toolchain-xtensa-esp-elf/bin/../lib/gcc/xte
nsa-esp-elf/14.2.0/../../../../xtensa-esp-elf/bin/ld.exe: 
.pio/build/custom-st7789-160x128/libbbc/IRremoteESP8266/ir_Ecoclim.cpp.o: 
plugin needed to handle lto object
C:/Users/phamm/.platformio/packages/toolchain-xtensa-esp-elf/bin/../lib/gcc/xte
nsa-esp-elf/14.2.0/../../../../xtensa-esp-elf/bin/ld.exe: 
.pio/build/custom-st7789-160x128/libbbc/IRremoteESP8266/ir_Ecoclim.cpp.o: 
plugin needed to handle lto object
C:/Users/phamm/.platformio/packages/toolchain-xtensa-esp-elf/bin/../lib/gcc/xte
nsa-esp-elf/14.2.0/../../../../xtensa-esp-elf/bin/ld.exe: 
.pio/build/custom-st7789-160x128/libbbc/IRremoteESP8266/ir_Ecoclim.cpp.o and 
.pio/build/custom-st7789-160x128/FrameworkArduinoVariant/variant.cpp.o: 
warning: multiple common of `__gnu_lto_slim'
C:/Users/phamm/.platformio/packages/toolchain-xtensa-esp-elf/bin/../lib/gcc/xte
nsa-esp-elf/14.2.0/../../../../xtensa-esp-elf/bin/ld.exe: 
.pio/build/custom-st7789-160x128/libbbc/IRremoteESP8266/ir_Electra.cpp.o: 
plugin needed to handle lto object
C:/Users/phamm/.platformio/packages/toolchain-xtensa-esp-elf/bin/../lib/gcc/xte
nsa-esp-elf/14.2.0/../../../../xtensa-esp-elf/bin/ld.exe: 
.pio/build/custom-st7789-160x128/libbbc/IRremoteESP8266/ir_Electra.cpp.o: 
plugin needed to handle lto object
C:/Users/phamm/.platformio/packages/toolchain-xtensa-esp-elf/bin/../lib/gcc/xte
nsa-esp-elf/14.2.0/../../../../xtensa-esp-elf/bin/ld.exe: 
.pio/build/custom-st7789-160x128/libbbc/IRremoteESP8266/ir_Electra.cpp.o and 
.pio/build/custom-st7789-160x128/FrameworkArduinoVariant/variant.cpp.o: 
warning: multiple common of `__gnu_lto_slim'
C:/Users/phamm/.platformio/packages/toolchain-xtensa-esp-elf/bin/../lib/gcc/xte
nsa-esp-elf/14.2.0/../../../../xtensa-esp-elf/bin/ld.exe: 
.pio/build/custom-st7789-160x128/libbbc/IRremoteESP8266/ir_EliteScreens.cpp.o: 
plugin needed to handle lto object
C:/Users/phamm/.platformio/packages/toolchain-xtensa-esp-elf/bin/../lib/gcc/xte
nsa-esp-elf/14.2.0/../../../../xtensa-esp-elf/bin/ld.exe: 
.pio/build/custom-st7789-160x128/libbbc/IRremoteESP8266/ir_EliteScreens.cpp.o: 
plugin needed to handle lto object
C:/Users/phamm/.platformio/packages/toolchain-xtensa-esp-elf/bin/../lib/gcc/xte
nsa-esp-elf/14.2.0/../../../../xtensa-esp-elf/bin/ld.exe: 
.pio/build/custom-st7789-160x128/libbbc/IRremoteESP8266/ir_EliteScreens.cpp.o 
and .pio/build/custom-st7789-160x128/FrameworkArduinoVariant/variant.cpp.o: 
warning: multiple common of `__gnu_lto_slim'
C:/Users/phamm/.platformio/packages/toolchain-xtensa-esp-elf/bin/../lib/gcc/xte
nsa-esp-elf/14.2.0/../../../../xtensa-esp-elf/bin/ld.exe: 
.pio/build/custom-st7789-160x128/libbbc/IRremoteESP8266/ir_Epson.cpp.o: plugin 
needed to handle lto object
C:/Users/phamm/.platformio/packages/toolchain-xtensa-esp-elf/bin/../lib/gcc/xte
nsa-esp-elf/14.2.0/../../../../xtensa-esp-elf/bin/ld.exe: 
.pio/build/custom-st7789-160x128/libbbc/IRremoteESP8266/ir_Epson.cpp.o: plugin 
needed to handle lto object
C:/Users/phamm/.platformio/packages/toolchain-xtensa-esp-elf/bin/../lib/gcc/xte
nsa-esp-elf/14.2.0/../../../../xtensa-esp-elf/bin/ld.exe: 
.pio/build/custom-st7789-160x128/libbbc/IRremoteESP8266/ir_Epson.cpp.o and 
.pio/build/custom-st7789-160x128/FrameworkArduinoVariant/variant.cpp.o: 
warning: multiple common of `__gnu_lto_slim'
C:/Users/phamm/.platformio/packages/toolchain-xtensa-esp-elf/bin/../lib/gcc/xte
nsa-esp-elf/14.2.0/../../../../xtensa-esp-elf/bin/ld.exe: 
.pio/build/custom-st7789-160x128/libbbc/IRremoteESP8266/ir_Fujitsu.cpp.o: 
plugin needed to handle lto object
C:/Users/phamm/.platformio/packages/toolchain-xtensa-esp-elf/bin/../lib/gcc/xte
nsa-esp-elf/14.2.0/../../../../xtensa-esp-elf/bin/ld.exe: 
.pio/build/custom-st7789-160x128/libbbc/IRremoteESP8266/ir_Fujitsu.cpp.o: 
plugin needed to handle lto object
C:/Users/phamm/.platformio/packages/toolchain-xtensa-esp-elf/bin/../lib/gcc/xte
nsa-esp-elf/14.2.0/../../../../xtensa-esp-elf/bin/ld.exe: 
.pio/build/custom-st7789-160x128/libbbc/IRremoteESP8266/ir_Fujitsu.cpp.o and 
.pio/build/custom-st7789-160x128/FrameworkArduinoVariant/variant.cpp.o: 
warning: multiple common of `__gnu_lto_slim'
C:/Users/phamm/.platformio/packages/toolchain-xtensa-esp-elf/bin/../lib/gcc/xte
nsa-esp-elf/14.2.0/../../../../xtensa-esp-elf/bin/ld.exe: 
.pio/build/custom-st7789-160x128/libbbc/IRremoteESP8266/ir_GICable.cpp.o: 
plugin needed to handle lto object
C:/Users/phamm/.platformio/packages/toolchain-xtensa-esp-elf/bin/../lib/gcc/xte
nsa-esp-elf/14.2.0/../../../../xtensa-esp-elf/bin/ld.exe: 
.pio/build/custom-st7789-160x128/libbbc/IRremoteESP8266/ir_GICable.cpp.o: 
plugin needed to handle lto object
C:/Users/phamm/.platformio/packages/toolchain-xtensa-esp-elf/bin/../lib/gcc/xte
nsa-esp-elf/14.2.0/../../../../xtensa-esp-elf/bin/ld.exe: 
.pio/build/custom-st7789-160x128/libbbc/IRremoteESP8266/ir_GICable.cpp.o and 
.pio/build/custom-st7789-160x128/FrameworkArduinoVariant/variant.cpp.o: 
warning: multiple common of `__gnu_lto_slim'
C:/Users/phamm/.platformio/packages/toolchain-xtensa-esp-elf/bin/../lib/gcc/xte
nsa-esp-elf/14.2.0/../../../../xtensa-esp-elf/bin/ld.exe: 
.pio/build/custom-st7789-160x128/libbbc/IRremoteESP8266/ir_GlobalCache.cpp.o: 
plugin needed to handle lto object
C:/Users/phamm/.platformio/packages/toolchain-xtensa-esp-elf/bin/../lib/gcc/xte
nsa-esp-elf/14.2.0/../../../../xtensa-esp-elf/bin/ld.exe: 
.pio/build/custom-st7789-160x128/libbbc/IRremoteESP8266/ir_GlobalCache.cpp.o: 
plugin needed to handle lto object
C:/Users/phamm/.platformio/packages/toolchain-xtensa-esp-elf/bin/../lib/gcc/xte
nsa-esp-elf/14.2.0/../../../../xtensa-esp-elf/bin/ld.exe: 
.pio/build/custom-st7789-160x128/libbbc/IRremoteESP8266/ir_GlobalCache.cpp.o 
and .pio/build/custom-st7789-160x128/FrameworkArduinoVariant/variant.cpp.o: 
warning: multiple common of `__gnu_lto_slim'
C:/Users/phamm/.platformio/packages/toolchain-xtensa-esp-elf/bin/../lib/gcc/xte
nsa-esp-elf/14.2.0/../../../../xtensa-esp-elf/bin/ld.exe: 
.pio/build/custom-st7789-160x128/libbbc/IRremoteESP8266/ir_Goodweather.cpp.o: 
plugin needed to handle lto object
C:/Users/phamm/.platformio/packages/toolchain-xtensa-esp-elf/bin/../lib/gcc/xte
nsa-esp-elf/14.2.0/../../../../xtensa-esp-elf/bin/ld.exe: 
.pio/build/custom-st7789-160x128/libbbc/IRremoteESP8266/ir_Goodweather.cpp.o: 
plugin needed to handle lto object
C:/Users/phamm/.platformio/packages/toolchain-xtensa-esp-elf/bin/../lib/gcc/xte
nsa-esp-elf/14.2.0/../../../../xtensa-esp-elf/bin/ld.exe: 
.pio/build/custom-st7789-160x128/libbbc/IRremoteESP8266/ir_Goodweather.cpp.o 
and .pio/build/custom-st7789-160x128/FrameworkArduinoVariant/variant.cpp.o: 
warning: multiple common of `__gnu_lto_slim'
C:/Users/phamm/.platformio/packages/toolchain-xtensa-esp-elf/bin/../lib/gcc/xte
nsa-esp-elf/14.2.0/../../../../xtensa-esp-elf/bin/ld.exe: 
.pio/build/custom-st7789-160x128/libbbc/IRremoteESP8266/ir_Gorenje.cpp.o: 
plugin needed to handle lto object
C:/Users/phamm/.platformio/packages/toolchain-xtensa-esp-elf/bin/../lib/gcc/xte
nsa-esp-elf/14.2.0/../../../../xtensa-esp-elf/bin/ld.exe: 
.pio/build/custom-st7789-160x128/libbbc/IRremoteESP8266/ir_Gorenje.cpp.o: 
plugin needed to handle lto object
C:/Users/phamm/.platformio/packages/toolchain-xtensa-esp-elf/bin/../lib/gcc/xte
nsa-esp-elf/14.2.0/../../../../xtensa-esp-elf/bin/ld.exe: 
.pio/build/custom-st7789-160x128/libbbc/IRremoteESP8266/ir_Gorenje.cpp.o and 
.pio/build/custom-st7789-160x128/FrameworkArduinoVariant/variant.cpp.o: 
warning: multiple common of `__gnu_lto_slim'
C:/Users/phamm/.platformio/packages/toolchain-xtensa-esp-elf/bin/../lib/gcc/xte
nsa-esp-elf/14.2.0/../../../../xtensa-esp-elf/bin/ld.exe: 
.pio/build/custom-st7789-160x128/libbbc/IRremoteESP8266/ir_Gree.cpp.o: plugin 
needed to handle lto object
C:/Users/phamm/.platformio/packages/toolchain-xtensa-esp-elf/bin/../lib/gcc/xte
nsa-esp-elf/14.2.0/../../../../xtensa-esp-elf/bin/ld.exe: 
.pio/build/custom-st7789-160x128/libbbc/IRremoteESP8266/ir_Gree.cpp.o: plugin 
needed to handle lto object
C:/Users/phamm/.platformio/packages/toolchain-xtensa-esp-elf/bin/../lib/gcc/xte
nsa-esp-elf/14.2.0/../../../../xtensa-esp-elf/bin/ld.exe: 
.pio/build/custom-st7789-160x128/libbbc/IRremoteESP8266/ir_Gree.cpp.o and 
.pio/build/custom-st7789-160x128/FrameworkArduinoVariant/variant.cpp.o: 
warning: multiple common of `__gnu_lto_slim'
C:/Users/phamm/.platformio/packages/toolchain-xtensa-esp-elf/bin/../lib/gcc/xte
nsa-esp-elf/14.2.0/../../../../xtensa-esp-elf/bin/ld.exe: 
.pio/build/custom-st7789-160x128/libbbc/IRremoteESP8266/ir_Haier.cpp.o: plugin 
needed to handle lto object
C:/Users/phamm/.platformio/packages/toolchain-xtensa-esp-elf/bin/../lib/gcc/xte
nsa-esp-elf/14.2.0/../../../../xtensa-esp-elf/bin/ld.exe: 
.pio/build/custom-st7789-160x128/libbbc/IRremoteESP8266/ir_Haier.cpp.o: plugin 
needed to handle lto object
C:/Users/phamm/.platformio/packages/toolchain-xtensa-esp-elf/bin/../lib/gcc/xte
nsa-esp-elf/14.2.0/../../../../xtensa-esp-elf/bin/ld.exe: 
.pio/build/custom-st7789-160x128/libbbc/IRremoteESP8266/ir_Haier.cpp.o and 
.pio/build/custom-st7789-160x128/FrameworkArduinoVariant/variant.cpp.o: 
warning: multiple common of `__gnu_lto_slim'
C:/Users/phamm/.platformio/packages/toolchain-xtensa-esp-elf/bin/../lib/gcc/xte
nsa-esp-elf/14.2.0/../../../../xtensa-esp-elf/bin/ld.exe: 
.pio/build/custom-st7789-160x128/libbbc/IRremoteESP8266/ir_Hitachi.cpp.o: 
plugin needed to handle lto object
C:/Users/phamm/.platformio/packages/toolchain-xtensa-esp-elf/bin/../lib/gcc/xte
nsa-esp-elf/14.2.0/../../../../xtensa-esp-elf/bin/ld.exe: 
.pio/build/custom-st7789-160x128/libbbc/IRremoteESP8266/ir_Hitachi.cpp.o: 
plugin needed to handle lto object
C:/Users/phamm/.platformio/packages/toolchain-xtensa-esp-elf/bin/../lib/gcc/xte
nsa-esp-elf/14.2.0/../../../../xtensa-esp-elf/bin/ld.exe: 
.pio/build/custom-st7789-160x128/libbbc/IRremoteESP8266/ir_Hitachi.cpp.o and 
.pio/build/custom-st7789-160x128/FrameworkArduinoVariant/variant.cpp.o: 
warning: multiple common of `__gnu_lto_slim'
C:/Users/phamm/.platformio/packages/toolchain-xtensa-esp-elf/bin/../lib/gcc/xte
nsa-esp-elf/14.2.0/../../../../xtensa-esp-elf/bin/ld.exe: 
.pio/build/custom-st7789-160x128/libbbc/IRremoteESP8266/ir_Inax.cpp.o: plugin 
needed to handle lto object
C:/Users/phamm/.platformio/packages/toolchain-xtensa-esp-elf/bin/../lib/gcc/xte
nsa-esp-elf/14.2.0/../../../../xtensa-esp-elf/bin/ld.exe: 
.pio/build/custom-st7789-160x128/libbbc/IRremoteESP8266/ir_Inax.cpp.o: plugin 
needed to handle lto object
C:/Users/phamm/.platformio/packages/toolchain-xtensa-esp-elf/bin/../lib/gcc/xte
nsa-esp-elf/14.2.0/../../../../xtensa-esp-elf/bin/ld.exe: 
.pio/build/custom-st7789-160x128/libbbc/IRremoteESP8266/ir_Inax.cpp.o and 
.pio/build/custom-st7789-160x128/FrameworkArduinoVariant/variant.cpp.o: 
warning: multiple common of `__gnu_lto_slim'
C:/Users/phamm/.platformio/packages/toolchain-xtensa-esp-elf/bin/../lib/gcc/xte
nsa-esp-elf/14.2.0/../../../../xtensa-esp-elf/bin/ld.exe: 
.pio/build/custom-st7789-160x128/libbbc/IRremoteESP8266/ir_JVC.cpp.o: plugin 
needed to handle lto object
C:/Users/phamm/.platformio/packages/toolchain-xtensa-esp-elf/bin/../lib/gcc/xte
nsa-esp-elf/14.2.0/../../../../xtensa-esp-elf/bin/ld.exe: 
.pio/build/custom-st7789-160x128/libbbc/IRremoteESP8266/ir_JVC.cpp.o: plugin 
needed to handle lto object
C:/Users/phamm/.platformio/packages/toolchain-xtensa-esp-elf/bin/../lib/gcc/xte
nsa-esp-elf/14.2.0/../../../../xtensa-esp-elf/bin/ld.exe: 
.pio/build/custom-st7789-160x128/libbbc/IRremoteESP8266/ir_JVC.cpp.o and 
.pio/build/custom-st7789-160x128/FrameworkArduinoVariant/variant.cpp.o: 
warning: multiple common of `__gnu_lto_slim'
C:/Users/phamm/.platformio/packages/toolchain-xtensa-esp-elf/bin/../lib/gcc/xte
nsa-esp-elf/14.2.0/../../../../xtensa-esp-elf/bin/ld.exe: 
.pio/build/custom-st7789-160x128/libbbc/IRremoteESP8266/ir_Kelon.cpp.o: plugin 
needed to handle lto object
C:/Users/phamm/.platformio/packages/toolchain-xtensa-esp-elf/bin/../lib/gcc/xte
nsa-esp-elf/14.2.0/../../../../xtensa-esp-elf/bin/ld.exe: 
.pio/build/custom-st7789-160x128/libbbc/IRremoteESP8266/ir_Kelon.cpp.o: plugin 
needed to handle lto object
C:/Users/phamm/.platformio/packages/toolchain-xtensa-esp-elf/bin/../lib/gcc/xte
nsa-esp-elf/14.2.0/../../../../xtensa-esp-elf/bin/ld.exe: 
.pio/build/custom-st7789-160x128/libbbc/IRremoteESP8266/ir_Kelon.cpp.o and 
.pio/build/custom-st7789-160x128/FrameworkArduinoVariant/variant.cpp.o: 
warning: multiple common of `__gnu_lto_slim'
C:/Users/phamm/.platformio/packages/toolchain-xtensa-esp-elf/bin/../lib/gcc/xte
nsa-esp-elf/14.2.0/../../../../xtensa-esp-elf/bin/ld.exe: 
.pio/build/custom-st7789-160x128/libbbc/IRremoteESP8266/ir_Kelvinator.cpp.o: 
plugin needed to handle lto object
C:/Users/phamm/.platformio/packages/toolchain-xtensa-esp-elf/bin/../lib/gcc/xte
nsa-esp-elf/14.2.0/../../../../xtensa-esp-elf/bin/ld.exe: 
.pio/build/custom-st7789-160x128/libbbc/IRremoteESP8266/ir_Kelvinator.cpp.o: 
plugin needed to handle lto object
C:/Users/phamm/.platformio/packages/toolchain-xtensa-esp-elf/bin/../lib/gcc/xte
nsa-esp-elf/14.2.0/../../../../xtensa-esp-elf/bin/ld.exe: 
.pio/build/custom-st7789-160x128/libbbc/IRremoteESP8266/ir_Kelvinator.cpp.o 
and .pio/build/custom-st7789-160x128/FrameworkArduinoVariant/variant.cpp.o: 
warning: multiple common of `__gnu_lto_slim'
C:/Users/phamm/.platformio/packages/toolchain-xtensa-esp-elf/bin/../lib/gcc/xte
nsa-esp-elf/14.2.0/../../../../xtensa-esp-elf/bin/ld.exe: 
.pio/build/custom-st7789-160x128/libbbc/IRremoteESP8266/ir_LG.cpp.o: plugin 
needed to handle lto object
C:/Users/phamm/.platformio/packages/toolchain-xtensa-esp-elf/bin/../lib/gcc/xte
nsa-esp-elf/14.2.0/../../../../xtensa-esp-elf/bin/ld.exe: 
.pio/build/custom-st7789-160x128/libbbc/IRremoteESP8266/ir_LG.cpp.o: plugin 
needed to handle lto object
C:/Users/phamm/.platformio/packages/toolchain-xtensa-esp-elf/bin/../lib/gcc/xte
nsa-esp-elf/14.2.0/../../../../xtensa-esp-elf/bin/ld.exe: 
.pio/build/custom-st7789-160x128/libbbc/IRremoteESP8266/ir_LG.cpp.o and 
.pio/build/custom-st7789-160x128/FrameworkArduinoVariant/variant.cpp.o: 
warning: multiple common of `__gnu_lto_slim'
C:/Users/phamm/.platformio/packages/toolchain-xtensa-esp-elf/bin/../lib/gcc/xte
nsa-esp-elf/14.2.0/../../../../xtensa-esp-elf/bin/ld.exe: 
.pio/build/custom-st7789-160x128/libbbc/IRremoteESP8266/ir_Lasertag.cpp.o: 
plugin needed to handle lto object
C:/Users/phamm/.platformio/packages/toolchain-xtensa-esp-elf/bin/../lib/gcc/xte
nsa-esp-elf/14.2.0/../../../../xtensa-esp-elf/bin/ld.exe: 
.pio/build/custom-st7789-160x128/libbbc/IRremoteESP8266/ir_Lasertag.cpp.o: 
plugin needed to handle lto object
C:/Users/phamm/.platformio/packages/toolchain-xtensa-esp-elf/bin/../lib/gcc/xte
nsa-esp-elf/14.2.0/../../../../xtensa-esp-elf/bin/ld.exe: 
.pio/build/custom-st7789-160x128/libbbc/IRremoteESP8266/ir_Lasertag.cpp.o and 
.pio/build/custom-st7789-160x128/FrameworkArduinoVariant/variant.cpp.o: 
warning: multiple common of `__gnu_lto_slim'
C:/Users/phamm/.platformio/packages/toolchain-xtensa-esp-elf/bin/../lib/gcc/xte
nsa-esp-elf/14.2.0/../../../../xtensa-esp-elf/bin/ld.exe: 
.pio/build/custom-st7789-160x128/libbbc/IRremoteESP8266/ir_Lego.cpp.o: plugin 
needed to handle lto object
C:/Users/phamm/.platformio/packages/toolchain-xtensa-esp-elf/bin/../lib/gcc/xte
nsa-esp-elf/14.2.0/../../../../xtensa-esp-elf/bin/ld.exe: 
.pio/build/custom-st7789-160x128/libbbc/IRremoteESP8266/ir_Lego.cpp.o: plugin 
needed to handle lto object
C:/Users/phamm/.platformio/packages/toolchain-xtensa-esp-elf/bin/../lib/gcc/xte
nsa-esp-elf/14.2.0/../../../../xtensa-esp-elf/bin/ld.exe: 
.pio/build/custom-st7789-160x128/libbbc/IRremoteESP8266/ir_Lego.cpp.o and 
.pio/build/custom-st7789-160x128/FrameworkArduinoVariant/variant.cpp.o: 
warning: multiple common of `__gnu_lto_slim'
C:/Users/phamm/.platformio/packages/toolchain-xtensa-esp-elf/bin/../lib/gcc/xte
nsa-esp-elf/14.2.0/../../../../xtensa-esp-elf/bin/ld.exe: 
.pio/build/custom-st7789-160x128/libbbc/IRremoteESP8266/ir_Lutron.cpp.o: 
plugin needed to handle lto object
C:/Users/phamm/.platformio/packages/toolchain-xtensa-esp-elf/bin/../lib/gcc/xte
nsa-esp-elf/14.2.0/../../../../xtensa-esp-elf/bin/ld.exe: 
.pio/build/custom-st7789-160x128/libbbc/IRremoteESP8266/ir_Lutron.cpp.o: 
plugin needed to handle lto object
C:/Users/phamm/.platformio/packages/toolchain-xtensa-esp-elf/bin/../lib/gcc/xte
nsa-esp-elf/14.2.0/../../../../xtensa-esp-elf/bin/ld.exe: 
.pio/build/custom-st7789-160x128/libbbc/IRremoteESP8266/ir_Lutron.cpp.o and 
.pio/build/custom-st7789-160x128/FrameworkArduinoVariant/variant.cpp.o: 
warning: multiple common of `__gnu_lto_slim'
C:/Users/phamm/.platformio/packages/toolchain-xtensa-esp-elf/bin/../lib/gcc/xte
nsa-esp-elf/14.2.0/../../../../xtensa-esp-elf/bin/ld.exe: 
.pio/build/custom-st7789-160x128/libbbc/IRremoteESP8266/ir_MWM.cpp.o: plugin 
needed to handle lto object
C:/Users/phamm/.platformio/packages/toolchain-xtensa-esp-elf/bin/../lib/gcc/xte
nsa-esp-elf/14.2.0/../../../../xtensa-esp-elf/bin/ld.exe: 
.pio/build/custom-st7789-160x128/libbbc/IRremoteESP8266/ir_MWM.cpp.o: plugin 
needed to handle lto object
C:/Users/phamm/.platformio/packages/toolchain-xtensa-esp-elf/bin/../lib/gcc/xte
nsa-esp-elf/14.2.0/../../../../xtensa-esp-elf/bin/ld.exe: 
.pio/build/custom-st7789-160x128/libbbc/IRremoteESP8266/ir_MWM.cpp.o and 
.pio/build/custom-st7789-160x128/FrameworkArduinoVariant/variant.cpp.o: 
warning: multiple common of `__gnu_lto_slim'
C:/Users/phamm/.platformio/packages/toolchain-xtensa-esp-elf/bin/../lib/gcc/xte
nsa-esp-elf/14.2.0/../../../../xtensa-esp-elf/bin/ld.exe: 
.pio/build/custom-st7789-160x128/libbbc/IRremoteESP8266/ir_Magiquest.cpp.o: 
plugin needed to handle lto object
C:/Users/phamm/.platformio/packages/toolchain-xtensa-esp-elf/bin/../lib/gcc/xte
nsa-esp-elf/14.2.0/../../../../xtensa-esp-elf/bin/ld.exe: 
.pio/build/custom-st7789-160x128/libbbc/IRremoteESP8266/ir_Magiquest.cpp.o: 
plugin needed to handle lto object
C:/Users/phamm/.platformio/packages/toolchain-xtensa-esp-elf/bin/../lib/gcc/xte
nsa-esp-elf/14.2.0/../../../../xtensa-esp-elf/bin/ld.exe: 
.pio/build/custom-st7789-160x128/libbbc/IRremoteESP8266/ir_Magiquest.cpp.o and 
.pio/build/custom-st7789-160x128/FrameworkArduinoVariant/variant.cpp.o: 
warning: multiple common of `__gnu_lto_slim'
C:/Users/phamm/.platformio/packages/toolchain-xtensa-esp-elf/bin/../lib/gcc/xte
nsa-esp-elf/14.2.0/../../../../xtensa-esp-elf/bin/ld.exe: 
.pio/build/custom-st7789-160x128/libbbc/IRremoteESP8266/ir_Metz.cpp.o: plugin 
needed to handle lto object
C:/Users/phamm/.platformio/packages/toolchain-xtensa-esp-elf/bin/../lib/gcc/xte
nsa-esp-elf/14.2.0/../../../../xtensa-esp-elf/bin/ld.exe: 
.pio/build/custom-st7789-160x128/libbbc/IRremoteESP8266/ir_Metz.cpp.o: plugin 
needed to handle lto object
C:/Users/phamm/.platformio/packages/toolchain-xtensa-esp-elf/bin/../lib/gcc/xte
nsa-esp-elf/14.2.0/../../../../xtensa-esp-elf/bin/ld.exe: 
.pio/build/custom-st7789-160x128/libbbc/IRremoteESP8266/ir_Metz.cpp.o and 
.pio/build/custom-st7789-160x128/FrameworkArduinoVariant/variant.cpp.o: 
warning: multiple common of `__gnu_lto_slim'
C:/Users/phamm/.platformio/packages/toolchain-xtensa-esp-elf/bin/../lib/gcc/xte
nsa-esp-elf/14.2.0/../../../../xtensa-esp-elf/bin/ld.exe: 
.pio/build/custom-st7789-160x128/libbbc/IRremoteESP8266/ir_Midea.cpp.o: plugin 
needed to handle lto object
C:/Users/phamm/.platformio/packages/toolchain-xtensa-esp-elf/bin/../lib/gcc/xte
nsa-esp-elf/14.2.0/../../../../xtensa-esp-elf/bin/ld.exe: 
.pio/build/custom-st7789-160x128/libbbc/IRremoteESP8266/ir_Midea.cpp.o: plugin 
needed to handle lto object
C:/Users/phamm/.platformio/packages/toolchain-xtensa-esp-elf/bin/../lib/gcc/xte
nsa-esp-elf/14.2.0/../../../../xtensa-esp-elf/bin/ld.exe: 
.pio/build/custom-st7789-160x128/libbbc/IRremoteESP8266/ir_Midea.cpp.o and 
.pio/build/custom-st7789-160x128/FrameworkArduinoVariant/variant.cpp.o: 
warning: multiple common of `__gnu_lto_slim'
C:/Users/phamm/.platformio/packages/toolchain-xtensa-esp-elf/bin/../lib/gcc/xte
nsa-esp-elf/14.2.0/../../../../xtensa-esp-elf/bin/ld.exe: 
.pio/build/custom-st7789-160x128/libbbc/IRremoteESP8266/ir_MilesTag2.cpp.o: 
plugin needed to handle lto object
C:/Users/phamm/.platformio/packages/toolchain-xtensa-esp-elf/bin/../lib/gcc/xte
nsa-esp-elf/14.2.0/../../../../xtensa-esp-elf/bin/ld.exe: 
.pio/build/custom-st7789-160x128/libbbc/IRremoteESP8266/ir_MilesTag2.cpp.o: 
plugin needed to handle lto object
C:/Users/phamm/.platformio/packages/toolchain-xtensa-esp-elf/bin/../lib/gcc/xte
nsa-esp-elf/14.2.0/../../../../xtensa-esp-elf/bin/ld.exe: 
.pio/build/custom-st7789-160x128/libbbc/IRremoteESP8266/ir_MilesTag2.cpp.o and 
.pio/build/custom-st7789-160x128/FrameworkArduinoVariant/variant.cpp.o: 
warning: multiple common of `__gnu_lto_slim'
C:/Users/phamm/.platformio/packages/toolchain-xtensa-esp-elf/bin/../lib/gcc/xte
nsa-esp-elf/14.2.0/../../../../xtensa-esp-elf/bin/ld.exe: 
.pio/build/custom-st7789-160x128/libbbc/IRremoteESP8266/ir_Mirage.cpp.o: 
plugin needed to handle lto object
C:/Users/phamm/.platformio/packages/toolchain-xtensa-esp-elf/bin/../lib/gcc/xte
nsa-esp-elf/14.2.0/../../../../xtensa-esp-elf/bin/ld.exe: 
.pio/build/custom-st7789-160x128/libbbc/IRremoteESP8266/ir_Mirage.cpp.o: 
plugin needed to handle lto object
C:/Users/phamm/.platformio/packages/toolchain-xtensa-esp-elf/bin/../lib/gcc/xte
nsa-esp-elf/14.2.0/../../../../xtensa-esp-elf/bin/ld.exe: 
.pio/build/custom-st7789-160x128/libbbc/IRremoteESP8266/ir_Mirage.cpp.o and 
.pio/build/custom-st7789-160x128/FrameworkArduinoVariant/variant.cpp.o: 
warning: multiple common of `__gnu_lto_slim'
C:/Users/phamm/.platformio/packages/toolchain-xtensa-esp-elf/bin/../lib/gcc/xte
nsa-esp-elf/14.2.0/../../../../xtensa-esp-elf/bin/ld.exe: 
.pio/build/custom-st7789-160x128/libbbc/IRremoteESP8266/ir_Mitsubishi.cpp.o: 
plugin needed to handle lto object
C:/Users/phamm/.platformio/packages/toolchain-xtensa-esp-elf/bin/../lib/gcc/xte
nsa-esp-elf/14.2.0/../../../../xtensa-esp-elf/bin/ld.exe: 
.pio/build/custom-st7789-160x128/libbbc/IRremoteESP8266/ir_Mitsubishi.cpp.o: 
plugin needed to handle lto object
C:/Users/phamm/.platformio/packages/toolchain-xtensa-esp-elf/bin/../lib/gcc/xte
nsa-esp-elf/14.2.0/../../../../xtensa-esp-elf/bin/ld.exe: 
.pio/build/custom-st7789-160x128/libbbc/IRremoteESP8266/ir_Mitsubishi.cpp.o 
and .pio/build/custom-st7789-160x128/FrameworkArduinoVariant/variant.cpp.o: 
warning: multiple common of `__gnu_lto_slim'
C:/Users/phamm/.platformio/packages/toolchain-xtensa-esp-elf/bin/../lib/gcc/xte
nsa-esp-elf/14.2.0/../../../../xtensa-esp-elf/bin/ld.exe: .pio/build/custom-st7
789-160x128/libbbc/IRremoteESP8266/ir_MitsubishiHeavy.cpp.o: plugin needed to 
handle lto object
C:/Users/phamm/.platformio/packages/toolchain-xtensa-esp-elf/bin/../lib/gcc/xte
nsa-esp-elf/14.2.0/../../../../xtensa-esp-elf/bin/ld.exe: .pio/build/custom-st7
789-160x128/libbbc/IRremoteESP8266/ir_MitsubishiHeavy.cpp.o: plugin needed to 
handle lto object
C:/Users/phamm/.platformio/packages/toolchain-xtensa-esp-elf/bin/../lib/gcc/xte
nsa-esp-elf/14.2.0/../../../../xtensa-esp-elf/bin/ld.exe: .pio/build/custom-st7
789-160x128/libbbc/IRremoteESP8266/ir_MitsubishiHeavy.cpp.o and 
.pio/build/custom-st7789-160x128/FrameworkArduinoVariant/variant.cpp.o: 
warning: multiple common of `__gnu_lto_slim'
C:/Users/phamm/.platformio/packages/toolchain-xtensa-esp-elf/bin/../lib/gcc/xte
nsa-esp-elf/14.2.0/../../../../xtensa-esp-elf/bin/ld.exe: .pio/build/custom-st7
789-160x128/libbbc/IRremoteESP8266/ir_Multibrackets.cpp.o: plugin needed to 
handle lto object
C:/Users/phamm/.platformio/packages/toolchain-xtensa-esp-elf/bin/../lib/gcc/xte
nsa-esp-elf/14.2.0/../../../../xtensa-esp-elf/bin/ld.exe: .pio/build/custom-st7
789-160x128/libbbc/IRremoteESP8266/ir_Multibrackets.cpp.o: plugin needed to 
handle lto object
C:/Users/phamm/.platformio/packages/toolchain-xtensa-esp-elf/bin/../lib/gcc/xte
nsa-esp-elf/14.2.0/../../../../xtensa-esp-elf/bin/ld.exe: 
.pio/build/custom-st7789-160x128/libbbc/IRremoteESP8266/ir_Multibrackets.cpp.o 
and .pio/build/custom-st7789-160x128/FrameworkArduinoVariant/variant.cpp.o: 
warning: multiple common of `__gnu_lto_slim'
C:/Users/phamm/.platformio/packages/toolchain-xtensa-esp-elf/bin/../lib/gcc/xte
nsa-esp-elf/14.2.0/../../../../xtensa-esp-elf/bin/ld.exe: 
.pio/build/custom-st7789-160x128/libbbc/IRremoteESP8266/ir_NEC.cpp.o: plugin 
needed to handle lto object
C:/Users/phamm/.platformio/packages/toolchain-xtensa-esp-elf/bin/../lib/gcc/xte
nsa-esp-elf/14.2.0/../../../../xtensa-esp-elf/bin/ld.exe: 
.pio/build/custom-st7789-160x128/libbbc/IRremoteESP8266/ir_NEC.cpp.o: plugin 
needed to handle lto object
C:/Users/phamm/.platformio/packages/toolchain-xtensa-esp-elf/bin/../lib/gcc/xte
nsa-esp-elf/14.2.0/../../../../xtensa-esp-elf/bin/ld.exe: 
.pio/build/custom-st7789-160x128/libbbc/IRremoteESP8266/ir_NEC.cpp.o and 
.pio/build/custom-st7789-160x128/FrameworkArduinoVariant/variant.cpp.o: 
warning: multiple common of `__gnu_lto_slim'
C:/Users/phamm/.platformio/packages/toolchain-xtensa-esp-elf/bin/../lib/gcc/xte
nsa-esp-elf/14.2.0/../../../../xtensa-esp-elf/bin/ld.exe: 
.pio/build/custom-st7789-160x128/libbbc/IRremoteESP8266/ir_Neoclima.cpp.o: 
plugin needed to handle lto object
C:/Users/phamm/.platformio/packages/toolchain-xtensa-esp-elf/bin/../lib/gcc/xte
nsa-esp-elf/14.2.0/../../../../xtensa-esp-elf/bin/ld.exe: 
.pio/build/custom-st7789-160x128/libbbc/IRremoteESP8266/ir_Neoclima.cpp.o: 
plugin needed to handle lto object
C:/Users/phamm/.platformio/packages/toolchain-xtensa-esp-elf/bin/../lib/gcc/xte
nsa-esp-elf/14.2.0/../../../../xtensa-esp-elf/bin/ld.exe: 
.pio/build/custom-st7789-160x128/libbbc/IRremoteESP8266/ir_Neoclima.cpp.o and 
.pio/build/custom-st7789-160x128/FrameworkArduinoVariant/variant.cpp.o: 
warning: multiple common of `__gnu_lto_slim'
C:/Users/phamm/.platformio/packages/toolchain-xtensa-esp-elf/bin/../lib/gcc/xte
nsa-esp-elf/14.2.0/../../../../xtensa-esp-elf/bin/ld.exe: 
.pio/build/custom-st7789-160x128/libbbc/IRremoteESP8266/ir_Nikai.cpp.o: plugin 
needed to handle lto object
C:/Users/phamm/.platformio/packages/toolchain-xtensa-esp-elf/bin/../lib/gcc/xte
nsa-esp-elf/14.2.0/../../../../xtensa-esp-elf/bin/ld.exe: 
.pio/build/custom-st7789-160x128/libbbc/IRremoteESP8266/ir_Nikai.cpp.o: plugin 
needed to handle lto object
C:/Users/phamm/.platformio/packages/toolchain-xtensa-esp-elf/bin/../lib/gcc/xte
nsa-esp-elf/14.2.0/../../../../xtensa-esp-elf/bin/ld.exe: 
.pio/build/custom-st7789-160x128/libbbc/IRremoteESP8266/ir_Nikai.cpp.o and 
.pio/build/custom-st7789-160x128/FrameworkArduinoVariant/variant.cpp.o: 
warning: multiple common of `__gnu_lto_slim'
C:/Users/phamm/.platformio/packages/toolchain-xtensa-esp-elf/bin/../lib/gcc/xte
nsa-esp-elf/14.2.0/../../../../xtensa-esp-elf/bin/ld.exe: 
.pio/build/custom-st7789-160x128/libbbc/IRremoteESP8266/ir_Panasonic.cpp.o: 
plugin needed to handle lto object
C:/Users/phamm/.platformio/packages/toolchain-xtensa-esp-elf/bin/../lib/gcc/xte
nsa-esp-elf/14.2.0/../../../../xtensa-esp-elf/bin/ld.exe: 
.pio/build/custom-st7789-160x128/libbbc/IRremoteESP8266/ir_Panasonic.cpp.o: 
plugin needed to handle lto object
C:/Users/phamm/.platformio/packages/toolchain-xtensa-esp-elf/bin/../lib/gcc/xte
nsa-esp-elf/14.2.0/../../../../xtensa-esp-elf/bin/ld.exe: 
.pio/build/custom-st7789-160x128/libbbc/IRremoteESP8266/ir_Panasonic.cpp.o and 
.pio/build/custom-st7789-160x128/FrameworkArduinoVariant/variant.cpp.o: 
warning: multiple common of `__gnu_lto_slim'
C:/Users/phamm/.platformio/packages/toolchain-xtensa-esp-elf/bin/../lib/gcc/xte
nsa-esp-elf/14.2.0/../../../../xtensa-esp-elf/bin/ld.exe: 
.pio/build/custom-st7789-160x128/libbbc/IRremoteESP8266/ir_Pioneer.cpp.o: 
plugin needed to handle lto object
C:/Users/phamm/.platformio/packages/toolchain-xtensa-esp-elf/bin/../lib/gcc/xte
nsa-esp-elf/14.2.0/../../../../xtensa-esp-elf/bin/ld.exe: 
.pio/build/custom-st7789-160x128/libbbc/IRremoteESP8266/ir_Pioneer.cpp.o: 
plugin needed to handle lto object
C:/Users/phamm/.platformio/packages/toolchain-xtensa-esp-elf/bin/../lib/gcc/xte
nsa-esp-elf/14.2.0/../../../../xtensa-esp-elf/bin/ld.exe: 
.pio/build/custom-st7789-160x128/libbbc/IRremoteESP8266/ir_Pioneer.cpp.o and 
.pio/build/custom-st7789-160x128/FrameworkArduinoVariant/variant.cpp.o: 
warning: multiple common of `__gnu_lto_slim'
C:/Users/phamm/.platformio/packages/toolchain-xtensa-esp-elf/bin/../lib/gcc/xte
nsa-esp-elf/14.2.0/../../../../xtensa-esp-elf/bin/ld.exe: 
.pio/build/custom-st7789-160x128/libbbc/IRremoteESP8266/ir_Pronto.cpp.o: 
plugin needed to handle lto object
C:/Users/phamm/.platformio/packages/toolchain-xtensa-esp-elf/bin/../lib/gcc/xte
nsa-esp-elf/14.2.0/../../../../xtensa-esp-elf/bin/ld.exe: 
.pio/build/custom-st7789-160x128/libbbc/IRremoteESP8266/ir_Pronto.cpp.o: 
plugin needed to handle lto object
C:/Users/phamm/.platformio/packages/toolchain-xtensa-esp-elf/bin/../lib/gcc/xte
nsa-esp-elf/14.2.0/../../../../xtensa-esp-elf/bin/ld.exe: 
.pio/build/custom-st7789-160x128/libbbc/IRremoteESP8266/ir_Pronto.cpp.o and 
.pio/build/custom-st7789-160x128/FrameworkArduinoVariant/variant.cpp.o: 
warning: multiple common of `__gnu_lto_slim'
C:/Users/phamm/.platformio/packages/toolchain-xtensa-esp-elf/bin/../lib/gcc/xte
nsa-esp-elf/14.2.0/../../../../xtensa-esp-elf/bin/ld.exe: 
.pio/build/custom-st7789-160x128/libbbc/IRremoteESP8266/ir_RC5_RC6.cpp.o: 
plugin needed to handle lto object
C:/Users/phamm/.platformio/packages/toolchain-xtensa-esp-elf/bin/../lib/gcc/xte
nsa-esp-elf/14.2.0/../../../../xtensa-esp-elf/bin/ld.exe: 
.pio/build/custom-st7789-160x128/libbbc/IRremoteESP8266/ir_RC5_RC6.cpp.o: 
plugin needed to handle lto object
C:/Users/phamm/.platformio/packages/toolchain-xtensa-esp-elf/bin/../lib/gcc/xte
nsa-esp-elf/14.2.0/../../../../xtensa-esp-elf/bin/ld.exe: 
.pio/build/custom-st7789-160x128/libbbc/IRremoteESP8266/ir_RC5_RC6.cpp.o and 
.pio/build/custom-st7789-160x128/FrameworkArduinoVariant/variant.cpp.o: 
warning: multiple common of `__gnu_lto_slim'
C:/Users/phamm/.platformio/packages/toolchain-xtensa-esp-elf/bin/../lib/gcc/xte
nsa-esp-elf/14.2.0/../../../../xtensa-esp-elf/bin/ld.exe: 
.pio/build/custom-st7789-160x128/libbbc/IRremoteESP8266/ir_RCMM.cpp.o: plugin 
needed to handle lto object
C:/Users/phamm/.platformio/packages/toolchain-xtensa-esp-elf/bin/../lib/gcc/xte
nsa-esp-elf/14.2.0/../../../../xtensa-esp-elf/bin/ld.exe: 
.pio/build/custom-st7789-160x128/libbbc/IRremoteESP8266/ir_RCMM.cpp.o: plugin 
needed to handle lto object
C:/Users/phamm/.platformio/packages/toolchain-xtensa-esp-elf/bin/../lib/gcc/xte
nsa-esp-elf/14.2.0/../../../../xtensa-esp-elf/bin/ld.exe: 
.pio/build/custom-st7789-160x128/libbbc/IRremoteESP8266/ir_RCMM.cpp.o and 
.pio/build/custom-st7789-160x128/FrameworkArduinoVariant/variant.cpp.o: 
warning: multiple common of `__gnu_lto_slim'
C:/Users/phamm/.platformio/packages/toolchain-xtensa-esp-elf/bin/../lib/gcc/xte
nsa-esp-elf/14.2.0/../../../../xtensa-esp-elf/bin/ld.exe: 
.pio/build/custom-st7789-160x128/libbbc/IRremoteESP8266/ir_Rhoss.cpp.o: plugin 
needed to handle lto object
C:/Users/phamm/.platformio/packages/toolchain-xtensa-esp-elf/bin/../lib/gcc/xte
nsa-esp-elf/14.2.0/../../../../xtensa-esp-elf/bin/ld.exe: 
.pio/build/custom-st7789-160x128/libbbc/IRremoteESP8266/ir_Rhoss.cpp.o: plugin 
needed to handle lto object
C:/Users/phamm/.platformio/packages/toolchain-xtensa-esp-elf/bin/../lib/gcc/xte
nsa-esp-elf/14.2.0/../../../../xtensa-esp-elf/bin/ld.exe: 
.pio/build/custom-st7789-160x128/libbbc/IRremoteESP8266/ir_Rhoss.cpp.o and 
.pio/build/custom-st7789-160x128/FrameworkArduinoVariant/variant.cpp.o: 
warning: multiple common of `__gnu_lto_slim'
C:/Users/phamm/.platformio/packages/toolchain-xtensa-esp-elf/bin/../lib/gcc/xte
nsa-esp-elf/14.2.0/../../../../xtensa-esp-elf/bin/ld.exe: 
.pio/build/custom-st7789-160x128/libbbc/IRremoteESP8266/ir_Samsung.cpp.o: 
plugin needed to handle lto object
C:/Users/phamm/.platformio/packages/toolchain-xtensa-esp-elf/bin/../lib/gcc/xte
nsa-esp-elf/14.2.0/../../../../xtensa-esp-elf/bin/ld.exe: 
.pio/build/custom-st7789-160x128/libbbc/IRremoteESP8266/ir_Samsung.cpp.o: 
plugin needed to handle lto object
C:/Users/phamm/.platformio/packages/toolchain-xtensa-esp-elf/bin/../lib/gcc/xte
nsa-esp-elf/14.2.0/../../../../xtensa-esp-elf/bin/ld.exe: 
.pio/build/custom-st7789-160x128/libbbc/IRremoteESP8266/ir_Samsung.cpp.o and 
.pio/build/custom-st7789-160x128/FrameworkArduinoVariant/variant.cpp.o: 
warning: multiple common of `__gnu_lto_slim'
C:/Users/phamm/.platformio/packages/toolchain-xtensa-esp-elf/bin/../lib/gcc/xte
nsa-esp-elf/14.2.0/../../../../xtensa-esp-elf/bin/ld.exe: 
.pio/build/custom-st7789-160x128/libbbc/IRremoteESP8266/ir_Sanyo.cpp.o: plugin 
needed to handle lto object
C:/Users/phamm/.platformio/packages/toolchain-xtensa-esp-elf/bin/../lib/gcc/xte
nsa-esp-elf/14.2.0/../../../../xtensa-esp-elf/bin/ld.exe: 
.pio/build/custom-st7789-160x128/libbbc/IRremoteESP8266/ir_Sanyo.cpp.o: plugin 
needed to handle lto object
C:/Users/phamm/.platformio/packages/toolchain-xtensa-esp-elf/bin/../lib/gcc/xte
nsa-esp-elf/14.2.0/../../../../xtensa-esp-elf/bin/ld.exe: 
.pio/build/custom-st7789-160x128/libbbc/IRremoteESP8266/ir_Sanyo.cpp.o and 
.pio/build/custom-st7789-160x128/FrameworkArduinoVariant/variant.cpp.o: 
warning: multiple common of `__gnu_lto_slim'
C:/Users/phamm/.platformio/packages/toolchain-xtensa-esp-elf/bin/../lib/gcc/xte
nsa-esp-elf/14.2.0/../../../../xtensa-esp-elf/bin/ld.exe: 
.pio/build/custom-st7789-160x128/libbbc/IRremoteESP8266/ir_Sharp.cpp.o: plugin 
needed to handle lto object
C:/Users/phamm/.platformio/packages/toolchain-xtensa-esp-elf/bin/../lib/gcc/xte
nsa-esp-elf/14.2.0/../../../../xtensa-esp-elf/bin/ld.exe: 
.pio/build/custom-st7789-160x128/libbbc/IRremoteESP8266/ir_Sharp.cpp.o: plugin 
needed to handle lto object
C:/Users/phamm/.platformio/packages/toolchain-xtensa-esp-elf/bin/../lib/gcc/xte
nsa-esp-elf/14.2.0/../../../../xtensa-esp-elf/bin/ld.exe: 
.pio/build/custom-st7789-160x128/libbbc/IRremoteESP8266/ir_Sharp.cpp.o and 
.pio/build/custom-st7789-160x128/FrameworkArduinoVariant/variant.cpp.o: 
warning: multiple common of `__gnu_lto_slim'
C:/Users/phamm/.platformio/packages/toolchain-xtensa-esp-elf/bin/../lib/gcc/xte
nsa-esp-elf/14.2.0/../../../../xtensa-esp-elf/bin/ld.exe: 
.pio/build/custom-st7789-160x128/libbbc/IRremoteESP8266/ir_Sherwood.cpp.o: 
plugin needed to handle lto object
C:/Users/phamm/.platformio/packages/toolchain-xtensa-esp-elf/bin/../lib/gcc/xte
nsa-esp-elf/14.2.0/../../../../xtensa-esp-elf/bin/ld.exe: 
.pio/build/custom-st7789-160x128/libbbc/IRremoteESP8266/ir_Sherwood.cpp.o: 
plugin needed to handle lto object
C:/Users/phamm/.platformio/packages/toolchain-xtensa-esp-elf/bin/../lib/gcc/xte
nsa-esp-elf/14.2.0/../../../../xtensa-esp-elf/bin/ld.exe: 
.pio/build/custom-st7789-160x128/libbbc/IRremoteESP8266/ir_Sherwood.cpp.o and 
.pio/build/custom-st7789-160x128/FrameworkArduinoVariant/variant.cpp.o: 
warning: multiple common of `__gnu_lto_slim'
C:/Users/phamm/.platformio/packages/toolchain-xtensa-esp-elf/bin/../lib/gcc/xte
nsa-esp-elf/14.2.0/../../../../xtensa-esp-elf/bin/ld.exe: 
.pio/build/custom-st7789-160x128/libbbc/IRremoteESP8266/ir_Sony.cpp.o: plugin 
needed to handle lto object
C:/Users/phamm/.platformio/packages/toolchain-xtensa-esp-elf/bin/../lib/gcc/xte
nsa-esp-elf/14.2.0/../../../../xtensa-esp-elf/bin/ld.exe: 
.pio/build/custom-st7789-160x128/libbbc/IRremoteESP8266/ir_Sony.cpp.o: plugin 
needed to handle lto object
C:/Users/phamm/.platformio/packages/toolchain-xtensa-esp-elf/bin/../lib/gcc/xte
nsa-esp-elf/14.2.0/../../../../xtensa-esp-elf/bin/ld.exe: 
.pio/build/custom-st7789-160x128/libbbc/IRremoteESP8266/ir_Sony.cpp.o and 
.pio/build/custom-st7789-160x128/FrameworkArduinoVariant/variant.cpp.o: 
warning: multiple common of `__gnu_lto_slim'
C:/Users/phamm/.platformio/packages/toolchain-xtensa-esp-elf/bin/../lib/gcc/xte
nsa-esp-elf/14.2.0/../../../../xtensa-esp-elf/bin/ld.exe: 
.pio/build/custom-st7789-160x128/libbbc/IRremoteESP8266/ir_Symphony.cpp.o: 
plugin needed to handle lto object
C:/Users/phamm/.platformio/packages/toolchain-xtensa-esp-elf/bin/../lib/gcc/xte
nsa-esp-elf/14.2.0/../../../../xtensa-esp-elf/bin/ld.exe: 
.pio/build/custom-st7789-160x128/libbbc/IRremoteESP8266/ir_Symphony.cpp.o: 
plugin needed to handle lto object
C:/Users/phamm/.platformio/packages/toolchain-xtensa-esp-elf/bin/../lib/gcc/xte
nsa-esp-elf/14.2.0/../../../../xtensa-esp-elf/bin/ld.exe: 
.pio/build/custom-st7789-160x128/libbbc/IRremoteESP8266/ir_Symphony.cpp.o and 
.pio/build/custom-st7789-160x128/FrameworkArduinoVariant/variant.cpp.o: 
warning: multiple common of `__gnu_lto_slim'
C:/Users/phamm/.platformio/packages/toolchain-xtensa-esp-elf/bin/../lib/gcc/xte
nsa-esp-elf/14.2.0/../../../../xtensa-esp-elf/bin/ld.exe: 
.pio/build/custom-st7789-160x128/libbbc/IRremoteESP8266/ir_Tcl.cpp.o: plugin 
needed to handle lto object
C:/Users/phamm/.platformio/packages/toolchain-xtensa-esp-elf/bin/../lib/gcc/xte
nsa-esp-elf/14.2.0/../../../../xtensa-esp-elf/bin/ld.exe: 
.pio/build/custom-st7789-160x128/libbbc/IRremoteESP8266/ir_Tcl.cpp.o: plugin 
needed to handle lto object
C:/Users/phamm/.platformio/packages/toolchain-xtensa-esp-elf/bin/../lib/gcc/xte
nsa-esp-elf/14.2.0/../../../../xtensa-esp-elf/bin/ld.exe: 
.pio/build/custom-st7789-160x128/libbbc/IRremoteESP8266/ir_Tcl.cpp.o and 
.pio/build/custom-st7789-160x128/FrameworkArduinoVariant/variant.cpp.o: 
warning: multiple common of `__gnu_lto_slim'
C:/Users/phamm/.platformio/packages/toolchain-xtensa-esp-elf/bin/../lib/gcc/xte
nsa-esp-elf/14.2.0/../../../../xtensa-esp-elf/bin/ld.exe: 
.pio/build/custom-st7789-160x128/libbbc/IRremoteESP8266/ir_Technibel.cpp.o: 
plugin needed to handle lto object
C:/Users/phamm/.platformio/packages/toolchain-xtensa-esp-elf/bin/../lib/gcc/xte
nsa-esp-elf/14.2.0/../../../../xtensa-esp-elf/bin/ld.exe: 
.pio/build/custom-st7789-160x128/libbbc/IRremoteESP8266/ir_Technibel.cpp.o: 
plugin needed to handle lto object
C:/Users/phamm/.platformio/packages/toolchain-xtensa-esp-elf/bin/../lib/gcc/xte
nsa-esp-elf/14.2.0/../../../../xtensa-esp-elf/bin/ld.exe: 
.pio/build/custom-st7789-160x128/libbbc/IRremoteESP8266/ir_Technibel.cpp.o and 
.pio/build/custom-st7789-160x128/FrameworkArduinoVariant/variant.cpp.o: 
warning: multiple common of `__gnu_lto_slim'
C:/Users/phamm/.platformio/packages/toolchain-xtensa-esp-elf/bin/../lib/gcc/xte
nsa-esp-elf/14.2.0/../../../../xtensa-esp-elf/bin/ld.exe: 
.pio/build/custom-st7789-160x128/libbbc/IRremoteESP8266/ir_Teco.cpp.o: plugin 
needed to handle lto object
C:/Users/phamm/.platformio/packages/toolchain-xtensa-esp-elf/bin/../lib/gcc/xte
nsa-esp-elf/14.2.0/../../../../xtensa-esp-elf/bin/ld.exe: 
.pio/build/custom-st7789-160x128/libbbc/IRremoteESP8266/ir_Teco.cpp.o: plugin 
needed to handle lto object
C:/Users/phamm/.platformio/packages/toolchain-xtensa-esp-elf/bin/../lib/gcc/xte
nsa-esp-elf/14.2.0/../../../../xtensa-esp-elf/bin/ld.exe: 
.pio/build/custom-st7789-160x128/libbbc/IRremoteESP8266/ir_Teco.cpp.o and 
.pio/build/custom-st7789-160x128/FrameworkArduinoVariant/variant.cpp.o: 
warning: multiple common of `__gnu_lto_slim'
C:/Users/phamm/.platformio/packages/toolchain-xtensa-esp-elf/bin/../lib/gcc/xte
nsa-esp-elf/14.2.0/../../../../xtensa-esp-elf/bin/ld.exe: 
.pio/build/custom-st7789-160x128/libbbc/IRremoteESP8266/ir_Teknopoint.cpp.o: 
plugin needed to handle lto object
C:/Users/phamm/.platformio/packages/toolchain-xtensa-esp-elf/bin/../lib/gcc/xte
nsa-esp-elf/14.2.0/../../../../xtensa-esp-elf/bin/ld.exe: 
.pio/build/custom-st7789-160x128/libbbc/IRremoteESP8266/ir_Teknopoint.cpp.o: 
plugin needed to handle lto object
C:/Users/phamm/.platformio/packages/toolchain-xtensa-esp-elf/bin/../lib/gcc/xte
nsa-esp-elf/14.2.0/../../../../xtensa-esp-elf/bin/ld.exe: 
.pio/build/custom-st7789-160x128/libbbc/IRremoteESP8266/ir_Teknopoint.cpp.o 
and .pio/build/custom-st7789-160x128/FrameworkArduinoVariant/variant.cpp.o: 
warning: multiple common of `__gnu_lto_slim'
C:/Users/phamm/.platformio/packages/toolchain-xtensa-esp-elf/bin/../lib/gcc/xte
nsa-esp-elf/14.2.0/../../../../xtensa-esp-elf/bin/ld.exe: 
.pio/build/custom-st7789-160x128/libbbc/IRremoteESP8266/ir_Toshiba.cpp.o: 
plugin needed to handle lto object
C:/Users/phamm/.platformio/packages/toolchain-xtensa-esp-elf/bin/../lib/gcc/xte
nsa-esp-elf/14.2.0/../../../../xtensa-esp-elf/bin/ld.exe: 
.pio/build/custom-st7789-160x128/libbbc/IRremoteESP8266/ir_Toshiba.cpp.o: 
plugin needed to handle lto object
C:/Users/phamm/.platformio/packages/toolchain-xtensa-esp-elf/bin/../lib/gcc/xte
nsa-esp-elf/14.2.0/../../../../xtensa-esp-elf/bin/ld.exe: 
.pio/build/custom-st7789-160x128/libbbc/IRremoteESP8266/ir_Toshiba.cpp.o and 
.pio/build/custom-st7789-160x128/FrameworkArduinoVariant/variant.cpp.o: 
warning: multiple common of `__gnu_lto_slim'
C:/Users/phamm/.platformio/packages/toolchain-xtensa-esp-elf/bin/../lib/gcc/xte
nsa-esp-elf/14.2.0/../../../../xtensa-esp-elf/bin/ld.exe: 
.pio/build/custom-st7789-160x128/libbbc/IRremoteESP8266/ir_Toto.cpp.o: plugin 
needed to handle lto object
C:/Users/phamm/.platformio/packages/toolchain-xtensa-esp-elf/bin/../lib/gcc/xte
nsa-esp-elf/14.2.0/../../../../xtensa-esp-elf/bin/ld.exe: 
.pio/build/custom-st7789-160x128/libbbc/IRremoteESP8266/ir_Toto.cpp.o: plugin 
needed to handle lto object
C:/Users/phamm/.platformio/packages/toolchain-xtensa-esp-elf/bin/../lib/gcc/xte
nsa-esp-elf/14.2.0/../../../../xtensa-esp-elf/bin/ld.exe: 
.pio/build/custom-st7789-160x128/libbbc/IRremoteESP8266/ir_Toto.cpp.o and 
.pio/build/custom-st7789-160x128/FrameworkArduinoVariant/variant.cpp.o: 
warning: multiple common of `__gnu_lto_slim'
C:/Users/phamm/.platformio/packages/toolchain-xtensa-esp-elf/bin/../lib/gcc/xte
nsa-esp-elf/14.2.0/../../../../xtensa-esp-elf/bin/ld.exe: 
.pio/build/custom-st7789-160x128/libbbc/IRremoteESP8266/ir_Transcold.cpp.o: 
plugin needed to handle lto object
C:/Users/phamm/.platformio/packages/toolchain-xtensa-esp-elf/bin/../lib/gcc/xte
nsa-esp-elf/14.2.0/../../../../xtensa-esp-elf/bin/ld.exe: 
.pio/build/custom-st7789-160x128/libbbc/IRremoteESP8266/ir_Transcold.cpp.o: 
plugin needed to handle lto object
C:/Users/phamm/.platformio/packages/toolchain-xtensa-esp-elf/bin/../lib/gcc/xte
nsa-esp-elf/14.2.0/../../../../xtensa-esp-elf/bin/ld.exe: 
.pio/build/custom-st7789-160x128/libbbc/IRremoteESP8266/ir_Transcold.cpp.o and 
.pio/build/custom-st7789-160x128/FrameworkArduinoVariant/variant.cpp.o: 
warning: multiple common of `__gnu_lto_slim'
C:/Users/phamm/.platformio/packages/toolchain-xtensa-esp-elf/bin/../lib/gcc/xte
nsa-esp-elf/14.2.0/../../../../xtensa-esp-elf/bin/ld.exe: 
.pio/build/custom-st7789-160x128/libbbc/IRremoteESP8266/ir_Trotec.cpp.o: 
plugin needed to handle lto object
C:/Users/phamm/.platformio/packages/toolchain-xtensa-esp-elf/bin/../lib/gcc/xte
nsa-esp-elf/14.2.0/../../../../xtensa-esp-elf/bin/ld.exe: 
.pio/build/custom-st7789-160x128/libbbc/IRremoteESP8266/ir_Trotec.cpp.o: 
plugin needed to handle lto object
C:/Users/phamm/.platformio/packages/toolchain-xtensa-esp-elf/bin/../lib/gcc/xte
nsa-esp-elf/14.2.0/../../../../xtensa-esp-elf/bin/ld.exe: 
.pio/build/custom-st7789-160x128/libbbc/IRremoteESP8266/ir_Trotec.cpp.o and 
.pio/build/custom-st7789-160x128/FrameworkArduinoVariant/variant.cpp.o: 
warning: multiple common of `__gnu_lto_slim'
C:/Users/phamm/.platformio/packages/toolchain-xtensa-esp-elf/bin/../lib/gcc/xte
nsa-esp-elf/14.2.0/../../../../xtensa-esp-elf/bin/ld.exe: 
.pio/build/custom-st7789-160x128/libbbc/IRremoteESP8266/ir_Truma.cpp.o: plugin 
needed to handle lto object
C:/Users/phamm/.platformio/packages/toolchain-xtensa-esp-elf/bin/../lib/gcc/xte
nsa-esp-elf/14.2.0/../../../../xtensa-esp-elf/bin/ld.exe: 
.pio/build/custom-st7789-160x128/libbbc/IRremoteESP8266/ir_Truma.cpp.o: plugin 
needed to handle lto object
C:/Users/phamm/.platformio/packages/toolchain-xtensa-esp-elf/bin/../lib/gcc/xte
nsa-esp-elf/14.2.0/../../../../xtensa-esp-elf/bin/ld.exe: 
.pio/build/custom-st7789-160x128/libbbc/IRremoteESP8266/ir_Truma.cpp.o and 
.pio/build/custom-st7789-160x128/FrameworkArduinoVariant/variant.cpp.o: 
warning: multiple common of `__gnu_lto_slim'
C:/Users/phamm/.platformio/packages/toolchain-xtensa-esp-elf/bin/../lib/gcc/xte
nsa-esp-elf/14.2.0/../../../../xtensa-esp-elf/bin/ld.exe: 
.pio/build/custom-st7789-160x128/libbbc/IRremoteESP8266/ir_Vestel.cpp.o: 
plugin needed to handle lto object
C:/Users/phamm/.platformio/packages/toolchain-xtensa-esp-elf/bin/../lib/gcc/xte
nsa-esp-elf/14.2.0/../../../../xtensa-esp-elf/bin/ld.exe: 
.pio/build/custom-st7789-160x128/libbbc/IRremoteESP8266/ir_Vestel.cpp.o: 
plugin needed to handle lto object
C:/Users/phamm/.platformio/packages/toolchain-xtensa-esp-elf/bin/../lib/gcc/xte
nsa-esp-elf/14.2.0/../../../../xtensa-esp-elf/bin/ld.exe: 
.pio/build/custom-st7789-160x128/libbbc/IRremoteESP8266/ir_Vestel.cpp.o and 
.pio/build/custom-st7789-160x128/FrameworkArduinoVariant/variant.cpp.o: 
warning: multiple common of `__gnu_lto_slim'
C:/Users/phamm/.platformio/packages/toolchain-xtensa-esp-elf/bin/../lib/gcc/xte
nsa-esp-elf/14.2.0/../../../../xtensa-esp-elf/bin/ld.exe: 
.pio/build/custom-st7789-160x128/libbbc/IRremoteESP8266/ir_Voltas.cpp.o: 
plugin needed to handle lto object
C:/Users/phamm/.platformio/packages/toolchain-xtensa-esp-elf/bin/../lib/gcc/xte
nsa-esp-elf/14.2.0/../../../../xtensa-esp-elf/bin/ld.exe: 
.pio/build/custom-st7789-160x128/libbbc/IRremoteESP8266/ir_Voltas.cpp.o: 
plugin needed to handle lto object
C:/Users/phamm/.platformio/packages/toolchain-xtensa-esp-elf/bin/../lib/gcc/xte
nsa-esp-elf/14.2.0/../../../../xtensa-esp-elf/bin/ld.exe: 
.pio/build/custom-st7789-160x128/libbbc/IRremoteESP8266/ir_Voltas.cpp.o and 
.pio/build/custom-st7789-160x128/FrameworkArduinoVariant/variant.cpp.o: 
warning: multiple common of `__gnu_lto_slim'
C:/Users/phamm/.platformio/packages/toolchain-xtensa-esp-elf/bin/../lib/gcc/xte
nsa-esp-elf/14.2.0/../../../../xtensa-esp-elf/bin/ld.exe: 
.pio/build/custom-st7789-160x128/libbbc/IRremoteESP8266/ir_Whirlpool.cpp.o: 
plugin needed to handle lto object
C:/Users/phamm/.platformio/packages/toolchain-xtensa-esp-elf/bin/../lib/gcc/xte
nsa-esp-elf/14.2.0/../../../../xtensa-esp-elf/bin/ld.exe: 
.pio/build/custom-st7789-160x128/libbbc/IRremoteESP8266/ir_Whirlpool.cpp.o: 
plugin needed to handle lto object
C:/Users/phamm/.platformio/packages/toolchain-xtensa-esp-elf/bin/../lib/gcc/xte
nsa-esp-elf/14.2.0/../../../../xtensa-esp-elf/bin/ld.exe: 
.pio/build/custom-st7789-160x128/libbbc/IRremoteESP8266/ir_Whirlpool.cpp.o and 
.pio/build/custom-st7789-160x128/FrameworkArduinoVariant/variant.cpp.o: 
warning: multiple common of `__gnu_lto_slim'
C:/Users/phamm/.platformio/packages/toolchain-xtensa-esp-elf/bin/../lib/gcc/xte
nsa-esp-elf/14.2.0/../../../../xtensa-esp-elf/bin/ld.exe: 
.pio/build/custom-st7789-160x128/libbbc/IRremoteESP8266/ir_Whynter.cpp.o: 
plugin needed to handle lto object
C:/Users/phamm/.platformio/packages/toolchain-xtensa-esp-elf/bin/../lib/gcc/xte
nsa-esp-elf/14.2.0/../../../../xtensa-esp-elf/bin/ld.exe: 
.pio/build/custom-st7789-160x128/libbbc/IRremoteESP8266/ir_Whynter.cpp.o: 
plugin needed to handle lto object
C:/Users/phamm/.platformio/packages/toolchain-xtensa-esp-elf/bin/../lib/gcc/xte
nsa-esp-elf/14.2.0/../../../../xtensa-esp-elf/bin/ld.exe: 
.pio/build/custom-st7789-160x128/libbbc/IRremoteESP8266/ir_Whynter.cpp.o and 
.pio/build/custom-st7789-160x128/FrameworkArduinoVariant/variant.cpp.o: 
warning: multiple common of `__gnu_lto_slim'
C:/Users/phamm/.platformio/packages/toolchain-xtensa-esp-elf/bin/../lib/gcc/xte
nsa-esp-elf/14.2.0/../../../../xtensa-esp-elf/bin/ld.exe: 
.pio/build/custom-st7789-160x128/libbbc/IRremoteESP8266/ir_Wowwee.cpp.o: 
plugin needed to handle lto object
C:/Users/phamm/.platformio/packages/toolchain-xtensa-esp-elf/bin/../lib/gcc/xte
nsa-esp-elf/14.2.0/../../../../xtensa-esp-elf/bin/ld.exe: 
.pio/build/custom-st7789-160x128/libbbc/IRremoteESP8266/ir_Wowwee.cpp.o: 
plugin needed to handle lto object
C:/Users/phamm/.platformio/packages/toolchain-xtensa-esp-elf/bin/../lib/gcc/xte
nsa-esp-elf/14.2.0/../../../../xtensa-esp-elf/bin/ld.exe: 
.pio/build/custom-st7789-160x128/libbbc/IRremoteESP8266/ir_Wowwee.cpp.o and 
.pio/build/custom-st7789-160x128/FrameworkArduinoVariant/variant.cpp.o: 
warning: multiple common of `__gnu_lto_slim'
C:/Users/phamm/.platformio/packages/toolchain-xtensa-esp-elf/bin/../lib/gcc/xte
nsa-esp-elf/14.2.0/../../../../xtensa-esp-elf/bin/ld.exe: 
.pio/build/custom-st7789-160x128/libbbc/IRremoteESP8266/ir_Xmp.cpp.o: plugin 
needed to handle lto object
C:/Users/phamm/.platformio/packages/toolchain-xtensa-esp-elf/bin/../lib/gcc/xte
nsa-esp-elf/14.2.0/../../../../xtensa-esp-elf/bin/ld.exe: 
.pio/build/custom-st7789-160x128/libbbc/IRremoteESP8266/ir_Xmp.cpp.o: plugin 
needed to handle lto object
C:/Users/phamm/.platformio/packages/toolchain-xtensa-esp-elf/bin/../lib/gcc/xte
nsa-esp-elf/14.2.0/../../../../xtensa-esp-elf/bin/ld.exe: 
.pio/build/custom-st7789-160x128/libbbc/IRremoteESP8266/ir_Xmp.cpp.o and 
.pio/build/custom-st7789-160x128/FrameworkArduinoVariant/variant.cpp.o: 
warning: multiple common of `__gnu_lto_slim'
C:/Users/phamm/.platformio/packages/toolchain-xtensa-esp-elf/bin/../lib/gcc/xte
nsa-esp-elf/14.2.0/../../../../xtensa-esp-elf/bin/ld.exe: 
.pio/build/custom-st7789-160x128/libbbc/IRremoteESP8266/ir_York.cpp.o: plugin 
needed to handle lto object
C:/Users/phamm/.platformio/packages/toolchain-xtensa-esp-elf/bin/../lib/gcc/xte
nsa-esp-elf/14.2.0/../../../../xtensa-esp-elf/bin/ld.exe: 
.pio/build/custom-st7789-160x128/libbbc/IRremoteESP8266/ir_York.cpp.o: plugin 
needed to handle lto object
C:/Users/phamm/.platformio/packages/toolchain-xtensa-esp-elf/bin/../lib/gcc/xte
nsa-esp-elf/14.2.0/../../../../xtensa-esp-elf/bin/ld.exe: 
.pio/build/custom-st7789-160x128/libbbc/IRremoteESP8266/ir_York.cpp.o and 
.pio/build/custom-st7789-160x128/FrameworkArduinoVariant/variant.cpp.o: 
warning: multiple common of `__gnu_lto_slim'
C:/Users/phamm/.platformio/packages/toolchain-xtensa-esp-elf/bin/../lib/gcc/xte
nsa-esp-elf/14.2.0/../../../../xtensa-esp-elf/bin/ld.exe: 
.pio/build/custom-st7789-160x128/libbbc/IRremoteESP8266/ir_Zepeal.cpp.o: 
plugin needed to handle lto object
C:/Users/phamm/.platformio/packages/toolchain-xtensa-esp-elf/bin/../lib/gcc/xte
nsa-esp-elf/14.2.0/../../../../xtensa-esp-elf/bin/ld.exe: 
.pio/build/custom-st7789-160x128/libbbc/IRremoteESP8266/ir_Zepeal.cpp.o: 
plugin needed to handle lto object
C:/Users/phamm/.platformio/packages/toolchain-xtensa-esp-elf/bin/../lib/gcc/xte
nsa-esp-elf/14.2.0/../../../../xtensa-esp-elf/bin/ld.exe: 
.pio/build/custom-st7789-160x128/libbbc/IRremoteESP8266/ir_Zepeal.cpp.o and 
.pio/build/custom-st7789-160x128/FrameworkArduinoVariant/variant.cpp.o: 
warning: multiple common of `__gnu_lto_slim'
C:/Users/phamm/.platformio/packages/toolchain-xtensa-esp-elf/bin/../lib/gcc/xte
nsa-esp-elf/14.2.0/../../../../xtensa-esp-elf/bin/ld.exe: 
.pio/build/custom-st7789-160x128/lib4c9/Time/DateStrings.cpp.o: plugin needed 
to handle lto object
C:/Users/phamm/.platformio/packages/toolchain-xtensa-esp-elf/bin/../lib/gcc/xte
nsa-esp-elf/14.2.0/../../../../xtensa-esp-elf/bin/ld.exe: 
.pio/build/custom-st7789-160x128/lib4c9/Time/DateStrings.cpp.o: plugin needed 
to handle lto object
C:/Users/phamm/.platformio/packages/toolchain-xtensa-esp-elf/bin/../lib/gcc/xte
nsa-esp-elf/14.2.0/../../../../xtensa-esp-elf/bin/ld.exe: 
.pio/build/custom-st7789-160x128/lib4c9/Time/DateStrings.cpp.o and 
.pio/build/custom-st7789-160x128/FrameworkArduinoVariant/variant.cpp.o: 
warning: multiple common of `__gnu_lto_slim'
C:/Users/phamm/.platformio/packages/toolchain-xtensa-esp-elf/bin/../lib/gcc/xte
nsa-esp-elf/14.2.0/../../../../xtensa-esp-elf/bin/ld.exe: 
.pio/build/custom-st7789-160x128/lib4c9/Time/Time.cpp.o: plugin needed to 
handle lto object
C:/Users/phamm/.platformio/packages/toolchain-xtensa-esp-elf/bin/../lib/gcc/xte
nsa-esp-elf/14.2.0/../../../../xtensa-esp-elf/bin/ld.exe: 
.pio/build/custom-st7789-160x128/lib4c9/Time/Time.cpp.o: plugin needed to 
handle lto object
C:/Users/phamm/.platformio/packages/toolchain-xtensa-esp-elf/bin/../lib/gcc/xte
nsa-esp-elf/14.2.0/../../../../xtensa-esp-elf/bin/ld.exe: 
.pio/build/custom-st7789-160x128/lib4c9/Time/Time.cpp.o and 
.pio/build/custom-st7789-160x128/FrameworkArduinoVariant/variant.cpp.o: 
warning: multiple common of `__gnu_lto_slim'
C:/Users/phamm/.platformio/packages/toolchain-xtensa-esp-elf/bin/../lib/gcc/xte
nsa-esp-elf/14.2.0/../../../../xtensa-esp-elf/bin/ld.exe: 
.pio/build/custom-st7789-160x128/libb05/PNGdec/PNGdec.cpp.o: plugin needed to 
handle lto object
C:/Users/phamm/.platformio/packages/toolchain-xtensa-esp-elf/bin/../lib/gcc/xte
nsa-esp-elf/14.2.0/../../../../xtensa-esp-elf/bin/ld.exe: 
.pio/build/custom-st7789-160x128/libb05/PNGdec/PNGdec.cpp.o: plugin needed to 
handle lto object
C:/Users/phamm/.platformio/packages/toolchain-xtensa-esp-elf/bin/../lib/gcc/xte
nsa-esp-elf/14.2.0/../../../../xtensa-esp-elf/bin/ld.exe: 
.pio/build/custom-st7789-160x128/libb05/PNGdec/PNGdec.cpp.o and 
.pio/build/custom-st7789-160x128/FrameworkArduinoVariant/variant.cpp.o: 
warning: multiple common of `__gnu_lto_slim'
C:/Users/phamm/.platformio/packages/toolchain-xtensa-esp-elf/bin/../lib/gcc/xte
nsa-esp-elf/14.2.0/../../../../xtensa-esp-elf/bin/ld.exe: 
.pio/build/custom-st7789-160x128/libb05/PNGdec/adler32.c.o: plugin needed to 
handle lto object
C:/Users/phamm/.platformio/packages/toolchain-xtensa-esp-elf/bin/../lib/gcc/xte
nsa-esp-elf/14.2.0/../../../../xtensa-esp-elf/bin/ld.exe: 
.pio/build/custom-st7789-160x128/libb05/PNGdec/adler32.c.o: plugin needed to 
handle lto object
C:/Users/phamm/.platformio/packages/toolchain-xtensa-esp-elf/bin/../lib/gcc/xte
nsa-esp-elf/14.2.0/../../../../xtensa-esp-elf/bin/ld.exe: 
.pio/build/custom-st7789-160x128/libb05/PNGdec/adler32.c.o and 
.pio/build/custom-st7789-160x128/FrameworkArduinoVariant/variant.cpp.o: 
warning: multiple common of `__gnu_lto_slim'
C:/Users/phamm/.platformio/packages/toolchain-xtensa-esp-elf/bin/../lib/gcc/xte
nsa-esp-elf/14.2.0/../../../../xtensa-esp-elf/bin/ld.exe: 
.pio/build/custom-st7789-160x128/libb05/PNGdec/crc32.c.o: plugin needed to 
handle lto object
C:/Users/phamm/.platformio/packages/toolchain-xtensa-esp-elf/bin/../lib/gcc/xte
nsa-esp-elf/14.2.0/../../../../xtensa-esp-elf/bin/ld.exe: 
.pio/build/custom-st7789-160x128/libb05/PNGdec/crc32.c.o: plugin needed to 
handle lto object
C:/Users/phamm/.platformio/packages/toolchain-xtensa-esp-elf/bin/../lib/gcc/xte
nsa-esp-elf/14.2.0/../../../../xtensa-esp-elf/bin/ld.exe: 
.pio/build/custom-st7789-160x128/libb05/PNGdec/crc32.c.o and 
.pio/build/custom-st7789-160x128/FrameworkArduinoVariant/variant.cpp.o: 
warning: multiple common of `__gnu_lto_slim'
C:/Users/phamm/.platformio/packages/toolchain-xtensa-esp-elf/bin/../lib/gcc/xte
nsa-esp-elf/14.2.0/../../../../xtensa-esp-elf/bin/ld.exe: 
.pio/build/custom-st7789-160x128/libb05/PNGdec/infback.c.o: plugin needed to 
handle lto object
C:/Users/phamm/.platformio/packages/toolchain-xtensa-esp-elf/bin/../lib/gcc/xte
nsa-esp-elf/14.2.0/../../../../xtensa-esp-elf/bin/ld.exe: 
.pio/build/custom-st7789-160x128/libb05/PNGdec/infback.c.o: plugin needed to 
handle lto object
C:/Users/phamm/.platformio/packages/toolchain-xtensa-esp-elf/bin/../lib/gcc/xte
nsa-esp-elf/14.2.0/../../../../xtensa-esp-elf/bin/ld.exe: 
.pio/build/custom-st7789-160x128/libb05/PNGdec/infback.c.o and 
.pio/build/custom-st7789-160x128/FrameworkArduinoVariant/variant.cpp.o: 
warning: multiple common of `__gnu_lto_slim'
C:/Users/phamm/.platformio/packages/toolchain-xtensa-esp-elf/bin/../lib/gcc/xte
nsa-esp-elf/14.2.0/../../../../xtensa-esp-elf/bin/ld.exe: 
.pio/build/custom-st7789-160x128/libb05/PNGdec/inffast.c.o: plugin needed to 
handle lto object
C:/Users/phamm/.platformio/packages/toolchain-xtensa-esp-elf/bin/../lib/gcc/xte
nsa-esp-elf/14.2.0/../../../../xtensa-esp-elf/bin/ld.exe: 
.pio/build/custom-st7789-160x128/libb05/PNGdec/inffast.c.o: plugin needed to 
handle lto object
C:/Users/phamm/.platformio/packages/toolchain-xtensa-esp-elf/bin/../lib/gcc/xte
nsa-esp-elf/14.2.0/../../../../xtensa-esp-elf/bin/ld.exe: 
.pio/build/custom-st7789-160x128/libb05/PNGdec/inffast.c.o and 
.pio/build/custom-st7789-160x128/FrameworkArduinoVariant/variant.cpp.o: 
warning: multiple common of `__gnu_lto_slim'
C:/Users/phamm/.platformio/packages/toolchain-xtensa-esp-elf/bin/../lib/gcc/xte
nsa-esp-elf/14.2.0/../../../../xtensa-esp-elf/bin/ld.exe: 
.pio/build/custom-st7789-160x128/libb05/PNGdec/inflate.c.o: plugin needed to 
handle lto object
C:/Users/phamm/.platformio/packages/toolchain-xtensa-esp-elf/bin/../lib/gcc/xte
nsa-esp-elf/14.2.0/../../../../xtensa-esp-elf/bin/ld.exe: 
.pio/build/custom-st7789-160x128/libb05/PNGdec/inflate.c.o: plugin needed to 
handle lto object
C:/Users/phamm/.platformio/packages/toolchain-xtensa-esp-elf/bin/../lib/gcc/xte
nsa-esp-elf/14.2.0/../../../../xtensa-esp-elf/bin/ld.exe: 
.pio/build/custom-st7789-160x128/libb05/PNGdec/inflate.c.o and 
.pio/build/custom-st7789-160x128/FrameworkArduinoVariant/variant.cpp.o: 
warning: multiple common of `__gnu_lto_slim'
C:/Users/phamm/.platformio/packages/toolchain-xtensa-esp-elf/bin/../lib/gcc/xte
nsa-esp-elf/14.2.0/../../../../xtensa-esp-elf/bin/ld.exe: 
.pio/build/custom-st7789-160x128/libb05/PNGdec/inftrees.c.o: plugin needed to 
handle lto object
C:/Users/phamm/.platformio/packages/toolchain-xtensa-esp-elf/bin/../lib/gcc/xte
nsa-esp-elf/14.2.0/../../../../xtensa-esp-elf/bin/ld.exe: 
.pio/build/custom-st7789-160x128/libb05/PNGdec/inftrees.c.o: plugin needed to 
handle lto object
C:/Users/phamm/.platformio/packages/toolchain-xtensa-esp-elf/bin/../lib/gcc/xte
nsa-esp-elf/14.2.0/../../../../xtensa-esp-elf/bin/ld.exe: 
.pio/build/custom-st7789-160x128/libb05/PNGdec/inftrees.c.o and 
.pio/build/custom-st7789-160x128/FrameworkArduinoVariant/variant.cpp.o: 
warning: multiple common of `__gnu_lto_slim'
C:/Users/phamm/.platformio/packages/toolchain-xtensa-esp-elf/bin/../lib/gcc/xte
nsa-esp-elf/14.2.0/../../../../xtensa-esp-elf/bin/ld.exe: 
.pio/build/custom-st7789-160x128/libb05/PNGdec/zutil.c.o: plugin needed to 
handle lto object
C:/Users/phamm/.platformio/packages/toolchain-xtensa-esp-elf/bin/../lib/gcc/xte
nsa-esp-elf/14.2.0/../../../../xtensa-esp-elf/bin/ld.exe: 
.pio/build/custom-st7789-160x128/libb05/PNGdec/zutil.c.o: plugin needed to 
handle lto object
C:/Users/phamm/.platformio/packages/toolchain-xtensa-esp-elf/bin/../lib/gcc/xte
nsa-esp-elf/14.2.0/../../../../xtensa-esp-elf/bin/ld.exe: 
.pio/build/custom-st7789-160x128/libb05/PNGdec/zutil.c.o and 
.pio/build/custom-st7789-160x128/FrameworkArduinoVariant/variant.cpp.o: 
warning: multiple common of `__gnu_lto_slim'
C:/Users/phamm/.platformio/packages/toolchain-xtensa-esp-elf/bin/../lib/gcc/xte
nsa-esp-elf/14.2.0/../../../../xtensa-esp-elf/bin/ld.exe: 
.pio/build/custom-st7789-160x128/lib2c4/LibSSH-ESP32/agent.c.o: plugin needed 
to handle lto object
C:/Users/phamm/.platformio/packages/toolchain-xtensa-esp-elf/bin/../lib/gcc/xte
nsa-esp-elf/14.2.0/../../../../xtensa-esp-elf/bin/ld.exe: 
.pio/build/custom-st7789-160x128/lib2c4/LibSSH-ESP32/agent.c.o: plugin needed 
to handle lto object
C:/Users/phamm/.platformio/packages/toolchain-xtensa-esp-elf/bin/../lib/gcc/xte
nsa-esp-elf/14.2.0/../../../../xtensa-esp-elf/bin/ld.exe: 
.pio/build/custom-st7789-160x128/lib2c4/LibSSH-ESP32/agent.c.o and 
.pio/build/custom-st7789-160x128/FrameworkArduinoVariant/variant.cpp.o: 
warning: multiple common of `__gnu_lto_slim'
C:/Users/phamm/.platformio/packages/toolchain-xtensa-esp-elf/bin/../lib/gcc/xte
nsa-esp-elf/14.2.0/../../../../xtensa-esp-elf/bin/ld.exe: 
.pio/build/custom-st7789-160x128/lib2c4/LibSSH-ESP32/auth.c.o: plugin needed 
to handle lto object
C:/Users/phamm/.platformio/packages/toolchain-xtensa-esp-elf/bin/../lib/gcc/xte
nsa-esp-elf/14.2.0/../../../../xtensa-esp-elf/bin/ld.exe: 
.pio/build/custom-st7789-160x128/lib2c4/LibSSH-ESP32/auth.c.o: plugin needed 
to handle lto object
C:/Users/phamm/.platformio/packages/toolchain-xtensa-esp-elf/bin/../lib/gcc/xte
nsa-esp-elf/14.2.0/../../../../xtensa-esp-elf/bin/ld.exe: 
.pio/build/custom-st7789-160x128/lib2c4/LibSSH-ESP32/auth.c.o and 
.pio/build/custom-st7789-160x128/FrameworkArduinoVariant/variant.cpp.o: 
warning: multiple common of `__gnu_lto_slim'
C:/Users/phamm/.platformio/packages/toolchain-xtensa-esp-elf/bin/../lib/gcc/xte
nsa-esp-elf/14.2.0/../../../../xtensa-esp-elf/bin/ld.exe: 
.pio/build/custom-st7789-160x128/lib2c4/LibSSH-ESP32/base64.c.o: plugin needed 
to handle lto object
C:/Users/phamm/.platformio/packages/toolchain-xtensa-esp-elf/bin/../lib/gcc/xte
nsa-esp-elf/14.2.0/../../../../xtensa-esp-elf/bin/ld.exe: 
.pio/build/custom-st7789-160x128/lib2c4/LibSSH-ESP32/base64.c.o: plugin needed 
to handle lto object
C:/Users/phamm/.platformio/packages/toolchain-xtensa-esp-elf/bin/../lib/gcc/xte
nsa-esp-elf/14.2.0/../../../../xtensa-esp-elf/bin/ld.exe: 
.pio/build/custom-st7789-160x128/lib2c4/LibSSH-ESP32/base64.c.o and 
.pio/build/custom-st7789-160x128/FrameworkArduinoVariant/variant.cpp.o: 
warning: multiple common of `__gnu_lto_slim'
C:/Users/phamm/.platformio/packages/toolchain-xtensa-esp-elf/bin/../lib/gcc/xte
nsa-esp-elf/14.2.0/../../../../xtensa-esp-elf/bin/ld.exe: 
.pio/build/custom-st7789-160x128/lib2c4/LibSSH-ESP32/bignum.c.o: plugin needed 
to handle lto object
C:/Users/phamm/.platformio/packages/toolchain-xtensa-esp-elf/bin/../lib/gcc/xte
nsa-esp-elf/14.2.0/../../../../xtensa-esp-elf/bin/ld.exe: 
.pio/build/custom-st7789-160x128/lib2c4/LibSSH-ESP32/bignum.c.o: plugin needed 
to handle lto object
C:/Users/phamm/.platformio/packages/toolchain-xtensa-esp-elf/bin/../lib/gcc/xte
nsa-esp-elf/14.2.0/../../../../xtensa-esp-elf/bin/ld.exe: 
.pio/build/custom-st7789-160x128/lib2c4/LibSSH-ESP32/bignum.c.o and 
.pio/build/custom-st7789-160x128/FrameworkArduinoVariant/variant.cpp.o: 
warning: multiple common of `__gnu_lto_slim'
C:/Users/phamm/.platformio/packages/toolchain-xtensa-esp-elf/bin/../lib/gcc/xte
nsa-esp-elf/14.2.0/../../../../xtensa-esp-elf/bin/ld.exe: 
.pio/build/custom-st7789-160x128/lib2c4/LibSSH-ESP32/bind.c.o: plugin needed 
to handle lto object
C:/Users/phamm/.platformio/packages/toolchain-xtensa-esp-elf/bin/../lib/gcc/xte
nsa-esp-elf/14.2.0/../../../../xtensa-esp-elf/bin/ld.exe: 
.pio/build/custom-st7789-160x128/lib2c4/LibSSH-ESP32/bind.c.o: plugin needed 
to handle lto object
C:/Users/phamm/.platformio/packages/toolchain-xtensa-esp-elf/bin/../lib/gcc/xte
nsa-esp-elf/14.2.0/../../../../xtensa-esp-elf/bin/ld.exe: 
.pio/build/custom-st7789-160x128/lib2c4/LibSSH-ESP32/bind.c.o and 
.pio/build/custom-st7789-160x128/FrameworkArduinoVariant/variant.cpp.o: 
warning: multiple common of `__gnu_lto_slim'
C:/Users/phamm/.platformio/packages/toolchain-xtensa-esp-elf/bin/../lib/gcc/xte
nsa-esp-elf/14.2.0/../../../../xtensa-esp-elf/bin/ld.exe: 
.pio/build/custom-st7789-160x128/lib2c4/LibSSH-ESP32/bind_config.c.o: plugin 
needed to handle lto object
C:/Users/phamm/.platformio/packages/toolchain-xtensa-esp-elf/bin/../lib/gcc/xte
nsa-esp-elf/14.2.0/../../../../xtensa-esp-elf/bin/ld.exe: 
.pio/build/custom-st7789-160x128/lib2c4/LibSSH-ESP32/bind_config.c.o: plugin 
needed to handle lto object
C:/Users/phamm/.platformio/packages/toolchain-xtensa-esp-elf/bin/../lib/gcc/xte
nsa-esp-elf/14.2.0/../../../../xtensa-esp-elf/bin/ld.exe: 
.pio/build/custom-st7789-160x128/lib2c4/LibSSH-ESP32/bind_config.c.o and 
.pio/build/custom-st7789-160x128/FrameworkArduinoVariant/variant.cpp.o: 
warning: multiple common of `__gnu_lto_slim'
C:/Users/phamm/.platformio/packages/toolchain-xtensa-esp-elf/bin/../lib/gcc/xte
nsa-esp-elf/14.2.0/../../../../xtensa-esp-elf/bin/ld.exe: 
.pio/build/custom-st7789-160x128/lib2c4/LibSSH-ESP32/buffer.c.o: plugin needed 
to handle lto object
C:/Users/phamm/.platformio/packages/toolchain-xtensa-esp-elf/bin/../lib/gcc/xte
nsa-esp-elf/14.2.0/../../../../xtensa-esp-elf/bin/ld.exe: 
.pio/build/custom-st7789-160x128/lib2c4/LibSSH-ESP32/buffer.c.o: plugin needed 
to handle lto object
C:/Users/phamm/.platformio/packages/toolchain-xtensa-esp-elf/bin/../lib/gcc/xte
nsa-esp-elf/14.2.0/../../../../xtensa-esp-elf/bin/ld.exe: 
.pio/build/custom-st7789-160x128/lib2c4/LibSSH-ESP32/buffer.c.o and 
.pio/build/custom-st7789-160x128/FrameworkArduinoVariant/variant.cpp.o: 
warning: multiple common of `__gnu_lto_slim'
C:/Users/phamm/.platformio/packages/toolchain-xtensa-esp-elf/bin/../lib/gcc/xte
nsa-esp-elf/14.2.0/../../../../xtensa-esp-elf/bin/ld.exe: 
.pio/build/custom-st7789-160x128/lib2c4/LibSSH-ESP32/callbacks.c.o: plugin 
needed to handle lto object
C:/Users/phamm/.platformio/packages/toolchain-xtensa-esp-elf/bin/../lib/gcc/xte
nsa-esp-elf/14.2.0/../../../../xtensa-esp-elf/bin/ld.exe: 
.pio/build/custom-st7789-160x128/lib2c4/LibSSH-ESP32/callbacks.c.o: plugin 
needed to handle lto object
C:/Users/phamm/.platformio/packages/toolchain-xtensa-esp-elf/bin/../lib/gcc/xte
nsa-esp-elf/14.2.0/../../../../xtensa-esp-elf/bin/ld.exe: 
.pio/build/custom-st7789-160x128/lib2c4/LibSSH-ESP32/callbacks.c.o and 
.pio/build/custom-st7789-160x128/FrameworkArduinoVariant/variant.cpp.o: 
warning: multiple common of `__gnu_lto_slim'
C:/Users/phamm/.platformio/packages/toolchain-xtensa-esp-elf/bin/../lib/gcc/xte
nsa-esp-elf/14.2.0/../../../../xtensa-esp-elf/bin/ld.exe: 
.pio/build/custom-st7789-160x128/lib2c4/LibSSH-ESP32/channels.c.o: plugin 
needed to handle lto object
C:/Users/phamm/.platformio/packages/toolchain-xtensa-esp-elf/bin/../lib/gcc/xte
nsa-esp-elf/14.2.0/../../../../xtensa-esp-elf/bin/ld.exe: 
.pio/build/custom-st7789-160x128/lib2c4/LibSSH-ESP32/channels.c.o: plugin 
needed to handle lto object
C:/Users/phamm/.platformio/packages/toolchain-xtensa-esp-elf/bin/../lib/gcc/xte
nsa-esp-elf/14.2.0/../../../../xtensa-esp-elf/bin/ld.exe: 
.pio/build/custom-st7789-160x128/lib2c4/LibSSH-ESP32/channels.c.o and 
.pio/build/custom-st7789-160x128/FrameworkArduinoVariant/variant.cpp.o: 
warning: multiple common of `__gnu_lto_slim'
C:/Users/phamm/.platformio/packages/toolchain-xtensa-esp-elf/bin/../lib/gcc/xte
nsa-esp-elf/14.2.0/../../../../xtensa-esp-elf/bin/ld.exe: 
.pio/build/custom-st7789-160x128/lib2c4/LibSSH-ESP32/client.c.o: plugin needed 
to handle lto object
C:/Users/phamm/.platformio/packages/toolchain-xtensa-esp-elf/bin/../lib/gcc/xte
nsa-esp-elf/14.2.0/../../../../xtensa-esp-elf/bin/ld.exe: 
.pio/build/custom-st7789-160x128/lib2c4/LibSSH-ESP32/client.c.o: plugin needed 
to handle lto object
C:/Users/phamm/.platformio/packages/toolchain-xtensa-esp-elf/bin/../lib/gcc/xte
nsa-esp-elf/14.2.0/../../../../xtensa-esp-elf/bin/ld.exe: 
.pio/build/custom-st7789-160x128/lib2c4/LibSSH-ESP32/client.c.o and 
.pio/build/custom-st7789-160x128/FrameworkArduinoVariant/variant.cpp.o: 
warning: multiple common of `__gnu_lto_slim'
C:/Users/phamm/.platformio/packages/toolchain-xtensa-esp-elf/bin/../lib/gcc/xte
nsa-esp-elf/14.2.0/../../../../xtensa-esp-elf/bin/ld.exe: 
.pio/build/custom-st7789-160x128/lib2c4/LibSSH-ESP32/config.c.o: plugin needed 
to handle lto object
C:/Users/phamm/.platformio/packages/toolchain-xtensa-esp-elf/bin/../lib/gcc/xte
nsa-esp-elf/14.2.0/../../../../xtensa-esp-elf/bin/ld.exe: 
.pio/build/custom-st7789-160x128/lib2c4/LibSSH-ESP32/config.c.o: plugin needed 
to handle lto object
C:/Users/phamm/.platformio/packages/toolchain-xtensa-esp-elf/bin/../lib/gcc/xte
nsa-esp-elf/14.2.0/../../../../xtensa-esp-elf/bin/ld.exe: 
.pio/build/custom-st7789-160x128/lib2c4/LibSSH-ESP32/config.c.o and 
.pio/build/custom-st7789-160x128/FrameworkArduinoVariant/variant.cpp.o: 
warning: multiple common of `__gnu_lto_slim'
C:/Users/phamm/.platformio/packages/toolchain-xtensa-esp-elf/bin/../lib/gcc/xte
nsa-esp-elf/14.2.0/../../../../xtensa-esp-elf/bin/ld.exe: 
.pio/build/custom-st7789-160x128/lib2c4/LibSSH-ESP32/config_parser.c.o: plugin 
needed to handle lto object
C:/Users/phamm/.platformio/packages/toolchain-xtensa-esp-elf/bin/../lib/gcc/xte
nsa-esp-elf/14.2.0/../../../../xtensa-esp-elf/bin/ld.exe: 
.pio/build/custom-st7789-160x128/lib2c4/LibSSH-ESP32/config_parser.c.o: plugin 
needed to handle lto object
C:/Users/phamm/.platformio/packages/toolchain-xtensa-esp-elf/bin/../lib/gcc/xte
nsa-esp-elf/14.2.0/../../../../xtensa-esp-elf/bin/ld.exe: 
.pio/build/custom-st7789-160x128/lib2c4/LibSSH-ESP32/config_parser.c.o and 
.pio/build/custom-st7789-160x128/FrameworkArduinoVariant/variant.cpp.o: 
warning: multiple common of `__gnu_lto_slim'
C:/Users/phamm/.platformio/packages/toolchain-xtensa-esp-elf/bin/../lib/gcc/xte
nsa-esp-elf/14.2.0/../../../../xtensa-esp-elf/bin/ld.exe: 
.pio/build/custom-st7789-160x128/lib2c4/LibSSH-ESP32/connect.c.o: plugin 
needed to handle lto object
C:/Users/phamm/.platformio/packages/toolchain-xtensa-esp-elf/bin/../lib/gcc/xte
nsa-esp-elf/14.2.0/../../../../xtensa-esp-elf/bin/ld.exe: 
.pio/build/custom-st7789-160x128/lib2c4/LibSSH-ESP32/connect.c.o: plugin 
needed to handle lto object
C:/Users/phamm/.platformio/packages/toolchain-xtensa-esp-elf/bin/../lib/gcc/xte
nsa-esp-elf/14.2.0/../../../../xtensa-esp-elf/bin/ld.exe: 
.pio/build/custom-st7789-160x128/lib2c4/LibSSH-ESP32/connect.c.o and 
.pio/build/custom-st7789-160x128/FrameworkArduinoVariant/variant.cpp.o: 
warning: multiple common of `__gnu_lto_slim'
C:/Users/phamm/.platformio/packages/toolchain-xtensa-esp-elf/bin/../lib/gcc/xte
nsa-esp-elf/14.2.0/../../../../xtensa-esp-elf/bin/ld.exe: 
.pio/build/custom-st7789-160x128/lib2c4/LibSSH-ESP32/crypto_common.c.o: plugin 
needed to handle lto object
C:/Users/phamm/.platformio/packages/toolchain-xtensa-esp-elf/bin/../lib/gcc/xte
nsa-esp-elf/14.2.0/../../../../xtensa-esp-elf/bin/ld.exe: 
.pio/build/custom-st7789-160x128/lib2c4/LibSSH-ESP32/crypto_common.c.o: plugin 
needed to handle lto object
C:/Users/phamm/.platformio/packages/toolchain-xtensa-esp-elf/bin/../lib/gcc/xte
nsa-esp-elf/14.2.0/../../../../xtensa-esp-elf/bin/ld.exe: 
.pio/build/custom-st7789-160x128/lib2c4/LibSSH-ESP32/crypto_common.c.o and 
.pio/build/custom-st7789-160x128/FrameworkArduinoVariant/variant.cpp.o: 
warning: multiple common of `__gnu_lto_slim'
C:/Users/phamm/.platformio/packages/toolchain-xtensa-esp-elf/bin/../lib/gcc/xte
nsa-esp-elf/14.2.0/../../../../xtensa-esp-elf/bin/ld.exe: 
.pio/build/custom-st7789-160x128/lib2c4/LibSSH-ESP32/curve25519.c.o: plugin 
needed to handle lto object
C:/Users/phamm/.platformio/packages/toolchain-xtensa-esp-elf/bin/../lib/gcc/xte
nsa-esp-elf/14.2.0/../../../../xtensa-esp-elf/bin/ld.exe: 
.pio/build/custom-st7789-160x128/lib2c4/LibSSH-ESP32/curve25519.c.o: plugin 
needed to handle lto object
C:/Users/phamm/.platformio/packages/toolchain-xtensa-esp-elf/bin/../lib/gcc/xte
nsa-esp-elf/14.2.0/../../../../xtensa-esp-elf/bin/ld.exe: 
.pio/build/custom-st7789-160x128/lib2c4/LibSSH-ESP32/curve25519.c.o and 
.pio/build/custom-st7789-160x128/FrameworkArduinoVariant/variant.cpp.o: 
warning: multiple common of `__gnu_lto_slim'
C:/Users/phamm/.platformio/packages/toolchain-xtensa-esp-elf/bin/../lib/gcc/xte
nsa-esp-elf/14.2.0/../../../../xtensa-esp-elf/bin/ld.exe: 
.pio/build/custom-st7789-160x128/lib2c4/LibSSH-ESP32/dh-gex.c.o: plugin needed 
to handle lto object
C:/Users/phamm/.platformio/packages/toolchain-xtensa-esp-elf/bin/../lib/gcc/xte
nsa-esp-elf/14.2.0/../../../../xtensa-esp-elf/bin/ld.exe: 
.pio/build/custom-st7789-160x128/lib2c4/LibSSH-ESP32/dh-gex.c.o: plugin needed 
to handle lto object
C:/Users/phamm/.platformio/packages/toolchain-xtensa-esp-elf/bin/../lib/gcc/xte
nsa-esp-elf/14.2.0/../../../../xtensa-esp-elf/bin/ld.exe: 
.pio/build/custom-st7789-160x128/lib2c4/LibSSH-ESP32/dh-gex.c.o and 
.pio/build/custom-st7789-160x128/FrameworkArduinoVariant/variant.cpp.o: 
warning: multiple common of `__gnu_lto_slim'
C:/Users/phamm/.platformio/packages/toolchain-xtensa-esp-elf/bin/../lib/gcc/xte
nsa-esp-elf/14.2.0/../../../../xtensa-esp-elf/bin/ld.exe: 
.pio/build/custom-st7789-160x128/lib2c4/LibSSH-ESP32/dh.c.o: plugin needed to 
handle lto object
C:/Users/phamm/.platformio/packages/toolchain-xtensa-esp-elf/bin/../lib/gcc/xte
nsa-esp-elf/14.2.0/../../../../xtensa-esp-elf/bin/ld.exe: 
.pio/build/custom-st7789-160x128/lib2c4/LibSSH-ESP32/dh.c.o: plugin needed to 
handle lto object
C:/Users/phamm/.platformio/packages/toolchain-xtensa-esp-elf/bin/../lib/gcc/xte
nsa-esp-elf/14.2.0/../../../../xtensa-esp-elf/bin/ld.exe: 
.pio/build/custom-st7789-160x128/lib2c4/LibSSH-ESP32/dh.c.o and 
.pio/build/custom-st7789-160x128/FrameworkArduinoVariant/variant.cpp.o: 
warning: multiple common of `__gnu_lto_slim'
C:/Users/phamm/.platformio/packages/toolchain-xtensa-esp-elf/bin/../lib/gcc/xte
nsa-esp-elf/14.2.0/../../../../xtensa-esp-elf/bin/ld.exe: 
.pio/build/custom-st7789-160x128/lib2c4/LibSSH-ESP32/dh_key.c.o: plugin needed 
to handle lto object
C:/Users/phamm/.platformio/packages/toolchain-xtensa-esp-elf/bin/../lib/gcc/xte
nsa-esp-elf/14.2.0/../../../../xtensa-esp-elf/bin/ld.exe: 
.pio/build/custom-st7789-160x128/lib2c4/LibSSH-ESP32/dh_key.c.o: plugin needed 
to handle lto object
C:/Users/phamm/.platformio/packages/toolchain-xtensa-esp-elf/bin/../lib/gcc/xte
nsa-esp-elf/14.2.0/../../../../xtensa-esp-elf/bin/ld.exe: 
.pio/build/custom-st7789-160x128/lib2c4/LibSSH-ESP32/dh_key.c.o and 
.pio/build/custom-st7789-160x128/FrameworkArduinoVariant/variant.cpp.o: 
warning: multiple common of `__gnu_lto_slim'
C:/Users/phamm/.platformio/packages/toolchain-xtensa-esp-elf/bin/../lib/gcc/xte
nsa-esp-elf/14.2.0/../../../../xtensa-esp-elf/bin/ld.exe: 
.pio/build/custom-st7789-160x128/lib2c4/LibSSH-ESP32/ecdh.c.o: plugin needed 
to handle lto object
C:/Users/phamm/.platformio/packages/toolchain-xtensa-esp-elf/bin/../lib/gcc/xte
nsa-esp-elf/14.2.0/../../../../xtensa-esp-elf/bin/ld.exe: 
.pio/build/custom-st7789-160x128/lib2c4/LibSSH-ESP32/ecdh.c.o: plugin needed 
to handle lto object
C:/Users/phamm/.platformio/packages/toolchain-xtensa-esp-elf/bin/../lib/gcc/xte
nsa-esp-elf/14.2.0/../../../../xtensa-esp-elf/bin/ld.exe: 
.pio/build/custom-st7789-160x128/lib2c4/LibSSH-ESP32/ecdh.c.o and 
.pio/build/custom-st7789-160x128/FrameworkArduinoVariant/variant.cpp.o: 
warning: multiple common of `__gnu_lto_slim'
C:/Users/phamm/.platformio/packages/toolchain-xtensa-esp-elf/bin/../lib/gcc/xte
nsa-esp-elf/14.2.0/../../../../xtensa-esp-elf/bin/ld.exe: 
.pio/build/custom-st7789-160x128/lib2c4/LibSSH-ESP32/ecdh_mbedcrypto.c.o: 
plugin needed to handle lto object
C:/Users/phamm/.platformio/packages/toolchain-xtensa-esp-elf/bin/../lib/gcc/xte
nsa-esp-elf/14.2.0/../../../../xtensa-esp-elf/bin/ld.exe: 
.pio/build/custom-st7789-160x128/lib2c4/LibSSH-ESP32/ecdh_mbedcrypto.c.o: 
plugin needed to handle lto object
C:/Users/phamm/.platformio/packages/toolchain-xtensa-esp-elf/bin/../lib/gcc/xte
nsa-esp-elf/14.2.0/../../../../xtensa-esp-elf/bin/ld.exe: 
.pio/build/custom-st7789-160x128/lib2c4/LibSSH-ESP32/ecdh_mbedcrypto.c.o and 
.pio/build/custom-st7789-160x128/FrameworkArduinoVariant/variant.cpp.o: 
warning: multiple common of `__gnu_lto_slim'
C:/Users/phamm/.platformio/packages/toolchain-xtensa-esp-elf/bin/../lib/gcc/xte
nsa-esp-elf/14.2.0/../../../../xtensa-esp-elf/bin/ld.exe: 
.pio/build/custom-st7789-160x128/lib2c4/LibSSH-ESP32/error.c.o: plugin needed 
to handle lto object
C:/Users/phamm/.platformio/packages/toolchain-xtensa-esp-elf/bin/../lib/gcc/xte
nsa-esp-elf/14.2.0/../../../../xtensa-esp-elf/bin/ld.exe: 
.pio/build/custom-st7789-160x128/lib2c4/LibSSH-ESP32/error.c.o: plugin needed 
to handle lto object
C:/Users/phamm/.platformio/packages/toolchain-xtensa-esp-elf/bin/../lib/gcc/xte
nsa-esp-elf/14.2.0/../../../../xtensa-esp-elf/bin/ld.exe: 
.pio/build/custom-st7789-160x128/lib2c4/LibSSH-ESP32/error.c.o and 
.pio/build/custom-st7789-160x128/FrameworkArduinoVariant/variant.cpp.o: 
warning: multiple common of `__gnu_lto_slim'
C:/Users/phamm/.platformio/packages/toolchain-xtensa-esp-elf/bin/../lib/gcc/xte
nsa-esp-elf/14.2.0/../../../../xtensa-esp-elf/bin/ld.exe: .pio/build/custom-st7
789-160x128/lib2c4/LibSSH-ESP32/external/bcrypt_pbkdf.c.o: plugin needed to 
handle lto object
C:/Users/phamm/.platformio/packages/toolchain-xtensa-esp-elf/bin/../lib/gcc/xte
nsa-esp-elf/14.2.0/../../../../xtensa-esp-elf/bin/ld.exe: .pio/build/custom-st7
789-160x128/lib2c4/LibSSH-ESP32/external/bcrypt_pbkdf.c.o: plugin needed to 
handle lto object
C:/Users/phamm/.platformio/packages/toolchain-xtensa-esp-elf/bin/../lib/gcc/xte
nsa-esp-elf/14.2.0/../../../../xtensa-esp-elf/bin/ld.exe: 
.pio/build/custom-st7789-160x128/lib2c4/LibSSH-ESP32/external/bcrypt_pbkdf.c.o 
and .pio/build/custom-st7789-160x128/FrameworkArduinoVariant/variant.cpp.o: 
warning: multiple common of `__gnu_lto_slim'
C:/Users/phamm/.platformio/packages/toolchain-xtensa-esp-elf/bin/../lib/gcc/xte
nsa-esp-elf/14.2.0/../../../../xtensa-esp-elf/bin/ld.exe: 
.pio/build/custom-st7789-160x128/lib2c4/LibSSH-ESP32/external/blowfish.c.o: 
plugin needed to handle lto object
C:/Users/phamm/.platformio/packages/toolchain-xtensa-esp-elf/bin/../lib/gcc/xte
nsa-esp-elf/14.2.0/../../../../xtensa-esp-elf/bin/ld.exe: 
.pio/build/custom-st7789-160x128/lib2c4/LibSSH-ESP32/external/blowfish.c.o: 
plugin needed to handle lto object
C:/Users/phamm/.platformio/packages/toolchain-xtensa-esp-elf/bin/../lib/gcc/xte
nsa-esp-elf/14.2.0/../../../../xtensa-esp-elf/bin/ld.exe: 
.pio/build/custom-st7789-160x128/lib2c4/LibSSH-ESP32/external/blowfish.c.o and 
.pio/build/custom-st7789-160x128/FrameworkArduinoVariant/variant.cpp.o: 
warning: multiple common of `__gnu_lto_slim'
C:/Users/phamm/.platformio/packages/toolchain-xtensa-esp-elf/bin/../lib/gcc/xte
nsa-esp-elf/14.2.0/../../../../xtensa-esp-elf/bin/ld.exe: .pio/build/custom-st7
789-160x128/lib2c4/LibSSH-ESP32/external/curve25519_ref.c.o: plugin needed to 
handle lto object
C:/Users/phamm/.platformio/packages/toolchain-xtensa-esp-elf/bin/../lib/gcc/xte
nsa-esp-elf/14.2.0/../../../../xtensa-esp-elf/bin/ld.exe: .pio/build/custom-st7
789-160x128/lib2c4/LibSSH-ESP32/external/curve25519_ref.c.o: plugin needed to 
handle lto object
C:/Users/phamm/.platformio/packages/toolchain-xtensa-esp-elf/bin/../lib/gcc/xte
nsa-esp-elf/14.2.0/../../../../xtensa-esp-elf/bin/ld.exe: .pio/build/custom-st7
789-160x128/lib2c4/LibSSH-ESP32/external/curve25519_ref.c.o and 
.pio/build/custom-st7789-160x128/FrameworkArduinoVariant/variant.cpp.o: 
warning: multiple common of `__gnu_lto_slim'
C:/Users/phamm/.platformio/packages/toolchain-xtensa-esp-elf/bin/../lib/gcc/xte
nsa-esp-elf/14.2.0/../../../../xtensa-esp-elf/bin/ld.exe: 
.pio/build/custom-st7789-160x128/lib2c4/LibSSH-ESP32/external/ed25519.c.o: 
plugin needed to handle lto object
C:/Users/phamm/.platformio/packages/toolchain-xtensa-esp-elf/bin/../lib/gcc/xte
nsa-esp-elf/14.2.0/../../../../xtensa-esp-elf/bin/ld.exe: 
.pio/build/custom-st7789-160x128/lib2c4/LibSSH-ESP32/external/ed25519.c.o: 
plugin needed to handle lto object
C:/Users/phamm/.platformio/packages/toolchain-xtensa-esp-elf/bin/../lib/gcc/xte
nsa-esp-elf/14.2.0/../../../../xtensa-esp-elf/bin/ld.exe: 
.pio/build/custom-st7789-160x128/lib2c4/LibSSH-ESP32/external/ed25519.c.o and 
.pio/build/custom-st7789-160x128/FrameworkArduinoVariant/variant.cpp.o: 
warning: multiple common of `__gnu_lto_slim'
C:/Users/phamm/.platformio/packages/toolchain-xtensa-esp-elf/bin/../lib/gcc/xte
nsa-esp-elf/14.2.0/../../../../xtensa-esp-elf/bin/ld.exe: 
.pio/build/custom-st7789-160x128/lib2c4/LibSSH-ESP32/external/fe25519.c.o: 
plugin needed to handle lto object
C:/Users/phamm/.platformio/packages/toolchain-xtensa-esp-elf/bin/../lib/gcc/xte
nsa-esp-elf/14.2.0/../../../../xtensa-esp-elf/bin/ld.exe: 
.pio/build/custom-st7789-160x128/lib2c4/LibSSH-ESP32/external/fe25519.c.o: 
plugin needed to handle lto object
C:/Users/phamm/.platformio/packages/toolchain-xtensa-esp-elf/bin/../lib/gcc/xte
nsa-esp-elf/14.2.0/../../../../xtensa-esp-elf/bin/ld.exe: 
.pio/build/custom-st7789-160x128/lib2c4/LibSSH-ESP32/external/fe25519.c.o and 
.pio/build/custom-st7789-160x128/FrameworkArduinoVariant/variant.cpp.o: 
warning: multiple common of `__gnu_lto_slim'
C:/Users/phamm/.platformio/packages/toolchain-xtensa-esp-elf/bin/../lib/gcc/xte
nsa-esp-elf/14.2.0/../../../../xtensa-esp-elf/bin/ld.exe: 
.pio/build/custom-st7789-160x128/lib2c4/LibSSH-ESP32/external/ge25519.c.o: 
plugin needed to handle lto object
C:/Users/phamm/.platformio/packages/toolchain-xtensa-esp-elf/bin/../lib/gcc/xte
nsa-esp-elf/14.2.0/../../../../xtensa-esp-elf/bin/ld.exe: 
.pio/build/custom-st7789-160x128/lib2c4/LibSSH-ESP32/external/ge25519.c.o: 
plugin needed to handle lto object
C:/Users/phamm/.platformio/packages/toolchain-xtensa-esp-elf/bin/../lib/gcc/xte
nsa-esp-elf/14.2.0/../../../../xtensa-esp-elf/bin/ld.exe: 
.pio/build/custom-st7789-160x128/lib2c4/LibSSH-ESP32/external/ge25519.c.o and 
.pio/build/custom-st7789-160x128/FrameworkArduinoVariant/variant.cpp.o: 
warning: multiple common of `__gnu_lto_slim'
C:/Users/phamm/.platformio/packages/toolchain-xtensa-esp-elf/bin/../lib/gcc/xte
nsa-esp-elf/14.2.0/../../../../xtensa-esp-elf/bin/ld.exe: 
.pio/build/custom-st7789-160x128/lib2c4/LibSSH-ESP32/external/sc25519.c.o: 
plugin needed to handle lto object
C:/Users/phamm/.platformio/packages/toolchain-xtensa-esp-elf/bin/../lib/gcc/xte
nsa-esp-elf/14.2.0/../../../../xtensa-esp-elf/bin/ld.exe: 
.pio/build/custom-st7789-160x128/lib2c4/LibSSH-ESP32/external/sc25519.c.o: 
plugin needed to handle lto object
C:/Users/phamm/.platformio/packages/toolchain-xtensa-esp-elf/bin/../lib/gcc/xte
nsa-esp-elf/14.2.0/../../../../xtensa-esp-elf/bin/ld.exe: 
.pio/build/custom-st7789-160x128/lib2c4/LibSSH-ESP32/external/sc25519.c.o and 
.pio/build/custom-st7789-160x128/FrameworkArduinoVariant/variant.cpp.o: 
warning: multiple common of `__gnu_lto_slim'
C:/Users/phamm/.platformio/packages/toolchain-xtensa-esp-elf/bin/../lib/gcc/xte
nsa-esp-elf/14.2.0/../../../../xtensa-esp-elf/bin/ld.exe: 
.pio/build/custom-st7789-160x128/lib2c4/LibSSH-ESP32/getpass.c.o: plugin 
needed to handle lto object
C:/Users/phamm/.platformio/packages/toolchain-xtensa-esp-elf/bin/../lib/gcc/xte
nsa-esp-elf/14.2.0/../../../../xtensa-esp-elf/bin/ld.exe: 
.pio/build/custom-st7789-160x128/lib2c4/LibSSH-ESP32/getpass.c.o: plugin 
needed to handle lto object
C:/Users/phamm/.platformio/packages/toolchain-xtensa-esp-elf/bin/../lib/gcc/xte
nsa-esp-elf/14.2.0/../../../../xtensa-esp-elf/bin/ld.exe: 
.pio/build/custom-st7789-160x128/lib2c4/LibSSH-ESP32/getpass.c.o and 
.pio/build/custom-st7789-160x128/FrameworkArduinoVariant/variant.cpp.o: 
warning: multiple common of `__gnu_lto_slim'
C:/Users/phamm/.platformio/packages/toolchain-xtensa-esp-elf/bin/../lib/gcc/xte
nsa-esp-elf/14.2.0/../../../../xtensa-esp-elf/bin/ld.exe: 
.pio/build/custom-st7789-160x128/lib2c4/LibSSH-ESP32/getrandom_mbedcrypto.c.o: 
plugin needed to handle lto object
C:/Users/phamm/.platformio/packages/toolchain-xtensa-esp-elf/bin/../lib/gcc/xte
nsa-esp-elf/14.2.0/../../../../xtensa-esp-elf/bin/ld.exe: 
.pio/build/custom-st7789-160x128/lib2c4/LibSSH-ESP32/getrandom_mbedcrypto.c.o: 
plugin needed to handle lto object
C:/Users/phamm/.platformio/packages/toolchain-xtensa-esp-elf/bin/../lib/gcc/xte
nsa-esp-elf/14.2.0/../../../../xtensa-esp-elf/bin/ld.exe: 
.pio/build/custom-st7789-160x128/lib2c4/LibSSH-ESP32/getrandom_mbedcrypto.c.o 
and .pio/build/custom-st7789-160x128/FrameworkArduinoVariant/variant.cpp.o: 
warning: multiple common of `__gnu_lto_slim'
C:/Users/phamm/.platformio/packages/toolchain-xtensa-esp-elf/bin/../lib/gcc/xte
nsa-esp-elf/14.2.0/../../../../xtensa-esp-elf/bin/ld.exe: 
.pio/build/custom-st7789-160x128/lib2c4/LibSSH-ESP32/gzip.c.o: plugin needed 
to handle lto object
C:/Users/phamm/.platformio/packages/toolchain-xtensa-esp-elf/bin/../lib/gcc/xte
nsa-esp-elf/14.2.0/../../../../xtensa-esp-elf/bin/ld.exe: 
.pio/build/custom-st7789-160x128/lib2c4/LibSSH-ESP32/gzip.c.o: plugin needed 
to handle lto object
C:/Users/phamm/.platformio/packages/toolchain-xtensa-esp-elf/bin/../lib/gcc/xte
nsa-esp-elf/14.2.0/../../../../xtensa-esp-elf/bin/ld.exe: 
.pio/build/custom-st7789-160x128/lib2c4/LibSSH-ESP32/gzip.c.o and 
.pio/build/custom-st7789-160x128/FrameworkArduinoVariant/variant.cpp.o: 
warning: multiple common of `__gnu_lto_slim'
C:/Users/phamm/.platformio/packages/toolchain-xtensa-esp-elf/bin/../lib/gcc/xte
nsa-esp-elf/14.2.0/../../../../xtensa-esp-elf/bin/ld.exe: 
.pio/build/custom-st7789-160x128/lib2c4/LibSSH-ESP32/init.c.o: plugin needed 
to handle lto object
C:/Users/phamm/.platformio/packages/toolchain-xtensa-esp-elf/bin/../lib/gcc/xte
nsa-esp-elf/14.2.0/../../../../xtensa-esp-elf/bin/ld.exe: 
.pio/build/custom-st7789-160x128/lib2c4/LibSSH-ESP32/init.c.o: plugin needed 
to handle lto object
C:/Users/phamm/.platformio/packages/toolchain-xtensa-esp-elf/bin/../lib/gcc/xte
nsa-esp-elf/14.2.0/../../../../xtensa-esp-elf/bin/ld.exe: 
.pio/build/custom-st7789-160x128/lib2c4/LibSSH-ESP32/init.c.o and 
.pio/build/custom-st7789-160x128/FrameworkArduinoVariant/variant.cpp.o: 
warning: multiple common of `__gnu_lto_slim'
C:/Users/phamm/.platformio/packages/toolchain-xtensa-esp-elf/bin/../lib/gcc/xte
nsa-esp-elf/14.2.0/../../../../xtensa-esp-elf/bin/ld.exe: 
.pio/build/custom-st7789-160x128/lib2c4/LibSSH-ESP32/kdf.c.o: plugin needed to 
handle lto object
C:/Users/phamm/.platformio/packages/toolchain-xtensa-esp-elf/bin/../lib/gcc/xte
nsa-esp-elf/14.2.0/../../../../xtensa-esp-elf/bin/ld.exe: 
.pio/build/custom-st7789-160x128/lib2c4/LibSSH-ESP32/kdf.c.o: plugin needed to 
handle lto object
C:/Users/phamm/.platformio/packages/toolchain-xtensa-esp-elf/bin/../lib/gcc/xte
nsa-esp-elf/14.2.0/../../../../xtensa-esp-elf/bin/ld.exe: 
.pio/build/custom-st7789-160x128/lib2c4/LibSSH-ESP32/kdf.c.o and 
.pio/build/custom-st7789-160x128/FrameworkArduinoVariant/variant.cpp.o: 
warning: multiple common of `__gnu_lto_slim'
C:/Users/phamm/.platformio/packages/toolchain-xtensa-esp-elf/bin/../lib/gcc/xte
nsa-esp-elf/14.2.0/../../../../xtensa-esp-elf/bin/ld.exe: 
.pio/build/custom-st7789-160x128/lib2c4/LibSSH-ESP32/kex.c.o: plugin needed to 
handle lto object
C:/Users/phamm/.platformio/packages/toolchain-xtensa-esp-elf/bin/../lib/gcc/xte
nsa-esp-elf/14.2.0/../../../../xtensa-esp-elf/bin/ld.exe: 
.pio/build/custom-st7789-160x128/lib2c4/LibSSH-ESP32/kex.c.o: plugin needed to 
handle lto object
C:/Users/phamm/.platformio/packages/toolchain-xtensa-esp-elf/bin/../lib/gcc/xte
nsa-esp-elf/14.2.0/../../../../xtensa-esp-elf/bin/ld.exe: 
.pio/build/custom-st7789-160x128/lib2c4/LibSSH-ESP32/kex.c.o and 
.pio/build/custom-st7789-160x128/FrameworkArduinoVariant/variant.cpp.o: 
warning: multiple common of `__gnu_lto_slim'
C:/Users/phamm/.platformio/packages/toolchain-xtensa-esp-elf/bin/../lib/gcc/xte
nsa-esp-elf/14.2.0/../../../../xtensa-esp-elf/bin/ld.exe: 
.pio/build/custom-st7789-160x128/lib2c4/LibSSH-ESP32/knownhosts.c.o: plugin 
needed to handle lto object
C:/Users/phamm/.platformio/packages/toolchain-xtensa-esp-elf/bin/../lib/gcc/xte
nsa-esp-elf/14.2.0/../../../../xtensa-esp-elf/bin/ld.exe: 
.pio/build/custom-st7789-160x128/lib2c4/LibSSH-ESP32/knownhosts.c.o: plugin 
needed to handle lto object
C:/Users/phamm/.platformio/packages/toolchain-xtensa-esp-elf/bin/../lib/gcc/xte
nsa-esp-elf/14.2.0/../../../../xtensa-esp-elf/bin/ld.exe: 
.pio/build/custom-st7789-160x128/lib2c4/LibSSH-ESP32/knownhosts.c.o and 
.pio/build/custom-st7789-160x128/FrameworkArduinoVariant/variant.cpp.o: 
warning: multiple common of `__gnu_lto_slim'
C:/Users/phamm/.platformio/packages/toolchain-xtensa-esp-elf/bin/../lib/gcc/xte
nsa-esp-elf/14.2.0/../../../../xtensa-esp-elf/bin/ld.exe: 
.pio/build/custom-st7789-160x128/lib2c4/LibSSH-ESP32/libmbedcrypto.c.o: plugin 
needed to handle lto object
C:/Users/phamm/.platformio/packages/toolchain-xtensa-esp-elf/bin/../lib/gcc/xte
nsa-esp-elf/14.2.0/../../../../xtensa-esp-elf/bin/ld.exe: 
.pio/build/custom-st7789-160x128/lib2c4/LibSSH-ESP32/libmbedcrypto.c.o: plugin 
needed to handle lto object
C:/Users/phamm/.platformio/packages/toolchain-xtensa-esp-elf/bin/../lib/gcc/xte
nsa-esp-elf/14.2.0/../../../../xtensa-esp-elf/bin/ld.exe: 
.pio/build/custom-st7789-160x128/lib2c4/LibSSH-ESP32/libmbedcrypto.c.o and 
.pio/build/custom-st7789-160x128/FrameworkArduinoVariant/variant.cpp.o: 
warning: multiple common of `__gnu_lto_slim'
C:/Users/phamm/.platformio/packages/toolchain-xtensa-esp-elf/bin/../lib/gcc/xte
nsa-esp-elf/14.2.0/../../../../xtensa-esp-elf/bin/ld.exe: 
.pio/build/custom-st7789-160x128/lib2c4/LibSSH-ESP32/libssh_esp32.cpp.o: 
plugin needed to handle lto object
C:/Users/phamm/.platformio/packages/toolchain-xtensa-esp-elf/bin/../lib/gcc/xte
nsa-esp-elf/14.2.0/../../../../xtensa-esp-elf/bin/ld.exe: 
.pio/build/custom-st7789-160x128/lib2c4/LibSSH-ESP32/libssh_esp32.cpp.o: 
plugin needed to handle lto object
C:/Users/phamm/.platformio/packages/toolchain-xtensa-esp-elf/bin/../lib/gcc/xte
nsa-esp-elf/14.2.0/../../../../xtensa-esp-elf/bin/ld.exe: 
.pio/build/custom-st7789-160x128/lib2c4/LibSSH-ESP32/libssh_esp32.cpp.o and 
.pio/build/custom-st7789-160x128/FrameworkArduinoVariant/variant.cpp.o: 
warning: multiple common of `__gnu_lto_slim'
C:/Users/phamm/.platformio/packages/toolchain-xtensa-esp-elf/bin/../lib/gcc/xte
nsa-esp-elf/14.2.0/../../../../xtensa-esp-elf/bin/ld.exe: 
.pio/build/custom-st7789-160x128/lib2c4/LibSSH-ESP32/libssh_esp32_compat.c.o: 
plugin needed to handle lto object
C:/Users/phamm/.platformio/packages/toolchain-xtensa-esp-elf/bin/../lib/gcc/xte
nsa-esp-elf/14.2.0/../../../../xtensa-esp-elf/bin/ld.exe: 
.pio/build/custom-st7789-160x128/lib2c4/LibSSH-ESP32/libssh_esp32_compat.c.o: 
plugin needed to handle lto object
C:/Users/phamm/.platformio/packages/toolchain-xtensa-esp-elf/bin/../lib/gcc/xte
nsa-esp-elf/14.2.0/../../../../xtensa-esp-elf/bin/ld.exe: 
.pio/build/custom-st7789-160x128/lib2c4/LibSSH-ESP32/libssh_esp32_compat.c.o 
and .pio/build/custom-st7789-160x128/FrameworkArduinoVariant/variant.cpp.o: 
warning: multiple common of `__gnu_lto_slim'
C:/Users/phamm/.platformio/packages/toolchain-xtensa-esp-elf/bin/../lib/gcc/xte
nsa-esp-elf/14.2.0/../../../../xtensa-esp-elf/bin/ld.exe: 
.pio/build/custom-st7789-160x128/lib2c4/LibSSH-ESP32/log.c.o: plugin needed to 
handle lto object
C:/Users/phamm/.platformio/packages/toolchain-xtensa-esp-elf/bin/../lib/gcc/xte
nsa-esp-elf/14.2.0/../../../../xtensa-esp-elf/bin/ld.exe: 
.pio/build/custom-st7789-160x128/lib2c4/LibSSH-ESP32/log.c.o: plugin needed to 
handle lto object
C:/Users/phamm/.platformio/packages/toolchain-xtensa-esp-elf/bin/../lib/gcc/xte
nsa-esp-elf/14.2.0/../../../../xtensa-esp-elf/bin/ld.exe: 
.pio/build/custom-st7789-160x128/lib2c4/LibSSH-ESP32/log.c.o and 
.pio/build/custom-st7789-160x128/FrameworkArduinoVariant/variant.cpp.o: 
warning: multiple common of `__gnu_lto_slim'
C:/Users/phamm/.platformio/packages/toolchain-xtensa-esp-elf/bin/../lib/gcc/xte
nsa-esp-elf/14.2.0/../../../../xtensa-esp-elf/bin/ld.exe: 
.pio/build/custom-st7789-160x128/lib2c4/LibSSH-ESP32/match.c.o: plugin needed 
to handle lto object
C:/Users/phamm/.platformio/packages/toolchain-xtensa-esp-elf/bin/../lib/gcc/xte
nsa-esp-elf/14.2.0/../../../../xtensa-esp-elf/bin/ld.exe: 
.pio/build/custom-st7789-160x128/lib2c4/LibSSH-ESP32/match.c.o: plugin needed 
to handle lto object
C:/Users/phamm/.platformio/packages/toolchain-xtensa-esp-elf/bin/../lib/gcc/xte
nsa-esp-elf/14.2.0/../../../../xtensa-esp-elf/bin/ld.exe: 
.pio/build/custom-st7789-160x128/lib2c4/LibSSH-ESP32/match.c.o and 
.pio/build/custom-st7789-160x128/FrameworkArduinoVariant/variant.cpp.o: 
warning: multiple common of `__gnu_lto_slim'
C:/Users/phamm/.platformio/packages/toolchain-xtensa-esp-elf/bin/../lib/gcc/xte
nsa-esp-elf/14.2.0/../../../../xtensa-esp-elf/bin/ld.exe: 
.pio/build/custom-st7789-160x128/lib2c4/LibSSH-ESP32/mbedcrypto_missing.c.o: 
plugin needed to handle lto object
C:/Users/phamm/.platformio/packages/toolchain-xtensa-esp-elf/bin/../lib/gcc/xte
nsa-esp-elf/14.2.0/../../../../xtensa-esp-elf/bin/ld.exe: 
.pio/build/custom-st7789-160x128/lib2c4/LibSSH-ESP32/mbedcrypto_missing.c.o: 
plugin needed to handle lto object
C:/Users/phamm/.platformio/packages/toolchain-xtensa-esp-elf/bin/../lib/gcc/xte
nsa-esp-elf/14.2.0/../../../../xtensa-esp-elf/bin/ld.exe: 
.pio/build/custom-st7789-160x128/lib2c4/LibSSH-ESP32/mbedcrypto_missing.c.o 
and .pio/build/custom-st7789-160x128/FrameworkArduinoVariant/variant.cpp.o: 
warning: multiple common of `__gnu_lto_slim'
C:/Users/phamm/.platformio/packages/toolchain-xtensa-esp-elf/bin/../lib/gcc/xte
nsa-esp-elf/14.2.0/../../../../xtensa-esp-elf/bin/ld.exe: 
.pio/build/custom-st7789-160x128/lib2c4/LibSSH-ESP32/md_mbedcrypto.c.o: plugin 
needed to handle lto object
C:/Users/phamm/.platformio/packages/toolchain-xtensa-esp-elf/bin/../lib/gcc/xte
nsa-esp-elf/14.2.0/../../../../xtensa-esp-elf/bin/ld.exe: 
.pio/build/custom-st7789-160x128/lib2c4/LibSSH-ESP32/md_mbedcrypto.c.o: plugin 
needed to handle lto object
C:/Users/phamm/.platformio/packages/toolchain-xtensa-esp-elf/bin/../lib/gcc/xte
nsa-esp-elf/14.2.0/../../../../xtensa-esp-elf/bin/ld.exe: 
.pio/build/custom-st7789-160x128/lib2c4/LibSSH-ESP32/md_mbedcrypto.c.o and 
.pio/build/custom-st7789-160x128/FrameworkArduinoVariant/variant.cpp.o: 
warning: multiple common of `__gnu_lto_slim'
C:/Users/phamm/.platformio/packages/toolchain-xtensa-esp-elf/bin/../lib/gcc/xte
nsa-esp-elf/14.2.0/../../../../xtensa-esp-elf/bin/ld.exe: 
.pio/build/custom-st7789-160x128/lib2c4/LibSSH-ESP32/messages.c.o: plugin 
needed to handle lto object
C:/Users/phamm/.platformio/packages/toolchain-xtensa-esp-elf/bin/../lib/gcc/xte
nsa-esp-elf/14.2.0/../../../../xtensa-esp-elf/bin/ld.exe: 
.pio/build/custom-st7789-160x128/lib2c4/LibSSH-ESP32/messages.c.o: plugin 
needed to handle lto object
C:/Users/phamm/.platformio/packages/toolchain-xtensa-esp-elf/bin/../lib/gcc/xte
nsa-esp-elf/14.2.0/../../../../xtensa-esp-elf/bin/ld.exe: 
.pio/build/custom-st7789-160x128/lib2c4/LibSSH-ESP32/messages.c.o and 
.pio/build/custom-st7789-160x128/FrameworkArduinoVariant/variant.cpp.o: 
warning: multiple common of `__gnu_lto_slim'
C:/Users/phamm/.platformio/packages/toolchain-xtensa-esp-elf/bin/../lib/gcc/xte
nsa-esp-elf/14.2.0/../../../../xtensa-esp-elf/bin/ld.exe: 
.pio/build/custom-st7789-160x128/lib2c4/LibSSH-ESP32/misc.c.o: plugin needed 
to handle lto object
C:/Users/phamm/.platformio/packages/toolchain-xtensa-esp-elf/bin/../lib/gcc/xte
nsa-esp-elf/14.2.0/../../../../xtensa-esp-elf/bin/ld.exe: 
.pio/build/custom-st7789-160x128/lib2c4/LibSSH-ESP32/misc.c.o: plugin needed 
to handle lto object
C:/Users/phamm/.platformio/packages/toolchain-xtensa-esp-elf/bin/../lib/gcc/xte
nsa-esp-elf/14.2.0/../../../../xtensa-esp-elf/bin/ld.exe: 
.pio/build/custom-st7789-160x128/lib2c4/LibSSH-ESP32/misc.c.o and 
.pio/build/custom-st7789-160x128/FrameworkArduinoVariant/variant.cpp.o: 
warning: multiple common of `__gnu_lto_slim'
C:/Users/phamm/.platformio/packages/toolchain-xtensa-esp-elf/bin/../lib/gcc/xte
nsa-esp-elf/14.2.0/../../../../xtensa-esp-elf/bin/ld.exe: 
.pio/build/custom-st7789-160x128/lib2c4/LibSSH-ESP32/options.c.o: plugin 
needed to handle lto object
C:/Users/phamm/.platformio/packages/toolchain-xtensa-esp-elf/bin/../lib/gcc/xte
nsa-esp-elf/14.2.0/../../../../xtensa-esp-elf/bin/ld.exe: 
.pio/build/custom-st7789-160x128/lib2c4/LibSSH-ESP32/options.c.o: plugin 
needed to handle lto object
C:/Users/phamm/.platformio/packages/toolchain-xtensa-esp-elf/bin/../lib/gcc/xte
nsa-esp-elf/14.2.0/../../../../xtensa-esp-elf/bin/ld.exe: 
.pio/build/custom-st7789-160x128/lib2c4/LibSSH-ESP32/options.c.o and 
.pio/build/custom-st7789-160x128/FrameworkArduinoVariant/variant.cpp.o: 
warning: multiple common of `__gnu_lto_slim'
C:/Users/phamm/.platformio/packages/toolchain-xtensa-esp-elf/bin/../lib/gcc/xte
nsa-esp-elf/14.2.0/../../../../xtensa-esp-elf/bin/ld.exe: 
.pio/build/custom-st7789-160x128/lib2c4/LibSSH-ESP32/packet.c.o: plugin needed 
to handle lto object
C:/Users/phamm/.platformio/packages/toolchain-xtensa-esp-elf/bin/../lib/gcc/xte
nsa-esp-elf/14.2.0/../../../../xtensa-esp-elf/bin/ld.exe: 
.pio/build/custom-st7789-160x128/lib2c4/LibSSH-ESP32/packet.c.o: plugin needed 
to handle lto object
C:/Users/phamm/.platformio/packages/toolchain-xtensa-esp-elf/bin/../lib/gcc/xte
nsa-esp-elf/14.2.0/../../../../xtensa-esp-elf/bin/ld.exe: 
.pio/build/custom-st7789-160x128/lib2c4/LibSSH-ESP32/packet.c.o and 
.pio/build/custom-st7789-160x128/FrameworkArduinoVariant/variant.cpp.o: 
warning: multiple common of `__gnu_lto_slim'
C:/Users/phamm/.platformio/packages/toolchain-xtensa-esp-elf/bin/../lib/gcc/xte
nsa-esp-elf/14.2.0/../../../../xtensa-esp-elf/bin/ld.exe: 
.pio/build/custom-st7789-160x128/lib2c4/LibSSH-ESP32/packet_cb.c.o: plugin 
needed to handle lto object
C:/Users/phamm/.platformio/packages/toolchain-xtensa-esp-elf/bin/../lib/gcc/xte
nsa-esp-elf/14.2.0/../../../../xtensa-esp-elf/bin/ld.exe: 
.pio/build/custom-st7789-160x128/lib2c4/LibSSH-ESP32/packet_cb.c.o: plugin 
needed to handle lto object
C:/Users/phamm/.platformio/packages/toolchain-xtensa-esp-elf/bin/../lib/gcc/xte
nsa-esp-elf/14.2.0/../../../../xtensa-esp-elf/bin/ld.exe: 
.pio/build/custom-st7789-160x128/lib2c4/LibSSH-ESP32/packet_cb.c.o and 
.pio/build/custom-st7789-160x128/FrameworkArduinoVariant/variant.cpp.o: 
warning: multiple common of `__gnu_lto_slim'
C:/Users/phamm/.platformio/packages/toolchain-xtensa-esp-elf/bin/../lib/gcc/xte
nsa-esp-elf/14.2.0/../../../../xtensa-esp-elf/bin/ld.exe: 
.pio/build/custom-st7789-160x128/lib2c4/LibSSH-ESP32/packet_crypt.c.o: plugin 
needed to handle lto object
C:/Users/phamm/.platformio/packages/toolchain-xtensa-esp-elf/bin/../lib/gcc/xte
nsa-esp-elf/14.2.0/../../../../xtensa-esp-elf/bin/ld.exe: 
.pio/build/custom-st7789-160x128/lib2c4/LibSSH-ESP32/packet_crypt.c.o: plugin 
needed to handle lto object
C:/Users/phamm/.platformio/packages/toolchain-xtensa-esp-elf/bin/../lib/gcc/xte
nsa-esp-elf/14.2.0/../../../../xtensa-esp-elf/bin/ld.exe: 
.pio/build/custom-st7789-160x128/lib2c4/LibSSH-ESP32/packet_crypt.c.o and 
.pio/build/custom-st7789-160x128/FrameworkArduinoVariant/variant.cpp.o: 
warning: multiple common of `__gnu_lto_slim'
C:/Users/phamm/.platformio/packages/toolchain-xtensa-esp-elf/bin/../lib/gcc/xte
nsa-esp-elf/14.2.0/../../../../xtensa-esp-elf/bin/ld.exe: 
.pio/build/custom-st7789-160x128/lib2c4/LibSSH-ESP32/pki.c.o: plugin needed to 
handle lto object
C:/Users/phamm/.platformio/packages/toolchain-xtensa-esp-elf/bin/../lib/gcc/xte
nsa-esp-elf/14.2.0/../../../../xtensa-esp-elf/bin/ld.exe: 
.pio/build/custom-st7789-160x128/lib2c4/LibSSH-ESP32/pki.c.o: plugin needed to 
handle lto object
C:/Users/phamm/.platformio/packages/toolchain-xtensa-esp-elf/bin/../lib/gcc/xte
nsa-esp-elf/14.2.0/../../../../xtensa-esp-elf/bin/ld.exe: 
.pio/build/custom-st7789-160x128/lib2c4/LibSSH-ESP32/pki.c.o and 
.pio/build/custom-st7789-160x128/FrameworkArduinoVariant/variant.cpp.o: 
warning: multiple common of `__gnu_lto_slim'
C:/Users/phamm/.platformio/packages/toolchain-xtensa-esp-elf/bin/../lib/gcc/xte
nsa-esp-elf/14.2.0/../../../../xtensa-esp-elf/bin/ld.exe: .pio/build/custom-st7
789-160x128/lib2c4/LibSSH-ESP32/pki_container_openssh.c.o: plugin needed to 
handle lto object
C:/Users/phamm/.platformio/packages/toolchain-xtensa-esp-elf/bin/../lib/gcc/xte
nsa-esp-elf/14.2.0/../../../../xtensa-esp-elf/bin/ld.exe: .pio/build/custom-st7
789-160x128/lib2c4/LibSSH-ESP32/pki_container_openssh.c.o: plugin needed to 
handle lto object
C:/Users/phamm/.platformio/packages/toolchain-xtensa-esp-elf/bin/../lib/gcc/xte
nsa-esp-elf/14.2.0/../../../../xtensa-esp-elf/bin/ld.exe: 
.pio/build/custom-st7789-160x128/lib2c4/LibSSH-ESP32/pki_container_openssh.c.o 
and .pio/build/custom-st7789-160x128/FrameworkArduinoVariant/variant.cpp.o: 
warning: multiple common of `__gnu_lto_slim'
C:/Users/phamm/.platformio/packages/toolchain-xtensa-esp-elf/bin/../lib/gcc/xte
nsa-esp-elf/14.2.0/../../../../xtensa-esp-elf/bin/ld.exe: 
.pio/build/custom-st7789-160x128/lib2c4/LibSSH-ESP32/pki_ed25519.c.o: plugin 
needed to handle lto object
C:/Users/phamm/.platformio/packages/toolchain-xtensa-esp-elf/bin/../lib/gcc/xte
nsa-esp-elf/14.2.0/../../../../xtensa-esp-elf/bin/ld.exe: 
.pio/build/custom-st7789-160x128/lib2c4/LibSSH-ESP32/pki_ed25519.c.o: plugin 
needed to handle lto object
C:/Users/phamm/.platformio/packages/toolchain-xtensa-esp-elf/bin/../lib/gcc/xte
nsa-esp-elf/14.2.0/../../../../xtensa-esp-elf/bin/ld.exe: 
.pio/build/custom-st7789-160x128/lib2c4/LibSSH-ESP32/pki_ed25519.c.o and 
.pio/build/custom-st7789-160x128/FrameworkArduinoVariant/variant.cpp.o: 
warning: multiple common of `__gnu_lto_slim'
C:/Users/phamm/.platformio/packages/toolchain-xtensa-esp-elf/bin/../lib/gcc/xte
nsa-esp-elf/14.2.0/../../../../xtensa-esp-elf/bin/ld.exe: 
.pio/build/custom-st7789-160x128/lib2c4/LibSSH-ESP32/pki_ed25519_common.c.o: 
plugin needed to handle lto object
C:/Users/phamm/.platformio/packages/toolchain-xtensa-esp-elf/bin/../lib/gcc/xte
nsa-esp-elf/14.2.0/../../../../xtensa-esp-elf/bin/ld.exe: 
.pio/build/custom-st7789-160x128/lib2c4/LibSSH-ESP32/pki_ed25519_common.c.o: 
plugin needed to handle lto object
C:/Users/phamm/.platformio/packages/toolchain-xtensa-esp-elf/bin/../lib/gcc/xte
nsa-esp-elf/14.2.0/../../../../xtensa-esp-elf/bin/ld.exe: 
.pio/build/custom-st7789-160x128/lib2c4/LibSSH-ESP32/pki_ed25519_common.c.o 
and .pio/build/custom-st7789-160x128/FrameworkArduinoVariant/variant.cpp.o: 
warning: multiple common of `__gnu_lto_slim'
C:/Users/phamm/.platformio/packages/toolchain-xtensa-esp-elf/bin/../lib/gcc/xte
nsa-esp-elf/14.2.0/../../../../xtensa-esp-elf/bin/ld.exe: 
.pio/build/custom-st7789-160x128/lib2c4/LibSSH-ESP32/pki_mbedcrypto.c.o: 
plugin needed to handle lto object
C:/Users/phamm/.platformio/packages/toolchain-xtensa-esp-elf/bin/../lib/gcc/xte
nsa-esp-elf/14.2.0/../../../../xtensa-esp-elf/bin/ld.exe: 
.pio/build/custom-st7789-160x128/lib2c4/LibSSH-ESP32/pki_mbedcrypto.c.o: 
plugin needed to handle lto object
C:/Users/phamm/.platformio/packages/toolchain-xtensa-esp-elf/bin/../lib/gcc/xte
nsa-esp-elf/14.2.0/../../../../xtensa-esp-elf/bin/ld.exe: 
.pio/build/custom-st7789-160x128/lib2c4/LibSSH-ESP32/pki_mbedcrypto.c.o and 
.pio/build/custom-st7789-160x128/FrameworkArduinoVariant/variant.cpp.o: 
warning: multiple common of `__gnu_lto_slim'
C:/Users/phamm/.platformio/packages/toolchain-xtensa-esp-elf/bin/../lib/gcc/xte
nsa-esp-elf/14.2.0/../../../../xtensa-esp-elf/bin/ld.exe: 
.pio/build/custom-st7789-160x128/lib2c4/LibSSH-ESP32/poll.c.o: plugin needed 
to handle lto object
C:/Users/phamm/.platformio/packages/toolchain-xtensa-esp-elf/bin/../lib/gcc/xte
nsa-esp-elf/14.2.0/../../../../xtensa-esp-elf/bin/ld.exe: 
.pio/build/custom-st7789-160x128/lib2c4/LibSSH-ESP32/poll.c.o: plugin needed 
to handle lto object
C:/Users/phamm/.platformio/packages/toolchain-xtensa-esp-elf/bin/../lib/gcc/xte
nsa-esp-elf/14.2.0/../../../../xtensa-esp-elf/bin/ld.exe: 
.pio/build/custom-st7789-160x128/lib2c4/LibSSH-ESP32/poll.c.o and 
.pio/build/custom-st7789-160x128/FrameworkArduinoVariant/variant.cpp.o: 
warning: multiple common of `__gnu_lto_slim'
C:/Users/phamm/.platformio/packages/toolchain-xtensa-esp-elf/bin/../lib/gcc/xte
nsa-esp-elf/14.2.0/../../../../xtensa-esp-elf/bin/ld.exe: 
.pio/build/custom-st7789-160x128/lib2c4/LibSSH-ESP32/scp.c.o: plugin needed to 
handle lto object
C:/Users/phamm/.platformio/packages/toolchain-xtensa-esp-elf/bin/../lib/gcc/xte
nsa-esp-elf/14.2.0/../../../../xtensa-esp-elf/bin/ld.exe: 
.pio/build/custom-st7789-160x128/lib2c4/LibSSH-ESP32/scp.c.o: plugin needed to 
handle lto object
C:/Users/phamm/.platformio/packages/toolchain-xtensa-esp-elf/bin/../lib/gcc/xte
nsa-esp-elf/14.2.0/../../../../xtensa-esp-elf/bin/ld.exe: 
.pio/build/custom-st7789-160x128/lib2c4/LibSSH-ESP32/scp.c.o and 
.pio/build/custom-st7789-160x128/FrameworkArduinoVariant/variant.cpp.o: 
warning: multiple common of `__gnu_lto_slim'
C:/Users/phamm/.platformio/packages/toolchain-xtensa-esp-elf/bin/../lib/gcc/xte
nsa-esp-elf/14.2.0/../../../../xtensa-esp-elf/bin/ld.exe: 
.pio/build/custom-st7789-160x128/lib2c4/LibSSH-ESP32/server.c.o: plugin needed 
to handle lto object
C:/Users/phamm/.platformio/packages/toolchain-xtensa-esp-elf/bin/../lib/gcc/xte
nsa-esp-elf/14.2.0/../../../../xtensa-esp-elf/bin/ld.exe: 
.pio/build/custom-st7789-160x128/lib2c4/LibSSH-ESP32/server.c.o: plugin needed 
to handle lto object
C:/Users/phamm/.platformio/packages/toolchain-xtensa-esp-elf/bin/../lib/gcc/xte
nsa-esp-elf/14.2.0/../../../../xtensa-esp-elf/bin/ld.exe: 
.pio/build/custom-st7789-160x128/lib2c4/LibSSH-ESP32/server.c.o and 
.pio/build/custom-st7789-160x128/FrameworkArduinoVariant/variant.cpp.o: 
warning: multiple common of `__gnu_lto_slim'
C:/Users/phamm/.platformio/packages/toolchain-xtensa-esp-elf/bin/../lib/gcc/xte
nsa-esp-elf/14.2.0/../../../../xtensa-esp-elf/bin/ld.exe: 
.pio/build/custom-st7789-160x128/lib2c4/LibSSH-ESP32/session.c.o: plugin 
needed to handle lto object
C:/Users/phamm/.platformio/packages/toolchain-xtensa-esp-elf/bin/../lib/gcc/xte
nsa-esp-elf/14.2.0/../../../../xtensa-esp-elf/bin/ld.exe: 
.pio/build/custom-st7789-160x128/lib2c4/LibSSH-ESP32/session.c.o: plugin 
needed to handle lto object
C:/Users/phamm/.platformio/packages/toolchain-xtensa-esp-elf/bin/../lib/gcc/xte
nsa-esp-elf/14.2.0/../../../../xtensa-esp-elf/bin/ld.exe: 
.pio/build/custom-st7789-160x128/lib2c4/LibSSH-ESP32/session.c.o and 
.pio/build/custom-st7789-160x128/FrameworkArduinoVariant/variant.cpp.o: 
warning: multiple common of `__gnu_lto_slim'
C:/Users/phamm/.platformio/packages/toolchain-xtensa-esp-elf/bin/../lib/gcc/xte
nsa-esp-elf/14.2.0/../../../../xtensa-esp-elf/bin/ld.exe: 
.pio/build/custom-st7789-160x128/lib2c4/LibSSH-ESP32/socket.c.o: plugin needed 
to handle lto object
C:/Users/phamm/.platformio/packages/toolchain-xtensa-esp-elf/bin/../lib/gcc/xte
nsa-esp-elf/14.2.0/../../../../xtensa-esp-elf/bin/ld.exe: 
.pio/build/custom-st7789-160x128/lib2c4/LibSSH-ESP32/socket.c.o: plugin needed 
to handle lto object
C:/Users/phamm/.platformio/packages/toolchain-xtensa-esp-elf/bin/../lib/gcc/xte
nsa-esp-elf/14.2.0/../../../../xtensa-esp-elf/bin/ld.exe: 
.pio/build/custom-st7789-160x128/lib2c4/LibSSH-ESP32/socket.c.o and 
.pio/build/custom-st7789-160x128/FrameworkArduinoVariant/variant.cpp.o: 
warning: multiple common of `__gnu_lto_slim'
C:/Users/phamm/.platformio/packages/toolchain-xtensa-esp-elf/bin/../lib/gcc/xte
nsa-esp-elf/14.2.0/../../../../xtensa-esp-elf/bin/ld.exe: 
.pio/build/custom-st7789-160x128/lib2c4/LibSSH-ESP32/string.c.o: plugin needed 
to handle lto object
C:/Users/phamm/.platformio/packages/toolchain-xtensa-esp-elf/bin/../lib/gcc/xte
nsa-esp-elf/14.2.0/../../../../xtensa-esp-elf/bin/ld.exe: 
.pio/build/custom-st7789-160x128/lib2c4/LibSSH-ESP32/string.c.o: plugin needed 
to handle lto object
C:/Users/phamm/.platformio/packages/toolchain-xtensa-esp-elf/bin/../lib/gcc/xte
nsa-esp-elf/14.2.0/../../../../xtensa-esp-elf/bin/ld.exe: 
.pio/build/custom-st7789-160x128/lib2c4/LibSSH-ESP32/string.c.o and 
.pio/build/custom-st7789-160x128/FrameworkArduinoVariant/variant.cpp.o: 
warning: multiple common of `__gnu_lto_slim'
C:/Users/phamm/.platformio/packages/toolchain-xtensa-esp-elf/bin/../lib/gcc/xte
nsa-esp-elf/14.2.0/../../../../xtensa-esp-elf/bin/ld.exe: 
.pio/build/custom-st7789-160x128/lib2c4/LibSSH-ESP32/threads.c.o: plugin 
needed to handle lto object
C:/Users/phamm/.platformio/packages/toolchain-xtensa-esp-elf/bin/../lib/gcc/xte
nsa-esp-elf/14.2.0/../../../../xtensa-esp-elf/bin/ld.exe: 
.pio/build/custom-st7789-160x128/lib2c4/LibSSH-ESP32/threads.c.o: plugin 
needed to handle lto object
C:/Users/phamm/.platformio/packages/toolchain-xtensa-esp-elf/bin/../lib/gcc/xte
nsa-esp-elf/14.2.0/../../../../xtensa-esp-elf/bin/ld.exe: 
.pio/build/custom-st7789-160x128/lib2c4/LibSSH-ESP32/threads.c.o and 
.pio/build/custom-st7789-160x128/FrameworkArduinoVariant/variant.cpp.o: 
warning: multiple common of `__gnu_lto_slim'
C:/Users/phamm/.platformio/packages/toolchain-xtensa-esp-elf/bin/../lib/gcc/xte
nsa-esp-elf/14.2.0/../../../../xtensa-esp-elf/bin/ld.exe: 
.pio/build/custom-st7789-160x128/lib2c4/LibSSH-ESP32/threads/mbedtls.c.o: 
plugin needed to handle lto object
C:/Users/phamm/.platformio/packages/toolchain-xtensa-esp-elf/bin/../lib/gcc/xte
nsa-esp-elf/14.2.0/../../../../xtensa-esp-elf/bin/ld.exe: 
.pio/build/custom-st7789-160x128/lib2c4/LibSSH-ESP32/threads/mbedtls.c.o: 
plugin needed to handle lto object
C:/Users/phamm/.platformio/packages/toolchain-xtensa-esp-elf/bin/../lib/gcc/xte
nsa-esp-elf/14.2.0/../../../../xtensa-esp-elf/bin/ld.exe: 
.pio/build/custom-st7789-160x128/lib2c4/LibSSH-ESP32/threads/mbedtls.c.o and 
.pio/build/custom-st7789-160x128/FrameworkArduinoVariant/variant.cpp.o: 
warning: multiple common of `__gnu_lto_slim'
C:/Users/phamm/.platformio/packages/toolchain-xtensa-esp-elf/bin/../lib/gcc/xte
nsa-esp-elf/14.2.0/../../../../xtensa-esp-elf/bin/ld.exe: 
.pio/build/custom-st7789-160x128/lib2c4/LibSSH-ESP32/threads/noop.c.o: plugin 
needed to handle lto object
C:/Users/phamm/.platformio/packages/toolchain-xtensa-esp-elf/bin/../lib/gcc/xte
nsa-esp-elf/14.2.0/../../../../xtensa-esp-elf/bin/ld.exe: 
.pio/build/custom-st7789-160x128/lib2c4/LibSSH-ESP32/threads/noop.c.o: plugin 
needed to handle lto object
C:/Users/phamm/.platformio/packages/toolchain-xtensa-esp-elf/bin/../lib/gcc/xte
nsa-esp-elf/14.2.0/../../../../xtensa-esp-elf/bin/ld.exe: 
.pio/build/custom-st7789-160x128/lib2c4/LibSSH-ESP32/threads/noop.c.o and 
.pio/build/custom-st7789-160x128/FrameworkArduinoVariant/variant.cpp.o: 
warning: multiple common of `__gnu_lto_slim'
C:/Users/phamm/.platformio/packages/toolchain-xtensa-esp-elf/bin/../lib/gcc/xte
nsa-esp-elf/14.2.0/../../../../xtensa-esp-elf/bin/ld.exe: 
.pio/build/custom-st7789-160x128/lib2c4/LibSSH-ESP32/token.c.o: plugin needed 
to handle lto object
C:/Users/phamm/.platformio/packages/toolchain-xtensa-esp-elf/bin/../lib/gcc/xte
nsa-esp-elf/14.2.0/../../../../xtensa-esp-elf/bin/ld.exe: 
.pio/build/custom-st7789-160x128/lib2c4/LibSSH-ESP32/token.c.o: plugin needed 
to handle lto object
C:/Users/phamm/.platformio/packages/toolchain-xtensa-esp-elf/bin/../lib/gcc/xte
nsa-esp-elf/14.2.0/../../../../xtensa-esp-elf/bin/ld.exe: 
.pio/build/custom-st7789-160x128/lib2c4/LibSSH-ESP32/token.c.o and 
.pio/build/custom-st7789-160x128/FrameworkArduinoVariant/variant.cpp.o: 
warning: multiple common of `__gnu_lto_slim'
C:/Users/phamm/.platformio/packages/toolchain-xtensa-esp-elf/bin/../lib/gcc/xte
nsa-esp-elf/14.2.0/../../../../xtensa-esp-elf/bin/ld.exe: 
.pio/build/custom-st7789-160x128/lib2c4/LibSSH-ESP32/ttyopts.c.o: plugin 
needed to handle lto object
C:/Users/phamm/.platformio/packages/toolchain-xtensa-esp-elf/bin/../lib/gcc/xte
nsa-esp-elf/14.2.0/../../../../xtensa-esp-elf/bin/ld.exe: 
.pio/build/custom-st7789-160x128/lib2c4/LibSSH-ESP32/ttyopts.c.o: plugin 
needed to handle lto object
C:/Users/phamm/.platformio/packages/toolchain-xtensa-esp-elf/bin/../lib/gcc/xte
nsa-esp-elf/14.2.0/../../../../xtensa-esp-elf/bin/ld.exe: 
.pio/build/custom-st7789-160x128/lib2c4/LibSSH-ESP32/ttyopts.c.o and 
.pio/build/custom-st7789-160x128/FrameworkArduinoVariant/variant.cpp.o: 
warning: multiple common of `__gnu_lto_slim'
C:/Users/phamm/.platformio/packages/toolchain-xtensa-esp-elf/bin/../lib/gcc/xte
nsa-esp-elf/14.2.0/../../../../xtensa-esp-elf/bin/ld.exe: 
.pio/build/custom-st7789-160x128/lib2c4/LibSSH-ESP32/wrapper.c.o: plugin 
needed to handle lto object
C:/Users/phamm/.platformio/packages/toolchain-xtensa-esp-elf/bin/../lib/gcc/xte
nsa-esp-elf/14.2.0/../../../../xtensa-esp-elf/bin/ld.exe: 
.pio/build/custom-st7789-160x128/lib2c4/LibSSH-ESP32/wrapper.c.o: plugin 
needed to handle lto object
C:/Users/phamm/.platformio/packages/toolchain-xtensa-esp-elf/bin/../lib/gcc/xte
nsa-esp-elf/14.2.0/../../../../xtensa-esp-elf/bin/ld.exe: 
.pio/build/custom-st7789-160x128/lib2c4/LibSSH-ESP32/wrapper.c.o and 
.pio/build/custom-st7789-160x128/FrameworkArduinoVariant/variant.cpp.o: 
warning: multiple common of `__gnu_lto_slim'
C:/Users/phamm/.platformio/packages/toolchain-xtensa-esp-elf/bin/../lib/gcc/xte
nsa-esp-elf/14.2.0/../../../../xtensa-esp-elf/bin/ld.exe: 
.pio/build/custom-st7789-160x128/lib396/Wire/Wire.cpp.o: plugin needed to 
handle lto object
C:/Users/phamm/.platformio/packages/toolchain-xtensa-esp-elf/bin/../lib/gcc/xte
nsa-esp-elf/14.2.0/../../../../xtensa-esp-elf/bin/ld.exe: 
.pio/build/custom-st7789-160x128/lib396/Wire/Wire.cpp.o: plugin needed to 
handle lto object
C:/Users/phamm/.platformio/packages/toolchain-xtensa-esp-elf/bin/../lib/gcc/xte
nsa-esp-elf/14.2.0/../../../../xtensa-esp-elf/bin/ld.exe: 
.pio/build/custom-st7789-160x128/lib396/Wire/Wire.cpp.o and 
.pio/build/custom-st7789-160x128/FrameworkArduinoVariant/variant.cpp.o: 
warning: multiple common of `__gnu_lto_slim'
C:/Users/phamm/.platformio/packages/toolchain-xtensa-esp-elf/bin/../lib/gcc/xte
nsa-esp-elf/14.2.0/../../../../xtensa-esp-elf/bin/ld.exe: 
.pio/build/custom-st7789-160x128/lib7af/SPI/SPI.cpp.o: plugin needed to handle 
lto object
C:/Users/phamm/.platformio/packages/toolchain-xtensa-esp-elf/bin/../lib/gcc/xte
nsa-esp-elf/14.2.0/../../../../xtensa-esp-elf/bin/ld.exe: 
.pio/build/custom-st7789-160x128/lib7af/SPI/SPI.cpp.o: plugin needed to handle 
lto object
C:/Users/phamm/.platformio/packages/toolchain-xtensa-esp-elf/bin/../lib/gcc/xte
nsa-esp-elf/14.2.0/../../../../xtensa-esp-elf/bin/ld.exe: 
.pio/build/custom-st7789-160x128/lib7af/SPI/SPI.cpp.o and 
.pio/build/custom-st7789-160x128/FrameworkArduinoVariant/variant.cpp.o: 
warning: multiple common of `__gnu_lto_slim'
C:/Users/phamm/.platformio/packages/toolchain-xtensa-esp-elf/bin/../lib/gcc/xte
nsa-esp-elf/14.2.0/../../../../xtensa-esp-elf/bin/ld.exe: 
.pio/build/custom-st7789-160x128/libe80/Adafruit 
BusIO/Adafruit_BusIO_Register.cpp.o: plugin needed to handle lto object
C:/Users/phamm/.platformio/packages/toolchain-xtensa-esp-elf/bin/../lib/gcc/xte
nsa-esp-elf/14.2.0/../../../../xtensa-esp-elf/bin/ld.exe: 
.pio/build/custom-st7789-160x128/libe80/Adafruit 
BusIO/Adafruit_BusIO_Register.cpp.o: plugin needed to handle lto object
C:/Users/phamm/.platformio/packages/toolchain-xtensa-esp-elf/bin/../lib/gcc/xte
nsa-esp-elf/14.2.0/../../../../xtensa-esp-elf/bin/ld.exe: 
.pio/build/custom-st7789-160x128/libe80/Adafruit 
BusIO/Adafruit_BusIO_Register.cpp.o and 
.pio/build/custom-st7789-160x128/FrameworkArduinoVariant/variant.cpp.o: 
warning: multiple common of `__gnu_lto_slim'
C:/Users/phamm/.platformio/packages/toolchain-xtensa-esp-elf/bin/../lib/gcc/xte
nsa-esp-elf/14.2.0/../../../../xtensa-esp-elf/bin/ld.exe: 
.pio/build/custom-st7789-160x128/libe80/Adafruit 
BusIO/Adafruit_GenericDevice.cpp.o: plugin needed to handle lto object
C:/Users/phamm/.platformio/packages/toolchain-xtensa-esp-elf/bin/../lib/gcc/xte
nsa-esp-elf/14.2.0/../../../../xtensa-esp-elf/bin/ld.exe: 
.pio/build/custom-st7789-160x128/libe80/Adafruit 
BusIO/Adafruit_GenericDevice.cpp.o: plugin needed to handle lto object
C:/Users/phamm/.platformio/packages/toolchain-xtensa-esp-elf/bin/../lib/gcc/xte
nsa-esp-elf/14.2.0/../../../../xtensa-esp-elf/bin/ld.exe: 
.pio/build/custom-st7789-160x128/libe80/Adafruit 
BusIO/Adafruit_GenericDevice.cpp.o and 
.pio/build/custom-st7789-160x128/FrameworkArduinoVariant/variant.cpp.o: 
warning: multiple common of `__gnu_lto_slim'
C:/Users/phamm/.platformio/packages/toolchain-xtensa-esp-elf/bin/../lib/gcc/xte
nsa-esp-elf/14.2.0/../../../../xtensa-esp-elf/bin/ld.exe: 
.pio/build/custom-st7789-160x128/libe80/Adafruit 
BusIO/Adafruit_I2CDevice.cpp.o: plugin needed to handle lto object
C:/Users/phamm/.platformio/packages/toolchain-xtensa-esp-elf/bin/../lib/gcc/xte
nsa-esp-elf/14.2.0/../../../../xtensa-esp-elf/bin/ld.exe: 
.pio/build/custom-st7789-160x128/libe80/Adafruit 
BusIO/Adafruit_I2CDevice.cpp.o: plugin needed to handle lto object
C:/Users/phamm/.platformio/packages/toolchain-xtensa-esp-elf/bin/../lib/gcc/xte
nsa-esp-elf/14.2.0/../../../../xtensa-esp-elf/bin/ld.exe: 
.pio/build/custom-st7789-160x128/libe80/Adafruit 
BusIO/Adafruit_I2CDevice.cpp.o and 
.pio/build/custom-st7789-160x128/FrameworkArduinoVariant/variant.cpp.o: 
warning: multiple common of `__gnu_lto_slim'
C:/Users/phamm/.platformio/packages/toolchain-xtensa-esp-elf/bin/../lib/gcc/xte
nsa-esp-elf/14.2.0/../../../../xtensa-esp-elf/bin/ld.exe: 
.pio/build/custom-st7789-160x128/libe80/Adafruit 
BusIO/Adafruit_SPIDevice.cpp.o: plugin needed to handle lto object
C:/Users/phamm/.platformio/packages/toolchain-xtensa-esp-elf/bin/../lib/gcc/xte
nsa-esp-elf/14.2.0/../../../../xtensa-esp-elf/bin/ld.exe: 
.pio/build/custom-st7789-160x128/libe80/Adafruit 
BusIO/Adafruit_SPIDevice.cpp.o: plugin needed to handle lto object
C:/Users/phamm/.platformio/packages/toolchain-xtensa-esp-elf/bin/../lib/gcc/xte
nsa-esp-elf/14.2.0/../../../../xtensa-esp-elf/bin/ld.exe: 
.pio/build/custom-st7789-160x128/libe80/Adafruit 
BusIO/Adafruit_SPIDevice.cpp.o and 
.pio/build/custom-st7789-160x128/FrameworkArduinoVariant/variant.cpp.o: 
warning: multiple common of `__gnu_lto_slim'
C:/Users/phamm/.platformio/packages/toolchain-xtensa-esp-elf/bin/../lib/gcc/xte
nsa-esp-elf/14.2.0/../../../../xtensa-esp-elf/bin/ld.exe: 
.pio/build/custom-st7789-160x128/lib6f3/Adafruit PN532/Adafruit_PN532.cpp.o: 
plugin needed to handle lto object
C:/Users/phamm/.platformio/packages/toolchain-xtensa-esp-elf/bin/../lib/gcc/xte
nsa-esp-elf/14.2.0/../../../../xtensa-esp-elf/bin/ld.exe: 
.pio/build/custom-st7789-160x128/lib6f3/Adafruit PN532/Adafruit_PN532.cpp.o: 
plugin needed to handle lto object
C:/Users/phamm/.platformio/packages/toolchain-xtensa-esp-elf/bin/../lib/gcc/xte
nsa-esp-elf/14.2.0/../../../../xtensa-esp-elf/bin/ld.exe: 
.pio/build/custom-st7789-160x128/lib6f3/Adafruit PN532/Adafruit_PN532.cpp.o 
and .pio/build/custom-st7789-160x128/FrameworkArduinoVariant/variant.cpp.o: 
warning: multiple common of `__gnu_lto_slim'
C:/Users/phamm/.platformio/packages/toolchain-xtensa-esp-elf/bin/../lib/gcc/xte
nsa-esp-elf/14.2.0/../../../../xtensa-esp-elf/bin/ld.exe: 
.pio/build/custom-st7789-160x128/liba82/BER-TLV/BerTlv.cpp.o: plugin needed to 
handle lto object
C:/Users/phamm/.platformio/packages/toolchain-xtensa-esp-elf/bin/../lib/gcc/xte
nsa-esp-elf/14.2.0/../../../../xtensa-esp-elf/bin/ld.exe: 
.pio/build/custom-st7789-160x128/liba82/BER-TLV/BerTlv.cpp.o: plugin needed to 
handle lto object
C:/Users/phamm/.platformio/packages/toolchain-xtensa-esp-elf/bin/../lib/gcc/xte
nsa-esp-elf/14.2.0/../../../../xtensa-esp-elf/bin/ld.exe: 
.pio/build/custom-st7789-160x128/liba82/BER-TLV/BerTlv.cpp.o and 
.pio/build/custom-st7789-160x128/FrameworkArduinoVariant/variant.cpp.o: 
warning: multiple common of `__gnu_lto_slim'
C:/Users/phamm/.platformio/packages/toolchain-xtensa-esp-elf/bin/../lib/gcc/xte
nsa-esp-elf/14.2.0/../../../../xtensa-esp-elf/bin/ld.exe: 
.pio/build/custom-st7789-160x128/liba82/BER-TLV/tests.cpp.o: plugin needed to 
handle lto object
C:/Users/phamm/.platformio/packages/toolchain-xtensa-esp-elf/bin/../lib/gcc/xte
nsa-esp-elf/14.2.0/../../../../xtensa-esp-elf/bin/ld.exe: 
.pio/build/custom-st7789-160x128/liba82/BER-TLV/tests.cpp.o: plugin needed to 
handle lto object
C:/Users/phamm/.platformio/packages/toolchain-xtensa-esp-elf/bin/../lib/gcc/xte
nsa-esp-elf/14.2.0/../../../../xtensa-esp-elf/bin/ld.exe: 
.pio/build/custom-st7789-160x128/liba82/BER-TLV/tests.cpp.o and 
.pio/build/custom-st7789-160x128/FrameworkArduinoVariant/variant.cpp.o: 
warning: multiple common of `__gnu_lto_slim'
C:/Users/phamm/.platformio/packages/toolchain-xtensa-esp-elf/bin/../lib/gcc/xte
nsa-esp-elf/14.2.0/../../../../xtensa-esp-elf/bin/ld.exe: 
.pio/build/custom-st7789-160x128/lib8bd/RFID_MFRC522v2/MFRC522Debug.cpp.o: 
plugin needed to handle lto object
C:/Users/phamm/.platformio/packages/toolchain-xtensa-esp-elf/bin/../lib/gcc/xte
nsa-esp-elf/14.2.0/../../../../xtensa-esp-elf/bin/ld.exe: 
.pio/build/custom-st7789-160x128/lib8bd/RFID_MFRC522v2/MFRC522Debug.cpp.o: 
plugin needed to handle lto object
C:/Users/phamm/.platformio/packages/toolchain-xtensa-esp-elf/bin/../lib/gcc/xte
nsa-esp-elf/14.2.0/../../../../xtensa-esp-elf/bin/ld.exe: 
.pio/build/custom-st7789-160x128/lib8bd/RFID_MFRC522v2/MFRC522Debug.cpp.o and 
.pio/build/custom-st7789-160x128/FrameworkArduinoVariant/variant.cpp.o: 
warning: multiple common of `__gnu_lto_slim'
C:/Users/phamm/.platformio/packages/toolchain-xtensa-esp-elf/bin/../lib/gcc/xte
nsa-esp-elf/14.2.0/../../../../xtensa-esp-elf/bin/ld.exe: 
.pio/build/custom-st7789-160x128/lib8bd/RFID_MFRC522v2/MFRC522DriverI2C.cpp.o: 
plugin needed to handle lto object
C:/Users/phamm/.platformio/packages/toolchain-xtensa-esp-elf/bin/../lib/gcc/xte
nsa-esp-elf/14.2.0/../../../../xtensa-esp-elf/bin/ld.exe: 
.pio/build/custom-st7789-160x128/lib8bd/RFID_MFRC522v2/MFRC522DriverI2C.cpp.o: 
plugin needed to handle lto object
C:/Users/phamm/.platformio/packages/toolchain-xtensa-esp-elf/bin/../lib/gcc/xte
nsa-esp-elf/14.2.0/../../../../xtensa-esp-elf/bin/ld.exe: 
.pio/build/custom-st7789-160x128/lib8bd/RFID_MFRC522v2/MFRC522DriverI2C.cpp.o 
and .pio/build/custom-st7789-160x128/FrameworkArduinoVariant/variant.cpp.o: 
warning: multiple common of `__gnu_lto_slim'
C:/Users/phamm/.platformio/packages/toolchain-xtensa-esp-elf/bin/../lib/gcc/xte
nsa-esp-elf/14.2.0/../../../../xtensa-esp-elf/bin/ld.exe: 
.pio/build/custom-st7789-160x128/lib8bd/RFID_MFRC522v2/MFRC522DriverSPI.cpp.o: 
plugin needed to handle lto object
C:/Users/phamm/.platformio/packages/toolchain-xtensa-esp-elf/bin/../lib/gcc/xte
nsa-esp-elf/14.2.0/../../../../xtensa-esp-elf/bin/ld.exe: 
.pio/build/custom-st7789-160x128/lib8bd/RFID_MFRC522v2/MFRC522DriverSPI.cpp.o: 
plugin needed to handle lto object
C:/Users/phamm/.platformio/packages/toolchain-xtensa-esp-elf/bin/../lib/gcc/xte
nsa-esp-elf/14.2.0/../../../../xtensa-esp-elf/bin/ld.exe: 
.pio/build/custom-st7789-160x128/lib8bd/RFID_MFRC522v2/MFRC522DriverSPI.cpp.o 
and .pio/build/custom-st7789-160x128/FrameworkArduinoVariant/variant.cpp.o: 
warning: multiple common of `__gnu_lto_slim'
C:/Users/phamm/.platformio/packages/toolchain-xtensa-esp-elf/bin/../lib/gcc/xte
nsa-esp-elf/14.2.0/../../../../xtensa-esp-elf/bin/ld.exe: 
.pio/build/custom-st7789-160x128/lib8bd/RFID_MFRC522v2/MFRC522Hack.cpp.o: 
plugin needed to handle lto object
C:/Users/phamm/.platformio/packages/toolchain-xtensa-esp-elf/bin/../lib/gcc/xte
nsa-esp-elf/14.2.0/../../../../xtensa-esp-elf/bin/ld.exe: 
.pio/build/custom-st7789-160x128/lib8bd/RFID_MFRC522v2/MFRC522Hack.cpp.o: 
plugin needed to handle lto object
C:/Users/phamm/.platformio/packages/toolchain-xtensa-esp-elf/bin/../lib/gcc/xte
nsa-esp-elf/14.2.0/../../../../xtensa-esp-elf/bin/ld.exe: 
.pio/build/custom-st7789-160x128/lib8bd/RFID_MFRC522v2/MFRC522Hack.cpp.o and 
.pio/build/custom-st7789-160x128/FrameworkArduinoVariant/variant.cpp.o: 
warning: multiple common of `__gnu_lto_slim'
C:/Users/phamm/.platformio/packages/toolchain-xtensa-esp-elf/bin/../lib/gcc/xte
nsa-esp-elf/14.2.0/../../../../xtensa-esp-elf/bin/ld.exe: 
.pio/build/custom-st7789-160x128/lib8bd/RFID_MFRC522v2/MFRC522v2.cpp.o: plugin 
needed to handle lto object
C:/Users/phamm/.platformio/packages/toolchain-xtensa-esp-elf/bin/../lib/gcc/xte
nsa-esp-elf/14.2.0/../../../../xtensa-esp-elf/bin/ld.exe: 
.pio/build/custom-st7789-160x128/lib8bd/RFID_MFRC522v2/MFRC522v2.cpp.o: plugin 
needed to handle lto object
C:/Users/phamm/.platformio/packages/toolchain-xtensa-esp-elf/bin/../lib/gcc/xte
nsa-esp-elf/14.2.0/../../../../xtensa-esp-elf/bin/ld.exe: 
.pio/build/custom-st7789-160x128/lib8bd/RFID_MFRC522v2/MFRC522v2.cpp.o and 
.pio/build/custom-st7789-160x128/FrameworkArduinoVariant/variant.cpp.o: 
warning: multiple common of `__gnu_lto_slim'
C:/Users/phamm/.platformio/packages/toolchain-xtensa-esp-elf/bin/../lib/gcc/xte
nsa-esp-elf/14.2.0/../../../../xtensa-esp-elf/bin/ld.exe: 
.pio/build/custom-st7789-160x128/libbe2/NimBLE-Arduino/NimBLE2904.cpp.o: 
plugin needed to handle lto object
C:/Users/phamm/.platformio/packages/toolchain-xtensa-esp-elf/bin/../lib/gcc/xte
nsa-esp-elf/14.2.0/../../../../xtensa-esp-elf/bin/ld.exe: 
.pio/build/custom-st7789-160x128/libbe2/NimBLE-Arduino/NimBLE2904.cpp.o: 
plugin needed to handle lto object
C:/Users/phamm/.platformio/packages/toolchain-xtensa-esp-elf/bin/../lib/gcc/xte
nsa-esp-elf/14.2.0/../../../../xtensa-esp-elf/bin/ld.exe: 
.pio/build/custom-st7789-160x128/libbe2/NimBLE-Arduino/NimBLE2904.cpp.o and 
.pio/build/custom-st7789-160x128/FrameworkArduinoVariant/variant.cpp.o: 
warning: multiple common of `__gnu_lto_slim'
C:/Users/phamm/.platformio/packages/toolchain-xtensa-esp-elf/bin/../lib/gcc/xte
nsa-esp-elf/14.2.0/../../../../xtensa-esp-elf/bin/ld.exe: 
.pio/build/custom-st7789-160x128/libbe2/NimBLE-Arduino/NimBLEAddress.cpp.o: 
plugin needed to handle lto object
C:/Users/phamm/.platformio/packages/toolchain-xtensa-esp-elf/bin/../lib/gcc/xte
nsa-esp-elf/14.2.0/../../../../xtensa-esp-elf/bin/ld.exe: 
.pio/build/custom-st7789-160x128/libbe2/NimBLE-Arduino/NimBLEAddress.cpp.o: 
plugin needed to handle lto object
C:/Users/phamm/.platformio/packages/toolchain-xtensa-esp-elf/bin/../lib/gcc/xte
nsa-esp-elf/14.2.0/../../../../xtensa-esp-elf/bin/ld.exe: 
.pio/build/custom-st7789-160x128/libbe2/NimBLE-Arduino/NimBLEAddress.cpp.o and 
.pio/build/custom-st7789-160x128/FrameworkArduinoVariant/variant.cpp.o: 
warning: multiple common of `__gnu_lto_slim'
C:/Users/phamm/.platformio/packages/toolchain-xtensa-esp-elf/bin/../lib/gcc/xte
nsa-esp-elf/14.2.0/../../../../xtensa-esp-elf/bin/ld.exe: .pio/build/custom-st7
789-160x128/libbe2/NimBLE-Arduino/NimBLEAdvertisedDevice.cpp.o: plugin needed 
to handle lto object
C:/Users/phamm/.platformio/packages/toolchain-xtensa-esp-elf/bin/../lib/gcc/xte
nsa-esp-elf/14.2.0/../../../../xtensa-esp-elf/bin/ld.exe: .pio/build/custom-st7
789-160x128/libbe2/NimBLE-Arduino/NimBLEAdvertisedDevice.cpp.o: plugin needed 
to handle lto object
C:/Users/phamm/.platformio/packages/toolchain-xtensa-esp-elf/bin/../lib/gcc/xte
nsa-esp-elf/14.2.0/../../../../xtensa-esp-elf/bin/ld.exe: .pio/build/custom-st7
789-160x128/libbe2/NimBLE-Arduino/NimBLEAdvertisedDevice.cpp.o and 
.pio/build/custom-st7789-160x128/FrameworkArduinoVariant/variant.cpp.o: 
warning: multiple common of `__gnu_lto_slim'
C:/Users/phamm/.platformio/packages/toolchain-xtensa-esp-elf/bin/../lib/gcc/xte
nsa-esp-elf/14.2.0/../../../../xtensa-esp-elf/bin/ld.exe: .pio/build/custom-st7
789-160x128/libbe2/NimBLE-Arduino/NimBLEAdvertisementData.cpp.o: plugin needed 
to handle lto object
C:/Users/phamm/.platformio/packages/toolchain-xtensa-esp-elf/bin/../lib/gcc/xte
nsa-esp-elf/14.2.0/../../../../xtensa-esp-elf/bin/ld.exe: .pio/build/custom-st7
789-160x128/libbe2/NimBLE-Arduino/NimBLEAdvertisementData.cpp.o: plugin needed 
to handle lto object
C:/Users/phamm/.platformio/packages/toolchain-xtensa-esp-elf/bin/../lib/gcc/xte
nsa-esp-elf/14.2.0/../../../../xtensa-esp-elf/bin/ld.exe: .pio/build/custom-st7
789-160x128/libbe2/NimBLE-Arduino/NimBLEAdvertisementData.cpp.o and 
.pio/build/custom-st7789-160x128/FrameworkArduinoVariant/variant.cpp.o: 
warning: multiple common of `__gnu_lto_slim'
C:/Users/phamm/.platformio/packages/toolchain-xtensa-esp-elf/bin/../lib/gcc/xte
nsa-esp-elf/14.2.0/../../../../xtensa-esp-elf/bin/ld.exe: .pio/build/custom-st7
789-160x128/libbe2/NimBLE-Arduino/NimBLEAdvertising.cpp.o: plugin needed to 
handle lto object
C:/Users/phamm/.platformio/packages/toolchain-xtensa-esp-elf/bin/../lib/gcc/xte
nsa-esp-elf/14.2.0/../../../../xtensa-esp-elf/bin/ld.exe: .pio/build/custom-st7
789-160x128/libbe2/NimBLE-Arduino/NimBLEAdvertising.cpp.o: plugin needed to 
handle lto object
C:/Users/phamm/.platformio/packages/toolchain-xtensa-esp-elf/bin/../lib/gcc/xte
nsa-esp-elf/14.2.0/../../../../xtensa-esp-elf/bin/ld.exe: 
.pio/build/custom-st7789-160x128/libbe2/NimBLE-Arduino/NimBLEAdvertising.cpp.o 
and .pio/build/custom-st7789-160x128/FrameworkArduinoVariant/variant.cpp.o: 
warning: multiple common of `__gnu_lto_slim'
C:/Users/phamm/.platformio/packages/toolchain-xtensa-esp-elf/bin/../lib/gcc/xte
nsa-esp-elf/14.2.0/../../../../xtensa-esp-elf/bin/ld.exe: 
.pio/build/custom-st7789-160x128/libbe2/NimBLE-Arduino/NimBLEAttValue.cpp.o: 
plugin needed to handle lto object
C:/Users/phamm/.platformio/packages/toolchain-xtensa-esp-elf/bin/../lib/gcc/xte
nsa-esp-elf/14.2.0/../../../../xtensa-esp-elf/bin/ld.exe: 
.pio/build/custom-st7789-160x128/libbe2/NimBLE-Arduino/NimBLEAttValue.cpp.o: 
plugin needed to handle lto object
C:/Users/phamm/.platformio/packages/toolchain-xtensa-esp-elf/bin/../lib/gcc/xte
nsa-esp-elf/14.2.0/../../../../xtensa-esp-elf/bin/ld.exe: 
.pio/build/custom-st7789-160x128/libbe2/NimBLE-Arduino/NimBLEAttValue.cpp.o 
and .pio/build/custom-st7789-160x128/FrameworkArduinoVariant/variant.cpp.o: 
warning: multiple common of `__gnu_lto_slim'
C:/Users/phamm/.platformio/packages/toolchain-xtensa-esp-elf/bin/../lib/gcc/xte
nsa-esp-elf/14.2.0/../../../../xtensa-esp-elf/bin/ld.exe: 
.pio/build/custom-st7789-160x128/libbe2/NimBLE-Arduino/NimBLEBeacon.cpp.o: 
plugin needed to handle lto object
C:/Users/phamm/.platformio/packages/toolchain-xtensa-esp-elf/bin/../lib/gcc/xte
nsa-esp-elf/14.2.0/../../../../xtensa-esp-elf/bin/ld.exe: 
.pio/build/custom-st7789-160x128/libbe2/NimBLE-Arduino/NimBLEBeacon.cpp.o: 
plugin needed to handle lto object
C:/Users/phamm/.platformio/packages/toolchain-xtensa-esp-elf/bin/../lib/gcc/xte
nsa-esp-elf/14.2.0/../../../../xtensa-esp-elf/bin/ld.exe: 
.pio/build/custom-st7789-160x128/libbe2/NimBLE-Arduino/NimBLEBeacon.cpp.o and 
.pio/build/custom-st7789-160x128/FrameworkArduinoVariant/variant.cpp.o: 
warning: multiple common of `__gnu_lto_slim'
C:/Users/phamm/.platformio/packages/toolchain-xtensa-esp-elf/bin/../lib/gcc/xte
nsa-esp-elf/14.2.0/../../../../xtensa-esp-elf/bin/ld.exe: .pio/build/custom-st7
789-160x128/libbe2/NimBLE-Arduino/NimBLECharacteristic.cpp.o: plugin needed to 
handle lto object
C:/Users/phamm/.platformio/packages/toolchain-xtensa-esp-elf/bin/../lib/gcc/xte
nsa-esp-elf/14.2.0/../../../../xtensa-esp-elf/bin/ld.exe: .pio/build/custom-st7
789-160x128/libbe2/NimBLE-Arduino/NimBLECharacteristic.cpp.o: plugin needed to 
handle lto object
C:/Users/phamm/.platformio/packages/toolchain-xtensa-esp-elf/bin/../lib/gcc/xte
nsa-esp-elf/14.2.0/../../../../xtensa-esp-elf/bin/ld.exe: .pio/build/custom-st7
789-160x128/libbe2/NimBLE-Arduino/NimBLECharacteristic.cpp.o and 
.pio/build/custom-st7789-160x128/FrameworkArduinoVariant/variant.cpp.o: 
warning: multiple common of `__gnu_lto_slim'
C:/Users/phamm/.platformio/packages/toolchain-xtensa-esp-elf/bin/../lib/gcc/xte
nsa-esp-elf/14.2.0/../../../../xtensa-esp-elf/bin/ld.exe: 
.pio/build/custom-st7789-160x128/libbe2/NimBLE-Arduino/NimBLEClient.cpp.o: 
plugin needed to handle lto object
C:/Users/phamm/.platformio/packages/toolchain-xtensa-esp-elf/bin/../lib/gcc/xte
nsa-esp-elf/14.2.0/../../../../xtensa-esp-elf/bin/ld.exe: 
.pio/build/custom-st7789-160x128/libbe2/NimBLE-Arduino/NimBLEClient.cpp.o: 
plugin needed to handle lto object
C:/Users/phamm/.platformio/packages/toolchain-xtensa-esp-elf/bin/../lib/gcc/xte
nsa-esp-elf/14.2.0/../../../../xtensa-esp-elf/bin/ld.exe: 
.pio/build/custom-st7789-160x128/libbe2/NimBLE-Arduino/NimBLEClient.cpp.o and 
.pio/build/custom-st7789-160x128/FrameworkArduinoVariant/variant.cpp.o: 
warning: multiple common of `__gnu_lto_slim'
C:/Users/phamm/.platformio/packages/toolchain-xtensa-esp-elf/bin/../lib/gcc/xte
nsa-esp-elf/14.2.0/../../../../xtensa-esp-elf/bin/ld.exe: 
.pio/build/custom-st7789-160x128/libbe2/NimBLE-Arduino/NimBLEDescriptor.cpp.o: 
plugin needed to handle lto object
C:/Users/phamm/.platformio/packages/toolchain-xtensa-esp-elf/bin/../lib/gcc/xte
nsa-esp-elf/14.2.0/../../../../xtensa-esp-elf/bin/ld.exe: 
.pio/build/custom-st7789-160x128/libbe2/NimBLE-Arduino/NimBLEDescriptor.cpp.o: 
plugin needed to handle lto object
C:/Users/phamm/.platformio/packages/toolchain-xtensa-esp-elf/bin/../lib/gcc/xte
nsa-esp-elf/14.2.0/../../../../xtensa-esp-elf/bin/ld.exe: 
.pio/build/custom-st7789-160x128/libbe2/NimBLE-Arduino/NimBLEDescriptor.cpp.o 
and .pio/build/custom-st7789-160x128/FrameworkArduinoVariant/variant.cpp.o: 
warning: multiple common of `__gnu_lto_slim'
C:/Users/phamm/.platformio/packages/toolchain-xtensa-esp-elf/bin/../lib/gcc/xte
nsa-esp-elf/14.2.0/../../../../xtensa-esp-elf/bin/ld.exe: 
.pio/build/custom-st7789-160x128/libbe2/NimBLE-Arduino/NimBLEDevice.cpp.o: 
plugin needed to handle lto object
C:/Users/phamm/.platformio/packages/toolchain-xtensa-esp-elf/bin/../lib/gcc/xte
nsa-esp-elf/14.2.0/../../../../xtensa-esp-elf/bin/ld.exe: 
.pio/build/custom-st7789-160x128/libbe2/NimBLE-Arduino/NimBLEDevice.cpp.o: 
plugin needed to handle lto object
C:/Users/phamm/.platformio/packages/toolchain-xtensa-esp-elf/bin/../lib/gcc/xte
nsa-esp-elf/14.2.0/../../../../xtensa-esp-elf/bin/ld.exe: 
.pio/build/custom-st7789-160x128/libbe2/NimBLE-Arduino/NimBLEDevice.cpp.o and 
.pio/build/custom-st7789-160x128/FrameworkArduinoVariant/variant.cpp.o: 
warning: multiple common of `__gnu_lto_slim'
C:/Users/phamm/.platformio/packages/toolchain-xtensa-esp-elf/bin/../lib/gcc/xte
nsa-esp-elf/14.2.0/../../../../xtensa-esp-elf/bin/ld.exe: .pio/build/custom-st7
789-160x128/libbe2/NimBLE-Arduino/NimBLEEddystoneTLM.cpp.o: plugin needed to 
handle lto object
C:/Users/phamm/.platformio/packages/toolchain-xtensa-esp-elf/bin/../lib/gcc/xte
nsa-esp-elf/14.2.0/../../../../xtensa-esp-elf/bin/ld.exe: .pio/build/custom-st7
789-160x128/libbe2/NimBLE-Arduino/NimBLEEddystoneTLM.cpp.o: plugin needed to 
handle lto object
C:/Users/phamm/.platformio/packages/toolchain-xtensa-esp-elf/bin/../lib/gcc/xte
nsa-esp-elf/14.2.0/../../../../xtensa-esp-elf/bin/ld.exe: .pio/build/custom-st7
789-160x128/libbe2/NimBLE-Arduino/NimBLEEddystoneTLM.cpp.o and 
.pio/build/custom-st7789-160x128/FrameworkArduinoVariant/variant.cpp.o: 
warning: multiple common of `__gnu_lto_slim'
C:/Users/phamm/.platformio/packages/toolchain-xtensa-esp-elf/bin/../lib/gcc/xte
nsa-esp-elf/14.2.0/../../../../xtensa-esp-elf/bin/ld.exe: .pio/build/custom-st7
789-160x128/libbe2/NimBLE-Arduino/NimBLEExtAdvertising.cpp.o: plugin needed to 
handle lto object
C:/Users/phamm/.platformio/packages/toolchain-xtensa-esp-elf/bin/../lib/gcc/xte
nsa-esp-elf/14.2.0/../../../../xtensa-esp-elf/bin/ld.exe: .pio/build/custom-st7
789-160x128/libbe2/NimBLE-Arduino/NimBLEExtAdvertising.cpp.o: plugin needed to 
handle lto object
C:/Users/phamm/.platformio/packages/toolchain-xtensa-esp-elf/bin/../lib/gcc/xte
nsa-esp-elf/14.2.0/../../../../xtensa-esp-elf/bin/ld.exe: .pio/build/custom-st7
789-160x128/libbe2/NimBLE-Arduino/NimBLEExtAdvertising.cpp.o and 
.pio/build/custom-st7789-160x128/FrameworkArduinoVariant/variant.cpp.o: 
warning: multiple common of `__gnu_lto_slim'
C:/Users/phamm/.platformio/packages/toolchain-xtensa-esp-elf/bin/../lib/gcc/xte
nsa-esp-elf/14.2.0/../../../../xtensa-esp-elf/bin/ld.exe: 
.pio/build/custom-st7789-160x128/libbe2/NimBLE-Arduino/NimBLEHIDDevice.cpp.o: 
plugin needed to handle lto object
C:/Users/phamm/.platformio/packages/toolchain-xtensa-esp-elf/bin/../lib/gcc/xte
nsa-esp-elf/14.2.0/../../../../xtensa-esp-elf/bin/ld.exe: 
.pio/build/custom-st7789-160x128/libbe2/NimBLE-Arduino/NimBLEHIDDevice.cpp.o: 
plugin needed to handle lto object
C:/Users/phamm/.platformio/packages/toolchain-xtensa-esp-elf/bin/../lib/gcc/xte
nsa-esp-elf/14.2.0/../../../../xtensa-esp-elf/bin/ld.exe: 
.pio/build/custom-st7789-160x128/libbe2/NimBLE-Arduino/NimBLEHIDDevice.cpp.o 
and .pio/build/custom-st7789-160x128/FrameworkArduinoVariant/variant.cpp.o: 
warning: multiple common of `__gnu_lto_slim'
C:/Users/phamm/.platformio/packages/toolchain-xtensa-esp-elf/bin/../lib/gcc/xte
nsa-esp-elf/14.2.0/../../../../xtensa-esp-elf/bin/ld.exe: .pio/build/custom-st7
789-160x128/libbe2/NimBLE-Arduino/NimBLEL2CAPChannel.cpp.o: plugin needed to 
handle lto object
C:/Users/phamm/.platformio/packages/toolchain-xtensa-esp-elf/bin/../lib/gcc/xte
nsa-esp-elf/14.2.0/../../../../xtensa-esp-elf/bin/ld.exe: .pio/build/custom-st7
789-160x128/libbe2/NimBLE-Arduino/NimBLEL2CAPChannel.cpp.o: plugin needed to 
handle lto object
C:/Users/phamm/.platformio/packages/toolchain-xtensa-esp-elf/bin/../lib/gcc/xte
nsa-esp-elf/14.2.0/../../../../xtensa-esp-elf/bin/ld.exe: .pio/build/custom-st7
789-160x128/libbe2/NimBLE-Arduino/NimBLEL2CAPChannel.cpp.o and 
.pio/build/custom-st7789-160x128/FrameworkArduinoVariant/variant.cpp.o: 
warning: multiple common of `__gnu_lto_slim'
C:/Users/phamm/.platformio/packages/toolchain-xtensa-esp-elf/bin/../lib/gcc/xte
nsa-esp-elf/14.2.0/../../../../xtensa-esp-elf/bin/ld.exe: .pio/build/custom-st7
789-160x128/libbe2/NimBLE-Arduino/NimBLEL2CAPServer.cpp.o: plugin needed to 
handle lto object
C:/Users/phamm/.platformio/packages/toolchain-xtensa-esp-elf/bin/../lib/gcc/xte
nsa-esp-elf/14.2.0/../../../../xtensa-esp-elf/bin/ld.exe: .pio/build/custom-st7
789-160x128/libbe2/NimBLE-Arduino/NimBLEL2CAPServer.cpp.o: plugin needed to 
handle lto object
C:/Users/phamm/.platformio/packages/toolchain-xtensa-esp-elf/bin/../lib/gcc/xte
nsa-esp-elf/14.2.0/../../../../xtensa-esp-elf/bin/ld.exe: 
.pio/build/custom-st7789-160x128/libbe2/NimBLE-Arduino/NimBLEL2CAPServer.cpp.o 
and .pio/build/custom-st7789-160x128/FrameworkArduinoVariant/variant.cpp.o: 
warning: multiple common of `__gnu_lto_slim'
C:/Users/phamm/.platformio/packages/toolchain-xtensa-esp-elf/bin/../lib/gcc/xte
nsa-esp-elf/14.2.0/../../../../xtensa-esp-elf/bin/ld.exe: .pio/build/custom-st7
789-160x128/libbe2/NimBLE-Arduino/NimBLERemoteCharacteristic.cpp.o: plugin 
needed to handle lto object
C:/Users/phamm/.platformio/packages/toolchain-xtensa-esp-elf/bin/../lib/gcc/xte
nsa-esp-elf/14.2.0/../../../../xtensa-esp-elf/bin/ld.exe: .pio/build/custom-st7
789-160x128/libbe2/NimBLE-Arduino/NimBLERemoteCharacteristic.cpp.o: plugin 
needed to handle lto object
C:/Users/phamm/.platformio/packages/toolchain-xtensa-esp-elf/bin/../lib/gcc/xte
nsa-esp-elf/14.2.0/../../../../xtensa-esp-elf/bin/ld.exe: .pio/build/custom-st7
789-160x128/libbe2/NimBLE-Arduino/NimBLERemoteCharacteristic.cpp.o and 
.pio/build/custom-st7789-160x128/FrameworkArduinoVariant/variant.cpp.o: 
warning: multiple common of `__gnu_lto_slim'
C:/Users/phamm/.platformio/packages/toolchain-xtensa-esp-elf/bin/../lib/gcc/xte
nsa-esp-elf/14.2.0/../../../../xtensa-esp-elf/bin/ld.exe: .pio/build/custom-st7
789-160x128/libbe2/NimBLE-Arduino/NimBLERemoteDescriptor.cpp.o: plugin needed 
to handle lto object
C:/Users/phamm/.platformio/packages/toolchain-xtensa-esp-elf/bin/../lib/gcc/xte
nsa-esp-elf/14.2.0/../../../../xtensa-esp-elf/bin/ld.exe: .pio/build/custom-st7
789-160x128/libbe2/NimBLE-Arduino/NimBLERemoteDescriptor.cpp.o: plugin needed 
to handle lto object
C:/Users/phamm/.platformio/packages/toolchain-xtensa-esp-elf/bin/../lib/gcc/xte
nsa-esp-elf/14.2.0/../../../../xtensa-esp-elf/bin/ld.exe: .pio/build/custom-st7
789-160x128/libbe2/NimBLE-Arduino/NimBLERemoteDescriptor.cpp.o and 
.pio/build/custom-st7789-160x128/FrameworkArduinoVariant/variant.cpp.o: 
warning: multiple common of `__gnu_lto_slim'
C:/Users/phamm/.platformio/packages/toolchain-xtensa-esp-elf/bin/../lib/gcc/xte
nsa-esp-elf/14.2.0/../../../../xtensa-esp-elf/bin/ld.exe: .pio/build/custom-st7
789-160x128/libbe2/NimBLE-Arduino/NimBLERemoteService.cpp.o: plugin needed to 
handle lto object
C:/Users/phamm/.platformio/packages/toolchain-xtensa-esp-elf/bin/../lib/gcc/xte
nsa-esp-elf/14.2.0/../../../../xtensa-esp-elf/bin/ld.exe: .pio/build/custom-st7
789-160x128/libbe2/NimBLE-Arduino/NimBLERemoteService.cpp.o: plugin needed to 
handle lto object
C:/Users/phamm/.platformio/packages/toolchain-xtensa-esp-elf/bin/../lib/gcc/xte
nsa-esp-elf/14.2.0/../../../../xtensa-esp-elf/bin/ld.exe: .pio/build/custom-st7
789-160x128/libbe2/NimBLE-Arduino/NimBLERemoteService.cpp.o and 
.pio/build/custom-st7789-160x128/FrameworkArduinoVariant/variant.cpp.o: 
warning: multiple common of `__gnu_lto_slim'
C:/Users/phamm/.platformio/packages/toolchain-xtensa-esp-elf/bin/../lib/gcc/xte
nsa-esp-elf/14.2.0/../../../../xtensa-esp-elf/bin/ld.exe: .pio/build/custom-st7
789-160x128/libbe2/NimBLE-Arduino/NimBLERemoteValueAttribute.cpp.o: plugin 
needed to handle lto object
C:/Users/phamm/.platformio/packages/toolchain-xtensa-esp-elf/bin/../lib/gcc/xte
nsa-esp-elf/14.2.0/../../../../xtensa-esp-elf/bin/ld.exe: .pio/build/custom-st7
789-160x128/libbe2/NimBLE-Arduino/NimBLERemoteValueAttribute.cpp.o: plugin 
needed to handle lto object
C:/Users/phamm/.platformio/packages/toolchain-xtensa-esp-elf/bin/../lib/gcc/xte
nsa-esp-elf/14.2.0/../../../../xtensa-esp-elf/bin/ld.exe: .pio/build/custom-st7
789-160x128/libbe2/NimBLE-Arduino/NimBLERemoteValueAttribute.cpp.o and 
.pio/build/custom-st7789-160x128/FrameworkArduinoVariant/variant.cpp.o: 
warning: multiple common of `__gnu_lto_slim'
C:/Users/phamm/.platformio/packages/toolchain-xtensa-esp-elf/bin/../lib/gcc/xte
nsa-esp-elf/14.2.0/../../../../xtensa-esp-elf/bin/ld.exe: 
.pio/build/custom-st7789-160x128/libbe2/NimBLE-Arduino/NimBLEScan.cpp.o: 
plugin needed to handle lto object
C:/Users/phamm/.platformio/packages/toolchain-xtensa-esp-elf/bin/../lib/gcc/xte
nsa-esp-elf/14.2.0/../../../../xtensa-esp-elf/bin/ld.exe: 
.pio/build/custom-st7789-160x128/libbe2/NimBLE-Arduino/NimBLEScan.cpp.o: 
plugin needed to handle lto object
C:/Users/phamm/.platformio/packages/toolchain-xtensa-esp-elf/bin/../lib/gcc/xte
nsa-esp-elf/14.2.0/../../../../xtensa-esp-elf/bin/ld.exe: 
.pio/build/custom-st7789-160x128/libbe2/NimBLE-Arduino/NimBLEScan.cpp.o and 
.pio/build/custom-st7789-160x128/FrameworkArduinoVariant/variant.cpp.o: 
warning: multiple common of `__gnu_lto_slim'
C:/Users/phamm/.platformio/packages/toolchain-xtensa-esp-elf/bin/../lib/gcc/xte
nsa-esp-elf/14.2.0/../../../../xtensa-esp-elf/bin/ld.exe: 
.pio/build/custom-st7789-160x128/libbe2/NimBLE-Arduino/NimBLEServer.cpp.o: 
plugin needed to handle lto object
C:/Users/phamm/.platformio/packages/toolchain-xtensa-esp-elf/bin/../lib/gcc/xte
nsa-esp-elf/14.2.0/../../../../xtensa-esp-elf/bin/ld.exe: 
.pio/build/custom-st7789-160x128/libbe2/NimBLE-Arduino/NimBLEServer.cpp.o: 
plugin needed to handle lto object
C:/Users/phamm/.platformio/packages/toolchain-xtensa-esp-elf/bin/../lib/gcc/xte
nsa-esp-elf/14.2.0/../../../../xtensa-esp-elf/bin/ld.exe: 
.pio/build/custom-st7789-160x128/libbe2/NimBLE-Arduino/NimBLEServer.cpp.o and 
.pio/build/custom-st7789-160x128/FrameworkArduinoVariant/variant.cpp.o: 
warning: multiple common of `__gnu_lto_slim'
C:/Users/phamm/.platformio/packages/toolchain-xtensa-esp-elf/bin/../lib/gcc/xte
nsa-esp-elf/14.2.0/../../../../xtensa-esp-elf/bin/ld.exe: 
.pio/build/custom-st7789-160x128/libbe2/NimBLE-Arduino/NimBLEService.cpp.o: 
plugin needed to handle lto object
C:/Users/phamm/.platformio/packages/toolchain-xtensa-esp-elf/bin/../lib/gcc/xte
nsa-esp-elf/14.2.0/../../../../xtensa-esp-elf/bin/ld.exe: 
.pio/build/custom-st7789-160x128/libbe2/NimBLE-Arduino/NimBLEService.cpp.o: 
plugin needed to handle lto object
C:/Users/phamm/.platformio/packages/toolchain-xtensa-esp-elf/bin/../lib/gcc/xte
nsa-esp-elf/14.2.0/../../../../xtensa-esp-elf/bin/ld.exe: 
.pio/build/custom-st7789-160x128/libbe2/NimBLE-Arduino/NimBLEService.cpp.o and 
.pio/build/custom-st7789-160x128/FrameworkArduinoVariant/variant.cpp.o: 
warning: multiple common of `__gnu_lto_slim'
C:/Users/phamm/.platformio/packages/toolchain-xtensa-esp-elf/bin/../lib/gcc/xte
nsa-esp-elf/14.2.0/../../../../xtensa-esp-elf/bin/ld.exe: 
.pio/build/custom-st7789-160x128/libbe2/NimBLE-Arduino/NimBLEStream.cpp.o: 
plugin needed to handle lto object
C:/Users/phamm/.platformio/packages/toolchain-xtensa-esp-elf/bin/../lib/gcc/xte
nsa-esp-elf/14.2.0/../../../../xtensa-esp-elf/bin/ld.exe: 
.pio/build/custom-st7789-160x128/libbe2/NimBLE-Arduino/NimBLEStream.cpp.o: 
plugin needed to handle lto object
C:/Users/phamm/.platformio/packages/toolchain-xtensa-esp-elf/bin/../lib/gcc/xte
nsa-esp-elf/14.2.0/../../../../xtensa-esp-elf/bin/ld.exe: 
.pio/build/custom-st7789-160x128/libbe2/NimBLE-Arduino/NimBLEStream.cpp.o and 
.pio/build/custom-st7789-160x128/FrameworkArduinoVariant/variant.cpp.o: 
warning: multiple common of `__gnu_lto_slim'
C:/Users/phamm/.platformio/packages/toolchain-xtensa-esp-elf/bin/../lib/gcc/xte
nsa-esp-elf/14.2.0/../../../../xtensa-esp-elf/bin/ld.exe: 
.pio/build/custom-st7789-160x128/libbe2/NimBLE-Arduino/NimBLEUUID.cpp.o: 
plugin needed to handle lto object
C:/Users/phamm/.platformio/packages/toolchain-xtensa-esp-elf/bin/../lib/gcc/xte
nsa-esp-elf/14.2.0/../../../../xtensa-esp-elf/bin/ld.exe: 
.pio/build/custom-st7789-160x128/libbe2/NimBLE-Arduino/NimBLEUUID.cpp.o: 
plugin needed to handle lto object
C:/Users/phamm/.platformio/packages/toolchain-xtensa-esp-elf/bin/../lib/gcc/xte
nsa-esp-elf/14.2.0/../../../../xtensa-esp-elf/bin/ld.exe: 
.pio/build/custom-st7789-160x128/libbe2/NimBLE-Arduino/NimBLEUUID.cpp.o and 
.pio/build/custom-st7789-160x128/FrameworkArduinoVariant/variant.cpp.o: 
warning: multiple common of `__gnu_lto_slim'
C:/Users/phamm/.platformio/packages/toolchain-xtensa-esp-elf/bin/../lib/gcc/xte
nsa-esp-elf/14.2.0/../../../../xtensa-esp-elf/bin/ld.exe: 
.pio/build/custom-st7789-160x128/libbe2/NimBLE-Arduino/NimBLEUtils.cpp.o: 
plugin needed to handle lto object
C:/Users/phamm/.platformio/packages/toolchain-xtensa-esp-elf/bin/../lib/gcc/xte
nsa-esp-elf/14.2.0/../../../../xtensa-esp-elf/bin/ld.exe: 
.pio/build/custom-st7789-160x128/libbe2/NimBLE-Arduino/NimBLEUtils.cpp.o: 
plugin needed to handle lto object
C:/Users/phamm/.platformio/packages/toolchain-xtensa-esp-elf/bin/../lib/gcc/xte
nsa-esp-elf/14.2.0/../../../../xtensa-esp-elf/bin/ld.exe: 
.pio/build/custom-st7789-160x128/libbe2/NimBLE-Arduino/NimBLEUtils.cpp.o and 
.pio/build/custom-st7789-160x128/FrameworkArduinoVariant/variant.cpp.o: 
warning: multiple common of `__gnu_lto_slim'
C:/Users/phamm/.platformio/packages/toolchain-xtensa-esp-elf/bin/../lib/gcc/xte
nsa-esp-elf/14.2.0/../../../../xtensa-esp-elf/bin/ld.exe: .pio/build/custom-st7
789-160x128/libbe2/NimBLE-Arduino/nimble/esp_port/esp-hci/src/esp_nimble_hci.c.
o: plugin needed to handle lto object
C:/Users/phamm/.platformio/packages/toolchain-xtensa-esp-elf/bin/../lib/gcc/xte
nsa-esp-elf/14.2.0/../../../../xtensa-esp-elf/bin/ld.exe: .pio/build/custom-st7
789-160x128/libbe2/NimBLE-Arduino/nimble/esp_port/esp-hci/src/esp_nimble_hci.c.
o: plugin needed to handle lto object
C:/Users/phamm/.platformio/packages/toolchain-xtensa-esp-elf/bin/../lib/gcc/xte
nsa-esp-elf/14.2.0/../../../../xtensa-esp-elf/bin/ld.exe: .pio/build/custom-st7
789-160x128/libbe2/NimBLE-Arduino/nimble/esp_port/esp-hci/src/esp_nimble_hci.c.
o and .pio/build/custom-st7789-160x128/FrameworkArduinoVariant/variant.cpp.o: 
warning: multiple common of `__gnu_lto_slim'
C:/Users/phamm/.platformio/packages/toolchain-xtensa-esp-elf/bin/../lib/gcc/xte
nsa-esp-elf/14.2.0/../../../../xtensa-esp-elf/bin/ld.exe: .pio/build/custom-st7
789-160x128/libbe2/NimBLE-Arduino/nimble/esp_port/esp-hci/src/na_hci_driver.c.o
: plugin needed to handle lto object
C:/Users/phamm/.platformio/packages/toolchain-xtensa-esp-elf/bin/../lib/gcc/xte
nsa-esp-elf/14.2.0/../../../../xtensa-esp-elf/bin/ld.exe: .pio/build/custom-st7
789-160x128/libbe2/NimBLE-Arduino/nimble/esp_port/esp-hci/src/na_hci_driver.c.o
: plugin needed to handle lto object
C:/Users/phamm/.platformio/packages/toolchain-xtensa-esp-elf/bin/../lib/gcc/xte
nsa-esp-elf/14.2.0/../../../../xtensa-esp-elf/bin/ld.exe: .pio/build/custom-st7
789-160x128/libbe2/NimBLE-Arduino/nimble/esp_port/esp-hci/src/na_hci_driver.c.o
 and .pio/build/custom-st7789-160x128/FrameworkArduinoVariant/variant.cpp.o: 
warning: multiple common of `__gnu_lto_slim'
C:/Users/phamm/.platformio/packages/toolchain-xtensa-esp-elf/bin/../lib/gcc/xte
nsa-esp-elf/14.2.0/../../../../xtensa-esp-elf/bin/ld.exe: .pio/build/custom-st7
789-160x128/libbe2/NimBLE-Arduino/nimble/esp_port/esp-hci/src/na_hci_transport.
c.o: plugin needed to handle lto object
C:/Users/phamm/.platformio/packages/toolchain-xtensa-esp-elf/bin/../lib/gcc/xte
nsa-esp-elf/14.2.0/../../../../xtensa-esp-elf/bin/ld.exe: .pio/build/custom-st7
789-160x128/libbe2/NimBLE-Arduino/nimble/esp_port/esp-hci/src/na_hci_transport.
c.o: plugin needed to handle lto object
C:/Users/phamm/.platformio/packages/toolchain-xtensa-esp-elf/bin/../lib/gcc/xte
nsa-esp-elf/14.2.0/../../../../xtensa-esp-elf/bin/ld.exe: .pio/build/custom-st7
789-160x128/libbe2/NimBLE-Arduino/nimble/esp_port/esp-hci/src/na_hci_transport.
c.o and 
.pio/build/custom-st7789-160x128/FrameworkArduinoVariant/variant.cpp.o: 
warning: multiple common of `__gnu_lto_slim'
C:/Users/phamm/.platformio/packages/toolchain-xtensa-esp-elf/bin/../lib/gcc/xte
nsa-esp-elf/14.2.0/../../../../xtensa-esp-elf/bin/ld.exe: .pio/build/custom-st7
789-160x128/libbe2/NimBLE-Arduino/nimble/esp_port/port/src/exp_nimble_mem.c.o: 
plugin needed to handle lto object
C:/Users/phamm/.platformio/packages/toolchain-xtensa-esp-elf/bin/../lib/gcc/xte
nsa-esp-elf/14.2.0/../../../../xtensa-esp-elf/bin/ld.exe: .pio/build/custom-st7
789-160x128/libbe2/NimBLE-Arduino/nimble/esp_port/port/src/exp_nimble_mem.c.o: 
plugin needed to handle lto object
C:/Users/phamm/.platformio/packages/toolchain-xtensa-esp-elf/bin/../lib/gcc/xte
nsa-esp-elf/14.2.0/../../../../xtensa-esp-elf/bin/ld.exe: .pio/build/custom-st7
789-160x128/libbe2/NimBLE-Arduino/nimble/esp_port/port/src/exp_nimble_mem.c.o 
and .pio/build/custom-st7789-160x128/FrameworkArduinoVariant/variant.cpp.o: 
warning: multiple common of `__gnu_lto_slim'
C:/Users/phamm/.platformio/packages/toolchain-xtensa-esp-elf/bin/../lib/gcc/xte
nsa-esp-elf/14.2.0/../../../../xtensa-esp-elf/bin/ld.exe: .pio/build/custom-st7
789-160x128/libbe2/NimBLE-Arduino/nimble/ext/tinycrypt/src/aes_decrypt.c.o: 
plugin needed to handle lto object
C:/Users/phamm/.platformio/packages/toolchain-xtensa-esp-elf/bin/../lib/gcc/xte
nsa-esp-elf/14.2.0/../../../../xtensa-esp-elf/bin/ld.exe: .pio/build/custom-st7
789-160x128/libbe2/NimBLE-Arduino/nimble/ext/tinycrypt/src/aes_decrypt.c.o: 
plugin needed to handle lto object
C:/Users/phamm/.platformio/packages/toolchain-xtensa-esp-elf/bin/../lib/gcc/xte
nsa-esp-elf/14.2.0/../../../../xtensa-esp-elf/bin/ld.exe: .pio/build/custom-st7
789-160x128/libbe2/NimBLE-Arduino/nimble/ext/tinycrypt/src/aes_decrypt.c.o and 
.pio/build/custom-st7789-160x128/FrameworkArduinoVariant/variant.cpp.o: 
warning: multiple common of `__gnu_lto_slim'
C:/Users/phamm/.platformio/packages/toolchain-xtensa-esp-elf/bin/../lib/gcc/xte
nsa-esp-elf/14.2.0/../../../../xtensa-esp-elf/bin/ld.exe: .pio/build/custom-st7
789-160x128/libbe2/NimBLE-Arduino/nimble/ext/tinycrypt/src/aes_encrypt.c.o: 
plugin needed to handle lto object
C:/Users/phamm/.platformio/packages/toolchain-xtensa-esp-elf/bin/../lib/gcc/xte
nsa-esp-elf/14.2.0/../../../../xtensa-esp-elf/bin/ld.exe: .pio/build/custom-st7
789-160x128/libbe2/NimBLE-Arduino/nimble/ext/tinycrypt/src/aes_encrypt.c.o: 
plugin needed to handle lto object
C:/Users/phamm/.platformio/packages/toolchain-xtensa-esp-elf/bin/../lib/gcc/xte
nsa-esp-elf/14.2.0/../../../../xtensa-esp-elf/bin/ld.exe: .pio/build/custom-st7
789-160x128/libbe2/NimBLE-Arduino/nimble/ext/tinycrypt/src/aes_encrypt.c.o and 
.pio/build/custom-st7789-160x128/FrameworkArduinoVariant/variant.cpp.o: 
warning: multiple common of `__gnu_lto_slim'
C:/Users/phamm/.platformio/packages/toolchain-xtensa-esp-elf/bin/../lib/gcc/xte
nsa-esp-elf/14.2.0/../../../../xtensa-esp-elf/bin/ld.exe: .pio/build/custom-st7
789-160x128/libbe2/NimBLE-Arduino/nimble/ext/tinycrypt/src/cbc_mode.c.o: 
plugin needed to handle lto object
C:/Users/phamm/.platformio/packages/toolchain-xtensa-esp-elf/bin/../lib/gcc/xte
nsa-esp-elf/14.2.0/../../../../xtensa-esp-elf/bin/ld.exe: .pio/build/custom-st7
789-160x128/libbe2/NimBLE-Arduino/nimble/ext/tinycrypt/src/cbc_mode.c.o: 
plugin needed to handle lto object
C:/Users/phamm/.platformio/packages/toolchain-xtensa-esp-elf/bin/../lib/gcc/xte
nsa-esp-elf/14.2.0/../../../../xtensa-esp-elf/bin/ld.exe: .pio/build/custom-st7
789-160x128/libbe2/NimBLE-Arduino/nimble/ext/tinycrypt/src/cbc_mode.c.o and 
.pio/build/custom-st7789-160x128/FrameworkArduinoVariant/variant.cpp.o: 
warning: multiple common of `__gnu_lto_slim'
C:/Users/phamm/.platformio/packages/toolchain-xtensa-esp-elf/bin/../lib/gcc/xte
nsa-esp-elf/14.2.0/../../../../xtensa-esp-elf/bin/ld.exe: .pio/build/custom-st7
789-160x128/libbe2/NimBLE-Arduino/nimble/ext/tinycrypt/src/ccm_mode.c.o: 
plugin needed to handle lto object
C:/Users/phamm/.platformio/packages/toolchain-xtensa-esp-elf/bin/../lib/gcc/xte
nsa-esp-elf/14.2.0/../../../../xtensa-esp-elf/bin/ld.exe: .pio/build/custom-st7
789-160x128/libbe2/NimBLE-Arduino/nimble/ext/tinycrypt/src/ccm_mode.c.o: 
plugin needed to handle lto object
C:/Users/phamm/.platformio/packages/toolchain-xtensa-esp-elf/bin/../lib/gcc/xte
nsa-esp-elf/14.2.0/../../../../xtensa-esp-elf/bin/ld.exe: .pio/build/custom-st7
789-160x128/libbe2/NimBLE-Arduino/nimble/ext/tinycrypt/src/ccm_mode.c.o and 
.pio/build/custom-st7789-160x128/FrameworkArduinoVariant/variant.cpp.o: 
warning: multiple common of `__gnu_lto_slim'
C:/Users/phamm/.platformio/packages/toolchain-xtensa-esp-elf/bin/../lib/gcc/xte
nsa-esp-elf/14.2.0/../../../../xtensa-esp-elf/bin/ld.exe: .pio/build/custom-st7
789-160x128/libbe2/NimBLE-Arduino/nimble/ext/tinycrypt/src/cmac_mode.c.o: 
plugin needed to handle lto object
C:/Users/phamm/.platformio/packages/toolchain-xtensa-esp-elf/bin/../lib/gcc/xte
nsa-esp-elf/14.2.0/../../../../xtensa-esp-elf/bin/ld.exe: .pio/build/custom-st7
789-160x128/libbe2/NimBLE-Arduino/nimble/ext/tinycrypt/src/cmac_mode.c.o: 
plugin needed to handle lto object
C:/Users/phamm/.platformio/packages/toolchain-xtensa-esp-elf/bin/../lib/gcc/xte
nsa-esp-elf/14.2.0/../../../../xtensa-esp-elf/bin/ld.exe: .pio/build/custom-st7
789-160x128/libbe2/NimBLE-Arduino/nimble/ext/tinycrypt/src/cmac_mode.c.o and 
.pio/build/custom-st7789-160x128/FrameworkArduinoVariant/variant.cpp.o: 
warning: multiple common of `__gnu_lto_slim'
C:/Users/phamm/.platformio/packages/toolchain-xtensa-esp-elf/bin/../lib/gcc/xte
nsa-esp-elf/14.2.0/../../../../xtensa-esp-elf/bin/ld.exe: .pio/build/custom-st7
789-160x128/libbe2/NimBLE-Arduino/nimble/ext/tinycrypt/src/ctr_mode.c.o: 
plugin needed to handle lto object
C:/Users/phamm/.platformio/packages/toolchain-xtensa-esp-elf/bin/../lib/gcc/xte
nsa-esp-elf/14.2.0/../../../../xtensa-esp-elf/bin/ld.exe: .pio/build/custom-st7
789-160x128/libbe2/NimBLE-Arduino/nimble/ext/tinycrypt/src/ctr_mode.c.o: 
plugin needed to handle lto object
C:/Users/phamm/.platformio/packages/toolchain-xtensa-esp-elf/bin/../lib/gcc/xte
nsa-esp-elf/14.2.0/../../../../xtensa-esp-elf/bin/ld.exe: .pio/build/custom-st7
789-160x128/libbe2/NimBLE-Arduino/nimble/ext/tinycrypt/src/ctr_mode.c.o and 
.pio/build/custom-st7789-160x128/FrameworkArduinoVariant/variant.cpp.o: 
warning: multiple common of `__gnu_lto_slim'
C:/Users/phamm/.platformio/packages/toolchain-xtensa-esp-elf/bin/../lib/gcc/xte
nsa-esp-elf/14.2.0/../../../../xtensa-esp-elf/bin/ld.exe: .pio/build/custom-st7
789-160x128/libbe2/NimBLE-Arduino/nimble/ext/tinycrypt/src/ctr_prng.c.o: 
plugin needed to handle lto object
C:/Users/phamm/.platformio/packages/toolchain-xtensa-esp-elf/bin/../lib/gcc/xte
nsa-esp-elf/14.2.0/../../../../xtensa-esp-elf/bin/ld.exe: .pio/build/custom-st7
789-160x128/libbe2/NimBLE-Arduino/nimble/ext/tinycrypt/src/ctr_prng.c.o: 
plugin needed to handle lto object
C:/Users/phamm/.platformio/packages/toolchain-xtensa-esp-elf/bin/../lib/gcc/xte
nsa-esp-elf/14.2.0/../../../../xtensa-esp-elf/bin/ld.exe: .pio/build/custom-st7
789-160x128/libbe2/NimBLE-Arduino/nimble/ext/tinycrypt/src/ctr_prng.c.o and 
.pio/build/custom-st7789-160x128/FrameworkArduinoVariant/variant.cpp.o: 
warning: multiple common of `__gnu_lto_slim'
C:/Users/phamm/.platformio/packages/toolchain-xtensa-esp-elf/bin/../lib/gcc/xte
nsa-esp-elf/14.2.0/../../../../xtensa-esp-elf/bin/ld.exe: .pio/build/custom-st7
789-160x128/libbe2/NimBLE-Arduino/nimble/ext/tinycrypt/src/ecc.c.o: plugin 
needed to handle lto object
C:/Users/phamm/.platformio/packages/toolchain-xtensa-esp-elf/bin/../lib/gcc/xte
nsa-esp-elf/14.2.0/../../../../xtensa-esp-elf/bin/ld.exe: .pio/build/custom-st7
789-160x128/libbe2/NimBLE-Arduino/nimble/ext/tinycrypt/src/ecc.c.o: plugin 
needed to handle lto object
C:/Users/phamm/.platformio/packages/toolchain-xtensa-esp-elf/bin/../lib/gcc/xte
nsa-esp-elf/14.2.0/../../../../xtensa-esp-elf/bin/ld.exe: .pio/build/custom-st7
789-160x128/libbe2/NimBLE-Arduino/nimble/ext/tinycrypt/src/ecc.c.o and 
.pio/build/custom-st7789-160x128/FrameworkArduinoVariant/variant.cpp.o: 
warning: multiple common of `__gnu_lto_slim'
C:/Users/phamm/.platformio/packages/toolchain-xtensa-esp-elf/bin/../lib/gcc/xte
nsa-esp-elf/14.2.0/../../../../xtensa-esp-elf/bin/ld.exe: .pio/build/custom-st7
789-160x128/libbe2/NimBLE-Arduino/nimble/ext/tinycrypt/src/ecc_dh.c.o: plugin 
needed to handle lto object
C:/Users/phamm/.platformio/packages/toolchain-xtensa-esp-elf/bin/../lib/gcc/xte
nsa-esp-elf/14.2.0/../../../../xtensa-esp-elf/bin/ld.exe: .pio/build/custom-st7
789-160x128/libbe2/NimBLE-Arduino/nimble/ext/tinycrypt/src/ecc_dh.c.o: plugin 
needed to handle lto object
C:/Users/phamm/.platformio/packages/toolchain-xtensa-esp-elf/bin/../lib/gcc/xte
nsa-esp-elf/14.2.0/../../../../xtensa-esp-elf/bin/ld.exe: .pio/build/custom-st7
789-160x128/libbe2/NimBLE-Arduino/nimble/ext/tinycrypt/src/ecc_dh.c.o and 
.pio/build/custom-st7789-160x128/FrameworkArduinoVariant/variant.cpp.o: 
warning: multiple common of `__gnu_lto_slim'
C:/Users/phamm/.platformio/packages/toolchain-xtensa-esp-elf/bin/../lib/gcc/xte
nsa-esp-elf/14.2.0/../../../../xtensa-esp-elf/bin/ld.exe: .pio/build/custom-st7
789-160x128/libbe2/NimBLE-Arduino/nimble/ext/tinycrypt/src/ecc_dsa.c.o: plugin 
needed to handle lto object
C:/Users/phamm/.platformio/packages/toolchain-xtensa-esp-elf/bin/../lib/gcc/xte
nsa-esp-elf/14.2.0/../../../../xtensa-esp-elf/bin/ld.exe: .pio/build/custom-st7
789-160x128/libbe2/NimBLE-Arduino/nimble/ext/tinycrypt/src/ecc_dsa.c.o: plugin 
needed to handle lto object
C:/Users/phamm/.platformio/packages/toolchain-xtensa-esp-elf/bin/../lib/gcc/xte
nsa-esp-elf/14.2.0/../../../../xtensa-esp-elf/bin/ld.exe: .pio/build/custom-st7
789-160x128/libbe2/NimBLE-Arduino/nimble/ext/tinycrypt/src/ecc_dsa.c.o and 
.pio/build/custom-st7789-160x128/FrameworkArduinoVariant/variant.cpp.o: 
warning: multiple common of `__gnu_lto_slim'
C:/Users/phamm/.platformio/packages/toolchain-xtensa-esp-elf/bin/../lib/gcc/xte
nsa-esp-elf/14.2.0/../../../../xtensa-esp-elf/bin/ld.exe: .pio/build/custom-st7
789-160x128/libbe2/NimBLE-Arduino/nimble/ext/tinycrypt/src/ecc_platform_specifi
c.c.o: plugin needed to handle lto object
C:/Users/phamm/.platformio/packages/toolchain-xtensa-esp-elf/bin/../lib/gcc/xte
nsa-esp-elf/14.2.0/../../../../xtensa-esp-elf/bin/ld.exe: .pio/build/custom-st7
789-160x128/libbe2/NimBLE-Arduino/nimble/ext/tinycrypt/src/ecc_platform_specifi
c.c.o: plugin needed to handle lto object
C:/Users/phamm/.platformio/packages/toolchain-xtensa-esp-elf/bin/../lib/gcc/xte
nsa-esp-elf/14.2.0/../../../../xtensa-esp-elf/bin/ld.exe: .pio/build/custom-st7
789-160x128/libbe2/NimBLE-Arduino/nimble/ext/tinycrypt/src/ecc_platform_specifi
c.c.o and 
.pio/build/custom-st7789-160x128/FrameworkArduinoVariant/variant.cpp.o: 
warning: multiple common of `__gnu_lto_slim'
C:/Users/phamm/.platformio/packages/toolchain-xtensa-esp-elf/bin/../lib/gcc/xte
nsa-esp-elf/14.2.0/../../../../xtensa-esp-elf/bin/ld.exe: .pio/build/custom-st7
789-160x128/libbe2/NimBLE-Arduino/nimble/ext/tinycrypt/src/hmac.c.o: plugin 
needed to handle lto object
C:/Users/phamm/.platformio/packages/toolchain-xtensa-esp-elf/bin/../lib/gcc/xte
nsa-esp-elf/14.2.0/../../../../xtensa-esp-elf/bin/ld.exe: .pio/build/custom-st7
789-160x128/libbe2/NimBLE-Arduino/nimble/ext/tinycrypt/src/hmac.c.o: plugin 
needed to handle lto object
C:/Users/phamm/.platformio/packages/toolchain-xtensa-esp-elf/bin/../lib/gcc/xte
nsa-esp-elf/14.2.0/../../../../xtensa-esp-elf/bin/ld.exe: .pio/build/custom-st7
789-160x128/libbe2/NimBLE-Arduino/nimble/ext/tinycrypt/src/hmac.c.o and 
.pio/build/custom-st7789-160x128/FrameworkArduinoVariant/variant.cpp.o: 
warning: multiple common of `__gnu_lto_slim'
C:/Users/phamm/.platformio/packages/toolchain-xtensa-esp-elf/bin/../lib/gcc/xte
nsa-esp-elf/14.2.0/../../../../xtensa-esp-elf/bin/ld.exe: .pio/build/custom-st7
789-160x128/libbe2/NimBLE-Arduino/nimble/ext/tinycrypt/src/hmac_prng.c.o: 
plugin needed to handle lto object
C:/Users/phamm/.platformio/packages/toolchain-xtensa-esp-elf/bin/../lib/gcc/xte
nsa-esp-elf/14.2.0/../../../../xtensa-esp-elf/bin/ld.exe: .pio/build/custom-st7
789-160x128/libbe2/NimBLE-Arduino/nimble/ext/tinycrypt/src/hmac_prng.c.o: 
plugin needed to handle lto object
C:/Users/phamm/.platformio/packages/toolchain-xtensa-esp-elf/bin/../lib/gcc/xte
nsa-esp-elf/14.2.0/../../../../xtensa-esp-elf/bin/ld.exe: .pio/build/custom-st7
789-160x128/libbe2/NimBLE-Arduino/nimble/ext/tinycrypt/src/hmac_prng.c.o and 
.pio/build/custom-st7789-160x128/FrameworkArduinoVariant/variant.cpp.o: 
warning: multiple common of `__gnu_lto_slim'
C:/Users/phamm/.platformio/packages/toolchain-xtensa-esp-elf/bin/../lib/gcc/xte
nsa-esp-elf/14.2.0/../../../../xtensa-esp-elf/bin/ld.exe: .pio/build/custom-st7
789-160x128/libbe2/NimBLE-Arduino/nimble/ext/tinycrypt/src/sha256.c.o: plugin 
needed to handle lto object
C:/Users/phamm/.platformio/packages/toolchain-xtensa-esp-elf/bin/../lib/gcc/xte
nsa-esp-elf/14.2.0/../../../../xtensa-esp-elf/bin/ld.exe: .pio/build/custom-st7
789-160x128/libbe2/NimBLE-Arduino/nimble/ext/tinycrypt/src/sha256.c.o: plugin 
needed to handle lto object
C:/Users/phamm/.platformio/packages/toolchain-xtensa-esp-elf/bin/../lib/gcc/xte
nsa-esp-elf/14.2.0/../../../../xtensa-esp-elf/bin/ld.exe: .pio/build/custom-st7
789-160x128/libbe2/NimBLE-Arduino/nimble/ext/tinycrypt/src/sha256.c.o and 
.pio/build/custom-st7789-160x128/FrameworkArduinoVariant/variant.cpp.o: 
warning: multiple common of `__gnu_lto_slim'
C:/Users/phamm/.platformio/packages/toolchain-xtensa-esp-elf/bin/../lib/gcc/xte
nsa-esp-elf/14.2.0/../../../../xtensa-esp-elf/bin/ld.exe: .pio/build/custom-st7
789-160x128/libbe2/NimBLE-Arduino/nimble/ext/tinycrypt/src/utils.c.o: plugin 
needed to handle lto object
C:/Users/phamm/.platformio/packages/toolchain-xtensa-esp-elf/bin/../lib/gcc/xte
nsa-esp-elf/14.2.0/../../../../xtensa-esp-elf/bin/ld.exe: .pio/build/custom-st7
789-160x128/libbe2/NimBLE-Arduino/nimble/ext/tinycrypt/src/utils.c.o: plugin 
needed to handle lto object
C:/Users/phamm/.platformio/packages/toolchain-xtensa-esp-elf/bin/../lib/gcc/xte
nsa-esp-elf/14.2.0/../../../../xtensa-esp-elf/bin/ld.exe: .pio/build/custom-st7
789-160x128/libbe2/NimBLE-Arduino/nimble/ext/tinycrypt/src/utils.c.o and 
.pio/build/custom-st7789-160x128/FrameworkArduinoVariant/variant.cpp.o: 
warning: multiple common of `__gnu_lto_slim'
C:/Users/phamm/.platformio/packages/toolchain-xtensa-esp-elf/bin/../lib/gcc/xte
nsa-esp-elf/14.2.0/../../../../xtensa-esp-elf/bin/ld.exe: .pio/build/custom-st7
789-160x128/libbe2/NimBLE-Arduino/nimble/nimble/controller/src/ble_ll.c.o: 
plugin needed to handle lto object
C:/Users/phamm/.platformio/packages/toolchain-xtensa-esp-elf/bin/../lib/gcc/xte
nsa-esp-elf/14.2.0/../../../../xtensa-esp-elf/bin/ld.exe: .pio/build/custom-st7
789-160x128/libbe2/NimBLE-Arduino/nimble/nimble/controller/src/ble_ll.c.o: 
plugin needed to handle lto object
C:/Users/phamm/.platformio/packages/toolchain-xtensa-esp-elf/bin/../lib/gcc/xte
nsa-esp-elf/14.2.0/../../../../xtensa-esp-elf/bin/ld.exe: .pio/build/custom-st7
789-160x128/libbe2/NimBLE-Arduino/nimble/nimble/controller/src/ble_ll.c.o and 
.pio/build/custom-st7789-160x128/FrameworkArduinoVariant/variant.cpp.o: 
warning: multiple common of `__gnu_lto_slim'
C:/Users/phamm/.platformio/packages/toolchain-xtensa-esp-elf/bin/../lib/gcc/xte
nsa-esp-elf/14.2.0/../../../../xtensa-esp-elf/bin/ld.exe: .pio/build/custom-st7
789-160x128/libbe2/NimBLE-Arduino/nimble/nimble/controller/src/ble_ll_adv.c.o: 
plugin needed to handle lto object
C:/Users/phamm/.platformio/packages/toolchain-xtensa-esp-elf/bin/../lib/gcc/xte
nsa-esp-elf/14.2.0/../../../../xtensa-esp-elf/bin/ld.exe: .pio/build/custom-st7
789-160x128/libbe2/NimBLE-Arduino/nimble/nimble/controller/src/ble_ll_adv.c.o: 
plugin needed to handle lto object
C:/Users/phamm/.platformio/packages/toolchain-xtensa-esp-elf/bin/../lib/gcc/xte
nsa-esp-elf/14.2.0/../../../../xtensa-esp-elf/bin/ld.exe: .pio/build/custom-st7
789-160x128/libbe2/NimBLE-Arduino/nimble/nimble/controller/src/ble_ll_adv.c.o 
and .pio/build/custom-st7789-160x128/FrameworkArduinoVariant/variant.cpp.o: 
warning: multiple common of `__gnu_lto_slim'
C:/Users/phamm/.platformio/packages/toolchain-xtensa-esp-elf/bin/../lib/gcc/xte
nsa-esp-elf/14.2.0/../../../../xtensa-esp-elf/bin/ld.exe: .pio/build/custom-st7
789-160x128/libbe2/NimBLE-Arduino/nimble/nimble/controller/src/ble_ll_conn.c.o:
 plugin needed to handle lto object
C:/Users/phamm/.platformio/packages/toolchain-xtensa-esp-elf/bin/../lib/gcc/xte
nsa-esp-elf/14.2.0/../../../../xtensa-esp-elf/bin/ld.exe: .pio/build/custom-st7
789-160x128/libbe2/NimBLE-Arduino/nimble/nimble/controller/src/ble_ll_conn.c.o:
 plugin needed to handle lto object
C:/Users/phamm/.platformio/packages/toolchain-xtensa-esp-elf/bin/../lib/gcc/xte
nsa-esp-elf/14.2.0/../../../../xtensa-esp-elf/bin/ld.exe: .pio/build/custom-st7
789-160x128/libbe2/NimBLE-Arduino/nimble/nimble/controller/src/ble_ll_conn.c.o 
and .pio/build/custom-st7789-160x128/FrameworkArduinoVariant/variant.cpp.o: 
warning: multiple common of `__gnu_lto_slim'
C:/Users/phamm/.platformio/packages/toolchain-xtensa-esp-elf/bin/../lib/gcc/xte
nsa-esp-elf/14.2.0/../../../../xtensa-esp-elf/bin/ld.exe: .pio/build/custom-st7
789-160x128/libbe2/NimBLE-Arduino/nimble/nimble/controller/src/ble_ll_conn_hci.
c.o: plugin needed to handle lto object
C:/Users/phamm/.platformio/packages/toolchain-xtensa-esp-elf/bin/../lib/gcc/xte
nsa-esp-elf/14.2.0/../../../../xtensa-esp-elf/bin/ld.exe: .pio/build/custom-st7
789-160x128/libbe2/NimBLE-Arduino/nimble/nimble/controller/src/ble_ll_conn_hci.
c.o: plugin needed to handle lto object
C:/Users/phamm/.platformio/packages/toolchain-xtensa-esp-elf/bin/../lib/gcc/xte
nsa-esp-elf/14.2.0/../../../../xtensa-esp-elf/bin/ld.exe: .pio/build/custom-st7
789-160x128/libbe2/NimBLE-Arduino/nimble/nimble/controller/src/ble_ll_conn_hci.
c.o and 
.pio/build/custom-st7789-160x128/FrameworkArduinoVariant/variant.cpp.o: 
warning: multiple common of `__gnu_lto_slim'
C:/Users/phamm/.platformio/packages/toolchain-xtensa-esp-elf/bin/../lib/gcc/xte
nsa-esp-elf/14.2.0/../../../../xtensa-esp-elf/bin/ld.exe: .pio/build/custom-st7
789-160x128/libbe2/NimBLE-Arduino/nimble/nimble/controller/src/ble_ll_crypto.c.
o: plugin needed to handle lto object
C:/Users/phamm/.platformio/packages/toolchain-xtensa-esp-elf/bin/../lib/gcc/xte
nsa-esp-elf/14.2.0/../../../../xtensa-esp-elf/bin/ld.exe: .pio/build/custom-st7
789-160x128/libbe2/NimBLE-Arduino/nimble/nimble/controller/src/ble_ll_crypto.c.
o: plugin needed to handle lto object
C:/Users/phamm/.platformio/packages/toolchain-xtensa-esp-elf/bin/../lib/gcc/xte
nsa-esp-elf/14.2.0/../../../../xtensa-esp-elf/bin/ld.exe: .pio/build/custom-st7
789-160x128/libbe2/NimBLE-Arduino/nimble/nimble/controller/src/ble_ll_crypto.c.
o and .pio/build/custom-st7789-160x128/FrameworkArduinoVariant/variant.cpp.o: 
warning: multiple common of `__gnu_lto_slim'
C:/Users/phamm/.platformio/packages/toolchain-xtensa-esp-elf/bin/../lib/gcc/xte
nsa-esp-elf/14.2.0/../../../../xtensa-esp-elf/bin/ld.exe: .pio/build/custom-st7
789-160x128/libbe2/NimBLE-Arduino/nimble/nimble/controller/src/ble_ll_ctrl.c.o:
 plugin needed to handle lto object
C:/Users/phamm/.platformio/packages/toolchain-xtensa-esp-elf/bin/../lib/gcc/xte
nsa-esp-elf/14.2.0/../../../../xtensa-esp-elf/bin/ld.exe: .pio/build/custom-st7
789-160x128/libbe2/NimBLE-Arduino/nimble/nimble/controller/src/ble_ll_ctrl.c.o:
 plugin needed to handle lto object
C:/Users/phamm/.platformio/packages/toolchain-xtensa-esp-elf/bin/../lib/gcc/xte
nsa-esp-elf/14.2.0/../../../../xtensa-esp-elf/bin/ld.exe: .pio/build/custom-st7
789-160x128/libbe2/NimBLE-Arduino/nimble/nimble/controller/src/ble_ll_ctrl.c.o 
and .pio/build/custom-st7789-160x128/FrameworkArduinoVariant/variant.cpp.o: 
warning: multiple common of `__gnu_lto_slim'
C:/Users/phamm/.platformio/packages/toolchain-xtensa-esp-elf/bin/../lib/gcc/xte
nsa-esp-elf/14.2.0/../../../../xtensa-esp-elf/bin/ld.exe: .pio/build/custom-st7
789-160x128/libbe2/NimBLE-Arduino/nimble/nimble/controller/src/ble_ll_dtm.c.o: 
plugin needed to handle lto object
C:/Users/phamm/.platformio/packages/toolchain-xtensa-esp-elf/bin/../lib/gcc/xte
nsa-esp-elf/14.2.0/../../../../xtensa-esp-elf/bin/ld.exe: .pio/build/custom-st7
789-160x128/libbe2/NimBLE-Arduino/nimble/nimble/controller/src/ble_ll_dtm.c.o: 
plugin needed to handle lto object
C:/Users/phamm/.platformio/packages/toolchain-xtensa-esp-elf/bin/../lib/gcc/xte
nsa-esp-elf/14.2.0/../../../../xtensa-esp-elf/bin/ld.exe: .pio/build/custom-st7
789-160x128/libbe2/NimBLE-Arduino/nimble/nimble/controller/src/ble_ll_dtm.c.o 
and .pio/build/custom-st7789-160x128/FrameworkArduinoVariant/variant.cpp.o: 
warning: multiple common of `__gnu_lto_slim'
C:/Users/phamm/.platformio/packages/toolchain-xtensa-esp-elf/bin/../lib/gcc/xte
nsa-esp-elf/14.2.0/../../../../xtensa-esp-elf/bin/ld.exe: .pio/build/custom-st7
789-160x128/libbe2/NimBLE-Arduino/nimble/nimble/controller/src/ble_ll_hci.c.o: 
plugin needed to handle lto object
C:/Users/phamm/.platformio/packages/toolchain-xtensa-esp-elf/bin/../lib/gcc/xte
nsa-esp-elf/14.2.0/../../../../xtensa-esp-elf/bin/ld.exe: .pio/build/custom-st7
789-160x128/libbe2/NimBLE-Arduino/nimble/nimble/controller/src/ble_ll_hci.c.o: 
plugin needed to handle lto object
C:/Users/phamm/.platformio/packages/toolchain-xtensa-esp-elf/bin/../lib/gcc/xte
nsa-esp-elf/14.2.0/../../../../xtensa-esp-elf/bin/ld.exe: .pio/build/custom-st7
789-160x128/libbe2/NimBLE-Arduino/nimble/nimble/controller/src/ble_ll_hci.c.o 
and .pio/build/custom-st7789-160x128/FrameworkArduinoVariant/variant.cpp.o: 
warning: multiple common of `__gnu_lto_slim'
C:/Users/phamm/.platformio/packages/toolchain-xtensa-esp-elf/bin/../lib/gcc/xte
nsa-esp-elf/14.2.0/../../../../xtensa-esp-elf/bin/ld.exe: .pio/build/custom-st7
789-160x128/libbe2/NimBLE-Arduino/nimble/nimble/controller/src/ble_ll_hci_ev.c.
o: plugin needed to handle lto object
C:/Users/phamm/.platformio/packages/toolchain-xtensa-esp-elf/bin/../lib/gcc/xte
nsa-esp-elf/14.2.0/../../../../xtensa-esp-elf/bin/ld.exe: .pio/build/custom-st7
789-160x128/libbe2/NimBLE-Arduino/nimble/nimble/controller/src/ble_ll_hci_ev.c.
o: plugin needed to handle lto object
C:/Users/phamm/.platformio/packages/toolchain-xtensa-esp-elf/bin/../lib/gcc/xte
nsa-esp-elf/14.2.0/../../../../xtensa-esp-elf/bin/ld.exe: .pio/build/custom-st7
789-160x128/libbe2/NimBLE-Arduino/nimble/nimble/controller/src/ble_ll_hci_ev.c.
o and .pio/build/custom-st7789-160x128/FrameworkArduinoVariant/variant.cpp.o: 
warning: multiple common of `__gnu_lto_slim'
C:/Users/phamm/.platformio/packages/toolchain-xtensa-esp-elf/bin/../lib/gcc/xte
nsa-esp-elf/14.2.0/../../../../xtensa-esp-elf/bin/ld.exe: .pio/build/custom-st7
789-160x128/libbe2/NimBLE-Arduino/nimble/nimble/controller/src/ble_ll_hci_supp_
cmd.c.o: plugin needed to handle lto object
C:/Users/phamm/.platformio/packages/toolchain-xtensa-esp-elf/bin/../lib/gcc/xte
nsa-esp-elf/14.2.0/../../../../xtensa-esp-elf/bin/ld.exe: .pio/build/custom-st7
789-160x128/libbe2/NimBLE-Arduino/nimble/nimble/controller/src/ble_ll_hci_supp_
cmd.c.o: plugin needed to handle lto object
C:/Users/phamm/.platformio/packages/toolchain-xtensa-esp-elf/bin/../lib/gcc/xte
nsa-esp-elf/14.2.0/../../../../xtensa-esp-elf/bin/ld.exe: .pio/build/custom-st7
789-160x128/libbe2/NimBLE-Arduino/nimble/nimble/controller/src/ble_ll_hci_supp_
cmd.c.o and 
.pio/build/custom-st7789-160x128/FrameworkArduinoVariant/variant.cpp.o: 
warning: multiple common of `__gnu_lto_slim'
C:/Users/phamm/.platformio/packages/toolchain-xtensa-esp-elf/bin/../lib/gcc/xte
nsa-esp-elf/14.2.0/../../../../xtensa-esp-elf/bin/ld.exe: .pio/build/custom-st7
789-160x128/libbe2/NimBLE-Arduino/nimble/nimble/controller/src/ble_ll_hci_vs.c.
o: plugin needed to handle lto object
C:/Users/phamm/.platformio/packages/toolchain-xtensa-esp-elf/bin/../lib/gcc/xte
nsa-esp-elf/14.2.0/../../../../xtensa-esp-elf/bin/ld.exe: .pio/build/custom-st7
789-160x128/libbe2/NimBLE-Arduino/nimble/nimble/controller/src/ble_ll_hci_vs.c.
o: plugin needed to handle lto object
C:/Users/phamm/.platformio/packages/toolchain-xtensa-esp-elf/bin/../lib/gcc/xte
nsa-esp-elf/14.2.0/../../../../xtensa-esp-elf/bin/ld.exe: .pio/build/custom-st7
789-160x128/libbe2/NimBLE-Arduino/nimble/nimble/controller/src/ble_ll_hci_vs.c.
o and .pio/build/custom-st7789-160x128/FrameworkArduinoVariant/variant.cpp.o: 
warning: multiple common of `__gnu_lto_slim'
C:/Users/phamm/.platformio/packages/toolchain-xtensa-esp-elf/bin/../lib/gcc/xte
nsa-esp-elf/14.2.0/../../../../xtensa-esp-elf/bin/ld.exe: .pio/build/custom-st7
789-160x128/libbe2/NimBLE-Arduino/nimble/nimble/controller/src/ble_ll_iso.c.o: 
plugin needed to handle lto object
C:/Users/phamm/.platformio/packages/toolchain-xtensa-esp-elf/bin/../lib/gcc/xte
nsa-esp-elf/14.2.0/../../../../xtensa-esp-elf/bin/ld.exe: .pio/build/custom-st7
789-160x128/libbe2/NimBLE-Arduino/nimble/nimble/controller/src/ble_ll_iso.c.o: 
plugin needed to handle lto object
C:/Users/phamm/.platformio/packages/toolchain-xtensa-esp-elf/bin/../lib/gcc/xte
nsa-esp-elf/14.2.0/../../../../xtensa-esp-elf/bin/ld.exe: .pio/build/custom-st7
789-160x128/libbe2/NimBLE-Arduino/nimble/nimble/controller/src/ble_ll_iso.c.o 
and .pio/build/custom-st7789-160x128/FrameworkArduinoVariant/variant.cpp.o: 
warning: multiple common of `__gnu_lto_slim'
C:/Users/phamm/.platformio/packages/toolchain-xtensa-esp-elf/bin/../lib/gcc/xte
nsa-esp-elf/14.2.0/../../../../xtensa-esp-elf/bin/ld.exe: .pio/build/custom-st7
789-160x128/libbe2/NimBLE-Arduino/nimble/nimble/controller/src/ble_ll_iso_big.c
.o: plugin needed to handle lto object
C:/Users/phamm/.platformio/packages/toolchain-xtensa-esp-elf/bin/../lib/gcc/xte
nsa-esp-elf/14.2.0/../../../../xtensa-esp-elf/bin/ld.exe: .pio/build/custom-st7
789-160x128/libbe2/NimBLE-Arduino/nimble/nimble/controller/src/ble_ll_iso_big.c
.o: plugin needed to handle lto object
C:/Users/phamm/.platformio/packages/toolchain-xtensa-esp-elf/bin/../lib/gcc/xte
nsa-esp-elf/14.2.0/../../../../xtensa-esp-elf/bin/ld.exe: .pio/build/custom-st7
789-160x128/libbe2/NimBLE-Arduino/nimble/nimble/controller/src/ble_ll_iso_big.c
.o and .pio/build/custom-st7789-160x128/FrameworkArduinoVariant/variant.cpp.o: 
warning: multiple common of `__gnu_lto_slim'
C:/Users/phamm/.platformio/packages/toolchain-xtensa-esp-elf/bin/../lib/gcc/xte
nsa-esp-elf/14.2.0/../../../../xtensa-esp-elf/bin/ld.exe: .pio/build/custom-st7
789-160x128/libbe2/NimBLE-Arduino/nimble/nimble/controller/src/ble_ll_isoal.c.o
: plugin needed to handle lto object
C:/Users/phamm/.platformio/packages/toolchain-xtensa-esp-elf/bin/../lib/gcc/xte
nsa-esp-elf/14.2.0/../../../../xtensa-esp-elf/bin/ld.exe: .pio/build/custom-st7
789-160x128/libbe2/NimBLE-Arduino/nimble/nimble/controller/src/ble_ll_isoal.c.o
: plugin needed to handle lto object
C:/Users/phamm/.platformio/packages/toolchain-xtensa-esp-elf/bin/../lib/gcc/xte
nsa-esp-elf/14.2.0/../../../../xtensa-esp-elf/bin/ld.exe: .pio/build/custom-st7
789-160x128/libbe2/NimBLE-Arduino/nimble/nimble/controller/src/ble_ll_isoal.c.o
 and .pio/build/custom-st7789-160x128/FrameworkArduinoVariant/variant.cpp.o: 
warning: multiple common of `__gnu_lto_slim'
C:/Users/phamm/.platformio/packages/toolchain-xtensa-esp-elf/bin/../lib/gcc/xte
nsa-esp-elf/14.2.0/../../../../xtensa-esp-elf/bin/ld.exe: .pio/build/custom-st7
789-160x128/libbe2/NimBLE-Arduino/nimble/nimble/controller/src/ble_ll_pdu.c.o: 
plugin needed to handle lto object
C:/Users/phamm/.platformio/packages/toolchain-xtensa-esp-elf/bin/../lib/gcc/xte
nsa-esp-elf/14.2.0/../../../../xtensa-esp-elf/bin/ld.exe: .pio/build/custom-st7
789-160x128/libbe2/NimBLE-Arduino/nimble/nimble/controller/src/ble_ll_pdu.c.o: 
plugin needed to handle lto object
C:/Users/phamm/.platformio/packages/toolchain-xtensa-esp-elf/bin/../lib/gcc/xte
nsa-esp-elf/14.2.0/../../../../xtensa-esp-elf/bin/ld.exe: .pio/build/custom-st7
789-160x128/libbe2/NimBLE-Arduino/nimble/nimble/controller/src/ble_ll_pdu.c.o 
and .pio/build/custom-st7789-160x128/FrameworkArduinoVariant/variant.cpp.o: 
warning: multiple common of `__gnu_lto_slim'
C:/Users/phamm/.platformio/packages/toolchain-xtensa-esp-elf/bin/../lib/gcc/xte
nsa-esp-elf/14.2.0/../../../../xtensa-esp-elf/bin/ld.exe: .pio/build/custom-st7
789-160x128/libbe2/NimBLE-Arduino/nimble/nimble/controller/src/ble_ll_rand.c.o:
 plugin needed to handle lto object
C:/Users/phamm/.platformio/packages/toolchain-xtensa-esp-elf/bin/../lib/gcc/xte
nsa-esp-elf/14.2.0/../../../../xtensa-esp-elf/bin/ld.exe: .pio/build/custom-st7
789-160x128/libbe2/NimBLE-Arduino/nimble/nimble/controller/src/ble_ll_rand.c.o:
 plugin needed to handle lto object
C:/Users/phamm/.platformio/packages/toolchain-xtensa-esp-elf/bin/../lib/gcc/xte
nsa-esp-elf/14.2.0/../../../../xtensa-esp-elf/bin/ld.exe: .pio/build/custom-st7
789-160x128/libbe2/NimBLE-Arduino/nimble/nimble/controller/src/ble_ll_rand.c.o 
and .pio/build/custom-st7789-160x128/FrameworkArduinoVariant/variant.cpp.o: 
warning: multiple common of `__gnu_lto_slim'
C:/Users/phamm/.platformio/packages/toolchain-xtensa-esp-elf/bin/../lib/gcc/xte
nsa-esp-elf/14.2.0/../../../../xtensa-esp-elf/bin/ld.exe: .pio/build/custom-st7
789-160x128/libbe2/NimBLE-Arduino/nimble/nimble/controller/src/ble_ll_resolv.c.
o: plugin needed to handle lto object
C:/Users/phamm/.platformio/packages/toolchain-xtensa-esp-elf/bin/../lib/gcc/xte
nsa-esp-elf/14.2.0/../../../../xtensa-esp-elf/bin/ld.exe: .pio/build/custom-st7
789-160x128/libbe2/NimBLE-Arduino/nimble/nimble/controller/src/ble_ll_resolv.c.
o: plugin needed to handle lto object
C:/Users/phamm/.platformio/packages/toolchain-xtensa-esp-elf/bin/../lib/gcc/xte
nsa-esp-elf/14.2.0/../../../../xtensa-esp-elf/bin/ld.exe: .pio/build/custom-st7
789-160x128/libbe2/NimBLE-Arduino/nimble/nimble/controller/src/ble_ll_resolv.c.
o and .pio/build/custom-st7789-160x128/FrameworkArduinoVariant/variant.cpp.o: 
warning: multiple common of `__gnu_lto_slim'
C:/Users/phamm/.platformio/packages/toolchain-xtensa-esp-elf/bin/../lib/gcc/xte
nsa-esp-elf/14.2.0/../../../../xtensa-esp-elf/bin/ld.exe: .pio/build/custom-st7
789-160x128/libbe2/NimBLE-Arduino/nimble/nimble/controller/src/ble_ll_rfmgmt.c.
o: plugin needed to handle lto object
C:/Users/phamm/.platformio/packages/toolchain-xtensa-esp-elf/bin/../lib/gcc/xte
nsa-esp-elf/14.2.0/../../../../xtensa-esp-elf/bin/ld.exe: .pio/build/custom-st7
789-160x128/libbe2/NimBLE-Arduino/nimble/nimble/controller/src/ble_ll_rfmgmt.c.
o: plugin needed to handle lto object
C:/Users/phamm/.platformio/packages/toolchain-xtensa-esp-elf/bin/../lib/gcc/xte
nsa-esp-elf/14.2.0/../../../../xtensa-esp-elf/bin/ld.exe: .pio/build/custom-st7
789-160x128/libbe2/NimBLE-Arduino/nimble/nimble/controller/src/ble_ll_rfmgmt.c.
o and .pio/build/custom-st7789-160x128/FrameworkArduinoVariant/variant.cpp.o: 
warning: multiple common of `__gnu_lto_slim'
C:/Users/phamm/.platformio/packages/toolchain-xtensa-esp-elf/bin/../lib/gcc/xte
nsa-esp-elf/14.2.0/../../../../xtensa-esp-elf/bin/ld.exe: .pio/build/custom-st7
789-160x128/libbe2/NimBLE-Arduino/nimble/nimble/controller/src/ble_ll_scan.c.o:
 plugin needed to handle lto object
C:/Users/phamm/.platformio/packages/toolchain-xtensa-esp-elf/bin/../lib/gcc/xte
nsa-esp-elf/14.2.0/../../../../xtensa-esp-elf/bin/ld.exe: .pio/build/custom-st7
789-160x128/libbe2/NimBLE-Arduino/nimble/nimble/controller/src/ble_ll_scan.c.o:
 plugin needed to handle lto object
C:/Users/phamm/.platformio/packages/toolchain-xtensa-esp-elf/bin/../lib/gcc/xte
nsa-esp-elf/14.2.0/../../../../xtensa-esp-elf/bin/ld.exe: .pio/build/custom-st7
789-160x128/libbe2/NimBLE-Arduino/nimble/nimble/controller/src/ble_ll_scan.c.o 
and .pio/build/custom-st7789-160x128/FrameworkArduinoVariant/variant.cpp.o: 
warning: multiple common of `__gnu_lto_slim'
C:/Users/phamm/.platformio/packages/toolchain-xtensa-esp-elf/bin/../lib/gcc/xte
nsa-esp-elf/14.2.0/../../../../xtensa-esp-elf/bin/ld.exe: .pio/build/custom-st7
789-160x128/libbe2/NimBLE-Arduino/nimble/nimble/controller/src/ble_ll_scan_aux.
c.o: plugin needed to handle lto object
C:/Users/phamm/.platformio/packages/toolchain-xtensa-esp-elf/bin/../lib/gcc/xte
nsa-esp-elf/14.2.0/../../../../xtensa-esp-elf/bin/ld.exe: .pio/build/custom-st7
789-160x128/libbe2/NimBLE-Arduino/nimble/nimble/controller/src/ble_ll_scan_aux.
c.o: plugin needed to handle lto object
C:/Users/phamm/.platformio/packages/toolchain-xtensa-esp-elf/bin/../lib/gcc/xte
nsa-esp-elf/14.2.0/../../../../xtensa-esp-elf/bin/ld.exe: .pio/build/custom-st7
789-160x128/libbe2/NimBLE-Arduino/nimble/nimble/controller/src/ble_ll_scan_aux.
c.o and 
.pio/build/custom-st7789-160x128/FrameworkArduinoVariant/variant.cpp.o: 
warning: multiple common of `__gnu_lto_slim'
C:/Users/phamm/.platformio/packages/toolchain-xtensa-esp-elf/bin/../lib/gcc/xte
nsa-esp-elf/14.2.0/../../../../xtensa-esp-elf/bin/ld.exe: .pio/build/custom-st7
789-160x128/libbe2/NimBLE-Arduino/nimble/nimble/controller/src/ble_ll_sched.c.o
: plugin needed to handle lto object
C:/Users/phamm/.platformio/packages/toolchain-xtensa-esp-elf/bin/../lib/gcc/xte
nsa-esp-elf/14.2.0/../../../../xtensa-esp-elf/bin/ld.exe: .pio/build/custom-st7
789-160x128/libbe2/NimBLE-Arduino/nimble/nimble/controller/src/ble_ll_sched.c.o
: plugin needed to handle lto object
C:/Users/phamm/.platformio/packages/toolchain-xtensa-esp-elf/bin/../lib/gcc/xte
nsa-esp-elf/14.2.0/../../../../xtensa-esp-elf/bin/ld.exe: .pio/build/custom-st7
789-160x128/libbe2/NimBLE-Arduino/nimble/nimble/controller/src/ble_ll_sched.c.o
 and .pio/build/custom-st7789-160x128/FrameworkArduinoVariant/variant.cpp.o: 
warning: multiple common of `__gnu_lto_slim'
C:/Users/phamm/.platformio/packages/toolchain-xtensa-esp-elf/bin/../lib/gcc/xte
nsa-esp-elf/14.2.0/../../../../xtensa-esp-elf/bin/ld.exe: .pio/build/custom-st7
789-160x128/libbe2/NimBLE-Arduino/nimble/nimble/controller/src/ble_ll_sync.c.o:
 plugin needed to handle lto object
C:/Users/phamm/.platformio/packages/toolchain-xtensa-esp-elf/bin/../lib/gcc/xte
nsa-esp-elf/14.2.0/../../../../xtensa-esp-elf/bin/ld.exe: .pio/build/custom-st7
789-160x128/libbe2/NimBLE-Arduino/nimble/nimble/controller/src/ble_ll_sync.c.o:
 plugin needed to handle lto object
C:/Users/phamm/.platformio/packages/toolchain-xtensa-esp-elf/bin/../lib/gcc/xte
nsa-esp-elf/14.2.0/../../../../xtensa-esp-elf/bin/ld.exe: .pio/build/custom-st7
789-160x128/libbe2/NimBLE-Arduino/nimble/nimble/controller/src/ble_ll_sync.c.o 
and .pio/build/custom-st7789-160x128/FrameworkArduinoVariant/variant.cpp.o: 
warning: multiple common of `__gnu_lto_slim'
C:/Users/phamm/.platformio/packages/toolchain-xtensa-esp-elf/bin/../lib/gcc/xte
nsa-esp-elf/14.2.0/../../../../xtensa-esp-elf/bin/ld.exe: .pio/build/custom-st7
789-160x128/libbe2/NimBLE-Arduino/nimble/nimble/controller/src/ble_ll_trace.c.o
: plugin needed to handle lto object
C:/Users/phamm/.platformio/packages/toolchain-xtensa-esp-elf/bin/../lib/gcc/xte
nsa-esp-elf/14.2.0/../../../../xtensa-esp-elf/bin/ld.exe: .pio/build/custom-st7
789-160x128/libbe2/NimBLE-Arduino/nimble/nimble/controller/src/ble_ll_trace.c.o
: plugin needed to handle lto object
C:/Users/phamm/.platformio/packages/toolchain-xtensa-esp-elf/bin/../lib/gcc/xte
nsa-esp-elf/14.2.0/../../../../xtensa-esp-elf/bin/ld.exe: .pio/build/custom-st7
789-160x128/libbe2/NimBLE-Arduino/nimble/nimble/controller/src/ble_ll_trace.c.o
 and .pio/build/custom-st7789-160x128/FrameworkArduinoVariant/variant.cpp.o: 
warning: multiple common of `__gnu_lto_slim'
C:/Users/phamm/.platformio/packages/toolchain-xtensa-esp-elf/bin/../lib/gcc/xte
nsa-esp-elf/14.2.0/../../../../xtensa-esp-elf/bin/ld.exe: .pio/build/custom-st7
789-160x128/libbe2/NimBLE-Arduino/nimble/nimble/controller/src/ble_ll_utils.c.o
: plugin needed to handle lto object
C:/Users/phamm/.platformio/packages/toolchain-xtensa-esp-elf/bin/../lib/gcc/xte
nsa-esp-elf/14.2.0/../../../../xtensa-esp-elf/bin/ld.exe: .pio/build/custom-st7
789-160x128/libbe2/NimBLE-Arduino/nimble/nimble/controller/src/ble_ll_utils.c.o
: plugin needed to handle lto object
C:/Users/phamm/.platformio/packages/toolchain-xtensa-esp-elf/bin/../lib/gcc/xte
nsa-esp-elf/14.2.0/../../../../xtensa-esp-elf/bin/ld.exe: .pio/build/custom-st7
789-160x128/libbe2/NimBLE-Arduino/nimble/nimble/controller/src/ble_ll_utils.c.o
 and .pio/build/custom-st7789-160x128/FrameworkArduinoVariant/variant.cpp.o: 
warning: multiple common of `__gnu_lto_slim'
C:/Users/phamm/.platformio/packages/toolchain-xtensa-esp-elf/bin/../lib/gcc/xte
nsa-esp-elf/14.2.0/../../../../xtensa-esp-elf/bin/ld.exe: .pio/build/custom-st7
789-160x128/libbe2/NimBLE-Arduino/nimble/nimble/controller/src/ble_ll_whitelist
.c.o: plugin needed to handle lto object
C:/Users/phamm/.platformio/packages/toolchain-xtensa-esp-elf/bin/../lib/gcc/xte
nsa-esp-elf/14.2.0/../../../../xtensa-esp-elf/bin/ld.exe: .pio/build/custom-st7
789-160x128/libbe2/NimBLE-Arduino/nimble/nimble/controller/src/ble_ll_whitelist
.c.o: plugin needed to handle lto object
C:/Users/phamm/.platformio/packages/toolchain-xtensa-esp-elf/bin/../lib/gcc/xte
nsa-esp-elf/14.2.0/../../../../xtensa-esp-elf/bin/ld.exe: .pio/build/custom-st7
789-160x128/libbe2/NimBLE-Arduino/nimble/nimble/controller/src/ble_ll_whitelist
.c.o and 
.pio/build/custom-st7789-160x128/FrameworkArduinoVariant/variant.cpp.o: 
warning: multiple common of `__gnu_lto_slim'
C:/Users/phamm/.platformio/packages/toolchain-xtensa-esp-elf/bin/../lib/gcc/xte
nsa-esp-elf/14.2.0/../../../../xtensa-esp-elf/bin/ld.exe: .pio/build/custom-st7
789-160x128/libbe2/NimBLE-Arduino/nimble/nimble/drivers/nrf51/src/ble_hw.c.o: 
plugin needed to handle lto object
C:/Users/phamm/.platformio/packages/toolchain-xtensa-esp-elf/bin/../lib/gcc/xte
nsa-esp-elf/14.2.0/../../../../xtensa-esp-elf/bin/ld.exe: .pio/build/custom-st7
789-160x128/libbe2/NimBLE-Arduino/nimble/nimble/drivers/nrf51/src/ble_hw.c.o: 
plugin needed to handle lto object
C:/Users/phamm/.platformio/packages/toolchain-xtensa-esp-elf/bin/../lib/gcc/xte
nsa-esp-elf/14.2.0/../../../../xtensa-esp-elf/bin/ld.exe: .pio/build/custom-st7
789-160x128/libbe2/NimBLE-Arduino/nimble/nimble/drivers/nrf51/src/ble_hw.c.o 
and .pio/build/custom-st7789-160x128/FrameworkArduinoVariant/variant.cpp.o: 
warning: multiple common of `__gnu_lto_slim'
C:/Users/phamm/.platformio/packages/toolchain-xtensa-esp-elf/bin/../lib/gcc/xte
nsa-esp-elf/14.2.0/../../../../xtensa-esp-elf/bin/ld.exe: .pio/build/custom-st7
789-160x128/libbe2/NimBLE-Arduino/nimble/nimble/drivers/nrf51/src/ble_phy.c.o: 
plugin needed to handle lto object
C:/Users/phamm/.platformio/packages/toolchain-xtensa-esp-elf/bin/../lib/gcc/xte
nsa-esp-elf/14.2.0/../../../../xtensa-esp-elf/bin/ld.exe: .pio/build/custom-st7
789-160x128/libbe2/NimBLE-Arduino/nimble/nimble/drivers/nrf51/src/ble_phy.c.o: 
plugin needed to handle lto object
C:/Users/phamm/.platformio/packages/toolchain-xtensa-esp-elf/bin/../lib/gcc/xte
nsa-esp-elf/14.2.0/../../../../xtensa-esp-elf/bin/ld.exe: .pio/build/custom-st7
789-160x128/libbe2/NimBLE-Arduino/nimble/nimble/drivers/nrf51/src/ble_phy.c.o 
and .pio/build/custom-st7789-160x128/FrameworkArduinoVariant/variant.cpp.o: 
warning: multiple common of `__gnu_lto_slim'
C:/Users/phamm/.platformio/packages/toolchain-xtensa-esp-elf/bin/../lib/gcc/xte
nsa-esp-elf/14.2.0/../../../../xtensa-esp-elf/bin/ld.exe: .pio/build/custom-st7
789-160x128/libbe2/NimBLE-Arduino/nimble/nimble/drivers/nrf5x/src/ble_hw.c.o: 
plugin needed to handle lto object
C:/Users/phamm/.platformio/packages/toolchain-xtensa-esp-elf/bin/../lib/gcc/xte
nsa-esp-elf/14.2.0/../../../../xtensa-esp-elf/bin/ld.exe: .pio/build/custom-st7
789-160x128/libbe2/NimBLE-Arduino/nimble/nimble/drivers/nrf5x/src/ble_hw.c.o: 
plugin needed to handle lto object
C:/Users/phamm/.platformio/packages/toolchain-xtensa-esp-elf/bin/../lib/gcc/xte
nsa-esp-elf/14.2.0/../../../../xtensa-esp-elf/bin/ld.exe: .pio/build/custom-st7
789-160x128/libbe2/NimBLE-Arduino/nimble/nimble/drivers/nrf5x/src/ble_hw.c.o 
and .pio/build/custom-st7789-160x128/FrameworkArduinoVariant/variant.cpp.o: 
warning: multiple common of `__gnu_lto_slim'
C:/Users/phamm/.platformio/packages/toolchain-xtensa-esp-elf/bin/../lib/gcc/xte
nsa-esp-elf/14.2.0/../../../../xtensa-esp-elf/bin/ld.exe: .pio/build/custom-st7
789-160x128/libbe2/NimBLE-Arduino/nimble/nimble/drivers/nrf5x/src/ble_phy.c.o: 
plugin needed to handle lto object
C:/Users/phamm/.platformio/packages/toolchain-xtensa-esp-elf/bin/../lib/gcc/xte
nsa-esp-elf/14.2.0/../../../../xtensa-esp-elf/bin/ld.exe: .pio/build/custom-st7
789-160x128/libbe2/NimBLE-Arduino/nimble/nimble/drivers/nrf5x/src/ble_phy.c.o: 
plugin needed to handle lto object
C:/Users/phamm/.platformio/packages/toolchain-xtensa-esp-elf/bin/../lib/gcc/xte
nsa-esp-elf/14.2.0/../../../../xtensa-esp-elf/bin/ld.exe: .pio/build/custom-st7
789-160x128/libbe2/NimBLE-Arduino/nimble/nimble/drivers/nrf5x/src/ble_phy.c.o 
and .pio/build/custom-st7789-160x128/FrameworkArduinoVariant/variant.cpp.o: 
warning: multiple common of `__gnu_lto_slim'
C:/Users/phamm/.platformio/packages/toolchain-xtensa-esp-elf/bin/../lib/gcc/xte
nsa-esp-elf/14.2.0/../../../../xtensa-esp-elf/bin/ld.exe: .pio/build/custom-st7
789-160x128/libbe2/NimBLE-Arduino/nimble/nimble/drivers/nrf5x/src/ble_phy_trace
.c.o: plugin needed to handle lto object
C:/Users/phamm/.platformio/packages/toolchain-xtensa-esp-elf/bin/../lib/gcc/xte
nsa-esp-elf/14.2.0/../../../../xtensa-esp-elf/bin/ld.exe: .pio/build/custom-st7
789-160x128/libbe2/NimBLE-Arduino/nimble/nimble/drivers/nrf5x/src/ble_phy_trace
.c.o: plugin needed to handle lto object
C:/Users/phamm/.platformio/packages/toolchain-xtensa-esp-elf/bin/../lib/gcc/xte
nsa-esp-elf/14.2.0/../../../../xtensa-esp-elf/bin/ld.exe: .pio/build/custom-st7
789-160x128/libbe2/NimBLE-Arduino/nimble/nimble/drivers/nrf5x/src/ble_phy_trace
.c.o and 
.pio/build/custom-st7789-160x128/FrameworkArduinoVariant/variant.cpp.o: 
warning: multiple common of `__gnu_lto_slim'
C:/Users/phamm/.platformio/packages/toolchain-xtensa-esp-elf/bin/../lib/gcc/xte
nsa-esp-elf/14.2.0/../../../../xtensa-esp-elf/bin/ld.exe: .pio/build/custom-st7
789-160x128/libbe2/NimBLE-Arduino/nimble/nimble/drivers/nrf5x/src/nrf52/phy.c.o
: plugin needed to handle lto object
C:/Users/phamm/.platformio/packages/toolchain-xtensa-esp-elf/bin/../lib/gcc/xte
nsa-esp-elf/14.2.0/../../../../xtensa-esp-elf/bin/ld.exe: .pio/build/custom-st7
789-160x128/libbe2/NimBLE-Arduino/nimble/nimble/drivers/nrf5x/src/nrf52/phy.c.o
: plugin needed to handle lto object
C:/Users/phamm/.platformio/packages/toolchain-xtensa-esp-elf/bin/../lib/gcc/xte
nsa-esp-elf/14.2.0/../../../../xtensa-esp-elf/bin/ld.exe: .pio/build/custom-st7
789-160x128/libbe2/NimBLE-Arduino/nimble/nimble/drivers/nrf5x/src/nrf52/phy.c.o
 and .pio/build/custom-st7789-160x128/FrameworkArduinoVariant/variant.cpp.o: 
warning: multiple common of `__gnu_lto_slim'
C:/Users/phamm/.platformio/packages/toolchain-xtensa-esp-elf/bin/../lib/gcc/xte
nsa-esp-elf/14.2.0/../../../../xtensa-esp-elf/bin/ld.exe: .pio/build/custom-st7
789-160x128/libbe2/NimBLE-Arduino/nimble/nimble/drivers/nrf5x/src/nrf53/phy.c.o
: plugin needed to handle lto object
C:/Users/phamm/.platformio/packages/toolchain-xtensa-esp-elf/bin/../lib/gcc/xte
nsa-esp-elf/14.2.0/../../../../xtensa-esp-elf/bin/ld.exe: .pio/build/custom-st7
789-160x128/libbe2/NimBLE-Arduino/nimble/nimble/drivers/nrf5x/src/nrf53/phy.c.o
: plugin needed to handle lto object
C:/Users/phamm/.platformio/packages/toolchain-xtensa-esp-elf/bin/../lib/gcc/xte
nsa-esp-elf/14.2.0/../../../../xtensa-esp-elf/bin/ld.exe: .pio/build/custom-st7
789-160x128/libbe2/NimBLE-Arduino/nimble/nimble/drivers/nrf5x/src/nrf53/phy.c.o
 and .pio/build/custom-st7789-160x128/FrameworkArduinoVariant/variant.cpp.o: 
warning: multiple common of `__gnu_lto_slim'
C:/Users/phamm/.platformio/packages/toolchain-xtensa-esp-elf/bin/../lib/gcc/xte
nsa-esp-elf/14.2.0/../../../../xtensa-esp-elf/bin/ld.exe: .pio/build/custom-st7
789-160x128/libbe2/NimBLE-Arduino/nimble/nimble/host/mesh/src/access.c.o: 
plugin needed to handle lto object
C:/Users/phamm/.platformio/packages/toolchain-xtensa-esp-elf/bin/../lib/gcc/xte
nsa-esp-elf/14.2.0/../../../../xtensa-esp-elf/bin/ld.exe: .pio/build/custom-st7
789-160x128/libbe2/NimBLE-Arduino/nimble/nimble/host/mesh/src/access.c.o: 
plugin needed to handle lto object
C:/Users/phamm/.platformio/packages/toolchain-xtensa-esp-elf/bin/../lib/gcc/xte
nsa-esp-elf/14.2.0/../../../../xtensa-esp-elf/bin/ld.exe: .pio/build/custom-st7
789-160x128/libbe2/NimBLE-Arduino/nimble/nimble/host/mesh/src/access.c.o and 
.pio/build/custom-st7789-160x128/FrameworkArduinoVariant/variant.cpp.o: 
warning: multiple common of `__gnu_lto_slim'
C:/Users/phamm/.platformio/packages/toolchain-xtensa-esp-elf/bin/../lib/gcc/xte
nsa-esp-elf/14.2.0/../../../../xtensa-esp-elf/bin/ld.exe: .pio/build/custom-st7
789-160x128/libbe2/NimBLE-Arduino/nimble/nimble/host/mesh/src/adv.c.o: plugin 
needed to handle lto object
C:/Users/phamm/.platformio/packages/toolchain-xtensa-esp-elf/bin/../lib/gcc/xte
nsa-esp-elf/14.2.0/../../../../xtensa-esp-elf/bin/ld.exe: .pio/build/custom-st7
789-160x128/libbe2/NimBLE-Arduino/nimble/nimble/host/mesh/src/adv.c.o: plugin 
needed to handle lto object
C:/Users/phamm/.platformio/packages/toolchain-xtensa-esp-elf/bin/../lib/gcc/xte
nsa-esp-elf/14.2.0/../../../../xtensa-esp-elf/bin/ld.exe: .pio/build/custom-st7
789-160x128/libbe2/NimBLE-Arduino/nimble/nimble/host/mesh/src/adv.c.o and 
.pio/build/custom-st7789-160x128/FrameworkArduinoVariant/variant.cpp.o: 
warning: multiple common of `__gnu_lto_slim'
C:/Users/phamm/.platformio/packages/toolchain-xtensa-esp-elf/bin/../lib/gcc/xte
nsa-esp-elf/14.2.0/../../../../xtensa-esp-elf/bin/ld.exe: .pio/build/custom-st7
789-160x128/libbe2/NimBLE-Arduino/nimble/nimble/host/mesh/src/adv_ext.c.o: 
plugin needed to handle lto object
C:/Users/phamm/.platformio/packages/toolchain-xtensa-esp-elf/bin/../lib/gcc/xte
nsa-esp-elf/14.2.0/../../../../xtensa-esp-elf/bin/ld.exe: .pio/build/custom-st7
789-160x128/libbe2/NimBLE-Arduino/nimble/nimble/host/mesh/src/adv_ext.c.o: 
plugin needed to handle lto object
C:/Users/phamm/.platformio/packages/toolchain-xtensa-esp-elf/bin/../lib/gcc/xte
nsa-esp-elf/14.2.0/../../../../xtensa-esp-elf/bin/ld.exe: .pio/build/custom-st7
789-160x128/libbe2/NimBLE-Arduino/nimble/nimble/host/mesh/src/adv_ext.c.o and 
.pio/build/custom-st7789-160x128/FrameworkArduinoVariant/variant.cpp.o: 
warning: multiple common of `__gnu_lto_slim'
C:/Users/phamm/.platformio/packages/toolchain-xtensa-esp-elf/bin/../lib/gcc/xte
nsa-esp-elf/14.2.0/../../../../xtensa-esp-elf/bin/ld.exe: .pio/build/custom-st7
789-160x128/libbe2/NimBLE-Arduino/nimble/nimble/host/mesh/src/adv_legacy.c.o: 
plugin needed to handle lto object
C:/Users/phamm/.platformio/packages/toolchain-xtensa-esp-elf/bin/../lib/gcc/xte
nsa-esp-elf/14.2.0/../../../../xtensa-esp-elf/bin/ld.exe: .pio/build/custom-st7
789-160x128/libbe2/NimBLE-Arduino/nimble/nimble/host/mesh/src/adv_legacy.c.o: 
plugin needed to handle lto object
C:/Users/phamm/.platformio/packages/toolchain-xtensa-esp-elf/bin/../lib/gcc/xte
nsa-esp-elf/14.2.0/../../../../xtensa-esp-elf/bin/ld.exe: .pio/build/custom-st7
789-160x128/libbe2/NimBLE-Arduino/nimble/nimble/host/mesh/src/adv_legacy.c.o 
and .pio/build/custom-st7789-160x128/FrameworkArduinoVariant/variant.cpp.o: 
warning: multiple common of `__gnu_lto_slim'
C:/Users/phamm/.platformio/packages/toolchain-xtensa-esp-elf/bin/../lib/gcc/xte
nsa-esp-elf/14.2.0/../../../../xtensa-esp-elf/bin/ld.exe: .pio/build/custom-st7
789-160x128/libbe2/NimBLE-Arduino/nimble/nimble/host/mesh/src/aes-ccm.c.o: 
plugin needed to handle lto object
C:/Users/phamm/.platformio/packages/toolchain-xtensa-esp-elf/bin/../lib/gcc/xte
nsa-esp-elf/14.2.0/../../../../xtensa-esp-elf/bin/ld.exe: .pio/build/custom-st7
789-160x128/libbe2/NimBLE-Arduino/nimble/nimble/host/mesh/src/aes-ccm.c.o: 
plugin needed to handle lto object
C:/Users/phamm/.platformio/packages/toolchain-xtensa-esp-elf/bin/../lib/gcc/xte
nsa-esp-elf/14.2.0/../../../../xtensa-esp-elf/bin/ld.exe: .pio/build/custom-st7
789-160x128/libbe2/NimBLE-Arduino/nimble/nimble/host/mesh/src/aes-ccm.c.o and 
.pio/build/custom-st7789-160x128/FrameworkArduinoVariant/variant.cpp.o: 
warning: multiple common of `__gnu_lto_slim'
C:/Users/phamm/.platformio/packages/toolchain-xtensa-esp-elf/bin/../lib/gcc/xte
nsa-esp-elf/14.2.0/../../../../xtensa-esp-elf/bin/ld.exe: .pio/build/custom-st7
789-160x128/libbe2/NimBLE-Arduino/nimble/nimble/host/mesh/src/app_keys.c.o: 
plugin needed to handle lto object
C:/Users/phamm/.platformio/packages/toolchain-xtensa-esp-elf/bin/../lib/gcc/xte
nsa-esp-elf/14.2.0/../../../../xtensa-esp-elf/bin/ld.exe: .pio/build/custom-st7
789-160x128/libbe2/NimBLE-Arduino/nimble/nimble/host/mesh/src/app_keys.c.o: 
plugin needed to handle lto object
C:/Users/phamm/.platformio/packages/toolchain-xtensa-esp-elf/bin/../lib/gcc/xte
nsa-esp-elf/14.2.0/../../../../xtensa-esp-elf/bin/ld.exe: .pio/build/custom-st7
789-160x128/libbe2/NimBLE-Arduino/nimble/nimble/host/mesh/src/app_keys.c.o and 
.pio/build/custom-st7789-160x128/FrameworkArduinoVariant/variant.cpp.o: 
warning: multiple common of `__gnu_lto_slim'
C:/Users/phamm/.platformio/packages/toolchain-xtensa-esp-elf/bin/../lib/gcc/xte
nsa-esp-elf/14.2.0/../../../../xtensa-esp-elf/bin/ld.exe: .pio/build/custom-st7
789-160x128/libbe2/NimBLE-Arduino/nimble/nimble/host/mesh/src/beacon.c.o: 
plugin needed to handle lto object
C:/Users/phamm/.platformio/packages/toolchain-xtensa-esp-elf/bin/../lib/gcc/xte
nsa-esp-elf/14.2.0/../../../../xtensa-esp-elf/bin/ld.exe: .pio/build/custom-st7
789-160x128/libbe2/NimBLE-Arduino/nimble/nimble/host/mesh/src/beacon.c.o: 
plugin needed to handle lto object
C:/Users/phamm/.platformio/packages/toolchain-xtensa-esp-elf/bin/../lib/gcc/xte
nsa-esp-elf/14.2.0/../../../../xtensa-esp-elf/bin/ld.exe: .pio/build/custom-st7
789-160x128/libbe2/NimBLE-Arduino/nimble/nimble/host/mesh/src/beacon.c.o and 
.pio/build/custom-st7789-160x128/FrameworkArduinoVariant/variant.cpp.o: 
warning: multiple common of `__gnu_lto_slim'
C:/Users/phamm/.platformio/packages/toolchain-xtensa-esp-elf/bin/../lib/gcc/xte
nsa-esp-elf/14.2.0/../../../../xtensa-esp-elf/bin/ld.exe: .pio/build/custom-st7
789-160x128/libbe2/NimBLE-Arduino/nimble/nimble/host/mesh/src/cdb.c.o: plugin 
needed to handle lto object
C:/Users/phamm/.platformio/packages/toolchain-xtensa-esp-elf/bin/../lib/gcc/xte
nsa-esp-elf/14.2.0/../../../../xtensa-esp-elf/bin/ld.exe: .pio/build/custom-st7
789-160x128/libbe2/NimBLE-Arduino/nimble/nimble/host/mesh/src/cdb.c.o: plugin 
needed to handle lto object
C:/Users/phamm/.platformio/packages/toolchain-xtensa-esp-elf/bin/../lib/gcc/xte
nsa-esp-elf/14.2.0/../../../../xtensa-esp-elf/bin/ld.exe: .pio/build/custom-st7
789-160x128/libbe2/NimBLE-Arduino/nimble/nimble/host/mesh/src/cdb.c.o and 
.pio/build/custom-st7789-160x128/FrameworkArduinoVariant/variant.cpp.o: 
warning: multiple common of `__gnu_lto_slim'
C:/Users/phamm/.platformio/packages/toolchain-xtensa-esp-elf/bin/../lib/gcc/xte
nsa-esp-elf/14.2.0/../../../../xtensa-esp-elf/bin/ld.exe: .pio/build/custom-st7
789-160x128/libbe2/NimBLE-Arduino/nimble/nimble/host/mesh/src/cfg.c.o: plugin 
needed to handle lto object
C:/Users/phamm/.platformio/packages/toolchain-xtensa-esp-elf/bin/../lib/gcc/xte
nsa-esp-elf/14.2.0/../../../../xtensa-esp-elf/bin/ld.exe: .pio/build/custom-st7
789-160x128/libbe2/NimBLE-Arduino/nimble/nimble/host/mesh/src/cfg.c.o: plugin 
needed to handle lto object
C:/Users/phamm/.platformio/packages/toolchain-xtensa-esp-elf/bin/../lib/gcc/xte
nsa-esp-elf/14.2.0/../../../../xtensa-esp-elf/bin/ld.exe: .pio/build/custom-st7
789-160x128/libbe2/NimBLE-Arduino/nimble/nimble/host/mesh/src/cfg.c.o and 
.pio/build/custom-st7789-160x128/FrameworkArduinoVariant/variant.cpp.o: 
warning: multiple common of `__gnu_lto_slim'
C:/Users/phamm/.platformio/packages/toolchain-xtensa-esp-elf/bin/../lib/gcc/xte
nsa-esp-elf/14.2.0/../../../../xtensa-esp-elf/bin/ld.exe: .pio/build/custom-st7
789-160x128/libbe2/NimBLE-Arduino/nimble/nimble/host/mesh/src/cfg_cli.c.o: 
plugin needed to handle lto object
C:/Users/phamm/.platformio/packages/toolchain-xtensa-esp-elf/bin/../lib/gcc/xte
nsa-esp-elf/14.2.0/../../../../xtensa-esp-elf/bin/ld.exe: .pio/build/custom-st7
789-160x128/libbe2/NimBLE-Arduino/nimble/nimble/host/mesh/src/cfg_cli.c.o: 
plugin needed to handle lto object
C:/Users/phamm/.platformio/packages/toolchain-xtensa-esp-elf/bin/../lib/gcc/xte
nsa-esp-elf/14.2.0/../../../../xtensa-esp-elf/bin/ld.exe: .pio/build/custom-st7
789-160x128/libbe2/NimBLE-Arduino/nimble/nimble/host/mesh/src/cfg_cli.c.o and 
.pio/build/custom-st7789-160x128/FrameworkArduinoVariant/variant.cpp.o: 
warning: multiple common of `__gnu_lto_slim'
C:/Users/phamm/.platformio/packages/toolchain-xtensa-esp-elf/bin/../lib/gcc/xte
nsa-esp-elf/14.2.0/../../../../xtensa-esp-elf/bin/ld.exe: .pio/build/custom-st7
789-160x128/libbe2/NimBLE-Arduino/nimble/nimble/host/mesh/src/cfg_srv.c.o: 
plugin needed to handle lto object
C:/Users/phamm/.platformio/packages/toolchain-xtensa-esp-elf/bin/../lib/gcc/xte
nsa-esp-elf/14.2.0/../../../../xtensa-esp-elf/bin/ld.exe: .pio/build/custom-st7
789-160x128/libbe2/NimBLE-Arduino/nimble/nimble/host/mesh/src/cfg_srv.c.o: 
plugin needed to handle lto object
C:/Users/phamm/.platformio/packages/toolchain-xtensa-esp-elf/bin/../lib/gcc/xte
nsa-esp-elf/14.2.0/../../../../xtensa-esp-elf/bin/ld.exe: .pio/build/custom-st7
789-160x128/libbe2/NimBLE-Arduino/nimble/nimble/host/mesh/src/cfg_srv.c.o and 
.pio/build/custom-st7789-160x128/FrameworkArduinoVariant/variant.cpp.o: 
warning: multiple common of `__gnu_lto_slim'
C:/Users/phamm/.platformio/packages/toolchain-xtensa-esp-elf/bin/../lib/gcc/xte
nsa-esp-elf/14.2.0/../../../../xtensa-esp-elf/bin/ld.exe: .pio/build/custom-st7
789-160x128/libbe2/NimBLE-Arduino/nimble/nimble/host/mesh/src/crypto.c.o: 
plugin needed to handle lto object
C:/Users/phamm/.platformio/packages/toolchain-xtensa-esp-elf/bin/../lib/gcc/xte
nsa-esp-elf/14.2.0/../../../../xtensa-esp-elf/bin/ld.exe: .pio/build/custom-st7
789-160x128/libbe2/NimBLE-Arduino/nimble/nimble/host/mesh/src/crypto.c.o: 
plugin needed to handle lto object
C:/Users/phamm/.platformio/packages/toolchain-xtensa-esp-elf/bin/../lib/gcc/xte
nsa-esp-elf/14.2.0/../../../../xtensa-esp-elf/bin/ld.exe: .pio/build/custom-st7
789-160x128/libbe2/NimBLE-Arduino/nimble/nimble/host/mesh/src/crypto.c.o and 
.pio/build/custom-st7789-160x128/FrameworkArduinoVariant/variant.cpp.o: 
warning: multiple common of `__gnu_lto_slim'
C:/Users/phamm/.platformio/packages/toolchain-xtensa-esp-elf/bin/../lib/gcc/xte
nsa-esp-elf/14.2.0/../../../../xtensa-esp-elf/bin/ld.exe: .pio/build/custom-st7
789-160x128/libbe2/NimBLE-Arduino/nimble/nimble/host/mesh/src/friend.c.o: 
plugin needed to handle lto object
C:/Users/phamm/.platformio/packages/toolchain-xtensa-esp-elf/bin/../lib/gcc/xte
nsa-esp-elf/14.2.0/../../../../xtensa-esp-elf/bin/ld.exe: .pio/build/custom-st7
789-160x128/libbe2/NimBLE-Arduino/nimble/nimble/host/mesh/src/friend.c.o: 
plugin needed to handle lto object
C:/Users/phamm/.platformio/packages/toolchain-xtensa-esp-elf/bin/../lib/gcc/xte
nsa-esp-elf/14.2.0/../../../../xtensa-esp-elf/bin/ld.exe: .pio/build/custom-st7
789-160x128/libbe2/NimBLE-Arduino/nimble/nimble/host/mesh/src/friend.c.o and 
.pio/build/custom-st7789-160x128/FrameworkArduinoVariant/variant.cpp.o: 
warning: multiple common of `__gnu_lto_slim'
C:/Users/phamm/.platformio/packages/toolchain-xtensa-esp-elf/bin/../lib/gcc/xte
nsa-esp-elf/14.2.0/../../../../xtensa-esp-elf/bin/ld.exe: .pio/build/custom-st7
789-160x128/libbe2/NimBLE-Arduino/nimble/nimble/host/mesh/src/glue.c.o: plugin 
needed to handle lto object
C:/Users/phamm/.platformio/packages/toolchain-xtensa-esp-elf/bin/../lib/gcc/xte
nsa-esp-elf/14.2.0/../../../../xtensa-esp-elf/bin/ld.exe: .pio/build/custom-st7
789-160x128/libbe2/NimBLE-Arduino/nimble/nimble/host/mesh/src/glue.c.o: plugin 
needed to handle lto object
C:/Users/phamm/.platformio/packages/toolchain-xtensa-esp-elf/bin/../lib/gcc/xte
nsa-esp-elf/14.2.0/../../../../xtensa-esp-elf/bin/ld.exe: .pio/build/custom-st7
789-160x128/libbe2/NimBLE-Arduino/nimble/nimble/host/mesh/src/glue.c.o and 
.pio/build/custom-st7789-160x128/FrameworkArduinoVariant/variant.cpp.o: 
warning: multiple common of `__gnu_lto_slim'
C:/Users/phamm/.platformio/packages/toolchain-xtensa-esp-elf/bin/../lib/gcc/xte
nsa-esp-elf/14.2.0/../../../../xtensa-esp-elf/bin/ld.exe: .pio/build/custom-st7
789-160x128/libbe2/NimBLE-Arduino/nimble/nimble/host/mesh/src/health_cli.c.o: 
plugin needed to handle lto object
C:/Users/phamm/.platformio/packages/toolchain-xtensa-esp-elf/bin/../lib/gcc/xte
nsa-esp-elf/14.2.0/../../../../xtensa-esp-elf/bin/ld.exe: .pio/build/custom-st7
789-160x128/libbe2/NimBLE-Arduino/nimble/nimble/host/mesh/src/health_cli.c.o: 
plugin needed to handle lto object
C:/Users/phamm/.platformio/packages/toolchain-xtensa-esp-elf/bin/../lib/gcc/xte
nsa-esp-elf/14.2.0/../../../../xtensa-esp-elf/bin/ld.exe: .pio/build/custom-st7
789-160x128/libbe2/NimBLE-Arduino/nimble/nimble/host/mesh/src/health_cli.c.o 
and .pio/build/custom-st7789-160x128/FrameworkArduinoVariant/variant.cpp.o: 
warning: multiple common of `__gnu_lto_slim'
C:/Users/phamm/.platformio/packages/toolchain-xtensa-esp-elf/bin/../lib/gcc/xte
nsa-esp-elf/14.2.0/../../../../xtensa-esp-elf/bin/ld.exe: .pio/build/custom-st7
789-160x128/libbe2/NimBLE-Arduino/nimble/nimble/host/mesh/src/health_srv.c.o: 
plugin needed to handle lto object
C:/Users/phamm/.platformio/packages/toolchain-xtensa-esp-elf/bin/../lib/gcc/xte
nsa-esp-elf/14.2.0/../../../../xtensa-esp-elf/bin/ld.exe: .pio/build/custom-st7
789-160x128/libbe2/NimBLE-Arduino/nimble/nimble/host/mesh/src/health_srv.c.o: 
plugin needed to handle lto object
C:/Users/phamm/.platformio/packages/toolchain-xtensa-esp-elf/bin/../lib/gcc/xte
nsa-esp-elf/14.2.0/../../../../xtensa-esp-elf/bin/ld.exe: .pio/build/custom-st7
789-160x128/libbe2/NimBLE-Arduino/nimble/nimble/host/mesh/src/health_srv.c.o 
and .pio/build/custom-st7789-160x128/FrameworkArduinoVariant/variant.cpp.o: 
warning: multiple common of `__gnu_lto_slim'
C:/Users/phamm/.platformio/packages/toolchain-xtensa-esp-elf/bin/../lib/gcc/xte
nsa-esp-elf/14.2.0/../../../../xtensa-esp-elf/bin/ld.exe: .pio/build/custom-st7
789-160x128/libbe2/NimBLE-Arduino/nimble/nimble/host/mesh/src/heartbeat.c.o: 
plugin needed to handle lto object
C:/Users/phamm/.platformio/packages/toolchain-xtensa-esp-elf/bin/../lib/gcc/xte
nsa-esp-elf/14.2.0/../../../../xtensa-esp-elf/bin/ld.exe: .pio/build/custom-st7
789-160x128/libbe2/NimBLE-Arduino/nimble/nimble/host/mesh/src/heartbeat.c.o: 
plugin needed to handle lto object
C:/Users/phamm/.platformio/packages/toolchain-xtensa-esp-elf/bin/../lib/gcc/xte
nsa-esp-elf/14.2.0/../../../../xtensa-esp-elf/bin/ld.exe: .pio/build/custom-st7
789-160x128/libbe2/NimBLE-Arduino/nimble/nimble/host/mesh/src/heartbeat.c.o 
and .pio/build/custom-st7789-160x128/FrameworkArduinoVariant/variant.cpp.o: 
warning: multiple common of `__gnu_lto_slim'
C:/Users/phamm/.platformio/packages/toolchain-xtensa-esp-elf/bin/../lib/gcc/xte
nsa-esp-elf/14.2.0/../../../../xtensa-esp-elf/bin/ld.exe: .pio/build/custom-st7
789-160x128/libbe2/NimBLE-Arduino/nimble/nimble/host/mesh/src/light_model.c.o: 
plugin needed to handle lto object
C:/Users/phamm/.platformio/packages/toolchain-xtensa-esp-elf/bin/../lib/gcc/xte
nsa-esp-elf/14.2.0/../../../../xtensa-esp-elf/bin/ld.exe: .pio/build/custom-st7
789-160x128/libbe2/NimBLE-Arduino/nimble/nimble/host/mesh/src/light_model.c.o: 
plugin needed to handle lto object
C:/Users/phamm/.platformio/packages/toolchain-xtensa-esp-elf/bin/../lib/gcc/xte
nsa-esp-elf/14.2.0/../../../../xtensa-esp-elf/bin/ld.exe: .pio/build/custom-st7
789-160x128/libbe2/NimBLE-Arduino/nimble/nimble/host/mesh/src/light_model.c.o 
and .pio/build/custom-st7789-160x128/FrameworkArduinoVariant/variant.cpp.o: 
warning: multiple common of `__gnu_lto_slim'
C:/Users/phamm/.platformio/packages/toolchain-xtensa-esp-elf/bin/../lib/gcc/xte
nsa-esp-elf/14.2.0/../../../../xtensa-esp-elf/bin/ld.exe: .pio/build/custom-st7
789-160x128/libbe2/NimBLE-Arduino/nimble/nimble/host/mesh/src/lpn.c.o: plugin 
needed to handle lto object
C:/Users/phamm/.platformio/packages/toolchain-xtensa-esp-elf/bin/../lib/gcc/xte
nsa-esp-elf/14.2.0/../../../../xtensa-esp-elf/bin/ld.exe: .pio/build/custom-st7
789-160x128/libbe2/NimBLE-Arduino/nimble/nimble/host/mesh/src/lpn.c.o: plugin 
needed to handle lto object
C:/Users/phamm/.platformio/packages/toolchain-xtensa-esp-elf/bin/../lib/gcc/xte
nsa-esp-elf/14.2.0/../../../../xtensa-esp-elf/bin/ld.exe: .pio/build/custom-st7
789-160x128/libbe2/NimBLE-Arduino/nimble/nimble/host/mesh/src/lpn.c.o and 
.pio/build/custom-st7789-160x128/FrameworkArduinoVariant/variant.cpp.o: 
warning: multiple common of `__gnu_lto_slim'
C:/Users/phamm/.platformio/packages/toolchain-xtensa-esp-elf/bin/../lib/gcc/xte
nsa-esp-elf/14.2.0/../../../../xtensa-esp-elf/bin/ld.exe: .pio/build/custom-st7
789-160x128/libbe2/NimBLE-Arduino/nimble/nimble/host/mesh/src/mesh.c.o: plugin 
needed to handle lto object
C:/Users/phamm/.platformio/packages/toolchain-xtensa-esp-elf/bin/../lib/gcc/xte
nsa-esp-elf/14.2.0/../../../../xtensa-esp-elf/bin/ld.exe: .pio/build/custom-st7
789-160x128/libbe2/NimBLE-Arduino/nimble/nimble/host/mesh/src/mesh.c.o: plugin 
needed to handle lto object
C:/Users/phamm/.platformio/packages/toolchain-xtensa-esp-elf/bin/../lib/gcc/xte
nsa-esp-elf/14.2.0/../../../../xtensa-esp-elf/bin/ld.exe: .pio/build/custom-st7
789-160x128/libbe2/NimBLE-Arduino/nimble/nimble/host/mesh/src/mesh.c.o and 
.pio/build/custom-st7789-160x128/FrameworkArduinoVariant/variant.cpp.o: 
warning: multiple common of `__gnu_lto_slim'
C:/Users/phamm/.platformio/packages/toolchain-xtensa-esp-elf/bin/../lib/gcc/xte
nsa-esp-elf/14.2.0/../../../../xtensa-esp-elf/bin/ld.exe: .pio/build/custom-st7
789-160x128/libbe2/NimBLE-Arduino/nimble/nimble/host/mesh/src/model_cli.c.o: 
plugin needed to handle lto object
C:/Users/phamm/.platformio/packages/toolchain-xtensa-esp-elf/bin/../lib/gcc/xte
nsa-esp-elf/14.2.0/../../../../xtensa-esp-elf/bin/ld.exe: .pio/build/custom-st7
789-160x128/libbe2/NimBLE-Arduino/nimble/nimble/host/mesh/src/model_cli.c.o: 
plugin needed to handle lto object
C:/Users/phamm/.platformio/packages/toolchain-xtensa-esp-elf/bin/../lib/gcc/xte
nsa-esp-elf/14.2.0/../../../../xtensa-esp-elf/bin/ld.exe: .pio/build/custom-st7
789-160x128/libbe2/NimBLE-Arduino/nimble/nimble/host/mesh/src/model_cli.c.o 
and .pio/build/custom-st7789-160x128/FrameworkArduinoVariant/variant.cpp.o: 
warning: multiple common of `__gnu_lto_slim'
C:/Users/phamm/.platformio/packages/toolchain-xtensa-esp-elf/bin/../lib/gcc/xte
nsa-esp-elf/14.2.0/../../../../xtensa-esp-elf/bin/ld.exe: .pio/build/custom-st7
789-160x128/libbe2/NimBLE-Arduino/nimble/nimble/host/mesh/src/model_srv.c.o: 
plugin needed to handle lto object
C:/Users/phamm/.platformio/packages/toolchain-xtensa-esp-elf/bin/../lib/gcc/xte
nsa-esp-elf/14.2.0/../../../../xtensa-esp-elf/bin/ld.exe: .pio/build/custom-st7
789-160x128/libbe2/NimBLE-Arduino/nimble/nimble/host/mesh/src/model_srv.c.o: 
plugin needed to handle lto object
C:/Users/phamm/.platformio/packages/toolchain-xtensa-esp-elf/bin/../lib/gcc/xte
nsa-esp-elf/14.2.0/../../../../xtensa-esp-elf/bin/ld.exe: .pio/build/custom-st7
789-160x128/libbe2/NimBLE-Arduino/nimble/nimble/host/mesh/src/model_srv.c.o 
and .pio/build/custom-st7789-160x128/FrameworkArduinoVariant/variant.cpp.o: 
warning: multiple common of `__gnu_lto_slim'
C:/Users/phamm/.platformio/packages/toolchain-xtensa-esp-elf/bin/../lib/gcc/xte
nsa-esp-elf/14.2.0/../../../../xtensa-esp-elf/bin/ld.exe: .pio/build/custom-st7
789-160x128/libbe2/NimBLE-Arduino/nimble/nimble/host/mesh/src/msg.c.o: plugin 
needed to handle lto object
C:/Users/phamm/.platformio/packages/toolchain-xtensa-esp-elf/bin/../lib/gcc/xte
nsa-esp-elf/14.2.0/../../../../xtensa-esp-elf/bin/ld.exe: .pio/build/custom-st7
789-160x128/libbe2/NimBLE-Arduino/nimble/nimble/host/mesh/src/msg.c.o: plugin 
needed to handle lto object
C:/Users/phamm/.platformio/packages/toolchain-xtensa-esp-elf/bin/../lib/gcc/xte
nsa-esp-elf/14.2.0/../../../../xtensa-esp-elf/bin/ld.exe: .pio/build/custom-st7
789-160x128/libbe2/NimBLE-Arduino/nimble/nimble/host/mesh/src/msg.c.o and 
.pio/build/custom-st7789-160x128/FrameworkArduinoVariant/variant.cpp.o: 
warning: multiple common of `__gnu_lto_slim'
C:/Users/phamm/.platformio/packages/toolchain-xtensa-esp-elf/bin/../lib/gcc/xte
nsa-esp-elf/14.2.0/../../../../xtensa-esp-elf/bin/ld.exe: .pio/build/custom-st7
789-160x128/libbe2/NimBLE-Arduino/nimble/nimble/host/mesh/src/net.c.o: plugin 
needed to handle lto object
C:/Users/phamm/.platformio/packages/toolchain-xtensa-esp-elf/bin/../lib/gcc/xte
nsa-esp-elf/14.2.0/../../../../xtensa-esp-elf/bin/ld.exe: .pio/build/custom-st7
789-160x128/libbe2/NimBLE-Arduino/nimble/nimble/host/mesh/src/net.c.o: plugin 
needed to handle lto object
C:/Users/phamm/.platformio/packages/toolchain-xtensa-esp-elf/bin/../lib/gcc/xte
nsa-esp-elf/14.2.0/../../../../xtensa-esp-elf/bin/ld.exe: .pio/build/custom-st7
789-160x128/libbe2/NimBLE-Arduino/nimble/nimble/host/mesh/src/net.c.o and 
.pio/build/custom-st7789-160x128/FrameworkArduinoVariant/variant.cpp.o: 
warning: multiple common of `__gnu_lto_slim'
C:/Users/phamm/.platformio/packages/toolchain-xtensa-esp-elf/bin/../lib/gcc/xte
nsa-esp-elf/14.2.0/../../../../xtensa-esp-elf/bin/ld.exe: .pio/build/custom-st7
789-160x128/libbe2/NimBLE-Arduino/nimble/nimble/host/mesh/src/pb_adv.c.o: 
plugin needed to handle lto object
C:/Users/phamm/.platformio/packages/toolchain-xtensa-esp-elf/bin/../lib/gcc/xte
nsa-esp-elf/14.2.0/../../../../xtensa-esp-elf/bin/ld.exe: .pio/build/custom-st7
789-160x128/libbe2/NimBLE-Arduino/nimble/nimble/host/mesh/src/pb_adv.c.o: 
plugin needed to handle lto object
C:/Users/phamm/.platformio/packages/toolchain-xtensa-esp-elf/bin/../lib/gcc/xte
nsa-esp-elf/14.2.0/../../../../xtensa-esp-elf/bin/ld.exe: .pio/build/custom-st7
789-160x128/libbe2/NimBLE-Arduino/nimble/nimble/host/mesh/src/pb_adv.c.o and 
.pio/build/custom-st7789-160x128/FrameworkArduinoVariant/variant.cpp.o: 
warning: multiple common of `__gnu_lto_slim'
C:/Users/phamm/.platformio/packages/toolchain-xtensa-esp-elf/bin/../lib/gcc/xte
nsa-esp-elf/14.2.0/../../../../xtensa-esp-elf/bin/ld.exe: .pio/build/custom-st7
789-160x128/libbe2/NimBLE-Arduino/nimble/nimble/host/mesh/src/pb_gatt.c.o: 
plugin needed to handle lto object
C:/Users/phamm/.platformio/packages/toolchain-xtensa-esp-elf/bin/../lib/gcc/xte
nsa-esp-elf/14.2.0/../../../../xtensa-esp-elf/bin/ld.exe: .pio/build/custom-st7
789-160x128/libbe2/NimBLE-Arduino/nimble/nimble/host/mesh/src/pb_gatt.c.o: 
plugin needed to handle lto object
C:/Users/phamm/.platformio/packages/toolchain-xtensa-esp-elf/bin/../lib/gcc/xte
nsa-esp-elf/14.2.0/../../../../xtensa-esp-elf/bin/ld.exe: .pio/build/custom-st7
789-160x128/libbe2/NimBLE-Arduino/nimble/nimble/host/mesh/src/pb_gatt.c.o and 
.pio/build/custom-st7789-160x128/FrameworkArduinoVariant/variant.cpp.o: 
warning: multiple common of `__gnu_lto_slim'
C:/Users/phamm/.platformio/packages/toolchain-xtensa-esp-elf/bin/../lib/gcc/xte
nsa-esp-elf/14.2.0/../../../../xtensa-esp-elf/bin/ld.exe: .pio/build/custom-st7
789-160x128/libbe2/NimBLE-Arduino/nimble/nimble/host/mesh/src/pb_gatt_srv.c.o: 
plugin needed to handle lto object
C:/Users/phamm/.platformio/packages/toolchain-xtensa-esp-elf/bin/../lib/gcc/xte
nsa-esp-elf/14.2.0/../../../../xtensa-esp-elf/bin/ld.exe: .pio/build/custom-st7
789-160x128/libbe2/NimBLE-Arduino/nimble/nimble/host/mesh/src/pb_gatt_srv.c.o: 
plugin needed to handle lto object
C:/Users/phamm/.platformio/packages/toolchain-xtensa-esp-elf/bin/../lib/gcc/xte
nsa-esp-elf/14.2.0/../../../../xtensa-esp-elf/bin/ld.exe: .pio/build/custom-st7
789-160x128/libbe2/NimBLE-Arduino/nimble/nimble/host/mesh/src/pb_gatt_srv.c.o 
and .pio/build/custom-st7789-160x128/FrameworkArduinoVariant/variant.cpp.o: 
warning: multiple common of `__gnu_lto_slim'
C:/Users/phamm/.platformio/packages/toolchain-xtensa-esp-elf/bin/../lib/gcc/xte
nsa-esp-elf/14.2.0/../../../../xtensa-esp-elf/bin/ld.exe: .pio/build/custom-st7
789-160x128/libbe2/NimBLE-Arduino/nimble/nimble/host/mesh/src/prov.c.o: plugin 
needed to handle lto object
C:/Users/phamm/.platformio/packages/toolchain-xtensa-esp-elf/bin/../lib/gcc/xte
nsa-esp-elf/14.2.0/../../../../xtensa-esp-elf/bin/ld.exe: .pio/build/custom-st7
789-160x128/libbe2/NimBLE-Arduino/nimble/nimble/host/mesh/src/prov.c.o: plugin 
needed to handle lto object
C:/Users/phamm/.platformio/packages/toolchain-xtensa-esp-elf/bin/../lib/gcc/xte
nsa-esp-elf/14.2.0/../../../../xtensa-esp-elf/bin/ld.exe: .pio/build/custom-st7
789-160x128/libbe2/NimBLE-Arduino/nimble/nimble/host/mesh/src/prov.c.o and 
.pio/build/custom-st7789-160x128/FrameworkArduinoVariant/variant.cpp.o: 
warning: multiple common of `__gnu_lto_slim'
C:/Users/phamm/.platformio/packages/toolchain-xtensa-esp-elf/bin/../lib/gcc/xte
nsa-esp-elf/14.2.0/../../../../xtensa-esp-elf/bin/ld.exe: .pio/build/custom-st7
789-160x128/libbe2/NimBLE-Arduino/nimble/nimble/host/mesh/src/prov_device.c.o: 
plugin needed to handle lto object
C:/Users/phamm/.platformio/packages/toolchain-xtensa-esp-elf/bin/../lib/gcc/xte
nsa-esp-elf/14.2.0/../../../../xtensa-esp-elf/bin/ld.exe: .pio/build/custom-st7
789-160x128/libbe2/NimBLE-Arduino/nimble/nimble/host/mesh/src/prov_device.c.o: 
plugin needed to handle lto object
C:/Users/phamm/.platformio/packages/toolchain-xtensa-esp-elf/bin/../lib/gcc/xte
nsa-esp-elf/14.2.0/../../../../xtensa-esp-elf/bin/ld.exe: .pio/build/custom-st7
789-160x128/libbe2/NimBLE-Arduino/nimble/nimble/host/mesh/src/prov_device.c.o 
and .pio/build/custom-st7789-160x128/FrameworkArduinoVariant/variant.cpp.o: 
warning: multiple common of `__gnu_lto_slim'
C:/Users/phamm/.platformio/packages/toolchain-xtensa-esp-elf/bin/../lib/gcc/xte
nsa-esp-elf/14.2.0/../../../../xtensa-esp-elf/bin/ld.exe: .pio/build/custom-st7
789-160x128/libbe2/NimBLE-Arduino/nimble/nimble/host/mesh/src/provisioner.c.o: 
plugin needed to handle lto object
C:/Users/phamm/.platformio/packages/toolchain-xtensa-esp-elf/bin/../lib/gcc/xte
nsa-esp-elf/14.2.0/../../../../xtensa-esp-elf/bin/ld.exe: .pio/build/custom-st7
789-160x128/libbe2/NimBLE-Arduino/nimble/nimble/host/mesh/src/provisioner.c.o: 
plugin needed to handle lto object
C:/Users/phamm/.platformio/packages/toolchain-xtensa-esp-elf/bin/../lib/gcc/xte
nsa-esp-elf/14.2.0/../../../../xtensa-esp-elf/bin/ld.exe: .pio/build/custom-st7
789-160x128/libbe2/NimBLE-Arduino/nimble/nimble/host/mesh/src/provisioner.c.o 
and .pio/build/custom-st7789-160x128/FrameworkArduinoVariant/variant.cpp.o: 
warning: multiple common of `__gnu_lto_slim'
C:/Users/phamm/.platformio/packages/toolchain-xtensa-esp-elf/bin/../lib/gcc/xte
nsa-esp-elf/14.2.0/../../../../xtensa-esp-elf/bin/ld.exe: .pio/build/custom-st7
789-160x128/libbe2/NimBLE-Arduino/nimble/nimble/host/mesh/src/proxy.c.o: 
plugin needed to handle lto object
C:/Users/phamm/.platformio/packages/toolchain-xtensa-esp-elf/bin/../lib/gcc/xte
nsa-esp-elf/14.2.0/../../../../xtensa-esp-elf/bin/ld.exe: .pio/build/custom-st7
789-160x128/libbe2/NimBLE-Arduino/nimble/nimble/host/mesh/src/proxy.c.o: 
plugin needed to handle lto object
C:/Users/phamm/.platformio/packages/toolchain-xtensa-esp-elf/bin/../lib/gcc/xte
nsa-esp-elf/14.2.0/../../../../xtensa-esp-elf/bin/ld.exe: .pio/build/custom-st7
789-160x128/libbe2/NimBLE-Arduino/nimble/nimble/host/mesh/src/proxy.c.o and 
.pio/build/custom-st7789-160x128/FrameworkArduinoVariant/variant.cpp.o: 
warning: multiple common of `__gnu_lto_slim'
C:/Users/phamm/.platformio/packages/toolchain-xtensa-esp-elf/bin/../lib/gcc/xte
nsa-esp-elf/14.2.0/../../../../xtensa-esp-elf/bin/ld.exe: .pio/build/custom-st7
789-160x128/libbe2/NimBLE-Arduino/nimble/nimble/host/mesh/src/proxy_msg.c.o: 
plugin needed to handle lto object
C:/Users/phamm/.platformio/packages/toolchain-xtensa-esp-elf/bin/../lib/gcc/xte
nsa-esp-elf/14.2.0/../../../../xtensa-esp-elf/bin/ld.exe: .pio/build/custom-st7
789-160x128/libbe2/NimBLE-Arduino/nimble/nimble/host/mesh/src/proxy_msg.c.o: 
plugin needed to handle lto object
C:/Users/phamm/.platformio/packages/toolchain-xtensa-esp-elf/bin/../lib/gcc/xte
nsa-esp-elf/14.2.0/../../../../xtensa-esp-elf/bin/ld.exe: .pio/build/custom-st7
789-160x128/libbe2/NimBLE-Arduino/nimble/nimble/host/mesh/src/proxy_msg.c.o 
and .pio/build/custom-st7789-160x128/FrameworkArduinoVariant/variant.cpp.o: 
warning: multiple common of `__gnu_lto_slim'
C:/Users/phamm/.platformio/packages/toolchain-xtensa-esp-elf/bin/../lib/gcc/xte
nsa-esp-elf/14.2.0/../../../../xtensa-esp-elf/bin/ld.exe: .pio/build/custom-st7
789-160x128/libbe2/NimBLE-Arduino/nimble/nimble/host/mesh/src/proxy_srv.c.o: 
plugin needed to handle lto object
C:/Users/phamm/.platformio/packages/toolchain-xtensa-esp-elf/bin/../lib/gcc/xte
nsa-esp-elf/14.2.0/../../../../xtensa-esp-elf/bin/ld.exe: .pio/build/custom-st7
789-160x128/libbe2/NimBLE-Arduino/nimble/nimble/host/mesh/src/proxy_srv.c.o: 
plugin needed to handle lto object
C:/Users/phamm/.platformio/packages/toolchain-xtensa-esp-elf/bin/../lib/gcc/xte
nsa-esp-elf/14.2.0/../../../../xtensa-esp-elf/bin/ld.exe: .pio/build/custom-st7
789-160x128/libbe2/NimBLE-Arduino/nimble/nimble/host/mesh/src/proxy_srv.c.o 
and .pio/build/custom-st7789-160x128/FrameworkArduinoVariant/variant.cpp.o: 
warning: multiple common of `__gnu_lto_slim'
C:/Users/phamm/.platformio/packages/toolchain-xtensa-esp-elf/bin/../lib/gcc/xte
nsa-esp-elf/14.2.0/../../../../xtensa-esp-elf/bin/ld.exe: .pio/build/custom-st7
789-160x128/libbe2/NimBLE-Arduino/nimble/nimble/host/mesh/src/rpl.c.o: plugin 
needed to handle lto object
C:/Users/phamm/.platformio/packages/toolchain-xtensa-esp-elf/bin/../lib/gcc/xte
nsa-esp-elf/14.2.0/../../../../xtensa-esp-elf/bin/ld.exe: .pio/build/custom-st7
789-160x128/libbe2/NimBLE-Arduino/nimble/nimble/host/mesh/src/rpl.c.o: plugin 
needed to handle lto object
C:/Users/phamm/.platformio/packages/toolchain-xtensa-esp-elf/bin/../lib/gcc/xte
nsa-esp-elf/14.2.0/../../../../xtensa-esp-elf/bin/ld.exe: .pio/build/custom-st7
789-160x128/libbe2/NimBLE-Arduino/nimble/nimble/host/mesh/src/rpl.c.o and 
.pio/build/custom-st7789-160x128/FrameworkArduinoVariant/variant.cpp.o: 
warning: multiple common of `__gnu_lto_slim'
C:/Users/phamm/.platformio/packages/toolchain-xtensa-esp-elf/bin/../lib/gcc/xte
nsa-esp-elf/14.2.0/../../../../xtensa-esp-elf/bin/ld.exe: .pio/build/custom-st7
789-160x128/libbe2/NimBLE-Arduino/nimble/nimble/host/mesh/src/settings.c.o: 
plugin needed to handle lto object
C:/Users/phamm/.platformio/packages/toolchain-xtensa-esp-elf/bin/../lib/gcc/xte
nsa-esp-elf/14.2.0/../../../../xtensa-esp-elf/bin/ld.exe: .pio/build/custom-st7
789-160x128/libbe2/NimBLE-Arduino/nimble/nimble/host/mesh/src/settings.c.o: 
plugin needed to handle lto object
C:/Users/phamm/.platformio/packages/toolchain-xtensa-esp-elf/bin/../lib/gcc/xte
nsa-esp-elf/14.2.0/../../../../xtensa-esp-elf/bin/ld.exe: .pio/build/custom-st7
789-160x128/libbe2/NimBLE-Arduino/nimble/nimble/host/mesh/src/settings.c.o and 
.pio/build/custom-st7789-160x128/FrameworkArduinoVariant/variant.cpp.o: 
warning: multiple common of `__gnu_lto_slim'
C:/Users/phamm/.platformio/packages/toolchain-xtensa-esp-elf/bin/../lib/gcc/xte
nsa-esp-elf/14.2.0/../../../../xtensa-esp-elf/bin/ld.exe: .pio/build/custom-st7
789-160x128/libbe2/NimBLE-Arduino/nimble/nimble/host/mesh/src/shell.c.o: 
plugin needed to handle lto object
C:/Users/phamm/.platformio/packages/toolchain-xtensa-esp-elf/bin/../lib/gcc/xte
nsa-esp-elf/14.2.0/../../../../xtensa-esp-elf/bin/ld.exe: .pio/build/custom-st7
789-160x128/libbe2/NimBLE-Arduino/nimble/nimble/host/mesh/src/shell.c.o: 
plugin needed to handle lto object
C:/Users/phamm/.platformio/packages/toolchain-xtensa-esp-elf/bin/../lib/gcc/xte
nsa-esp-elf/14.2.0/../../../../xtensa-esp-elf/bin/ld.exe: .pio/build/custom-st7
789-160x128/libbe2/NimBLE-Arduino/nimble/nimble/host/mesh/src/shell.c.o and 
.pio/build/custom-st7789-160x128/FrameworkArduinoVariant/variant.cpp.o: 
warning: multiple common of `__gnu_lto_slim'
C:/Users/phamm/.platformio/packages/toolchain-xtensa-esp-elf/bin/../lib/gcc/xte
nsa-esp-elf/14.2.0/../../../../xtensa-esp-elf/bin/ld.exe: .pio/build/custom-st7
789-160x128/libbe2/NimBLE-Arduino/nimble/nimble/host/mesh/src/subnet.c.o: 
plugin needed to handle lto object
C:/Users/phamm/.platformio/packages/toolchain-xtensa-esp-elf/bin/../lib/gcc/xte
nsa-esp-elf/14.2.0/../../../../xtensa-esp-elf/bin/ld.exe: .pio/build/custom-st7
789-160x128/libbe2/NimBLE-Arduino/nimble/nimble/host/mesh/src/subnet.c.o: 
plugin needed to handle lto object
C:/Users/phamm/.platformio/packages/toolchain-xtensa-esp-elf/bin/../lib/gcc/xte
nsa-esp-elf/14.2.0/../../../../xtensa-esp-elf/bin/ld.exe: .pio/build/custom-st7
789-160x128/libbe2/NimBLE-Arduino/nimble/nimble/host/mesh/src/subnet.c.o and 
.pio/build/custom-st7789-160x128/FrameworkArduinoVariant/variant.cpp.o: 
warning: multiple common of `__gnu_lto_slim'
C:/Users/phamm/.platformio/packages/toolchain-xtensa-esp-elf/bin/../lib/gcc/xte
nsa-esp-elf/14.2.0/../../../../xtensa-esp-elf/bin/ld.exe: .pio/build/custom-st7
789-160x128/libbe2/NimBLE-Arduino/nimble/nimble/host/mesh/src/testing.c.o: 
plugin needed to handle lto object
C:/Users/phamm/.platformio/packages/toolchain-xtensa-esp-elf/bin/../lib/gcc/xte
nsa-esp-elf/14.2.0/../../../../xtensa-esp-elf/bin/ld.exe: .pio/build/custom-st7
789-160x128/libbe2/NimBLE-Arduino/nimble/nimble/host/mesh/src/testing.c.o: 
plugin needed to handle lto object
C:/Users/phamm/.platformio/packages/toolchain-xtensa-esp-elf/bin/../lib/gcc/xte
nsa-esp-elf/14.2.0/../../../../xtensa-esp-elf/bin/ld.exe: .pio/build/custom-st7
789-160x128/libbe2/NimBLE-Arduino/nimble/nimble/host/mesh/src/testing.c.o and 
.pio/build/custom-st7789-160x128/FrameworkArduinoVariant/variant.cpp.o: 
warning: multiple common of `__gnu_lto_slim'
C:/Users/phamm/.platformio/packages/toolchain-xtensa-esp-elf/bin/../lib/gcc/xte
nsa-esp-elf/14.2.0/../../../../xtensa-esp-elf/bin/ld.exe: .pio/build/custom-st7
789-160x128/libbe2/NimBLE-Arduino/nimble/nimble/host/mesh/src/transport.c.o: 
plugin needed to handle lto object
C:/Users/phamm/.platformio/packages/toolchain-xtensa-esp-elf/bin/../lib/gcc/xte
nsa-esp-elf/14.2.0/../../../../xtensa-esp-elf/bin/ld.exe: .pio/build/custom-st7
789-160x128/libbe2/NimBLE-Arduino/nimble/nimble/host/mesh/src/transport.c.o: 
plugin needed to handle lto object
C:/Users/phamm/.platformio/packages/toolchain-xtensa-esp-elf/bin/../lib/gcc/xte
nsa-esp-elf/14.2.0/../../../../xtensa-esp-elf/bin/ld.exe: .pio/build/custom-st7
789-160x128/libbe2/NimBLE-Arduino/nimble/nimble/host/mesh/src/transport.c.o 
and .pio/build/custom-st7789-160x128/FrameworkArduinoVariant/variant.cpp.o: 
warning: multiple common of `__gnu_lto_slim'
C:/Users/phamm/.platformio/packages/toolchain-xtensa-esp-elf/bin/../lib/gcc/xte
nsa-esp-elf/14.2.0/../../../../xtensa-esp-elf/bin/ld.exe: .pio/build/custom-st7
789-160x128/libbe2/NimBLE-Arduino/nimble/nimble/host/services/gap/src/ble_svc_g
ap.c.o: plugin needed to handle lto object
C:/Users/phamm/.platformio/packages/toolchain-xtensa-esp-elf/bin/../lib/gcc/xte
nsa-esp-elf/14.2.0/../../../../xtensa-esp-elf/bin/ld.exe: .pio/build/custom-st7
789-160x128/libbe2/NimBLE-Arduino/nimble/nimble/host/services/gap/src/ble_svc_g
ap.c.o: plugin needed to handle lto object
C:/Users/phamm/.platformio/packages/toolchain-xtensa-esp-elf/bin/../lib/gcc/xte
nsa-esp-elf/14.2.0/../../../../xtensa-esp-elf/bin/ld.exe: .pio/build/custom-st7
789-160x128/libbe2/NimBLE-Arduino/nimble/nimble/host/services/gap/src/ble_svc_g
ap.c.o and 
.pio/build/custom-st7789-160x128/FrameworkArduinoVariant/variant.cpp.o: 
warning: multiple common of `__gnu_lto_slim'
C:/Users/phamm/.platformio/packages/toolchain-xtensa-esp-elf/bin/../lib/gcc/xte
nsa-esp-elf/14.2.0/../../../../xtensa-esp-elf/bin/ld.exe: .pio/build/custom-st7
789-160x128/libbe2/NimBLE-Arduino/nimble/nimble/host/services/gatt/src/ble_svc_
gatt.c.o: plugin needed to handle lto object
C:/Users/phamm/.platformio/packages/toolchain-xtensa-esp-elf/bin/../lib/gcc/xte
nsa-esp-elf/14.2.0/../../../../xtensa-esp-elf/bin/ld.exe: .pio/build/custom-st7
789-160x128/libbe2/NimBLE-Arduino/nimble/nimble/host/services/gatt/src/ble_svc_
gatt.c.o: plugin needed to handle lto object
C:/Users/phamm/.platformio/packages/toolchain-xtensa-esp-elf/bin/../lib/gcc/xte
nsa-esp-elf/14.2.0/../../../../xtensa-esp-elf/bin/ld.exe: .pio/build/custom-st7
789-160x128/libbe2/NimBLE-Arduino/nimble/nimble/host/services/gatt/src/ble_svc_
gatt.c.o and 
.pio/build/custom-st7789-160x128/FrameworkArduinoVariant/variant.cpp.o: 
warning: multiple common of `__gnu_lto_slim'
C:/Users/phamm/.platformio/packages/toolchain-xtensa-esp-elf/bin/../lib/gcc/xte
nsa-esp-elf/14.2.0/../../../../xtensa-esp-elf/bin/ld.exe: .pio/build/custom-st7
789-160x128/libbe2/NimBLE-Arduino/nimble/nimble/host/src/ble_aes_ccm.c.o: 
plugin needed to handle lto object
C:/Users/phamm/.platformio/packages/toolchain-xtensa-esp-elf/bin/../lib/gcc/xte
nsa-esp-elf/14.2.0/../../../../xtensa-esp-elf/bin/ld.exe: .pio/build/custom-st7
789-160x128/libbe2/NimBLE-Arduino/nimble/nimble/host/src/ble_aes_ccm.c.o: 
plugin needed to handle lto object
C:/Users/phamm/.platformio/packages/toolchain-xtensa-esp-elf/bin/../lib/gcc/xte
nsa-esp-elf/14.2.0/../../../../xtensa-esp-elf/bin/ld.exe: .pio/build/custom-st7
789-160x128/libbe2/NimBLE-Arduino/nimble/nimble/host/src/ble_aes_ccm.c.o and 
.pio/build/custom-st7789-160x128/FrameworkArduinoVariant/variant.cpp.o: 
warning: multiple common of `__gnu_lto_slim'
C:/Users/phamm/.platformio/packages/toolchain-xtensa-esp-elf/bin/../lib/gcc/xte
nsa-esp-elf/14.2.0/../../../../xtensa-esp-elf/bin/ld.exe: .pio/build/custom-st7
789-160x128/libbe2/NimBLE-Arduino/nimble/nimble/host/src/ble_att.c.o: plugin 
needed to handle lto object
C:/Users/phamm/.platformio/packages/toolchain-xtensa-esp-elf/bin/../lib/gcc/xte
nsa-esp-elf/14.2.0/../../../../xtensa-esp-elf/bin/ld.exe: .pio/build/custom-st7
789-160x128/libbe2/NimBLE-Arduino/nimble/nimble/host/src/ble_att.c.o: plugin 
needed to handle lto object
C:/Users/phamm/.platformio/packages/toolchain-xtensa-esp-elf/bin/../lib/gcc/xte
nsa-esp-elf/14.2.0/../../../../xtensa-esp-elf/bin/ld.exe: .pio/build/custom-st7
789-160x128/libbe2/NimBLE-Arduino/nimble/nimble/host/src/ble_att.c.o and 
.pio/build/custom-st7789-160x128/FrameworkArduinoVariant/variant.cpp.o: 
warning: multiple common of `__gnu_lto_slim'
C:/Users/phamm/.platformio/packages/toolchain-xtensa-esp-elf/bin/../lib/gcc/xte
nsa-esp-elf/14.2.0/../../../../xtensa-esp-elf/bin/ld.exe: .pio/build/custom-st7
789-160x128/libbe2/NimBLE-Arduino/nimble/nimble/host/src/ble_att_clt.c.o: 
plugin needed to handle lto object
C:/Users/phamm/.platformio/packages/toolchain-xtensa-esp-elf/bin/../lib/gcc/xte
nsa-esp-elf/14.2.0/../../../../xtensa-esp-elf/bin/ld.exe: .pio/build/custom-st7
789-160x128/libbe2/NimBLE-Arduino/nimble/nimble/host/src/ble_att_clt.c.o: 
plugin needed to handle lto object
C:/Users/phamm/.platformio/packages/toolchain-xtensa-esp-elf/bin/../lib/gcc/xte
nsa-esp-elf/14.2.0/../../../../xtensa-esp-elf/bin/ld.exe: .pio/build/custom-st7
789-160x128/libbe2/NimBLE-Arduino/nimble/nimble/host/src/ble_att_clt.c.o and 
.pio/build/custom-st7789-160x128/FrameworkArduinoVariant/variant.cpp.o: 
warning: multiple common of `__gnu_lto_slim'
C:/Users/phamm/.platformio/packages/toolchain-xtensa-esp-elf/bin/../lib/gcc/xte
nsa-esp-elf/14.2.0/../../../../xtensa-esp-elf/bin/ld.exe: .pio/build/custom-st7
789-160x128/libbe2/NimBLE-Arduino/nimble/nimble/host/src/ble_att_cmd.c.o: 
plugin needed to handle lto object
C:/Users/phamm/.platformio/packages/toolchain-xtensa-esp-elf/bin/../lib/gcc/xte
nsa-esp-elf/14.2.0/../../../../xtensa-esp-elf/bin/ld.exe: .pio/build/custom-st7
789-160x128/libbe2/NimBLE-Arduino/nimble/nimble/host/src/ble_att_cmd.c.o: 
plugin needed to handle lto object
C:/Users/phamm/.platformio/packages/toolchain-xtensa-esp-elf/bin/../lib/gcc/xte
nsa-esp-elf/14.2.0/../../../../xtensa-esp-elf/bin/ld.exe: .pio/build/custom-st7
789-160x128/libbe2/NimBLE-Arduino/nimble/nimble/host/src/ble_att_cmd.c.o and 
.pio/build/custom-st7789-160x128/FrameworkArduinoVariant/variant.cpp.o: 
warning: multiple common of `__gnu_lto_slim'
C:/Users/phamm/.platformio/packages/toolchain-xtensa-esp-elf/bin/../lib/gcc/xte
nsa-esp-elf/14.2.0/../../../../xtensa-esp-elf/bin/ld.exe: .pio/build/custom-st7
789-160x128/libbe2/NimBLE-Arduino/nimble/nimble/host/src/ble_att_svr.c.o: 
plugin needed to handle lto object
C:/Users/phamm/.platformio/packages/toolchain-xtensa-esp-elf/bin/../lib/gcc/xte
nsa-esp-elf/14.2.0/../../../../xtensa-esp-elf/bin/ld.exe: .pio/build/custom-st7
789-160x128/libbe2/NimBLE-Arduino/nimble/nimble/host/src/ble_att_svr.c.o: 
plugin needed to handle lto object
C:/Users/phamm/.platformio/packages/toolchain-xtensa-esp-elf/bin/../lib/gcc/xte
nsa-esp-elf/14.2.0/../../../../xtensa-esp-elf/bin/ld.exe: .pio/build/custom-st7
789-160x128/libbe2/NimBLE-Arduino/nimble/nimble/host/src/ble_att_svr.c.o and 
.pio/build/custom-st7789-160x128/FrameworkArduinoVariant/variant.cpp.o: 
warning: multiple common of `__gnu_lto_slim'
C:/Users/phamm/.platformio/packages/toolchain-xtensa-esp-elf/bin/../lib/gcc/xte
nsa-esp-elf/14.2.0/../../../../xtensa-esp-elf/bin/ld.exe: .pio/build/custom-st7
789-160x128/libbe2/NimBLE-Arduino/nimble/nimble/host/src/ble_dtm.c.o: plugin 
needed to handle lto object
C:/Users/phamm/.platformio/packages/toolchain-xtensa-esp-elf/bin/../lib/gcc/xte
nsa-esp-elf/14.2.0/../../../../xtensa-esp-elf/bin/ld.exe: .pio/build/custom-st7
789-160x128/libbe2/NimBLE-Arduino/nimble/nimble/host/src/ble_dtm.c.o: plugin 
needed to handle lto object
C:/Users/phamm/.platformio/packages/toolchain-xtensa-esp-elf/bin/../lib/gcc/xte
nsa-esp-elf/14.2.0/../../../../xtensa-esp-elf/bin/ld.exe: .pio/build/custom-st7
789-160x128/libbe2/NimBLE-Arduino/nimble/nimble/host/src/ble_dtm.c.o and 
.pio/build/custom-st7789-160x128/FrameworkArduinoVariant/variant.cpp.o: 
warning: multiple common of `__gnu_lto_slim'
C:/Users/phamm/.platformio/packages/toolchain-xtensa-esp-elf/bin/../lib/gcc/xte
nsa-esp-elf/14.2.0/../../../../xtensa-esp-elf/bin/ld.exe: .pio/build/custom-st7
789-160x128/libbe2/NimBLE-Arduino/nimble/nimble/host/src/ble_ead.c.o: plugin 
needed to handle lto object
C:/Users/phamm/.platformio/packages/toolchain-xtensa-esp-elf/bin/../lib/gcc/xte
nsa-esp-elf/14.2.0/../../../../xtensa-esp-elf/bin/ld.exe: .pio/build/custom-st7
789-160x128/libbe2/NimBLE-Arduino/nimble/nimble/host/src/ble_ead.c.o: plugin 
needed to handle lto object
C:/Users/phamm/.platformio/packages/toolchain-xtensa-esp-elf/bin/../lib/gcc/xte
nsa-esp-elf/14.2.0/../../../../xtensa-esp-elf/bin/ld.exe: .pio/build/custom-st7
789-160x128/libbe2/NimBLE-Arduino/nimble/nimble/host/src/ble_ead.c.o and 
.pio/build/custom-st7789-160x128/FrameworkArduinoVariant/variant.cpp.o: 
warning: multiple common of `__gnu_lto_slim'
C:/Users/phamm/.platformio/packages/toolchain-xtensa-esp-elf/bin/../lib/gcc/xte
nsa-esp-elf/14.2.0/../../../../xtensa-esp-elf/bin/ld.exe: .pio/build/custom-st7
789-160x128/libbe2/NimBLE-Arduino/nimble/nimble/host/src/ble_eatt.c.o: plugin 
needed to handle lto object
C:/Users/phamm/.platformio/packages/toolchain-xtensa-esp-elf/bin/../lib/gcc/xte
nsa-esp-elf/14.2.0/../../../../xtensa-esp-elf/bin/ld.exe: .pio/build/custom-st7
789-160x128/libbe2/NimBLE-Arduino/nimble/nimble/host/src/ble_eatt.c.o: plugin 
needed to handle lto object
C:/Users/phamm/.platformio/packages/toolchain-xtensa-esp-elf/bin/../lib/gcc/xte
nsa-esp-elf/14.2.0/../../../../xtensa-esp-elf/bin/ld.exe: .pio/build/custom-st7
789-160x128/libbe2/NimBLE-Arduino/nimble/nimble/host/src/ble_eatt.c.o and 
.pio/build/custom-st7789-160x128/FrameworkArduinoVariant/variant.cpp.o: 
warning: multiple common of `__gnu_lto_slim'
C:/Users/phamm/.platformio/packages/toolchain-xtensa-esp-elf/bin/../lib/gcc/xte
nsa-esp-elf/14.2.0/../../../../xtensa-esp-elf/bin/ld.exe: .pio/build/custom-st7
789-160x128/libbe2/NimBLE-Arduino/nimble/nimble/host/src/ble_eddystone.c.o: 
plugin needed to handle lto object
C:/Users/phamm/.platformio/packages/toolchain-xtensa-esp-elf/bin/../lib/gcc/xte
nsa-esp-elf/14.2.0/../../../../xtensa-esp-elf/bin/ld.exe: .pio/build/custom-st7
789-160x128/libbe2/NimBLE-Arduino/nimble/nimble/host/src/ble_eddystone.c.o: 
plugin needed to handle lto object
C:/Users/phamm/.platformio/packages/toolchain-xtensa-esp-elf/bin/../lib/gcc/xte
nsa-esp-elf/14.2.0/../../../../xtensa-esp-elf/bin/ld.exe: .pio/build/custom-st7
789-160x128/libbe2/NimBLE-Arduino/nimble/nimble/host/src/ble_eddystone.c.o and 
.pio/build/custom-st7789-160x128/FrameworkArduinoVariant/variant.cpp.o: 
warning: multiple common of `__gnu_lto_slim'
C:/Users/phamm/.platformio/packages/toolchain-xtensa-esp-elf/bin/../lib/gcc/xte
nsa-esp-elf/14.2.0/../../../../xtensa-esp-elf/bin/ld.exe: .pio/build/custom-st7
789-160x128/libbe2/NimBLE-Arduino/nimble/nimble/host/src/ble_gap.c.o: plugin 
needed to handle lto object
C:/Users/phamm/.platformio/packages/toolchain-xtensa-esp-elf/bin/../lib/gcc/xte
nsa-esp-elf/14.2.0/../../../../xtensa-esp-elf/bin/ld.exe: .pio/build/custom-st7
789-160x128/libbe2/NimBLE-Arduino/nimble/nimble/host/src/ble_gap.c.o: plugin 
needed to handle lto object
C:/Users/phamm/.platformio/packages/toolchain-xtensa-esp-elf/bin/../lib/gcc/xte
nsa-esp-elf/14.2.0/../../../../xtensa-esp-elf/bin/ld.exe: .pio/build/custom-st7
789-160x128/libbe2/NimBLE-Arduino/nimble/nimble/host/src/ble_gap.c.o and 
.pio/build/custom-st7789-160x128/FrameworkArduinoVariant/variant.cpp.o: 
warning: multiple common of `__gnu_lto_slim'
C:/Users/phamm/.platformio/packages/toolchain-xtensa-esp-elf/bin/../lib/gcc/xte
nsa-esp-elf/14.2.0/../../../../xtensa-esp-elf/bin/ld.exe: .pio/build/custom-st7
789-160x128/libbe2/NimBLE-Arduino/nimble/nimble/host/src/ble_gattc.c.o: plugin 
needed to handle lto object
C:/Users/phamm/.platformio/packages/toolchain-xtensa-esp-elf/bin/../lib/gcc/xte
nsa-esp-elf/14.2.0/../../../../xtensa-esp-elf/bin/ld.exe: .pio/build/custom-st7
789-160x128/libbe2/NimBLE-Arduino/nimble/nimble/host/src/ble_gattc.c.o: plugin 
needed to handle lto object
C:/Users/phamm/.platformio/packages/toolchain-xtensa-esp-elf/bin/../lib/gcc/xte
nsa-esp-elf/14.2.0/../../../../xtensa-esp-elf/bin/ld.exe: .pio/build/custom-st7
789-160x128/libbe2/NimBLE-Arduino/nimble/nimble/host/src/ble_gattc.c.o and 
.pio/build/custom-st7789-160x128/FrameworkArduinoVariant/variant.cpp.o: 
warning: multiple common of `__gnu_lto_slim'
C:/Users/phamm/.platformio/packages/toolchain-xtensa-esp-elf/bin/../lib/gcc/xte
nsa-esp-elf/14.2.0/../../../../xtensa-esp-elf/bin/ld.exe: .pio/build/custom-st7
789-160x128/libbe2/NimBLE-Arduino/nimble/nimble/host/src/ble_gattc_cache.c.o: 
plugin needed to handle lto object
C:/Users/phamm/.platformio/packages/toolchain-xtensa-esp-elf/bin/../lib/gcc/xte
nsa-esp-elf/14.2.0/../../../../xtensa-esp-elf/bin/ld.exe: .pio/build/custom-st7
789-160x128/libbe2/NimBLE-Arduino/nimble/nimble/host/src/ble_gattc_cache.c.o: 
plugin needed to handle lto object
C:/Users/phamm/.platformio/packages/toolchain-xtensa-esp-elf/bin/../lib/gcc/xte
nsa-esp-elf/14.2.0/../../../../xtensa-esp-elf/bin/ld.exe: .pio/build/custom-st7
789-160x128/libbe2/NimBLE-Arduino/nimble/nimble/host/src/ble_gattc_cache.c.o 
and .pio/build/custom-st7789-160x128/FrameworkArduinoVariant/variant.cpp.o: 
warning: multiple common of `__gnu_lto_slim'
C:/Users/phamm/.platformio/packages/toolchain-xtensa-esp-elf/bin/../lib/gcc/xte
nsa-esp-elf/14.2.0/../../../../xtensa-esp-elf/bin/ld.exe: .pio/build/custom-st7
789-160x128/libbe2/NimBLE-Arduino/nimble/nimble/host/src/ble_gattc_cache_conn.c
.o: plugin needed to handle lto object
C:/Users/phamm/.platformio/packages/toolchain-xtensa-esp-elf/bin/../lib/gcc/xte
nsa-esp-elf/14.2.0/../../../../xtensa-esp-elf/bin/ld.exe: .pio/build/custom-st7
789-160x128/libbe2/NimBLE-Arduino/nimble/nimble/host/src/ble_gattc_cache_conn.c
.o: plugin needed to handle lto object
C:/Users/phamm/.platformio/packages/toolchain-xtensa-esp-elf/bin/../lib/gcc/xte
nsa-esp-elf/14.2.0/../../../../xtensa-esp-elf/bin/ld.exe: .pio/build/custom-st7
789-160x128/libbe2/NimBLE-Arduino/nimble/nimble/host/src/ble_gattc_cache_conn.c
.o and .pio/build/custom-st7789-160x128/FrameworkArduinoVariant/variant.cpp.o: 
warning: multiple common of `__gnu_lto_slim'
C:/Users/phamm/.platformio/packages/toolchain-xtensa-esp-elf/bin/../lib/gcc/xte
nsa-esp-elf/14.2.0/../../../../xtensa-esp-elf/bin/ld.exe: .pio/build/custom-st7
789-160x128/libbe2/NimBLE-Arduino/nimble/nimble/host/src/ble_gatts.c.o: plugin 
needed to handle lto object
C:/Users/phamm/.platformio/packages/toolchain-xtensa-esp-elf/bin/../lib/gcc/xte
nsa-esp-elf/14.2.0/../../../../xtensa-esp-elf/bin/ld.exe: .pio/build/custom-st7
789-160x128/libbe2/NimBLE-Arduino/nimble/nimble/host/src/ble_gatts.c.o: plugin 
needed to handle lto object
C:/Users/phamm/.platformio/packages/toolchain-xtensa-esp-elf/bin/../lib/gcc/xte
nsa-esp-elf/14.2.0/../../../../xtensa-esp-elf/bin/ld.exe: .pio/build/custom-st7
789-160x128/libbe2/NimBLE-Arduino/nimble/nimble/host/src/ble_gatts.c.o and 
.pio/build/custom-st7789-160x128/FrameworkArduinoVariant/variant.cpp.o: 
warning: multiple common of `__gnu_lto_slim'
C:/Users/phamm/.platformio/packages/toolchain-xtensa-esp-elf/bin/../lib/gcc/xte
nsa-esp-elf/14.2.0/../../../../xtensa-esp-elf/bin/ld.exe: .pio/build/custom-st7
789-160x128/libbe2/NimBLE-Arduino/nimble/nimble/host/src/ble_gatts_lcl.c.o: 
plugin needed to handle lto object
C:/Users/phamm/.platformio/packages/toolchain-xtensa-esp-elf/bin/../lib/gcc/xte
nsa-esp-elf/14.2.0/../../../../xtensa-esp-elf/bin/ld.exe: .pio/build/custom-st7
789-160x128/libbe2/NimBLE-Arduino/nimble/nimble/host/src/ble_gatts_lcl.c.o: 
plugin needed to handle lto object
C:/Users/phamm/.platformio/packages/toolchain-xtensa-esp-elf/bin/../lib/gcc/xte
nsa-esp-elf/14.2.0/../../../../xtensa-esp-elf/bin/ld.exe: .pio/build/custom-st7
789-160x128/libbe2/NimBLE-Arduino/nimble/nimble/host/src/ble_gatts_lcl.c.o and 
.pio/build/custom-st7789-160x128/FrameworkArduinoVariant/variant.cpp.o: 
warning: multiple common of `__gnu_lto_slim'
C:/Users/phamm/.platformio/packages/toolchain-xtensa-esp-elf/bin/../lib/gcc/xte
nsa-esp-elf/14.2.0/../../../../xtensa-esp-elf/bin/ld.exe: .pio/build/custom-st7
789-160x128/libbe2/NimBLE-Arduino/nimble/nimble/host/src/ble_hs.c.o: plugin 
needed to handle lto object
C:/Users/phamm/.platformio/packages/toolchain-xtensa-esp-elf/bin/../lib/gcc/xte
nsa-esp-elf/14.2.0/../../../../xtensa-esp-elf/bin/ld.exe: .pio/build/custom-st7
789-160x128/libbe2/NimBLE-Arduino/nimble/nimble/host/src/ble_hs.c.o: plugin 
needed to handle lto object
C:/Users/phamm/.platformio/packages/toolchain-xtensa-esp-elf/bin/../lib/gcc/xte
nsa-esp-elf/14.2.0/../../../../xtensa-esp-elf/bin/ld.exe: .pio/build/custom-st7
789-160x128/libbe2/NimBLE-Arduino/nimble/nimble/host/src/ble_hs.c.o and 
.pio/build/custom-st7789-160x128/FrameworkArduinoVariant/variant.cpp.o: 
warning: multiple common of `__gnu_lto_slim'
C:/Users/phamm/.platformio/packages/toolchain-xtensa-esp-elf/bin/../lib/gcc/xte
nsa-esp-elf/14.2.0/../../../../xtensa-esp-elf/bin/ld.exe: .pio/build/custom-st7
789-160x128/libbe2/NimBLE-Arduino/nimble/nimble/host/src/ble_hs_adv.c.o: 
plugin needed to handle lto object
C:/Users/phamm/.platformio/packages/toolchain-xtensa-esp-elf/bin/../lib/gcc/xte
nsa-esp-elf/14.2.0/../../../../xtensa-esp-elf/bin/ld.exe: .pio/build/custom-st7
789-160x128/libbe2/NimBLE-Arduino/nimble/nimble/host/src/ble_hs_adv.c.o: 
plugin needed to handle lto object
C:/Users/phamm/.platformio/packages/toolchain-xtensa-esp-elf/bin/../lib/gcc/xte
nsa-esp-elf/14.2.0/../../../../xtensa-esp-elf/bin/ld.exe: .pio/build/custom-st7
789-160x128/libbe2/NimBLE-Arduino/nimble/nimble/host/src/ble_hs_adv.c.o and 
.pio/build/custom-st7789-160x128/FrameworkArduinoVariant/variant.cpp.o: 
warning: multiple common of `__gnu_lto_slim'
C:/Users/phamm/.platformio/packages/toolchain-xtensa-esp-elf/bin/../lib/gcc/xte
nsa-esp-elf/14.2.0/../../../../xtensa-esp-elf/bin/ld.exe: .pio/build/custom-st7
789-160x128/libbe2/NimBLE-Arduino/nimble/nimble/host/src/ble_hs_atomic.c.o: 
plugin needed to handle lto object
C:/Users/phamm/.platformio/packages/toolchain-xtensa-esp-elf/bin/../lib/gcc/xte
nsa-esp-elf/14.2.0/../../../../xtensa-esp-elf/bin/ld.exe: .pio/build/custom-st7
789-160x128/libbe2/NimBLE-Arduino/nimble/nimble/host/src/ble_hs_atomic.c.o: 
plugin needed to handle lto object
C:/Users/phamm/.platformio/packages/toolchain-xtensa-esp-elf/bin/../lib/gcc/xte
nsa-esp-elf/14.2.0/../../../../xtensa-esp-elf/bin/ld.exe: .pio/build/custom-st7
789-160x128/libbe2/NimBLE-Arduino/nimble/nimble/host/src/ble_hs_atomic.c.o and 
.pio/build/custom-st7789-160x128/FrameworkArduinoVariant/variant.cpp.o: 
warning: multiple common of `__gnu_lto_slim'
C:/Users/phamm/.platformio/packages/toolchain-xtensa-esp-elf/bin/../lib/gcc/xte
nsa-esp-elf/14.2.0/../../../../xtensa-esp-elf/bin/ld.exe: .pio/build/custom-st7
789-160x128/libbe2/NimBLE-Arduino/nimble/nimble/host/src/ble_hs_cfg.c.o: 
plugin needed to handle lto object
C:/Users/phamm/.platformio/packages/toolchain-xtensa-esp-elf/bin/../lib/gcc/xte
nsa-esp-elf/14.2.0/../../../../xtensa-esp-elf/bin/ld.exe: .pio/build/custom-st7
789-160x128/libbe2/NimBLE-Arduino/nimble/nimble/host/src/ble_hs_cfg.c.o: 
plugin needed to handle lto object
C:/Users/phamm/.platformio/packages/toolchain-xtensa-esp-elf/bin/../lib/gcc/xte
nsa-esp-elf/14.2.0/../../../../xtensa-esp-elf/bin/ld.exe: .pio/build/custom-st7
789-160x128/libbe2/NimBLE-Arduino/nimble/nimble/host/src/ble_hs_cfg.c.o and 
.pio/build/custom-st7789-160x128/FrameworkArduinoVariant/variant.cpp.o: 
warning: multiple common of `__gnu_lto_slim'
C:/Users/phamm/.platformio/packages/toolchain-xtensa-esp-elf/bin/../lib/gcc/xte
nsa-esp-elf/14.2.0/../../../../xtensa-esp-elf/bin/ld.exe: .pio/build/custom-st7
789-160x128/libbe2/NimBLE-Arduino/nimble/nimble/host/src/ble_hs_conn.c.o: 
plugin needed to handle lto object
C:/Users/phamm/.platformio/packages/toolchain-xtensa-esp-elf/bin/../lib/gcc/xte
nsa-esp-elf/14.2.0/../../../../xtensa-esp-elf/bin/ld.exe: .pio/build/custom-st7
789-160x128/libbe2/NimBLE-Arduino/nimble/nimble/host/src/ble_hs_conn.c.o: 
plugin needed to handle lto object
C:/Users/phamm/.platformio/packages/toolchain-xtensa-esp-elf/bin/../lib/gcc/xte
nsa-esp-elf/14.2.0/../../../../xtensa-esp-elf/bin/ld.exe: .pio/build/custom-st7
789-160x128/libbe2/NimBLE-Arduino/nimble/nimble/host/src/ble_hs_conn.c.o and 
.pio/build/custom-st7789-160x128/FrameworkArduinoVariant/variant.cpp.o: 
warning: multiple common of `__gnu_lto_slim'
C:/Users/phamm/.platformio/packages/toolchain-xtensa-esp-elf/bin/../lib/gcc/xte
nsa-esp-elf/14.2.0/../../../../xtensa-esp-elf/bin/ld.exe: .pio/build/custom-st7
789-160x128/libbe2/NimBLE-Arduino/nimble/nimble/host/src/ble_hs_flow.c.o: 
plugin needed to handle lto object
C:/Users/phamm/.platformio/packages/toolchain-xtensa-esp-elf/bin/../lib/gcc/xte
nsa-esp-elf/14.2.0/../../../../xtensa-esp-elf/bin/ld.exe: .pio/build/custom-st7
789-160x128/libbe2/NimBLE-Arduino/nimble/nimble/host/src/ble_hs_flow.c.o: 
plugin needed to handle lto object
C:/Users/phamm/.platformio/packages/toolchain-xtensa-esp-elf/bin/../lib/gcc/xte
nsa-esp-elf/14.2.0/../../../../xtensa-esp-elf/bin/ld.exe: .pio/build/custom-st7
789-160x128/libbe2/NimBLE-Arduino/nimble/nimble/host/src/ble_hs_flow.c.o and 
.pio/build/custom-st7789-160x128/FrameworkArduinoVariant/variant.cpp.o: 
warning: multiple common of `__gnu_lto_slim'
C:/Users/phamm/.platformio/packages/toolchain-xtensa-esp-elf/bin/../lib/gcc/xte
nsa-esp-elf/14.2.0/../../../../xtensa-esp-elf/bin/ld.exe: .pio/build/custom-st7
789-160x128/libbe2/NimBLE-Arduino/nimble/nimble/host/src/ble_hs_hci.c.o: 
plugin needed to handle lto object
C:/Users/phamm/.platformio/packages/toolchain-xtensa-esp-elf/bin/../lib/gcc/xte
nsa-esp-elf/14.2.0/../../../../xtensa-esp-elf/bin/ld.exe: .pio/build/custom-st7
789-160x128/libbe2/NimBLE-Arduino/nimble/nimble/host/src/ble_hs_hci.c.o: 
plugin needed to handle lto object
C:/Users/phamm/.platformio/packages/toolchain-xtensa-esp-elf/bin/../lib/gcc/xte
nsa-esp-elf/14.2.0/../../../../xtensa-esp-elf/bin/ld.exe: .pio/build/custom-st7
789-160x128/libbe2/NimBLE-Arduino/nimble/nimble/host/src/ble_hs_hci.c.o and 
.pio/build/custom-st7789-160x128/FrameworkArduinoVariant/variant.cpp.o: 
warning: multiple common of `__gnu_lto_slim'
C:/Users/phamm/.platformio/packages/toolchain-xtensa-esp-elf/bin/../lib/gcc/xte
nsa-esp-elf/14.2.0/../../../../xtensa-esp-elf/bin/ld.exe: .pio/build/custom-st7
789-160x128/libbe2/NimBLE-Arduino/nimble/nimble/host/src/ble_hs_hci_cmd.c.o: 
plugin needed to handle lto object
C:/Users/phamm/.platformio/packages/toolchain-xtensa-esp-elf/bin/../lib/gcc/xte
nsa-esp-elf/14.2.0/../../../../xtensa-esp-elf/bin/ld.exe: .pio/build/custom-st7
789-160x128/libbe2/NimBLE-Arduino/nimble/nimble/host/src/ble_hs_hci_cmd.c.o: 
plugin needed to handle lto object
C:/Users/phamm/.platformio/packages/toolchain-xtensa-esp-elf/bin/../lib/gcc/xte
nsa-esp-elf/14.2.0/../../../../xtensa-esp-elf/bin/ld.exe: .pio/build/custom-st7
789-160x128/libbe2/NimBLE-Arduino/nimble/nimble/host/src/ble_hs_hci_cmd.c.o 
and .pio/build/custom-st7789-160x128/FrameworkArduinoVariant/variant.cpp.o: 
warning: multiple common of `__gnu_lto_slim'
C:/Users/phamm/.platformio/packages/toolchain-xtensa-esp-elf/bin/../lib/gcc/xte
nsa-esp-elf/14.2.0/../../../../xtensa-esp-elf/bin/ld.exe: .pio/build/custom-st7
789-160x128/libbe2/NimBLE-Arduino/nimble/nimble/host/src/ble_hs_hci_evt.c.o: 
plugin needed to handle lto object
C:/Users/phamm/.platformio/packages/toolchain-xtensa-esp-elf/bin/../lib/gcc/xte
nsa-esp-elf/14.2.0/../../../../xtensa-esp-elf/bin/ld.exe: .pio/build/custom-st7
789-160x128/libbe2/NimBLE-Arduino/nimble/nimble/host/src/ble_hs_hci_evt.c.o: 
plugin needed to handle lto object
C:/Users/phamm/.platformio/packages/toolchain-xtensa-esp-elf/bin/../lib/gcc/xte
nsa-esp-elf/14.2.0/../../../../xtensa-esp-elf/bin/ld.exe: .pio/build/custom-st7
789-160x128/libbe2/NimBLE-Arduino/nimble/nimble/host/src/ble_hs_hci_evt.c.o 
and .pio/build/custom-st7789-160x128/FrameworkArduinoVariant/variant.cpp.o: 
warning: multiple common of `__gnu_lto_slim'
C:/Users/phamm/.platformio/packages/toolchain-xtensa-esp-elf/bin/../lib/gcc/xte
nsa-esp-elf/14.2.0/../../../../xtensa-esp-elf/bin/ld.exe: .pio/build/custom-st7
789-160x128/libbe2/NimBLE-Arduino/nimble/nimble/host/src/ble_hs_hci_util.c.o: 
plugin needed to handle lto object
C:/Users/phamm/.platformio/packages/toolchain-xtensa-esp-elf/bin/../lib/gcc/xte
nsa-esp-elf/14.2.0/../../../../xtensa-esp-elf/bin/ld.exe: .pio/build/custom-st7
789-160x128/libbe2/NimBLE-Arduino/nimble/nimble/host/src/ble_hs_hci_util.c.o: 
plugin needed to handle lto object
C:/Users/phamm/.platformio/packages/toolchain-xtensa-esp-elf/bin/../lib/gcc/xte
nsa-esp-elf/14.2.0/../../../../xtensa-esp-elf/bin/ld.exe: .pio/build/custom-st7
789-160x128/libbe2/NimBLE-Arduino/nimble/nimble/host/src/ble_hs_hci_util.c.o 
and .pio/build/custom-st7789-160x128/FrameworkArduinoVariant/variant.cpp.o: 
warning: multiple common of `__gnu_lto_slim'
C:/Users/phamm/.platformio/packages/toolchain-xtensa-esp-elf/bin/../lib/gcc/xte
nsa-esp-elf/14.2.0/../../../../xtensa-esp-elf/bin/ld.exe: .pio/build/custom-st7
789-160x128/libbe2/NimBLE-Arduino/nimble/nimble/host/src/ble_hs_id.c.o: plugin 
needed to handle lto object
C:/Users/phamm/.platformio/packages/toolchain-xtensa-esp-elf/bin/../lib/gcc/xte
nsa-esp-elf/14.2.0/../../../../xtensa-esp-elf/bin/ld.exe: .pio/build/custom-st7
789-160x128/libbe2/NimBLE-Arduino/nimble/nimble/host/src/ble_hs_id.c.o: plugin 
needed to handle lto object
C:/Users/phamm/.platformio/packages/toolchain-xtensa-esp-elf/bin/../lib/gcc/xte
nsa-esp-elf/14.2.0/../../../../xtensa-esp-elf/bin/ld.exe: .pio/build/custom-st7
789-160x128/libbe2/NimBLE-Arduino/nimble/nimble/host/src/ble_hs_id.c.o and 
.pio/build/custom-st7789-160x128/FrameworkArduinoVariant/variant.cpp.o: 
warning: multiple common of `__gnu_lto_slim'
C:/Users/phamm/.platformio/packages/toolchain-xtensa-esp-elf/bin/../lib/gcc/xte
nsa-esp-elf/14.2.0/../../../../xtensa-esp-elf/bin/ld.exe: .pio/build/custom-st7
789-160x128/libbe2/NimBLE-Arduino/nimble/nimble/host/src/ble_hs_log.c.o: 
plugin needed to handle lto object
C:/Users/phamm/.platformio/packages/toolchain-xtensa-esp-elf/bin/../lib/gcc/xte
nsa-esp-elf/14.2.0/../../../../xtensa-esp-elf/bin/ld.exe: .pio/build/custom-st7
789-160x128/libbe2/NimBLE-Arduino/nimble/nimble/host/src/ble_hs_log.c.o: 
plugin needed to handle lto object
C:/Users/phamm/.platformio/packages/toolchain-xtensa-esp-elf/bin/../lib/gcc/xte
nsa-esp-elf/14.2.0/../../../../xtensa-esp-elf/bin/ld.exe: .pio/build/custom-st7
789-160x128/libbe2/NimBLE-Arduino/nimble/nimble/host/src/ble_hs_log.c.o and 
.pio/build/custom-st7789-160x128/FrameworkArduinoVariant/variant.cpp.o: 
warning: multiple common of `__gnu_lto_slim'
C:/Users/phamm/.platformio/packages/toolchain-xtensa-esp-elf/bin/../lib/gcc/xte
nsa-esp-elf/14.2.0/../../../../xtensa-esp-elf/bin/ld.exe: .pio/build/custom-st7
789-160x128/libbe2/NimBLE-Arduino/nimble/nimble/host/src/ble_hs_mbuf.c.o: 
plugin needed to handle lto object
C:/Users/phamm/.platformio/packages/toolchain-xtensa-esp-elf/bin/../lib/gcc/xte
nsa-esp-elf/14.2.0/../../../../xtensa-esp-elf/bin/ld.exe: .pio/build/custom-st7
789-160x128/libbe2/NimBLE-Arduino/nimble/nimble/host/src/ble_hs_mbuf.c.o: 
plugin needed to handle lto object
C:/Users/phamm/.platformio/packages/toolchain-xtensa-esp-elf/bin/../lib/gcc/xte
nsa-esp-elf/14.2.0/../../../../xtensa-esp-elf/bin/ld.exe: .pio/build/custom-st7
789-160x128/libbe2/NimBLE-Arduino/nimble/nimble/host/src/ble_hs_mbuf.c.o and 
.pio/build/custom-st7789-160x128/FrameworkArduinoVariant/variant.cpp.o: 
warning: multiple common of `__gnu_lto_slim'
C:/Users/phamm/.platformio/packages/toolchain-xtensa-esp-elf/bin/../lib/gcc/xte
nsa-esp-elf/14.2.0/../../../../xtensa-esp-elf/bin/ld.exe: .pio/build/custom-st7
789-160x128/libbe2/NimBLE-Arduino/nimble/nimble/host/src/ble_hs_misc.c.o: 
plugin needed to handle lto object
C:/Users/phamm/.platformio/packages/toolchain-xtensa-esp-elf/bin/../lib/gcc/xte
nsa-esp-elf/14.2.0/../../../../xtensa-esp-elf/bin/ld.exe: .pio/build/custom-st7
789-160x128/libbe2/NimBLE-Arduino/nimble/nimble/host/src/ble_hs_misc.c.o: 
plugin needed to handle lto object
C:/Users/phamm/.platformio/packages/toolchain-xtensa-esp-elf/bin/../lib/gcc/xte
nsa-esp-elf/14.2.0/../../../../xtensa-esp-elf/bin/ld.exe: .pio/build/custom-st7
789-160x128/libbe2/NimBLE-Arduino/nimble/nimble/host/src/ble_hs_misc.c.o and 
.pio/build/custom-st7789-160x128/FrameworkArduinoVariant/variant.cpp.o: 
warning: multiple common of `__gnu_lto_slim'
C:/Users/phamm/.platformio/packages/toolchain-xtensa-esp-elf/bin/../lib/gcc/xte
nsa-esp-elf/14.2.0/../../../../xtensa-esp-elf/bin/ld.exe: .pio/build/custom-st7
789-160x128/libbe2/NimBLE-Arduino/nimble/nimble/host/src/ble_hs_mqueue.c.o: 
plugin needed to handle lto object
C:/Users/phamm/.platformio/packages/toolchain-xtensa-esp-elf/bin/../lib/gcc/xte
nsa-esp-elf/14.2.0/../../../../xtensa-esp-elf/bin/ld.exe: .pio/build/custom-st7
789-160x128/libbe2/NimBLE-Arduino/nimble/nimble/host/src/ble_hs_mqueue.c.o: 
plugin needed to handle lto object
C:/Users/phamm/.platformio/packages/toolchain-xtensa-esp-elf/bin/../lib/gcc/xte
nsa-esp-elf/14.2.0/../../../../xtensa-esp-elf/bin/ld.exe: .pio/build/custom-st7
789-160x128/libbe2/NimBLE-Arduino/nimble/nimble/host/src/ble_hs_mqueue.c.o and 
.pio/build/custom-st7789-160x128/FrameworkArduinoVariant/variant.cpp.o: 
warning: multiple common of `__gnu_lto_slim'
C:/Users/phamm/.platformio/packages/toolchain-xtensa-esp-elf/bin/../lib/gcc/xte
nsa-esp-elf/14.2.0/../../../../xtensa-esp-elf/bin/ld.exe: .pio/build/custom-st7
789-160x128/libbe2/NimBLE-Arduino/nimble/nimble/host/src/ble_hs_periodic_sync.c
.o: plugin needed to handle lto object
C:/Users/phamm/.platformio/packages/toolchain-xtensa-esp-elf/bin/../lib/gcc/xte
nsa-esp-elf/14.2.0/../../../../xtensa-esp-elf/bin/ld.exe: .pio/build/custom-st7
789-160x128/libbe2/NimBLE-Arduino/nimble/nimble/host/src/ble_hs_periodic_sync.c
.o: plugin needed to handle lto object
C:/Users/phamm/.platformio/packages/toolchain-xtensa-esp-elf/bin/../lib/gcc/xte
nsa-esp-elf/14.2.0/../../../../xtensa-esp-elf/bin/ld.exe: .pio/build/custom-st7
789-160x128/libbe2/NimBLE-Arduino/nimble/nimble/host/src/ble_hs_periodic_sync.c
.o and .pio/build/custom-st7789-160x128/FrameworkArduinoVariant/variant.cpp.o: 
warning: multiple common of `__gnu_lto_slim'
C:/Users/phamm/.platformio/packages/toolchain-xtensa-esp-elf/bin/../lib/gcc/xte
nsa-esp-elf/14.2.0/../../../../xtensa-esp-elf/bin/ld.exe: .pio/build/custom-st7
789-160x128/libbe2/NimBLE-Arduino/nimble/nimble/host/src/ble_hs_pvcy.c.o: 
plugin needed to handle lto object
C:/Users/phamm/.platformio/packages/toolchain-xtensa-esp-elf/bin/../lib/gcc/xte
nsa-esp-elf/14.2.0/../../../../xtensa-esp-elf/bin/ld.exe: .pio/build/custom-st7
789-160x128/libbe2/NimBLE-Arduino/nimble/nimble/host/src/ble_hs_pvcy.c.o: 
plugin needed to handle lto object
C:/Users/phamm/.platformio/packages/toolchain-xtensa-esp-elf/bin/../lib/gcc/xte
nsa-esp-elf/14.2.0/../../../../xtensa-esp-elf/bin/ld.exe: .pio/build/custom-st7
789-160x128/libbe2/NimBLE-Arduino/nimble/nimble/host/src/ble_hs_pvcy.c.o and 
.pio/build/custom-st7789-160x128/FrameworkArduinoVariant/variant.cpp.o: 
warning: multiple common of `__gnu_lto_slim'
C:/Users/phamm/.platformio/packages/toolchain-xtensa-esp-elf/bin/../lib/gcc/xte
nsa-esp-elf/14.2.0/../../../../xtensa-esp-elf/bin/ld.exe: .pio/build/custom-st7
789-160x128/libbe2/NimBLE-Arduino/nimble/nimble/host/src/ble_hs_resolv.c.o: 
plugin needed to handle lto object
C:/Users/phamm/.platformio/packages/toolchain-xtensa-esp-elf/bin/../lib/gcc/xte
nsa-esp-elf/14.2.0/../../../../xtensa-esp-elf/bin/ld.exe: .pio/build/custom-st7
789-160x128/libbe2/NimBLE-Arduino/nimble/nimble/host/src/ble_hs_resolv.c.o: 
plugin needed to handle lto object
C:/Users/phamm/.platformio/packages/toolchain-xtensa-esp-elf/bin/../lib/gcc/xte
nsa-esp-elf/14.2.0/../../../../xtensa-esp-elf/bin/ld.exe: .pio/build/custom-st7
789-160x128/libbe2/NimBLE-Arduino/nimble/nimble/host/src/ble_hs_resolv.c.o and 
.pio/build/custom-st7789-160x128/FrameworkArduinoVariant/variant.cpp.o: 
warning: multiple common of `__gnu_lto_slim'
C:/Users/phamm/.platformio/packages/toolchain-xtensa-esp-elf/bin/../lib/gcc/xte
nsa-esp-elf/14.2.0/../../../../xtensa-esp-elf/bin/ld.exe: .pio/build/custom-st7
789-160x128/libbe2/NimBLE-Arduino/nimble/nimble/host/src/ble_hs_shutdown.c.o: 
plugin needed to handle lto object
C:/Users/phamm/.platformio/packages/toolchain-xtensa-esp-elf/bin/../lib/gcc/xte
nsa-esp-elf/14.2.0/../../../../xtensa-esp-elf/bin/ld.exe: .pio/build/custom-st7
789-160x128/libbe2/NimBLE-Arduino/nimble/nimble/host/src/ble_hs_shutdown.c.o: 
plugin needed to handle lto object
C:/Users/phamm/.platformio/packages/toolchain-xtensa-esp-elf/bin/../lib/gcc/xte
nsa-esp-elf/14.2.0/../../../../xtensa-esp-elf/bin/ld.exe: .pio/build/custom-st7
789-160x128/libbe2/NimBLE-Arduino/nimble/nimble/host/src/ble_hs_shutdown.c.o 
and .pio/build/custom-st7789-160x128/FrameworkArduinoVariant/variant.cpp.o: 
warning: multiple common of `__gnu_lto_slim'
C:/Users/phamm/.platformio/packages/toolchain-xtensa-esp-elf/bin/../lib/gcc/xte
nsa-esp-elf/14.2.0/../../../../xtensa-esp-elf/bin/ld.exe: .pio/build/custom-st7
789-160x128/libbe2/NimBLE-Arduino/nimble/nimble/host/src/ble_hs_startup.c.o: 
plugin needed to handle lto object
C:/Users/phamm/.platformio/packages/toolchain-xtensa-esp-elf/bin/../lib/gcc/xte
nsa-esp-elf/14.2.0/../../../../xtensa-esp-elf/bin/ld.exe: .pio/build/custom-st7
789-160x128/libbe2/NimBLE-Arduino/nimble/nimble/host/src/ble_hs_startup.c.o: 
plugin needed to handle lto object
C:/Users/phamm/.platformio/packages/toolchain-xtensa-esp-elf/bin/../lib/gcc/xte
nsa-esp-elf/14.2.0/../../../../xtensa-esp-elf/bin/ld.exe: .pio/build/custom-st7
789-160x128/libbe2/NimBLE-Arduino/nimble/nimble/host/src/ble_hs_startup.c.o 
and .pio/build/custom-st7789-160x128/FrameworkArduinoVariant/variant.cpp.o: 
warning: multiple common of `__gnu_lto_slim'
C:/Users/phamm/.platformio/packages/toolchain-xtensa-esp-elf/bin/../lib/gcc/xte
nsa-esp-elf/14.2.0/../../../../xtensa-esp-elf/bin/ld.exe: .pio/build/custom-st7
789-160x128/libbe2/NimBLE-Arduino/nimble/nimble/host/src/ble_hs_stop.c.o: 
plugin needed to handle lto object
C:/Users/phamm/.platformio/packages/toolchain-xtensa-esp-elf/bin/../lib/gcc/xte
nsa-esp-elf/14.2.0/../../../../xtensa-esp-elf/bin/ld.exe: .pio/build/custom-st7
789-160x128/libbe2/NimBLE-Arduino/nimble/nimble/host/src/ble_hs_stop.c.o: 
plugin needed to handle lto object
C:/Users/phamm/.platformio/packages/toolchain-xtensa-esp-elf/bin/../lib/gcc/xte
nsa-esp-elf/14.2.0/../../../../xtensa-esp-elf/bin/ld.exe: .pio/build/custom-st7
789-160x128/libbe2/NimBLE-Arduino/nimble/nimble/host/src/ble_hs_stop.c.o and 
.pio/build/custom-st7789-160x128/FrameworkArduinoVariant/variant.cpp.o: 
warning: multiple common of `__gnu_lto_slim'
C:/Users/phamm/.platformio/packages/toolchain-xtensa-esp-elf/bin/../lib/gcc/xte
nsa-esp-elf/14.2.0/../../../../xtensa-esp-elf/bin/ld.exe: .pio/build/custom-st7
789-160x128/libbe2/NimBLE-Arduino/nimble/nimble/host/src/ble_ibeacon.c.o: 
plugin needed to handle lto object
C:/Users/phamm/.platformio/packages/toolchain-xtensa-esp-elf/bin/../lib/gcc/xte
nsa-esp-elf/14.2.0/../../../../xtensa-esp-elf/bin/ld.exe: .pio/build/custom-st7
789-160x128/libbe2/NimBLE-Arduino/nimble/nimble/host/src/ble_ibeacon.c.o: 
plugin needed to handle lto object
C:/Users/phamm/.platformio/packages/toolchain-xtensa-esp-elf/bin/../lib/gcc/xte
nsa-esp-elf/14.2.0/../../../../xtensa-esp-elf/bin/ld.exe: .pio/build/custom-st7
789-160x128/libbe2/NimBLE-Arduino/nimble/nimble/host/src/ble_ibeacon.c.o and 
.pio/build/custom-st7789-160x128/FrameworkArduinoVariant/variant.cpp.o: 
warning: multiple common of `__gnu_lto_slim'
C:/Users/phamm/.platformio/packages/toolchain-xtensa-esp-elf/bin/../lib/gcc/xte
nsa-esp-elf/14.2.0/../../../../xtensa-esp-elf/bin/ld.exe: .pio/build/custom-st7
789-160x128/libbe2/NimBLE-Arduino/nimble/nimble/host/src/ble_l2cap.c.o: plugin 
needed to handle lto object
C:/Users/phamm/.platformio/packages/toolchain-xtensa-esp-elf/bin/../lib/gcc/xte
nsa-esp-elf/14.2.0/../../../../xtensa-esp-elf/bin/ld.exe: .pio/build/custom-st7
789-160x128/libbe2/NimBLE-Arduino/nimble/nimble/host/src/ble_l2cap.c.o: plugin 
needed to handle lto object
C:/Users/phamm/.platformio/packages/toolchain-xtensa-esp-elf/bin/../lib/gcc/xte
nsa-esp-elf/14.2.0/../../../../xtensa-esp-elf/bin/ld.exe: .pio/build/custom-st7
789-160x128/libbe2/NimBLE-Arduino/nimble/nimble/host/src/ble_l2cap.c.o and 
.pio/build/custom-st7789-160x128/FrameworkArduinoVariant/variant.cpp.o: 
warning: multiple common of `__gnu_lto_slim'
C:/Users/phamm/.platformio/packages/toolchain-xtensa-esp-elf/bin/../lib/gcc/xte
nsa-esp-elf/14.2.0/../../../../xtensa-esp-elf/bin/ld.exe: .pio/build/custom-st7
789-160x128/libbe2/NimBLE-Arduino/nimble/nimble/host/src/ble_l2cap_coc.c.o: 
plugin needed to handle lto object
C:/Users/phamm/.platformio/packages/toolchain-xtensa-esp-elf/bin/../lib/gcc/xte
nsa-esp-elf/14.2.0/../../../../xtensa-esp-elf/bin/ld.exe: .pio/build/custom-st7
789-160x128/libbe2/NimBLE-Arduino/nimble/nimble/host/src/ble_l2cap_coc.c.o: 
plugin needed to handle lto object
C:/Users/phamm/.platformio/packages/toolchain-xtensa-esp-elf/bin/../lib/gcc/xte
nsa-esp-elf/14.2.0/../../../../xtensa-esp-elf/bin/ld.exe: .pio/build/custom-st7
789-160x128/libbe2/NimBLE-Arduino/nimble/nimble/host/src/ble_l2cap_coc.c.o and 
.pio/build/custom-st7789-160x128/FrameworkArduinoVariant/variant.cpp.o: 
warning: multiple common of `__gnu_lto_slim'
C:/Users/phamm/.platformio/packages/toolchain-xtensa-esp-elf/bin/../lib/gcc/xte
nsa-esp-elf/14.2.0/../../../../xtensa-esp-elf/bin/ld.exe: .pio/build/custom-st7
789-160x128/libbe2/NimBLE-Arduino/nimble/nimble/host/src/ble_l2cap_sig.c.o: 
plugin needed to handle lto object
C:/Users/phamm/.platformio/packages/toolchain-xtensa-esp-elf/bin/../lib/gcc/xte
nsa-esp-elf/14.2.0/../../../../xtensa-esp-elf/bin/ld.exe: .pio/build/custom-st7
789-160x128/libbe2/NimBLE-Arduino/nimble/nimble/host/src/ble_l2cap_sig.c.o: 
plugin needed to handle lto object
C:/Users/phamm/.platformio/packages/toolchain-xtensa-esp-elf/bin/../lib/gcc/xte
nsa-esp-elf/14.2.0/../../../../xtensa-esp-elf/bin/ld.exe: .pio/build/custom-st7
789-160x128/libbe2/NimBLE-Arduino/nimble/nimble/host/src/ble_l2cap_sig.c.o and 
.pio/build/custom-st7789-160x128/FrameworkArduinoVariant/variant.cpp.o: 
warning: multiple common of `__gnu_lto_slim'
C:/Users/phamm/.platformio/packages/toolchain-xtensa-esp-elf/bin/../lib/gcc/xte
nsa-esp-elf/14.2.0/../../../../xtensa-esp-elf/bin/ld.exe: .pio/build/custom-st7
789-160x128/libbe2/NimBLE-Arduino/nimble/nimble/host/src/ble_l2cap_sig_cmd.c.o:
 plugin needed to handle lto object
C:/Users/phamm/.platformio/packages/toolchain-xtensa-esp-elf/bin/../lib/gcc/xte
nsa-esp-elf/14.2.0/../../../../xtensa-esp-elf/bin/ld.exe: .pio/build/custom-st7
789-160x128/libbe2/NimBLE-Arduino/nimble/nimble/host/src/ble_l2cap_sig_cmd.c.o:
 plugin needed to handle lto object
C:/Users/phamm/.platformio/packages/toolchain-xtensa-esp-elf/bin/../lib/gcc/xte
nsa-esp-elf/14.2.0/../../../../xtensa-esp-elf/bin/ld.exe: .pio/build/custom-st7
789-160x128/libbe2/NimBLE-Arduino/nimble/nimble/host/src/ble_l2cap_sig_cmd.c.o 
and .pio/build/custom-st7789-160x128/FrameworkArduinoVariant/variant.cpp.o: 
warning: multiple common of `__gnu_lto_slim'
C:/Users/phamm/.platformio/packages/toolchain-xtensa-esp-elf/bin/../lib/gcc/xte
nsa-esp-elf/14.2.0/../../../../xtensa-esp-elf/bin/ld.exe: .pio/build/custom-st7
789-160x128/libbe2/NimBLE-Arduino/nimble/nimble/host/src/ble_sm.c.o: plugin 
needed to handle lto object
C:/Users/phamm/.platformio/packages/toolchain-xtensa-esp-elf/bin/../lib/gcc/xte
nsa-esp-elf/14.2.0/../../../../xtensa-esp-elf/bin/ld.exe: .pio/build/custom-st7
789-160x128/libbe2/NimBLE-Arduino/nimble/nimble/host/src/ble_sm.c.o: plugin 
needed to handle lto object
C:/Users/phamm/.platformio/packages/toolchain-xtensa-esp-elf/bin/../lib/gcc/xte
nsa-esp-elf/14.2.0/../../../../xtensa-esp-elf/bin/ld.exe: .pio/build/custom-st7
789-160x128/libbe2/NimBLE-Arduino/nimble/nimble/host/src/ble_sm.c.o and 
.pio/build/custom-st7789-160x128/FrameworkArduinoVariant/variant.cpp.o: 
warning: multiple common of `__gnu_lto_slim'
C:/Users/phamm/.platformio/packages/toolchain-xtensa-esp-elf/bin/../lib/gcc/xte
nsa-esp-elf/14.2.0/../../../../xtensa-esp-elf/bin/ld.exe: .pio/build/custom-st7
789-160x128/libbe2/NimBLE-Arduino/nimble/nimble/host/src/ble_sm_alg.c.o: 
plugin needed to handle lto object
C:/Users/phamm/.platformio/packages/toolchain-xtensa-esp-elf/bin/../lib/gcc/xte
nsa-esp-elf/14.2.0/../../../../xtensa-esp-elf/bin/ld.exe: .pio/build/custom-st7
789-160x128/libbe2/NimBLE-Arduino/nimble/nimble/host/src/ble_sm_alg.c.o: 
plugin needed to handle lto object
C:/Users/phamm/.platformio/packages/toolchain-xtensa-esp-elf/bin/../lib/gcc/xte
nsa-esp-elf/14.2.0/../../../../xtensa-esp-elf/bin/ld.exe: .pio/build/custom-st7
789-160x128/libbe2/NimBLE-Arduino/nimble/nimble/host/src/ble_sm_alg.c.o and 
.pio/build/custom-st7789-160x128/FrameworkArduinoVariant/variant.cpp.o: 
warning: multiple common of `__gnu_lto_slim'
C:/Users/phamm/.platformio/packages/toolchain-xtensa-esp-elf/bin/../lib/gcc/xte
nsa-esp-elf/14.2.0/../../../../xtensa-esp-elf/bin/ld.exe: .pio/build/custom-st7
789-160x128/libbe2/NimBLE-Arduino/nimble/nimble/host/src/ble_sm_cmd.c.o: 
plugin needed to handle lto object
C:/Users/phamm/.platformio/packages/toolchain-xtensa-esp-elf/bin/../lib/gcc/xte
nsa-esp-elf/14.2.0/../../../../xtensa-esp-elf/bin/ld.exe: .pio/build/custom-st7
789-160x128/libbe2/NimBLE-Arduino/nimble/nimble/host/src/ble_sm_cmd.c.o: 
plugin needed to handle lto object
C:/Users/phamm/.platformio/packages/toolchain-xtensa-esp-elf/bin/../lib/gcc/xte
nsa-esp-elf/14.2.0/../../../../xtensa-esp-elf/bin/ld.exe: .pio/build/custom-st7
789-160x128/libbe2/NimBLE-Arduino/nimble/nimble/host/src/ble_sm_cmd.c.o and 
.pio/build/custom-st7789-160x128/FrameworkArduinoVariant/variant.cpp.o: 
warning: multiple common of `__gnu_lto_slim'
C:/Users/phamm/.platformio/packages/toolchain-xtensa-esp-elf/bin/../lib/gcc/xte
nsa-esp-elf/14.2.0/../../../../xtensa-esp-elf/bin/ld.exe: .pio/build/custom-st7
789-160x128/libbe2/NimBLE-Arduino/nimble/nimble/host/src/ble_sm_lgcy.c.o: 
plugin needed to handle lto object
C:/Users/phamm/.platformio/packages/toolchain-xtensa-esp-elf/bin/../lib/gcc/xte
nsa-esp-elf/14.2.0/../../../../xtensa-esp-elf/bin/ld.exe: .pio/build/custom-st7
789-160x128/libbe2/NimBLE-Arduino/nimble/nimble/host/src/ble_sm_lgcy.c.o: 
plugin needed to handle lto object
C:/Users/phamm/.platformio/packages/toolchain-xtensa-esp-elf/bin/../lib/gcc/xte
nsa-esp-elf/14.2.0/../../../../xtensa-esp-elf/bin/ld.exe: .pio/build/custom-st7
789-160x128/libbe2/NimBLE-Arduino/nimble/nimble/host/src/ble_sm_lgcy.c.o and 
.pio/build/custom-st7789-160x128/FrameworkArduinoVariant/variant.cpp.o: 
warning: multiple common of `__gnu_lto_slim'
C:/Users/phamm/.platformio/packages/toolchain-xtensa-esp-elf/bin/../lib/gcc/xte
nsa-esp-elf/14.2.0/../../../../xtensa-esp-elf/bin/ld.exe: .pio/build/custom-st7
789-160x128/libbe2/NimBLE-Arduino/nimble/nimble/host/src/ble_sm_sc.c.o: plugin 
needed to handle lto object
C:/Users/phamm/.platformio/packages/toolchain-xtensa-esp-elf/bin/../lib/gcc/xte
nsa-esp-elf/14.2.0/../../../../xtensa-esp-elf/bin/ld.exe: .pio/build/custom-st7
789-160x128/libbe2/NimBLE-Arduino/nimble/nimble/host/src/ble_sm_sc.c.o: plugin 
needed to handle lto object
C:/Users/phamm/.platformio/packages/toolchain-xtensa-esp-elf/bin/../lib/gcc/xte
nsa-esp-elf/14.2.0/../../../../xtensa-esp-elf/bin/ld.exe: .pio/build/custom-st7
789-160x128/libbe2/NimBLE-Arduino/nimble/nimble/host/src/ble_sm_sc.c.o and 
.pio/build/custom-st7789-160x128/FrameworkArduinoVariant/variant.cpp.o: 
warning: multiple common of `__gnu_lto_slim'
C:/Users/phamm/.platformio/packages/toolchain-xtensa-esp-elf/bin/../lib/gcc/xte
nsa-esp-elf/14.2.0/../../../../xtensa-esp-elf/bin/ld.exe: .pio/build/custom-st7
789-160x128/libbe2/NimBLE-Arduino/nimble/nimble/host/src/ble_store.c.o: plugin 
needed to handle lto object
C:/Users/phamm/.platformio/packages/toolchain-xtensa-esp-elf/bin/../lib/gcc/xte
nsa-esp-elf/14.2.0/../../../../xtensa-esp-elf/bin/ld.exe: .pio/build/custom-st7
789-160x128/libbe2/NimBLE-Arduino/nimble/nimble/host/src/ble_store.c.o: plugin 
needed to handle lto object
C:/Users/phamm/.platformio/packages/toolchain-xtensa-esp-elf/bin/../lib/gcc/xte
nsa-esp-elf/14.2.0/../../../../xtensa-esp-elf/bin/ld.exe: .pio/build/custom-st7
789-160x128/libbe2/NimBLE-Arduino/nimble/nimble/host/src/ble_store.c.o and 
.pio/build/custom-st7789-160x128/FrameworkArduinoVariant/variant.cpp.o: 
warning: multiple common of `__gnu_lto_slim'
C:/Users/phamm/.platformio/packages/toolchain-xtensa-esp-elf/bin/../lib/gcc/xte
nsa-esp-elf/14.2.0/../../../../xtensa-esp-elf/bin/ld.exe: .pio/build/custom-st7
789-160x128/libbe2/NimBLE-Arduino/nimble/nimble/host/src/ble_store_util.c.o: 
plugin needed to handle lto object
C:/Users/phamm/.platformio/packages/toolchain-xtensa-esp-elf/bin/../lib/gcc/xte
nsa-esp-elf/14.2.0/../../../../xtensa-esp-elf/bin/ld.exe: .pio/build/custom-st7
789-160x128/libbe2/NimBLE-Arduino/nimble/nimble/host/src/ble_store_util.c.o: 
plugin needed to handle lto object
C:/Users/phamm/.platformio/packages/toolchain-xtensa-esp-elf/bin/../lib/gcc/xte
nsa-esp-elf/14.2.0/../../../../xtensa-esp-elf/bin/ld.exe: .pio/build/custom-st7
789-160x128/libbe2/NimBLE-Arduino/nimble/nimble/host/src/ble_store_util.c.o 
and .pio/build/custom-st7789-160x128/FrameworkArduinoVariant/variant.cpp.o: 
warning: multiple common of `__gnu_lto_slim'
C:/Users/phamm/.platformio/packages/toolchain-xtensa-esp-elf/bin/../lib/gcc/xte
nsa-esp-elf/14.2.0/../../../../xtensa-esp-elf/bin/ld.exe: .pio/build/custom-st7
789-160x128/libbe2/NimBLE-Arduino/nimble/nimble/host/src/ble_uuid.c.o: plugin 
needed to handle lto object
C:/Users/phamm/.platformio/packages/toolchain-xtensa-esp-elf/bin/../lib/gcc/xte
nsa-esp-elf/14.2.0/../../../../xtensa-esp-elf/bin/ld.exe: .pio/build/custom-st7
789-160x128/libbe2/NimBLE-Arduino/nimble/nimble/host/src/ble_uuid.c.o: plugin 
needed to handle lto object
C:/Users/phamm/.platformio/packages/toolchain-xtensa-esp-elf/bin/../lib/gcc/xte
nsa-esp-elf/14.2.0/../../../../xtensa-esp-elf/bin/ld.exe: .pio/build/custom-st7
789-160x128/libbe2/NimBLE-Arduino/nimble/nimble/host/src/ble_uuid.c.o and 
.pio/build/custom-st7789-160x128/FrameworkArduinoVariant/variant.cpp.o: 
warning: multiple common of `__gnu_lto_slim'
C:/Users/phamm/.platformio/packages/toolchain-xtensa-esp-elf/bin/../lib/gcc/xte
nsa-esp-elf/14.2.0/../../../../xtensa-esp-elf/bin/ld.exe: .pio/build/custom-st7
789-160x128/libbe2/NimBLE-Arduino/nimble/nimble/host/store/config/src/ble_store
_config.c.o: plugin needed to handle lto object
C:/Users/phamm/.platformio/packages/toolchain-xtensa-esp-elf/bin/../lib/gcc/xte
nsa-esp-elf/14.2.0/../../../../xtensa-esp-elf/bin/ld.exe: .pio/build/custom-st7
789-160x128/libbe2/NimBLE-Arduino/nimble/nimble/host/store/config/src/ble_store
_config.c.o: plugin needed to handle lto object
C:/Users/phamm/.platformio/packages/toolchain-xtensa-esp-elf/bin/../lib/gcc/xte
nsa-esp-elf/14.2.0/../../../../xtensa-esp-elf/bin/ld.exe: .pio/build/custom-st7
789-160x128/libbe2/NimBLE-Arduino/nimble/nimble/host/store/config/src/ble_store
_config.c.o and 
.pio/build/custom-st7789-160x128/FrameworkArduinoVariant/variant.cpp.o: 
warning: multiple common of `__gnu_lto_slim'
C:/Users/phamm/.platformio/packages/toolchain-xtensa-esp-elf/bin/../lib/gcc/xte
nsa-esp-elf/14.2.0/../../../../xtensa-esp-elf/bin/ld.exe: .pio/build/custom-st7
789-160x128/libbe2/NimBLE-Arduino/nimble/nimble/host/store/config/src/ble_store
_config_conf.c.o: plugin needed to handle lto object
C:/Users/phamm/.platformio/packages/toolchain-xtensa-esp-elf/bin/../lib/gcc/xte
nsa-esp-elf/14.2.0/../../../../xtensa-esp-elf/bin/ld.exe: .pio/build/custom-st7
789-160x128/libbe2/NimBLE-Arduino/nimble/nimble/host/store/config/src/ble_store
_config_conf.c.o: plugin needed to handle lto object
C:/Users/phamm/.platformio/packages/toolchain-xtensa-esp-elf/bin/../lib/gcc/xte
nsa-esp-elf/14.2.0/../../../../xtensa-esp-elf/bin/ld.exe: .pio/build/custom-st7
789-160x128/libbe2/NimBLE-Arduino/nimble/nimble/host/store/config/src/ble_store
_config_conf.c.o and 
.pio/build/custom-st7789-160x128/FrameworkArduinoVariant/variant.cpp.o: 
warning: multiple common of `__gnu_lto_slim'
C:/Users/phamm/.platformio/packages/toolchain-xtensa-esp-elf/bin/../lib/gcc/xte
nsa-esp-elf/14.2.0/../../../../xtensa-esp-elf/bin/ld.exe: .pio/build/custom-st7
789-160x128/libbe2/NimBLE-Arduino/nimble/nimble/host/store/config/src/ble_store
_nvs.c.o: plugin needed to handle lto object
C:/Users/phamm/.platformio/packages/toolchain-xtensa-esp-elf/bin/../lib/gcc/xte
nsa-esp-elf/14.2.0/../../../../xtensa-esp-elf/bin/ld.exe: .pio/build/custom-st7
789-160x128/libbe2/NimBLE-Arduino/nimble/nimble/host/store/config/src/ble_store
_nvs.c.o: plugin needed to handle lto object
C:/Users/phamm/.platformio/packages/toolchain-xtensa-esp-elf/bin/../lib/gcc/xte
nsa-esp-elf/14.2.0/../../../../xtensa-esp-elf/bin/ld.exe: .pio/build/custom-st7
789-160x128/libbe2/NimBLE-Arduino/nimble/nimble/host/store/config/src/ble_store
_nvs.c.o and 
.pio/build/custom-st7789-160x128/FrameworkArduinoVariant/variant.cpp.o: 
warning: multiple common of `__gnu_lto_slim'
C:/Users/phamm/.platformio/packages/toolchain-xtensa-esp-elf/bin/../lib/gcc/xte
nsa-esp-elf/14.2.0/../../../../xtensa-esp-elf/bin/ld.exe: .pio/build/custom-st7
789-160x128/libbe2/NimBLE-Arduino/nimble/nimble/host/store/ram/src/ble_store_ra
m.c.o: plugin needed to handle lto object
C:/Users/phamm/.platformio/packages/toolchain-xtensa-esp-elf/bin/../lib/gcc/xte
nsa-esp-elf/14.2.0/../../../../xtensa-esp-elf/bin/ld.exe: .pio/build/custom-st7
789-160x128/libbe2/NimBLE-Arduino/nimble/nimble/host/store/ram/src/ble_store_ra
m.c.o: plugin needed to handle lto object
C:/Users/phamm/.platformio/packages/toolchain-xtensa-esp-elf/bin/../lib/gcc/xte
nsa-esp-elf/14.2.0/../../../../xtensa-esp-elf/bin/ld.exe: .pio/build/custom-st7
789-160x128/libbe2/NimBLE-Arduino/nimble/nimble/host/store/ram/src/ble_store_ra
m.c.o and 
.pio/build/custom-st7789-160x128/FrameworkArduinoVariant/variant.cpp.o: 
warning: multiple common of `__gnu_lto_slim'
C:/Users/phamm/.platformio/packages/toolchain-xtensa-esp-elf/bin/../lib/gcc/xte
nsa-esp-elf/14.2.0/../../../../xtensa-esp-elf/bin/ld.exe: .pio/build/custom-st7
789-160x128/libbe2/NimBLE-Arduino/nimble/nimble/host/util/src/addr.c.o: plugin 
needed to handle lto object
C:/Users/phamm/.platformio/packages/toolchain-xtensa-esp-elf/bin/../lib/gcc/xte
nsa-esp-elf/14.2.0/../../../../xtensa-esp-elf/bin/ld.exe: .pio/build/custom-st7
789-160x128/libbe2/NimBLE-Arduino/nimble/nimble/host/util/src/addr.c.o: plugin 
needed to handle lto object
C:/Users/phamm/.platformio/packages/toolchain-xtensa-esp-elf/bin/../lib/gcc/xte
nsa-esp-elf/14.2.0/../../../../xtensa-esp-elf/bin/ld.exe: .pio/build/custom-st7
789-160x128/libbe2/NimBLE-Arduino/nimble/nimble/host/util/src/addr.c.o and 
.pio/build/custom-st7789-160x128/FrameworkArduinoVariant/variant.cpp.o: 
warning: multiple common of `__gnu_lto_slim'
C:/Users/phamm/.platformio/packages/toolchain-xtensa-esp-elf/bin/../lib/gcc/xte
nsa-esp-elf/14.2.0/../../../../xtensa-esp-elf/bin/ld.exe: .pio/build/custom-st7
789-160x128/libbe2/NimBLE-Arduino/nimble/nimble/transport/common/hci_h4/src/hci
_h4.c.o: plugin needed to handle lto object
C:/Users/phamm/.platformio/packages/toolchain-xtensa-esp-elf/bin/../lib/gcc/xte
nsa-esp-elf/14.2.0/../../../../xtensa-esp-elf/bin/ld.exe: .pio/build/custom-st7
789-160x128/libbe2/NimBLE-Arduino/nimble/nimble/transport/common/hci_h4/src/hci
_h4.c.o: plugin needed to handle lto object
C:/Users/phamm/.platformio/packages/toolchain-xtensa-esp-elf/bin/../lib/gcc/xte
nsa-esp-elf/14.2.0/../../../../xtensa-esp-elf/bin/ld.exe: .pio/build/custom-st7
789-160x128/libbe2/NimBLE-Arduino/nimble/nimble/transport/common/hci_h4/src/hci
_h4.c.o and 
.pio/build/custom-st7789-160x128/FrameworkArduinoVariant/variant.cpp.o: 
warning: multiple common of `__gnu_lto_slim'
C:/Users/phamm/.platformio/packages/toolchain-xtensa-esp-elf/bin/../lib/gcc/xte
nsa-esp-elf/14.2.0/../../../../xtensa-esp-elf/bin/ld.exe: .pio/build/custom-st7
789-160x128/libbe2/NimBLE-Arduino/nimble/nimble/transport/common/hci_ipc/src/hc
i_ipc.c.o: plugin needed to handle lto object
C:/Users/phamm/.platformio/packages/toolchain-xtensa-esp-elf/bin/../lib/gcc/xte
nsa-esp-elf/14.2.0/../../../../xtensa-esp-elf/bin/ld.exe: .pio/build/custom-st7
789-160x128/libbe2/NimBLE-Arduino/nimble/nimble/transport/common/hci_ipc/src/hc
i_ipc.c.o: plugin needed to handle lto object
C:/Users/phamm/.platformio/packages/toolchain-xtensa-esp-elf/bin/../lib/gcc/xte
nsa-esp-elf/14.2.0/../../../../xtensa-esp-elf/bin/ld.exe: .pio/build/custom-st7
789-160x128/libbe2/NimBLE-Arduino/nimble/nimble/transport/common/hci_ipc/src/hc
i_ipc.c.o and 
.pio/build/custom-st7789-160x128/FrameworkArduinoVariant/variant.cpp.o: 
warning: multiple common of `__gnu_lto_slim'
C:/Users/phamm/.platformio/packages/toolchain-xtensa-esp-elf/bin/../lib/gcc/xte
nsa-esp-elf/14.2.0/../../../../xtensa-esp-elf/bin/ld.exe: .pio/build/custom-st7
789-160x128/libbe2/NimBLE-Arduino/nimble/nimble/transport/esp_ipc/src/hci_esp_i
pc.c.o: plugin needed to handle lto object
C:/Users/phamm/.platformio/packages/toolchain-xtensa-esp-elf/bin/../lib/gcc/xte
nsa-esp-elf/14.2.0/../../../../xtensa-esp-elf/bin/ld.exe: .pio/build/custom-st7
789-160x128/libbe2/NimBLE-Arduino/nimble/nimble/transport/esp_ipc/src/hci_esp_i
pc.c.o: plugin needed to handle lto object
C:/Users/phamm/.platformio/packages/toolchain-xtensa-esp-elf/bin/../lib/gcc/xte
nsa-esp-elf/14.2.0/../../../../xtensa-esp-elf/bin/ld.exe: .pio/build/custom-st7
789-160x128/libbe2/NimBLE-Arduino/nimble/nimble/transport/esp_ipc/src/hci_esp_i
pc.c.o and 
.pio/build/custom-st7789-160x128/FrameworkArduinoVariant/variant.cpp.o: 
warning: multiple common of `__gnu_lto_slim'
C:/Users/phamm/.platformio/packages/toolchain-xtensa-esp-elf/bin/../lib/gcc/xte
nsa-esp-elf/14.2.0/../../../../xtensa-esp-elf/bin/ld.exe: .pio/build/custom-st7
789-160x128/libbe2/NimBLE-Arduino/nimble/nimble/transport/esp_ipc_legacy/src/hc
i_esp_ipc_legacy.c.o: plugin needed to handle lto object
C:/Users/phamm/.platformio/packages/toolchain-xtensa-esp-elf/bin/../lib/gcc/xte
nsa-esp-elf/14.2.0/../../../../xtensa-esp-elf/bin/ld.exe: .pio/build/custom-st7
789-160x128/libbe2/NimBLE-Arduino/nimble/nimble/transport/esp_ipc_legacy/src/hc
i_esp_ipc_legacy.c.o: plugin needed to handle lto object
C:/Users/phamm/.platformio/packages/toolchain-xtensa-esp-elf/bin/../lib/gcc/xte
nsa-esp-elf/14.2.0/../../../../xtensa-esp-elf/bin/ld.exe: .pio/build/custom-st7
789-160x128/libbe2/NimBLE-Arduino/nimble/nimble/transport/esp_ipc_legacy/src/hc
i_esp_ipc_legacy.c.o and 
.pio/build/custom-st7789-160x128/FrameworkArduinoVariant/variant.cpp.o: 
warning: multiple common of `__gnu_lto_slim'
C:/Users/phamm/.platformio/packages/toolchain-xtensa-esp-elf/bin/../lib/gcc/xte
nsa-esp-elf/14.2.0/../../../../xtensa-esp-elf/bin/ld.exe: .pio/build/custom-st7
789-160x128/libbe2/NimBLE-Arduino/nimble/nimble/transport/nrf5340/src/nrf5340_b
le_hci.c.o: plugin needed to handle lto object
C:/Users/phamm/.platformio/packages/toolchain-xtensa-esp-elf/bin/../lib/gcc/xte
nsa-esp-elf/14.2.0/../../../../xtensa-esp-elf/bin/ld.exe: .pio/build/custom-st7
789-160x128/libbe2/NimBLE-Arduino/nimble/nimble/transport/nrf5340/src/nrf5340_b
le_hci.c.o: plugin needed to handle lto object
C:/Users/phamm/.platformio/packages/toolchain-xtensa-esp-elf/bin/../lib/gcc/xte
nsa-esp-elf/14.2.0/../../../../xtensa-esp-elf/bin/ld.exe: .pio/build/custom-st7
789-160x128/libbe2/NimBLE-Arduino/nimble/nimble/transport/nrf5340/src/nrf5340_b
le_hci.c.o and 
.pio/build/custom-st7789-160x128/FrameworkArduinoVariant/variant.cpp.o: 
warning: multiple common of `__gnu_lto_slim'
C:/Users/phamm/.platformio/packages/toolchain-xtensa-esp-elf/bin/../lib/gcc/xte
nsa-esp-elf/14.2.0/../../../../xtensa-esp-elf/bin/ld.exe: .pio/build/custom-st7
789-160x128/libbe2/NimBLE-Arduino/nimble/nimble/transport/src/transport.c.o: 
plugin needed to handle lto object
C:/Users/phamm/.platformio/packages/toolchain-xtensa-esp-elf/bin/../lib/gcc/xte
nsa-esp-elf/14.2.0/../../../../xtensa-esp-elf/bin/ld.exe: .pio/build/custom-st7
789-160x128/libbe2/NimBLE-Arduino/nimble/nimble/transport/src/transport.c.o: 
plugin needed to handle lto object
C:/Users/phamm/.platformio/packages/toolchain-xtensa-esp-elf/bin/../lib/gcc/xte
nsa-esp-elf/14.2.0/../../../../xtensa-esp-elf/bin/ld.exe: .pio/build/custom-st7
789-160x128/libbe2/NimBLE-Arduino/nimble/nimble/transport/src/transport.c.o 
and .pio/build/custom-st7789-160x128/FrameworkArduinoVariant/variant.cpp.o: 
warning: multiple common of `__gnu_lto_slim'
C:/Users/phamm/.platformio/packages/toolchain-xtensa-esp-elf/bin/../lib/gcc/xte
nsa-esp-elf/14.2.0/../../../../xtensa-esp-elf/bin/ld.exe: .pio/build/custom-st7
789-160x128/libbe2/NimBLE-Arduino/nimble/porting/nimble/src/endian.c.o: plugin 
needed to handle lto object
C:/Users/phamm/.platformio/packages/toolchain-xtensa-esp-elf/bin/../lib/gcc/xte
nsa-esp-elf/14.2.0/../../../../xtensa-esp-elf/bin/ld.exe: .pio/build/custom-st7
789-160x128/libbe2/NimBLE-Arduino/nimble/porting/nimble/src/endian.c.o: plugin 
needed to handle lto object
C:/Users/phamm/.platformio/packages/toolchain-xtensa-esp-elf/bin/../lib/gcc/xte
nsa-esp-elf/14.2.0/../../../../xtensa-esp-elf/bin/ld.exe: .pio/build/custom-st7
789-160x128/libbe2/NimBLE-Arduino/nimble/porting/nimble/src/endian.c.o and 
.pio/build/custom-st7789-160x128/FrameworkArduinoVariant/variant.cpp.o: 
warning: multiple common of `__gnu_lto_slim'
C:/Users/phamm/.platformio/packages/toolchain-xtensa-esp-elf/bin/../lib/gcc/xte
nsa-esp-elf/14.2.0/../../../../xtensa-esp-elf/bin/ld.exe: .pio/build/custom-st7
789-160x128/libbe2/NimBLE-Arduino/nimble/porting/nimble/src/hal_timer.c.o: 
plugin needed to handle lto object
C:/Users/phamm/.platformio/packages/toolchain-xtensa-esp-elf/bin/../lib/gcc/xte
nsa-esp-elf/14.2.0/../../../../xtensa-esp-elf/bin/ld.exe: .pio/build/custom-st7
789-160x128/libbe2/NimBLE-Arduino/nimble/porting/nimble/src/hal_timer.c.o: 
plugin needed to handle lto object
C:/Users/phamm/.platformio/packages/toolchain-xtensa-esp-elf/bin/../lib/gcc/xte
nsa-esp-elf/14.2.0/../../../../xtensa-esp-elf/bin/ld.exe: .pio/build/custom-st7
789-160x128/libbe2/NimBLE-Arduino/nimble/porting/nimble/src/hal_timer.c.o and 
.pio/build/custom-st7789-160x128/FrameworkArduinoVariant/variant.cpp.o: 
warning: multiple common of `__gnu_lto_slim'
C:/Users/phamm/.platformio/packages/toolchain-xtensa-esp-elf/bin/../lib/gcc/xte
nsa-esp-elf/14.2.0/../../../../xtensa-esp-elf/bin/ld.exe: .pio/build/custom-st7
789-160x128/libbe2/NimBLE-Arduino/nimble/porting/nimble/src/mem.c.o: plugin 
needed to handle lto object
C:/Users/phamm/.platformio/packages/toolchain-xtensa-esp-elf/bin/../lib/gcc/xte
nsa-esp-elf/14.2.0/../../../../xtensa-esp-elf/bin/ld.exe: .pio/build/custom-st7
789-160x128/libbe2/NimBLE-Arduino/nimble/porting/nimble/src/mem.c.o: plugin 
needed to handle lto object
C:/Users/phamm/.platformio/packages/toolchain-xtensa-esp-elf/bin/../lib/gcc/xte
nsa-esp-elf/14.2.0/../../../../xtensa-esp-elf/bin/ld.exe: .pio/build/custom-st7
789-160x128/libbe2/NimBLE-Arduino/nimble/porting/nimble/src/mem.c.o and 
.pio/build/custom-st7789-160x128/FrameworkArduinoVariant/variant.cpp.o: 
warning: multiple common of `__gnu_lto_slim'
C:/Users/phamm/.platformio/packages/toolchain-xtensa-esp-elf/bin/../lib/gcc/xte
nsa-esp-elf/14.2.0/../../../../xtensa-esp-elf/bin/ld.exe: .pio/build/custom-st7
789-160x128/libbe2/NimBLE-Arduino/nimble/porting/nimble/src/nimble_port.c.o: 
plugin needed to handle lto object
C:/Users/phamm/.platformio/packages/toolchain-xtensa-esp-elf/bin/../lib/gcc/xte
nsa-esp-elf/14.2.0/../../../../xtensa-esp-elf/bin/ld.exe: .pio/build/custom-st7
789-160x128/libbe2/NimBLE-Arduino/nimble/porting/nimble/src/nimble_port.c.o: 
plugin needed to handle lto object
C:/Users/phamm/.platformio/packages/toolchain-xtensa-esp-elf/bin/../lib/gcc/xte
nsa-esp-elf/14.2.0/../../../../xtensa-esp-elf/bin/ld.exe: .pio/build/custom-st7
789-160x128/libbe2/NimBLE-Arduino/nimble/porting/nimble/src/nimble_port.c.o 
and .pio/build/custom-st7789-160x128/FrameworkArduinoVariant/variant.cpp.o: 
warning: multiple common of `__gnu_lto_slim'
C:/Users/phamm/.platformio/packages/toolchain-xtensa-esp-elf/bin/../lib/gcc/xte
nsa-esp-elf/14.2.0/../../../../xtensa-esp-elf/bin/ld.exe: .pio/build/custom-st7
789-160x128/libbe2/NimBLE-Arduino/nimble/porting/nimble/src/os_cputime.c.o: 
plugin needed to handle lto object
C:/Users/phamm/.platformio/packages/toolchain-xtensa-esp-elf/bin/../lib/gcc/xte
nsa-esp-elf/14.2.0/../../../../xtensa-esp-elf/bin/ld.exe: .pio/build/custom-st7
789-160x128/libbe2/NimBLE-Arduino/nimble/porting/nimble/src/os_cputime.c.o: 
plugin needed to handle lto object
C:/Users/phamm/.platformio/packages/toolchain-xtensa-esp-elf/bin/../lib/gcc/xte
nsa-esp-elf/14.2.0/../../../../xtensa-esp-elf/bin/ld.exe: .pio/build/custom-st7
789-160x128/libbe2/NimBLE-Arduino/nimble/porting/nimble/src/os_cputime.c.o and 
.pio/build/custom-st7789-160x128/FrameworkArduinoVariant/variant.cpp.o: 
warning: multiple common of `__gnu_lto_slim'
C:/Users/phamm/.platformio/packages/toolchain-xtensa-esp-elf/bin/../lib/gcc/xte
nsa-esp-elf/14.2.0/../../../../xtensa-esp-elf/bin/ld.exe: .pio/build/custom-st7
789-160x128/libbe2/NimBLE-Arduino/nimble/porting/nimble/src/os_cputime_pwr2.c.o
: plugin needed to handle lto object
C:/Users/phamm/.platformio/packages/toolchain-xtensa-esp-elf/bin/../lib/gcc/xte
nsa-esp-elf/14.2.0/../../../../xtensa-esp-elf/bin/ld.exe: .pio/build/custom-st7
789-160x128/libbe2/NimBLE-Arduino/nimble/porting/nimble/src/os_cputime_pwr2.c.o
: plugin needed to handle lto object
C:/Users/phamm/.platformio/packages/toolchain-xtensa-esp-elf/bin/../lib/gcc/xte
nsa-esp-elf/14.2.0/../../../../xtensa-esp-elf/bin/ld.exe: .pio/build/custom-st7
789-160x128/libbe2/NimBLE-Arduino/nimble/porting/nimble/src/os_cputime_pwr2.c.o
 and .pio/build/custom-st7789-160x128/FrameworkArduinoVariant/variant.cpp.o: 
warning: multiple common of `__gnu_lto_slim'
C:/Users/phamm/.platformio/packages/toolchain-xtensa-esp-elf/bin/../lib/gcc/xte
nsa-esp-elf/14.2.0/../../../../xtensa-esp-elf/bin/ld.exe: .pio/build/custom-st7
789-160x128/libbe2/NimBLE-Arduino/nimble/porting/nimble/src/os_mbuf.c.o: 
plugin needed to handle lto object
C:/Users/phamm/.platformio/packages/toolchain-xtensa-esp-elf/bin/../lib/gcc/xte
nsa-esp-elf/14.2.0/../../../../xtensa-esp-elf/bin/ld.exe: .pio/build/custom-st7
789-160x128/libbe2/NimBLE-Arduino/nimble/porting/nimble/src/os_mbuf.c.o: 
plugin needed to handle lto object
C:/Users/phamm/.platformio/packages/toolchain-xtensa-esp-elf/bin/../lib/gcc/xte
nsa-esp-elf/14.2.0/../../../../xtensa-esp-elf/bin/ld.exe: .pio/build/custom-st7
789-160x128/libbe2/NimBLE-Arduino/nimble/porting/nimble/src/os_mbuf.c.o and 
.pio/build/custom-st7789-160x128/FrameworkArduinoVariant/variant.cpp.o: 
warning: multiple common of `__gnu_lto_slim'
C:/Users/phamm/.platformio/packages/toolchain-xtensa-esp-elf/bin/../lib/gcc/xte
nsa-esp-elf/14.2.0/../../../../xtensa-esp-elf/bin/ld.exe: .pio/build/custom-st7
789-160x128/libbe2/NimBLE-Arduino/nimble/porting/nimble/src/os_mempool.c.o: 
plugin needed to handle lto object
C:/Users/phamm/.platformio/packages/toolchain-xtensa-esp-elf/bin/../lib/gcc/xte
nsa-esp-elf/14.2.0/../../../../xtensa-esp-elf/bin/ld.exe: .pio/build/custom-st7
789-160x128/libbe2/NimBLE-Arduino/nimble/porting/nimble/src/os_mempool.c.o: 
plugin needed to handle lto object
C:/Users/phamm/.platformio/packages/toolchain-xtensa-esp-elf/bin/../lib/gcc/xte
nsa-esp-elf/14.2.0/../../../../xtensa-esp-elf/bin/ld.exe: .pio/build/custom-st7
789-160x128/libbe2/NimBLE-Arduino/nimble/porting/nimble/src/os_mempool.c.o and 
.pio/build/custom-st7789-160x128/FrameworkArduinoVariant/variant.cpp.o: 
warning: multiple common of `__gnu_lto_slim'
C:/Users/phamm/.platformio/packages/toolchain-xtensa-esp-elf/bin/../lib/gcc/xte
nsa-esp-elf/14.2.0/../../../../xtensa-esp-elf/bin/ld.exe: .pio/build/custom-st7
789-160x128/libbe2/NimBLE-Arduino/nimble/porting/nimble/src/os_msys_init.c.o: 
plugin needed to handle lto object
C:/Users/phamm/.platformio/packages/toolchain-xtensa-esp-elf/bin/../lib/gcc/xte
nsa-esp-elf/14.2.0/../../../../xtensa-esp-elf/bin/ld.exe: .pio/build/custom-st7
789-160x128/libbe2/NimBLE-Arduino/nimble/porting/nimble/src/os_msys_init.c.o: 
plugin needed to handle lto object
C:/Users/phamm/.platformio/packages/toolchain-xtensa-esp-elf/bin/../lib/gcc/xte
nsa-esp-elf/14.2.0/../../../../xtensa-esp-elf/bin/ld.exe: .pio/build/custom-st7
789-160x128/libbe2/NimBLE-Arduino/nimble/porting/nimble/src/os_msys_init.c.o 
and .pio/build/custom-st7789-160x128/FrameworkArduinoVariant/variant.cpp.o: 
warning: multiple common of `__gnu_lto_slim'
C:/Users/phamm/.platformio/packages/toolchain-xtensa-esp-elf/bin/../lib/gcc/xte
nsa-esp-elf/14.2.0/../../../../xtensa-esp-elf/bin/ld.exe: .pio/build/custom-st7
789-160x128/libbe2/NimBLE-Arduino/nimble/porting/npl/freertos/src/nimble_port_f
reertos.c.o: plugin needed to handle lto object
C:/Users/phamm/.platformio/packages/toolchain-xtensa-esp-elf/bin/../lib/gcc/xte
nsa-esp-elf/14.2.0/../../../../xtensa-esp-elf/bin/ld.exe: .pio/build/custom-st7
789-160x128/libbe2/NimBLE-Arduino/nimble/porting/npl/freertos/src/nimble_port_f
reertos.c.o: plugin needed to handle lto object
C:/Users/phamm/.platformio/packages/toolchain-xtensa-esp-elf/bin/../lib/gcc/xte
nsa-esp-elf/14.2.0/../../../../xtensa-esp-elf/bin/ld.exe: .pio/build/custom-st7
789-160x128/libbe2/NimBLE-Arduino/nimble/porting/npl/freertos/src/nimble_port_f
reertos.c.o and 
.pio/build/custom-st7789-160x128/FrameworkArduinoVariant/variant.cpp.o: 
warning: multiple common of `__gnu_lto_slim'
C:/Users/phamm/.platformio/packages/toolchain-xtensa-esp-elf/bin/../lib/gcc/xte
nsa-esp-elf/14.2.0/../../../../xtensa-esp-elf/bin/ld.exe: .pio/build/custom-st7
789-160x128/libbe2/NimBLE-Arduino/nimble/porting/npl/freertos/src/npl_os_freert
os.c.o: plugin needed to handle lto object
C:/Users/phamm/.platformio/packages/toolchain-xtensa-esp-elf/bin/../lib/gcc/xte
nsa-esp-elf/14.2.0/../../../../xtensa-esp-elf/bin/ld.exe: .pio/build/custom-st7
789-160x128/libbe2/NimBLE-Arduino/nimble/porting/npl/freertos/src/npl_os_freert
os.c.o: plugin needed to handle lto object
C:/Users/phamm/.platformio/packages/toolchain-xtensa-esp-elf/bin/../lib/gcc/xte
nsa-esp-elf/14.2.0/../../../../xtensa-esp-elf/bin/ld.exe: .pio/build/custom-st7
789-160x128/libbe2/NimBLE-Arduino/nimble/porting/npl/freertos/src/npl_os_freert
os.c.o and 
.pio/build/custom-st7789-160x128/FrameworkArduinoVariant/variant.cpp.o: 
warning: multiple common of `__gnu_lto_slim'
C:/Users/phamm/.platformio/packages/toolchain-xtensa-esp-elf/bin/../lib/gcc/xte
nsa-esp-elf/14.2.0/../../../../xtensa-esp-elf/bin/ld.exe: 
.pio/build/custom-st7789-160x128/lib139/ESP Chameleon 
Ultra/chameleonUltra.cpp.o: plugin needed to handle lto object
C:/Users/phamm/.platformio/packages/toolchain-xtensa-esp-elf/bin/../lib/gcc/xte
nsa-esp-elf/14.2.0/../../../../xtensa-esp-elf/bin/ld.exe: 
.pio/build/custom-st7789-160x128/lib139/ESP Chameleon 
Ultra/chameleonUltra.cpp.o: plugin needed to handle lto object
C:/Users/phamm/.platformio/packages/toolchain-xtensa-esp-elf/bin/../lib/gcc/xte
nsa-esp-elf/14.2.0/../../../../xtensa-esp-elf/bin/ld.exe: 
.pio/build/custom-st7789-160x128/lib139/ESP Chameleon 
Ultra/chameleonUltra.cpp.o and 
.pio/build/custom-st7789-160x128/FrameworkArduinoVariant/variant.cpp.o: 
warning: multiple common of `__gnu_lto_slim'
C:/Users/phamm/.platformio/packages/toolchain-xtensa-esp-elf/bin/../lib/gcc/xte
nsa-esp-elf/14.2.0/../../../../xtensa-esp-elf/bin/ld.exe: 
.pio/build/custom-st7789-160x128/libee4/ESP Amiibolink/amiibolink.cpp.o: 
plugin needed to handle lto object
C:/Users/phamm/.platformio/packages/toolchain-xtensa-esp-elf/bin/../lib/gcc/xte
nsa-esp-elf/14.2.0/../../../../xtensa-esp-elf/bin/ld.exe: 
.pio/build/custom-st7789-160x128/libee4/ESP Amiibolink/amiibolink.cpp.o: 
plugin needed to handle lto object
C:/Users/phamm/.platformio/packages/toolchain-xtensa-esp-elf/bin/../lib/gcc/xte
nsa-esp-elf/14.2.0/../../../../xtensa-esp-elf/bin/ld.exe: 
.pio/build/custom-st7789-160x128/libee4/ESP Amiibolink/amiibolink.cpp.o and 
.pio/build/custom-st7789-160x128/FrameworkArduinoVariant/variant.cpp.o: 
warning: multiple common of `__gnu_lto_slim'
C:/Users/phamm/.platformio/packages/toolchain-xtensa-esp-elf/bin/../lib/gcc/xte
nsa-esp-elf/14.2.0/../../../../xtensa-esp-elf/bin/ld.exe: 
.pio/build/custom-st7789-160x128/lib3a2/SimpleCLI/Argument.cpp.o: plugin 
needed to handle lto object
C:/Users/phamm/.platformio/packages/toolchain-xtensa-esp-elf/bin/../lib/gcc/xte
nsa-esp-elf/14.2.0/../../../../xtensa-esp-elf/bin/ld.exe: 
.pio/build/custom-st7789-160x128/lib3a2/SimpleCLI/Argument.cpp.o: plugin 
needed to handle lto object
C:/Users/phamm/.platformio/packages/toolchain-xtensa-esp-elf/bin/../lib/gcc/xte
nsa-esp-elf/14.2.0/../../../../xtensa-esp-elf/bin/ld.exe: 
.pio/build/custom-st7789-160x128/lib3a2/SimpleCLI/Argument.cpp.o and 
.pio/build/custom-st7789-160x128/FrameworkArduinoVariant/variant.cpp.o: 
warning: multiple common of `__gnu_lto_slim'
C:/Users/phamm/.platformio/packages/toolchain-xtensa-esp-elf/bin/../lib/gcc/xte
nsa-esp-elf/14.2.0/../../../../xtensa-esp-elf/bin/ld.exe: 
.pio/build/custom-st7789-160x128/lib3a2/SimpleCLI/Command.cpp.o: plugin needed 
to handle lto object
C:/Users/phamm/.platformio/packages/toolchain-xtensa-esp-elf/bin/../lib/gcc/xte
nsa-esp-elf/14.2.0/../../../../xtensa-esp-elf/bin/ld.exe: 
.pio/build/custom-st7789-160x128/lib3a2/SimpleCLI/Command.cpp.o: plugin needed 
to handle lto object
C:/Users/phamm/.platformio/packages/toolchain-xtensa-esp-elf/bin/../lib/gcc/xte
nsa-esp-elf/14.2.0/../../../../xtensa-esp-elf/bin/ld.exe: 
.pio/build/custom-st7789-160x128/lib3a2/SimpleCLI/Command.cpp.o and 
.pio/build/custom-st7789-160x128/FrameworkArduinoVariant/variant.cpp.o: 
warning: multiple common of `__gnu_lto_slim'
C:/Users/phamm/.platformio/packages/toolchain-xtensa-esp-elf/bin/../lib/gcc/xte
nsa-esp-elf/14.2.0/../../../../xtensa-esp-elf/bin/ld.exe: 
.pio/build/custom-st7789-160x128/lib3a2/SimpleCLI/CommandError.cpp.o: plugin 
needed to handle lto object
C:/Users/phamm/.platformio/packages/toolchain-xtensa-esp-elf/bin/../lib/gcc/xte
nsa-esp-elf/14.2.0/../../../../xtensa-esp-elf/bin/ld.exe: 
.pio/build/custom-st7789-160x128/lib3a2/SimpleCLI/CommandError.cpp.o: plugin 
needed to handle lto object
C:/Users/phamm/.platformio/packages/toolchain-xtensa-esp-elf/bin/../lib/gcc/xte
nsa-esp-elf/14.2.0/../../../../xtensa-esp-elf/bin/ld.exe: 
.pio/build/custom-st7789-160x128/lib3a2/SimpleCLI/CommandError.cpp.o and 
.pio/build/custom-st7789-160x128/FrameworkArduinoVariant/variant.cpp.o: 
warning: multiple common of `__gnu_lto_slim'
C:/Users/phamm/.platformio/packages/toolchain-xtensa-esp-elf/bin/../lib/gcc/xte
nsa-esp-elf/14.2.0/../../../../xtensa-esp-elf/bin/ld.exe: 
.pio/build/custom-st7789-160x128/lib3a2/SimpleCLI/SimpleCLI.cpp.o: plugin 
needed to handle lto object
C:/Users/phamm/.platformio/packages/toolchain-xtensa-esp-elf/bin/../lib/gcc/xte
nsa-esp-elf/14.2.0/../../../../xtensa-esp-elf/bin/ld.exe: 
.pio/build/custom-st7789-160x128/lib3a2/SimpleCLI/SimpleCLI.cpp.o: plugin 
needed to handle lto object
C:/Users/phamm/.platformio/packages/toolchain-xtensa-esp-elf/bin/../lib/gcc/xte
nsa-esp-elf/14.2.0/../../../../xtensa-esp-elf/bin/ld.exe: 
.pio/build/custom-st7789-160x128/lib3a2/SimpleCLI/SimpleCLI.cpp.o and 
.pio/build/custom-st7789-160x128/FrameworkArduinoVariant/variant.cpp.o: 
warning: multiple common of `__gnu_lto_slim'
C:/Users/phamm/.platformio/packages/toolchain-xtensa-esp-elf/bin/../lib/gcc/xte
nsa-esp-elf/14.2.0/../../../../xtensa-esp-elf/bin/ld.exe: 
.pio/build/custom-st7789-160x128/lib3a2/SimpleCLI/c/arg.c.o: plugin needed to 
handle lto object
C:/Users/phamm/.platformio/packages/toolchain-xtensa-esp-elf/bin/../lib/gcc/xte
nsa-esp-elf/14.2.0/../../../../xtensa-esp-elf/bin/ld.exe: 
.pio/build/custom-st7789-160x128/lib3a2/SimpleCLI/c/arg.c.o: plugin needed to 
handle lto object
C:/Users/phamm/.platformio/packages/toolchain-xtensa-esp-elf/bin/../lib/gcc/xte
nsa-esp-elf/14.2.0/../../../../xtensa-esp-elf/bin/ld.exe: 
.pio/build/custom-st7789-160x128/lib3a2/SimpleCLI/c/arg.c.o and 
.pio/build/custom-st7789-160x128/FrameworkArduinoVariant/variant.cpp.o: 
warning: multiple common of `__gnu_lto_slim'
C:/Users/phamm/.platformio/packages/toolchain-xtensa-esp-elf/bin/../lib/gcc/xte
nsa-esp-elf/14.2.0/../../../../xtensa-esp-elf/bin/ld.exe: 
.pio/build/custom-st7789-160x128/lib3a2/SimpleCLI/c/cmd.c.o: plugin needed to 
handle lto object
C:/Users/phamm/.platformio/packages/toolchain-xtensa-esp-elf/bin/../lib/gcc/xte
nsa-esp-elf/14.2.0/../../../../xtensa-esp-elf/bin/ld.exe: 
.pio/build/custom-st7789-160x128/lib3a2/SimpleCLI/c/cmd.c.o: plugin needed to 
handle lto object
C:/Users/phamm/.platformio/packages/toolchain-xtensa-esp-elf/bin/../lib/gcc/xte
nsa-esp-elf/14.2.0/../../../../xtensa-esp-elf/bin/ld.exe: 
.pio/build/custom-st7789-160x128/lib3a2/SimpleCLI/c/cmd.c.o and 
.pio/build/custom-st7789-160x128/FrameworkArduinoVariant/variant.cpp.o: 
warning: multiple common of `__gnu_lto_slim'
C:/Users/phamm/.platformio/packages/toolchain-xtensa-esp-elf/bin/../lib/gcc/xte
nsa-esp-elf/14.2.0/../../../../xtensa-esp-elf/bin/ld.exe: 
.pio/build/custom-st7789-160x128/lib3a2/SimpleCLI/c/cmd_error.c.o: plugin 
needed to handle lto object
C:/Users/phamm/.platformio/packages/toolchain-xtensa-esp-elf/bin/../lib/gcc/xte
nsa-esp-elf/14.2.0/../../../../xtensa-esp-elf/bin/ld.exe: 
.pio/build/custom-st7789-160x128/lib3a2/SimpleCLI/c/cmd_error.c.o: plugin 
needed to handle lto object
C:/Users/phamm/.platformio/packages/toolchain-xtensa-esp-elf/bin/../lib/gcc/xte
nsa-esp-elf/14.2.0/../../../../xtensa-esp-elf/bin/ld.exe: 
.pio/build/custom-st7789-160x128/lib3a2/SimpleCLI/c/cmd_error.c.o and 
.pio/build/custom-st7789-160x128/FrameworkArduinoVariant/variant.cpp.o: 
warning: multiple common of `__gnu_lto_slim'
C:/Users/phamm/.platformio/packages/toolchain-xtensa-esp-elf/bin/../lib/gcc/xte
nsa-esp-elf/14.2.0/../../../../xtensa-esp-elf/bin/ld.exe: 
.pio/build/custom-st7789-160x128/lib3a2/SimpleCLI/c/comparator.c.o: plugin 
needed to handle lto object
C:/Users/phamm/.platformio/packages/toolchain-xtensa-esp-elf/bin/../lib/gcc/xte
nsa-esp-elf/14.2.0/../../../../xtensa-esp-elf/bin/ld.exe: 
.pio/build/custom-st7789-160x128/lib3a2/SimpleCLI/c/comparator.c.o: plugin 
needed to handle lto object
C:/Users/phamm/.platformio/packages/toolchain-xtensa-esp-elf/bin/../lib/gcc/xte
nsa-esp-elf/14.2.0/../../../../xtensa-esp-elf/bin/ld.exe: 
.pio/build/custom-st7789-160x128/lib3a2/SimpleCLI/c/comparator.c.o and 
.pio/build/custom-st7789-160x128/FrameworkArduinoVariant/variant.cpp.o: 
warning: multiple common of `__gnu_lto_slim'
C:/Users/phamm/.platformio/packages/toolchain-xtensa-esp-elf/bin/../lib/gcc/xte
nsa-esp-elf/14.2.0/../../../../xtensa-esp-elf/bin/ld.exe: 
.pio/build/custom-st7789-160x128/lib3a2/SimpleCLI/c/parser.c.o: plugin needed 
to handle lto object
C:/Users/phamm/.platformio/packages/toolchain-xtensa-esp-elf/bin/../lib/gcc/xte
nsa-esp-elf/14.2.0/../../../../xtensa-esp-elf/bin/ld.exe: 
.pio/build/custom-st7789-160x128/lib3a2/SimpleCLI/c/parser.c.o: plugin needed 
to handle lto object
C:/Users/phamm/.platformio/packages/toolchain-xtensa-esp-elf/bin/../lib/gcc/xte
nsa-esp-elf/14.2.0/../../../../xtensa-esp-elf/bin/ld.exe: 
.pio/build/custom-st7789-160x128/lib3a2/SimpleCLI/c/parser.c.o and 
.pio/build/custom-st7789-160x128/FrameworkArduinoVariant/variant.cpp.o: 
warning: multiple common of `__gnu_lto_slim'
C:/Users/phamm/.platformio/packages/toolchain-xtensa-esp-elf/bin/../lib/gcc/xte
nsa-esp-elf/14.2.0/../../../../xtensa-esp-elf/bin/ld.exe: 
.pio/build/custom-st7789-160x128/lib862/ESP PN32BLE/pn532_ble.cpp.o: plugin 
needed to handle lto object
C:/Users/phamm/.platformio/packages/toolchain-xtensa-esp-elf/bin/../lib/gcc/xte
nsa-esp-elf/14.2.0/../../../../xtensa-esp-elf/bin/ld.exe: 
.pio/build/custom-st7789-160x128/lib862/ESP PN32BLE/pn532_ble.cpp.o: plugin 
needed to handle lto object
C:/Users/phamm/.platformio/packages/toolchain-xtensa-esp-elf/bin/../lib/gcc/xte
nsa-esp-elf/14.2.0/../../../../xtensa-esp-elf/bin/ld.exe: 
.pio/build/custom-st7789-160x128/lib862/ESP PN32BLE/pn532_ble.cpp.o and 
.pio/build/custom-st7789-160x128/FrameworkArduinoVariant/variant.cpp.o: 
warning: multiple common of `__gnu_lto_slim'
C:/Users/phamm/.platformio/packages/toolchain-xtensa-esp-elf/bin/../lib/gcc/xte
nsa-esp-elf/14.2.0/../../../../xtensa-esp-elf/bin/ld.exe: 
.pio/build/custom-st7789-160x128/libbf1/ESP PN532 UART/PN532_UART.cpp.o: 
plugin needed to handle lto object
C:/Users/phamm/.platformio/packages/toolchain-xtensa-esp-elf/bin/../lib/gcc/xte
nsa-esp-elf/14.2.0/../../../../xtensa-esp-elf/bin/ld.exe: 
.pio/build/custom-st7789-160x128/libbf1/ESP PN532 UART/PN532_UART.cpp.o: 
plugin needed to handle lto object
C:/Users/phamm/.platformio/packages/toolchain-xtensa-esp-elf/bin/../lib/gcc/xte
nsa-esp-elf/14.2.0/../../../../xtensa-esp-elf/bin/ld.exe: 
.pio/build/custom-st7789-160x128/libbf1/ESP PN532 UART/PN532_UART.cpp.o and 
.pio/build/custom-st7789-160x128/FrameworkArduinoVariant/variant.cpp.o: 
warning: multiple common of `__gnu_lto_slim'
C:/Users/phamm/.platformio/packages/toolchain-xtensa-esp-elf/bin/../lib/gcc/xte
nsa-esp-elf/14.2.0/../../../../xtensa-esp-elf/bin/ld.exe: 
.pio/build/custom-st7789-160x128/libbf1/ESP PN532 UART/TagTechnology.cpp.o: 
plugin needed to handle lto object
C:/Users/phamm/.platformio/packages/toolchain-xtensa-esp-elf/bin/../lib/gcc/xte
nsa-esp-elf/14.2.0/../../../../xtensa-esp-elf/bin/ld.exe: 
.pio/build/custom-st7789-160x128/libbf1/ESP PN532 UART/TagTechnology.cpp.o: 
plugin needed to handle lto object
C:/Users/phamm/.platformio/packages/toolchain-xtensa-esp-elf/bin/../lib/gcc/xte
nsa-esp-elf/14.2.0/../../../../xtensa-esp-elf/bin/ld.exe: 
.pio/build/custom-st7789-160x128/libbf1/ESP PN532 UART/TagTechnology.cpp.o and 
.pio/build/custom-st7789-160x128/FrameworkArduinoVariant/variant.cpp.o: 
warning: multiple common of `__gnu_lto_slim'
C:/Users/phamm/.platformio/packages/toolchain-xtensa-esp-elf/bin/../lib/gcc/xte
nsa-esp-elf/14.2.0/../../../../xtensa-esp-elf/bin/ld.exe: 
.pio/build/custom-st7789-160x128/libf60/ESP PN532Killer/PN532Killer.cpp.o: 
plugin needed to handle lto object
C:/Users/phamm/.platformio/packages/toolchain-xtensa-esp-elf/bin/../lib/gcc/xte
nsa-esp-elf/14.2.0/../../../../xtensa-esp-elf/bin/ld.exe: 
.pio/build/custom-st7789-160x128/libf60/ESP PN532Killer/PN532Killer.cpp.o: 
plugin needed to handle lto object
C:/Users/phamm/.platformio/packages/toolchain-xtensa-esp-elf/bin/../lib/gcc/xte
nsa-esp-elf/14.2.0/../../../../xtensa-esp-elf/bin/ld.exe: 
.pio/build/custom-st7789-160x128/libf60/ESP PN532Killer/PN532Killer.cpp.o and 
.pio/build/custom-st7789-160x128/FrameworkArduinoVariant/variant.cpp.o: 
warning: multiple common of `__gnu_lto_slim'
C:/Users/phamm/.platformio/packages/toolchain-xtensa-esp-elf/bin/../lib/gcc/xte
nsa-esp-elf/14.2.0/../../../../xtensa-esp-elf/bin/ld.exe: 
.pio/build/custom-st7789-160x128/libf60/ESP 
PN532Killer/PN532KillerTagTechnology.cpp.o: plugin needed to handle lto object
C:/Users/phamm/.platformio/packages/toolchain-xtensa-esp-elf/bin/../lib/gcc/xte
nsa-esp-elf/14.2.0/../../../../xtensa-esp-elf/bin/ld.exe: 
.pio/build/custom-st7789-160x128/libf60/ESP 
PN532Killer/PN532KillerTagTechnology.cpp.o: plugin needed to handle lto object
C:/Users/phamm/.platformio/packages/toolchain-xtensa-esp-elf/bin/../lib/gcc/xte
nsa-esp-elf/14.2.0/../../../../xtensa-esp-elf/bin/ld.exe: 
.pio/build/custom-st7789-160x128/libf60/ESP 
PN532Killer/PN532KillerTagTechnology.cpp.o and 
.pio/build/custom-st7789-160x128/FrameworkArduinoVariant/variant.cpp.o: 
warning: multiple common of `__gnu_lto_slim'
C:/Users/phamm/.platformio/packages/toolchain-xtensa-esp-elf/bin/../lib/gcc/xte
nsa-esp-elf/14.2.0/../../../../xtensa-esp-elf/bin/ld.exe: 
.pio/build/custom-st7789-160x128/lib1d6/NTPClient/NTPClient.cpp.o: plugin 
needed to handle lto object
C:/Users/phamm/.platformio/packages/toolchain-xtensa-esp-elf/bin/../lib/gcc/xte
nsa-esp-elf/14.2.0/../../../../xtensa-esp-elf/bin/ld.exe: 
.pio/build/custom-st7789-160x128/lib1d6/NTPClient/NTPClient.cpp.o: plugin 
needed to handle lto object
C:/Users/phamm/.platformio/packages/toolchain-xtensa-esp-elf/bin/../lib/gcc/xte
nsa-esp-elf/14.2.0/../../../../xtensa-esp-elf/bin/ld.exe: 
.pio/build/custom-st7789-160x128/lib1d6/NTPClient/NTPClient.cpp.o and 
.pio/build/custom-st7789-160x128/FrameworkArduinoVariant/variant.cpp.o: 
warning: multiple common of `__gnu_lto_slim'
C:/Users/phamm/.platformio/packages/toolchain-xtensa-esp-elf/bin/../lib/gcc/xte
nsa-esp-elf/14.2.0/../../../../xtensa-esp-elf/bin/ld.exe: 
.pio/build/custom-st7789-160x128/libfcc/ESP32Time/ESP32Time.cpp.o: plugin 
needed to handle lto object
C:/Users/phamm/.platformio/packages/toolchain-xtensa-esp-elf/bin/../lib/gcc/xte
nsa-esp-elf/14.2.0/../../../../xtensa-esp-elf/bin/ld.exe: 
.pio/build/custom-st7789-160x128/libfcc/ESP32Time/ESP32Time.cpp.o: plugin 
needed to handle lto object
C:/Users/phamm/.platformio/packages/toolchain-xtensa-esp-elf/bin/../lib/gcc/xte
nsa-esp-elf/14.2.0/../../../../xtensa-esp-elf/bin/ld.exe: 
.pio/build/custom-st7789-160x128/libfcc/ESP32Time/ESP32Time.cpp.o and 
.pio/build/custom-st7789-160x128/FrameworkArduinoVariant/variant.cpp.o: 
warning: multiple common of `__gnu_lto_slim'
C:/Users/phamm/.platformio/packages/toolchain-xtensa-esp-elf/bin/../lib/gcc/xte
nsa-esp-elf/14.2.0/../../../../xtensa-esp-elf/bin/ld.exe: 
.pio/build/custom-st7789-160x128/lib1ac/FS/FS.cpp.o: plugin needed to handle 
lto object
C:/Users/phamm/.platformio/packages/toolchain-xtensa-esp-elf/bin/../lib/gcc/xte
nsa-esp-elf/14.2.0/../../../../xtensa-esp-elf/bin/ld.exe: 
.pio/build/custom-st7789-160x128/lib1ac/FS/FS.cpp.o: plugin needed to handle 
lto object
C:/Users/phamm/.platformio/packages/toolchain-xtensa-esp-elf/bin/../lib/gcc/xte
nsa-esp-elf/14.2.0/../../../../xtensa-esp-elf/bin/ld.exe: 
.pio/build/custom-st7789-160x128/lib1ac/FS/FS.cpp.o and 
.pio/build/custom-st7789-160x128/FrameworkArduinoVariant/variant.cpp.o: 
warning: multiple common of `__gnu_lto_slim'
C:/Users/phamm/.platformio/packages/toolchain-xtensa-esp-elf/bin/../lib/gcc/xte
nsa-esp-elf/14.2.0/../../../../xtensa-esp-elf/bin/ld.exe: 
.pio/build/custom-st7789-160x128/lib1ac/FS/vfs_api.cpp.o: plugin needed to 
handle lto object
C:/Users/phamm/.platformio/packages/toolchain-xtensa-esp-elf/bin/../lib/gcc/xte
nsa-esp-elf/14.2.0/../../../../xtensa-esp-elf/bin/ld.exe: 
.pio/build/custom-st7789-160x128/lib1ac/FS/vfs_api.cpp.o: plugin needed to 
handle lto object
C:/Users/phamm/.platformio/packages/toolchain-xtensa-esp-elf/bin/../lib/gcc/xte
nsa-esp-elf/14.2.0/../../../../xtensa-esp-elf/bin/ld.exe: 
.pio/build/custom-st7789-160x128/lib1ac/FS/vfs_api.cpp.o and 
.pio/build/custom-st7789-160x128/FrameworkArduinoVariant/variant.cpp.o: 
warning: multiple common of `__gnu_lto_slim'
C:/Users/phamm/.platformio/packages/toolchain-xtensa-esp-elf/bin/../lib/gcc/xte
nsa-esp-elf/14.2.0/../../../../xtensa-esp-elf/bin/ld.exe: 
.pio/build/custom-st7789-160x128/lib182/FFat/FFat.cpp.o: plugin needed to 
handle lto object
C:/Users/phamm/.platformio/packages/toolchain-xtensa-esp-elf/bin/../lib/gcc/xte
nsa-esp-elf/14.2.0/../../../../xtensa-esp-elf/bin/ld.exe: 
.pio/build/custom-st7789-160x128/lib182/FFat/FFat.cpp.o: plugin needed to 
handle lto object
C:/Users/phamm/.platformio/packages/toolchain-xtensa-esp-elf/bin/../lib/gcc/xte
nsa-esp-elf/14.2.0/../../../../xtensa-esp-elf/bin/ld.exe: 
.pio/build/custom-st7789-160x128/lib182/FFat/FFat.cpp.o and 
.pio/build/custom-st7789-160x128/FrameworkArduinoVariant/variant.cpp.o: 
warning: multiple common of `__gnu_lto_slim'
C:/Users/phamm/.platformio/packages/toolchain-xtensa-esp-elf/bin/../lib/gcc/xte
nsa-esp-elf/14.2.0/../../../../xtensa-esp-elf/bin/ld.exe: 
.pio/build/custom-st7789-160x128/libcb8/rc-switch/RCSwitch.cpp.o: plugin 
needed to handle lto object
C:/Users/phamm/.platformio/packages/toolchain-xtensa-esp-elf/bin/../lib/gcc/xte
nsa-esp-elf/14.2.0/../../../../xtensa-esp-elf/bin/ld.exe: 
.pio/build/custom-st7789-160x128/libcb8/rc-switch/RCSwitch.cpp.o: plugin 
needed to handle lto object
C:/Users/phamm/.platformio/packages/toolchain-xtensa-esp-elf/bin/../lib/gcc/xte
nsa-esp-elf/14.2.0/../../../../xtensa-esp-elf/bin/ld.exe: 
.pio/build/custom-st7789-160x128/libcb8/rc-switch/RCSwitch.cpp.o and 
.pio/build/custom-st7789-160x128/FrameworkArduinoVariant/variant.cpp.o: 
warning: multiple common of `__gnu_lto_slim'
C:/Users/phamm/.platformio/packages/toolchain-xtensa-esp-elf/bin/../lib/gcc/xte
nsa-esp-elf/14.2.0/../../../../xtensa-esp-elf/bin/ld.exe: 
.pio/build/custom-st7789-160x128/lib375/SPIFFS/SPIFFS.cpp.o: plugin needed to 
handle lto object
C:/Users/phamm/.platformio/packages/toolchain-xtensa-esp-elf/bin/../lib/gcc/xte
nsa-esp-elf/14.2.0/../../../../xtensa-esp-elf/bin/ld.exe: 
.pio/build/custom-st7789-160x128/lib375/SPIFFS/SPIFFS.cpp.o: plugin needed to 
handle lto object
C:/Users/phamm/.platformio/packages/toolchain-xtensa-esp-elf/bin/../lib/gcc/xte
nsa-esp-elf/14.2.0/../../../../xtensa-esp-elf/bin/ld.exe: 
.pio/build/custom-st7789-160x128/lib375/SPIFFS/SPIFFS.cpp.o and 
.pio/build/custom-st7789-160x128/FrameworkArduinoVariant/variant.cpp.o: 
warning: multiple common of `__gnu_lto_slim'
C:/Users/phamm/.platformio/packages/toolchain-xtensa-esp-elf/bin/../lib/gcc/xte
nsa-esp-elf/14.2.0/../../../../xtensa-esp-elf/bin/ld.exe: 
.pio/build/custom-st7789-160x128/libeb9/Network/NetworkClient.cpp.o: plugin 
needed to handle lto object
C:/Users/phamm/.platformio/packages/toolchain-xtensa-esp-elf/bin/../lib/gcc/xte
nsa-esp-elf/14.2.0/../../../../xtensa-esp-elf/bin/ld.exe: 
.pio/build/custom-st7789-160x128/libeb9/Network/NetworkClient.cpp.o: plugin 
needed to handle lto object
C:/Users/phamm/.platformio/packages/toolchain-xtensa-esp-elf/bin/../lib/gcc/xte
nsa-esp-elf/14.2.0/../../../../xtensa-esp-elf/bin/ld.exe: 
.pio/build/custom-st7789-160x128/libeb9/Network/NetworkClient.cpp.o and 
.pio/build/custom-st7789-160x128/FrameworkArduinoVariant/variant.cpp.o: 
warning: multiple common of `__gnu_lto_slim'
C:/Users/phamm/.platformio/packages/toolchain-xtensa-esp-elf/bin/../lib/gcc/xte
nsa-esp-elf/14.2.0/../../../../xtensa-esp-elf/bin/ld.exe: 
.pio/build/custom-st7789-160x128/libeb9/Network/NetworkEvents.cpp.o: plugin 
needed to handle lto object
C:/Users/phamm/.platformio/packages/toolchain-xtensa-esp-elf/bin/../lib/gcc/xte
nsa-esp-elf/14.2.0/../../../../xtensa-esp-elf/bin/ld.exe: 
.pio/build/custom-st7789-160x128/libeb9/Network/NetworkEvents.cpp.o: plugin 
needed to handle lto object
C:/Users/phamm/.platformio/packages/toolchain-xtensa-esp-elf/bin/../lib/gcc/xte
nsa-esp-elf/14.2.0/../../../../xtensa-esp-elf/bin/ld.exe: 
.pio/build/custom-st7789-160x128/libeb9/Network/NetworkEvents.cpp.o and 
.pio/build/custom-st7789-160x128/FrameworkArduinoVariant/variant.cpp.o: 
warning: multiple common of `__gnu_lto_slim'
C:/Users/phamm/.platformio/packages/toolchain-xtensa-esp-elf/bin/../lib/gcc/xte
nsa-esp-elf/14.2.0/../../../../xtensa-esp-elf/bin/ld.exe: 
.pio/build/custom-st7789-160x128/libeb9/Network/NetworkInterface.cpp.o: plugin 
needed to handle lto object
C:/Users/phamm/.platformio/packages/toolchain-xtensa-esp-elf/bin/../lib/gcc/xte
nsa-esp-elf/14.2.0/../../../../xtensa-esp-elf/bin/ld.exe: 
.pio/build/custom-st7789-160x128/libeb9/Network/NetworkInterface.cpp.o: plugin 
needed to handle lto object
C:/Users/phamm/.platformio/packages/toolchain-xtensa-esp-elf/bin/../lib/gcc/xte
nsa-esp-elf/14.2.0/../../../../xtensa-esp-elf/bin/ld.exe: 
.pio/build/custom-st7789-160x128/libeb9/Network/NetworkInterface.cpp.o and 
.pio/build/custom-st7789-160x128/FrameworkArduinoVariant/variant.cpp.o: 
warning: multiple common of `__gnu_lto_slim'
C:/Users/phamm/.platformio/packages/toolchain-xtensa-esp-elf/bin/../lib/gcc/xte
nsa-esp-elf/14.2.0/../../../../xtensa-esp-elf/bin/ld.exe: 
.pio/build/custom-st7789-160x128/libeb9/Network/NetworkManager.cpp.o: plugin 
needed to handle lto object
C:/Users/phamm/.platformio/packages/toolchain-xtensa-esp-elf/bin/../lib/gcc/xte
nsa-esp-elf/14.2.0/../../../../xtensa-esp-elf/bin/ld.exe: 
.pio/build/custom-st7789-160x128/libeb9/Network/NetworkManager.cpp.o: plugin 
needed to handle lto object
C:/Users/phamm/.platformio/packages/toolchain-xtensa-esp-elf/bin/../lib/gcc/xte
nsa-esp-elf/14.2.0/../../../../xtensa-esp-elf/bin/ld.exe: 
.pio/build/custom-st7789-160x128/libeb9/Network/NetworkManager.cpp.o and 
.pio/build/custom-st7789-160x128/FrameworkArduinoVariant/variant.cpp.o: 
warning: multiple common of `__gnu_lto_slim'
C:/Users/phamm/.platformio/packages/toolchain-xtensa-esp-elf/bin/../lib/gcc/xte
nsa-esp-elf/14.2.0/../../../../xtensa-esp-elf/bin/ld.exe: 
.pio/build/custom-st7789-160x128/libeb9/Network/NetworkServer.cpp.o: plugin 
needed to handle lto object
C:/Users/phamm/.platformio/packages/toolchain-xtensa-esp-elf/bin/../lib/gcc/xte
nsa-esp-elf/14.2.0/../../../../xtensa-esp-elf/bin/ld.exe: 
.pio/build/custom-st7789-160x128/libeb9/Network/NetworkServer.cpp.o: plugin 
needed to handle lto object
C:/Users/phamm/.platformio/packages/toolchain-xtensa-esp-elf/bin/../lib/gcc/xte
nsa-esp-elf/14.2.0/../../../../xtensa-esp-elf/bin/ld.exe: 
.pio/build/custom-st7789-160x128/libeb9/Network/NetworkServer.cpp.o and 
.pio/build/custom-st7789-160x128/FrameworkArduinoVariant/variant.cpp.o: 
warning: multiple common of `__gnu_lto_slim'
C:/Users/phamm/.platformio/packages/toolchain-xtensa-esp-elf/bin/../lib/gcc/xte
nsa-esp-elf/14.2.0/../../../../xtensa-esp-elf/bin/ld.exe: 
.pio/build/custom-st7789-160x128/libeb9/Network/NetworkUdp.cpp.o: plugin 
needed to handle lto object
C:/Users/phamm/.platformio/packages/toolchain-xtensa-esp-elf/bin/../lib/gcc/xte
nsa-esp-elf/14.2.0/../../../../xtensa-esp-elf/bin/ld.exe: 
.pio/build/custom-st7789-160x128/libeb9/Network/NetworkUdp.cpp.o: plugin 
needed to handle lto object
C:/Users/phamm/.platformio/packages/toolchain-xtensa-esp-elf/bin/../lib/gcc/xte
nsa-esp-elf/14.2.0/../../../../xtensa-esp-elf/bin/ld.exe: 
.pio/build/custom-st7789-160x128/libeb9/Network/NetworkUdp.cpp.o and 
.pio/build/custom-st7789-160x128/FrameworkArduinoVariant/variant.cpp.o: 
warning: multiple common of `__gnu_lto_slim'
C:/Users/phamm/.platformio/packages/toolchain-xtensa-esp-elf/bin/../lib/gcc/xte
nsa-esp-elf/14.2.0/../../../../xtensa-esp-elf/bin/ld.exe: .pio/build/custom-st7
789-160x128/lib919/NetworkClientSecure/NetworkClientSecure.cpp.o: plugin 
needed to handle lto object
C:/Users/phamm/.platformio/packages/toolchain-xtensa-esp-elf/bin/../lib/gcc/xte
nsa-esp-elf/14.2.0/../../../../xtensa-esp-elf/bin/ld.exe: .pio/build/custom-st7
789-160x128/lib919/NetworkClientSecure/NetworkClientSecure.cpp.o: plugin 
needed to handle lto object
C:/Users/phamm/.platformio/packages/toolchain-xtensa-esp-elf/bin/../lib/gcc/xte
nsa-esp-elf/14.2.0/../../../../xtensa-esp-elf/bin/ld.exe: .pio/build/custom-st7
789-160x128/lib919/NetworkClientSecure/NetworkClientSecure.cpp.o and 
.pio/build/custom-st7789-160x128/FrameworkArduinoVariant/variant.cpp.o: 
warning: multiple common of `__gnu_lto_slim'
C:/Users/phamm/.platformio/packages/toolchain-xtensa-esp-elf/bin/../lib/gcc/xte
nsa-esp-elf/14.2.0/../../../../xtensa-esp-elf/bin/ld.exe: 
.pio/build/custom-st7789-160x128/lib919/NetworkClientSecure/ssl_client.cpp.o: 
plugin needed to handle lto object
C:/Users/phamm/.platformio/packages/toolchain-xtensa-esp-elf/bin/../lib/gcc/xte
nsa-esp-elf/14.2.0/../../../../xtensa-esp-elf/bin/ld.exe: 
.pio/build/custom-st7789-160x128/lib919/NetworkClientSecure/ssl_client.cpp.o: 
plugin needed to handle lto object
C:/Users/phamm/.platformio/packages/toolchain-xtensa-esp-elf/bin/../lib/gcc/xte
nsa-esp-elf/14.2.0/../../../../xtensa-esp-elf/bin/ld.exe: 
.pio/build/custom-st7789-160x128/lib919/NetworkClientSecure/ssl_client.cpp.o 
and .pio/build/custom-st7789-160x128/FrameworkArduinoVariant/variant.cpp.o: 
warning: multiple common of `__gnu_lto_slim'
C:/Users/phamm/.platformio/packages/toolchain-xtensa-esp-elf/bin/../lib/gcc/xte
nsa-esp-elf/14.2.0/../../../../xtensa-esp-elf/bin/ld.exe: 
.pio/build/custom-st7789-160x128/lib8ed/HTTPClient/HTTPClient.cpp.o: plugin 
needed to handle lto object
C:/Users/phamm/.platformio/packages/toolchain-xtensa-esp-elf/bin/../lib/gcc/xte
nsa-esp-elf/14.2.0/../../../../xtensa-esp-elf/bin/ld.exe: 
.pio/build/custom-st7789-160x128/lib8ed/HTTPClient/HTTPClient.cpp.o: plugin 
needed to handle lto object
C:/Users/phamm/.platformio/packages/toolchain-xtensa-esp-elf/bin/../lib/gcc/xte
nsa-esp-elf/14.2.0/../../../../xtensa-esp-elf/bin/ld.exe: 
.pio/build/custom-st7789-160x128/lib8ed/HTTPClient/HTTPClient.cpp.o and 
.pio/build/custom-st7789-160x128/FrameworkArduinoVariant/variant.cpp.o: 
warning: multiple common of `__gnu_lto_slim'
C:/Users/phamm/.platformio/packages/toolchain-xtensa-esp-elf/bin/../lib/gcc/xte
nsa-esp-elf/14.2.0/../../../../xtensa-esp-elf/bin/ld.exe: 
.pio/build/custom-st7789-160x128/lib8d3/LittleFS/LittleFS.cpp.o: plugin needed 
to handle lto object
C:/Users/phamm/.platformio/packages/toolchain-xtensa-esp-elf/bin/../lib/gcc/xte
nsa-esp-elf/14.2.0/../../../../xtensa-esp-elf/bin/ld.exe: 
.pio/build/custom-st7789-160x128/lib8d3/LittleFS/LittleFS.cpp.o: plugin needed 
to handle lto object
C:/Users/phamm/.platformio/packages/toolchain-xtensa-esp-elf/bin/../lib/gcc/xte
nsa-esp-elf/14.2.0/../../../../xtensa-esp-elf/bin/ld.exe: 
.pio/build/custom-st7789-160x128/lib8d3/LittleFS/LittleFS.cpp.o and 
.pio/build/custom-st7789-160x128/FrameworkArduinoVariant/variant.cpp.o: 
warning: multiple common of `__gnu_lto_slim'
C:/Users/phamm/.platformio/packages/toolchain-xtensa-esp-elf/bin/../lib/gcc/xte
nsa-esp-elf/14.2.0/../../../../xtensa-esp-elf/bin/ld.exe: 
.pio/build/custom-st7789-160x128/lib277/TFT_eSPI/TFT_eSPI.cpp.o: plugin needed 
to handle lto object
C:/Users/phamm/.platformio/packages/toolchain-xtensa-esp-elf/bin/../lib/gcc/xte
nsa-esp-elf/14.2.0/../../../../xtensa-esp-elf/bin/ld.exe: 
.pio/build/custom-st7789-160x128/lib277/TFT_eSPI/TFT_eSPI.cpp.o: plugin needed 
to handle lto object
C:/Users/phamm/.platformio/packages/toolchain-xtensa-esp-elf/bin/../lib/gcc/xte
nsa-esp-elf/14.2.0/../../../../xtensa-esp-elf/bin/ld.exe: 
.pio/build/custom-st7789-160x128/lib277/TFT_eSPI/TFT_eSPI.cpp.o and 
.pio/build/custom-st7789-160x128/FrameworkArduinoVariant/variant.cpp.o: 
warning: multiple common of `__gnu_lto_slim'
C:/Users/phamm/.platformio/packages/toolchain-xtensa-esp-elf/bin/../lib/gcc/xte
nsa-esp-elf/14.2.0/../../../../xtensa-esp-elf/bin/ld.exe: 
.pio/build/custom-st7789-160x128/libc06/HAL/display/ardgfx.cpp.o: plugin 
needed to handle lto object
C:/Users/phamm/.platformio/packages/toolchain-xtensa-esp-elf/bin/../lib/gcc/xte
nsa-esp-elf/14.2.0/../../../../xtensa-esp-elf/bin/ld.exe: 
.pio/build/custom-st7789-160x128/libc06/HAL/display/ardgfx.cpp.o: plugin 
needed to handle lto object
C:/Users/phamm/.platformio/packages/toolchain-xtensa-esp-elf/bin/../lib/gcc/xte
nsa-esp-elf/14.2.0/../../../../xtensa-esp-elf/bin/ld.exe: 
.pio/build/custom-st7789-160x128/libc06/HAL/display/ardgfx.cpp.o and 
.pio/build/custom-st7789-160x128/FrameworkArduinoVariant/variant.cpp.o: 
warning: multiple common of `__gnu_lto_slim'
C:/Users/phamm/.platformio/packages/toolchain-xtensa-esp-elf/bin/../lib/gcc/xte
nsa-esp-elf/14.2.0/../../../../xtensa-esp-elf/bin/ld.exe: 
.pio/build/custom-st7789-160x128/libc06/HAL/display/lovyan.cpp.o: plugin 
needed to handle lto object
C:/Users/phamm/.platformio/packages/toolchain-xtensa-esp-elf/bin/../lib/gcc/xte
nsa-esp-elf/14.2.0/../../../../xtensa-esp-elf/bin/ld.exe: 
.pio/build/custom-st7789-160x128/libc06/HAL/display/lovyan.cpp.o: plugin 
needed to handle lto object
C:/Users/phamm/.platformio/packages/toolchain-xtensa-esp-elf/bin/../lib/gcc/xte
nsa-esp-elf/14.2.0/../../../../xtensa-esp-elf/bin/ld.exe: 
.pio/build/custom-st7789-160x128/libc06/HAL/display/lovyan.cpp.o and 
.pio/build/custom-st7789-160x128/FrameworkArduinoVariant/variant.cpp.o: 
warning: multiple common of `__gnu_lto_slim'
C:/Users/phamm/.platformio/packages/toolchain-xtensa-esp-elf/bin/../lib/gcc/xte
nsa-esp-elf/14.2.0/../../../../xtensa-esp-elf/bin/ld.exe: 
.pio/build/custom-st7789-160x128/libc06/HAL/display/m5gfx.cpp.o: plugin needed 
to handle lto object
C:/Users/phamm/.platformio/packages/toolchain-xtensa-esp-elf/bin/../lib/gcc/xte
nsa-esp-elf/14.2.0/../../../../xtensa-esp-elf/bin/ld.exe: 
.pio/build/custom-st7789-160x128/libc06/HAL/display/m5gfx.cpp.o: plugin needed 
to handle lto object
C:/Users/phamm/.platformio/packages/toolchain-xtensa-esp-elf/bin/../lib/gcc/xte
nsa-esp-elf/14.2.0/../../../../xtensa-esp-elf/bin/ld.exe: 
.pio/build/custom-st7789-160x128/libc06/HAL/display/m5gfx.cpp.o and 
.pio/build/custom-st7789-160x128/FrameworkArduinoVariant/variant.cpp.o: 
warning: multiple common of `__gnu_lto_slim'
C:/Users/phamm/.platformio/packages/toolchain-xtensa-esp-elf/bin/../lib/gcc/xte
nsa-esp-elf/14.2.0/../../../../xtensa-esp-elf/bin/ld.exe: 
.pio/build/custom-st7789-160x128/libc06/HAL/display/tftespi.cpp.o: plugin 
needed to handle lto object
C:/Users/phamm/.platformio/packages/toolchain-xtensa-esp-elf/bin/../lib/gcc/xte
nsa-esp-elf/14.2.0/../../../../xtensa-esp-elf/bin/ld.exe: 
.pio/build/custom-st7789-160x128/libc06/HAL/display/tftespi.cpp.o: plugin 
needed to handle lto object
C:/Users/phamm/.platformio/packages/toolchain-xtensa-esp-elf/bin/../lib/gcc/xte
nsa-esp-elf/14.2.0/../../../../xtensa-esp-elf/bin/ld.exe: 
.pio/build/custom-st7789-160x128/libc06/HAL/display/tftespi.cpp.o and 
.pio/build/custom-st7789-160x128/FrameworkArduinoVariant/variant.cpp.o: 
warning: multiple common of `__gnu_lto_slim'
C:/Users/phamm/.platformio/packages/toolchain-xtensa-esp-elf/bin/../lib/gcc/xte
nsa-esp-elf/14.2.0/../../../../xtensa-esp-elf/bin/ld.exe: 
.pio/build/custom-st7789-160x128/libc06/HAL/io_expander/Adafruit_AW9523.cpp.o: 
plugin needed to handle lto object
C:/Users/phamm/.platformio/packages/toolchain-xtensa-esp-elf/bin/../lib/gcc/xte
nsa-esp-elf/14.2.0/../../../../xtensa-esp-elf/bin/ld.exe: 
.pio/build/custom-st7789-160x128/libc06/HAL/io_expander/Adafruit_AW9523.cpp.o: 
plugin needed to handle lto object
C:/Users/phamm/.platformio/packages/toolchain-xtensa-esp-elf/bin/../lib/gcc/xte
nsa-esp-elf/14.2.0/../../../../xtensa-esp-elf/bin/ld.exe: 
.pio/build/custom-st7789-160x128/libc06/HAL/io_expander/Adafruit_AW9523.cpp.o 
and .pio/build/custom-st7789-160x128/FrameworkArduinoVariant/variant.cpp.o: 
warning: multiple common of `__gnu_lto_slim'
C:/Users/phamm/.platformio/packages/toolchain-xtensa-esp-elf/bin/../lib/gcc/xte
nsa-esp-elf/14.2.0/../../../../xtensa-esp-elf/bin/ld.exe: 
.pio/build/custom-st7789-160x128/libc06/HAL/io_expander/PCA9555.cpp.o: plugin 
needed to handle lto object
C:/Users/phamm/.platformio/packages/toolchain-xtensa-esp-elf/bin/../lib/gcc/xte
nsa-esp-elf/14.2.0/../../../../xtensa-esp-elf/bin/ld.exe: 
.pio/build/custom-st7789-160x128/libc06/HAL/io_expander/PCA9555.cpp.o: plugin 
needed to handle lto object
C:/Users/phamm/.platformio/packages/toolchain-xtensa-esp-elf/bin/../lib/gcc/xte
nsa-esp-elf/14.2.0/../../../../xtensa-esp-elf/bin/ld.exe: 
.pio/build/custom-st7789-160x128/libc06/HAL/io_expander/PCA9555.cpp.o and 
.pio/build/custom-st7789-160x128/FrameworkArduinoVariant/variant.cpp.o: 
warning: multiple common of `__gnu_lto_slim'
C:/Users/phamm/.platformio/packages/toolchain-xtensa-esp-elf/bin/../lib/gcc/xte
nsa-esp-elf/14.2.0/../../../../xtensa-esp-elf/bin/ld.exe: 
.pio/build/custom-st7789-160x128/libc06/HAL/sd_card/SD.cpp.o: plugin needed to 
handle lto object
C:/Users/phamm/.platformio/packages/toolchain-xtensa-esp-elf/bin/../lib/gcc/xte
nsa-esp-elf/14.2.0/../../../../xtensa-esp-elf/bin/ld.exe: 
.pio/build/custom-st7789-160x128/libc06/HAL/sd_card/SD.cpp.o: plugin needed to 
handle lto object
C:/Users/phamm/.platformio/packages/toolchain-xtensa-esp-elf/bin/../lib/gcc/xte
nsa-esp-elf/14.2.0/../../../../xtensa-esp-elf/bin/ld.exe: 
.pio/build/custom-st7789-160x128/libc06/HAL/sd_card/SD.cpp.o and 
.pio/build/custom-st7789-160x128/FrameworkArduinoVariant/variant.cpp.o: 
warning: multiple common of `__gnu_lto_slim'
C:/Users/phamm/.platformio/packages/toolchain-xtensa-esp-elf/bin/../lib/gcc/xte
nsa-esp-elf/14.2.0/../../../../xtensa-esp-elf/bin/ld.exe: 
.pio/build/custom-st7789-160x128/libc06/HAL/sd_card/SD_MMC.cpp.o: plugin 
needed to handle lto object
C:/Users/phamm/.platformio/packages/toolchain-xtensa-esp-elf/bin/../lib/gcc/xte
nsa-esp-elf/14.2.0/../../../../xtensa-esp-elf/bin/ld.exe: 
.pio/build/custom-st7789-160x128/libc06/HAL/sd_card/SD_MMC.cpp.o: plugin 
needed to handle lto object
C:/Users/phamm/.platformio/packages/toolchain-xtensa-esp-elf/bin/../lib/gcc/xte
nsa-esp-elf/14.2.0/../../../../xtensa-esp-elf/bin/ld.exe: 
.pio/build/custom-st7789-160x128/libc06/HAL/sd_card/SD_MMC.cpp.o and 
.pio/build/custom-st7789-160x128/FrameworkArduinoVariant/variant.cpp.o: 
warning: multiple common of `__gnu_lto_slim'
C:/Users/phamm/.platformio/packages/toolchain-xtensa-esp-elf/bin/../lib/gcc/xte
nsa-esp-elf/14.2.0/../../../../xtensa-esp-elf/bin/ld.exe: 
.pio/build/custom-st7789-160x128/libc06/HAL/sd_card/sd_diskio.cpp.o: plugin 
needed to handle lto object
C:/Users/phamm/.platformio/packages/toolchain-xtensa-esp-elf/bin/../lib/gcc/xte
nsa-esp-elf/14.2.0/../../../../xtensa-esp-elf/bin/ld.exe: 
.pio/build/custom-st7789-160x128/libc06/HAL/sd_card/sd_diskio.cpp.o: plugin 
needed to handle lto object
C:/Users/phamm/.platformio/packages/toolchain-xtensa-esp-elf/bin/../lib/gcc/xte
nsa-esp-elf/14.2.0/../../../../xtensa-esp-elf/bin/ld.exe: 
.pio/build/custom-st7789-160x128/libc06/HAL/sd_card/sd_diskio.cpp.o and 
.pio/build/custom-st7789-160x128/FrameworkArduinoVariant/variant.cpp.o: 
warning: multiple common of `__gnu_lto_slim'
C:/Users/phamm/.platformio/packages/toolchain-xtensa-esp-elf/bin/../lib/gcc/xte
nsa-esp-elf/14.2.0/../../../../xtensa-esp-elf/bin/ld.exe: 
.pio/build/custom-st7789-160x128/libc06/HAL/sd_card/sd_diskio_crc.c.o: plugin 
needed to handle lto object
C:/Users/phamm/.platformio/packages/toolchain-xtensa-esp-elf/bin/../lib/gcc/xte
nsa-esp-elf/14.2.0/../../../../xtensa-esp-elf/bin/ld.exe: 
.pio/build/custom-st7789-160x128/libc06/HAL/sd_card/sd_diskio_crc.c.o: plugin 
needed to handle lto object
C:/Users/phamm/.platformio/packages/toolchain-xtensa-esp-elf/bin/../lib/gcc/xte
nsa-esp-elf/14.2.0/../../../../xtensa-esp-elf/bin/ld.exe: 
.pio/build/custom-st7789-160x128/libc06/HAL/sd_card/sd_diskio_crc.c.o and 
.pio/build/custom-st7789-160x128/FrameworkArduinoVariant/variant.cpp.o: 
warning: multiple common of `__gnu_lto_slim'
C:/Users/phamm/.platformio/packages/toolchain-xtensa-esp-elf/bin/../lib/gcc/xte
nsa-esp-elf/14.2.0/../../../../xtensa-esp-elf/bin/ld.exe: .pio/build/custom-st7
789-160x128/liba3f/ESP8266Audio/AudioFileSourceBuffer.cpp.o: plugin needed to 
handle lto object
C:/Users/phamm/.platformio/packages/toolchain-xtensa-esp-elf/bin/../lib/gcc/xte
nsa-esp-elf/14.2.0/../../../../xtensa-esp-elf/bin/ld.exe: .pio/build/custom-st7
789-160x128/liba3f/ESP8266Audio/AudioFileSourceBuffer.cpp.o: plugin needed to 
handle lto object
C:/Users/phamm/.platformio/packages/toolchain-xtensa-esp-elf/bin/../lib/gcc/xte
nsa-esp-elf/14.2.0/../../../../xtensa-esp-elf/bin/ld.exe: .pio/build/custom-st7
789-160x128/liba3f/ESP8266Audio/AudioFileSourceBuffer.cpp.o and 
.pio/build/custom-st7789-160x128/FrameworkArduinoVariant/variant.cpp.o: 
warning: multiple common of `__gnu_lto_slim'
C:/Users/phamm/.platformio/packages/toolchain-xtensa-esp-elf/bin/../lib/gcc/xte
nsa-esp-elf/14.2.0/../../../../xtensa-esp-elf/bin/ld.exe: 
.pio/build/custom-st7789-160x128/liba3f/ESP8266Audio/AudioFileSourceFS.cpp.o: 
plugin needed to handle lto object
C:/Users/phamm/.platformio/packages/toolchain-xtensa-esp-elf/bin/../lib/gcc/xte
nsa-esp-elf/14.2.0/../../../../xtensa-esp-elf/bin/ld.exe: 
.pio/build/custom-st7789-160x128/liba3f/ESP8266Audio/AudioFileSourceFS.cpp.o: 
plugin needed to handle lto object
C:/Users/phamm/.platformio/packages/toolchain-xtensa-esp-elf/bin/../lib/gcc/xte
nsa-esp-elf/14.2.0/../../../../xtensa-esp-elf/bin/ld.exe: 
.pio/build/custom-st7789-160x128/liba3f/ESP8266Audio/AudioFileSourceFS.cpp.o 
and .pio/build/custom-st7789-160x128/FrameworkArduinoVariant/variant.cpp.o: 
warning: multiple common of `__gnu_lto_slim'
C:/Users/phamm/.platformio/packages/toolchain-xtensa-esp-elf/bin/../lib/gcc/xte
nsa-esp-elf/14.2.0/../../../../xtensa-esp-elf/bin/ld.exe: .pio/build/custom-st7
789-160x128/liba3f/ESP8266Audio/AudioFileSourceFunction.cpp.o: plugin needed 
to handle lto object
C:/Users/phamm/.platformio/packages/toolchain-xtensa-esp-elf/bin/../lib/gcc/xte
nsa-esp-elf/14.2.0/../../../../xtensa-esp-elf/bin/ld.exe: .pio/build/custom-st7
789-160x128/liba3f/ESP8266Audio/AudioFileSourceFunction.cpp.o: plugin needed 
to handle lto object
C:/Users/phamm/.platformio/packages/toolchain-xtensa-esp-elf/bin/../lib/gcc/xte
nsa-esp-elf/14.2.0/../../../../xtensa-esp-elf/bin/ld.exe: .pio/build/custom-st7
789-160x128/liba3f/ESP8266Audio/AudioFileSourceFunction.cpp.o and 
.pio/build/custom-st7789-160x128/FrameworkArduinoVariant/variant.cpp.o: 
warning: multiple common of `__gnu_lto_slim'
C:/Users/phamm/.platformio/packages/toolchain-xtensa-esp-elf/bin/../lib/gcc/xte
nsa-esp-elf/14.2.0/../../../../xtensa-esp-elf/bin/ld.exe: .pio/build/custom-st7
789-160x128/liba3f/ESP8266Audio/AudioFileSourceHTTPStream.cpp.o: plugin needed 
to handle lto object
C:/Users/phamm/.platformio/packages/toolchain-xtensa-esp-elf/bin/../lib/gcc/xte
nsa-esp-elf/14.2.0/../../../../xtensa-esp-elf/bin/ld.exe: .pio/build/custom-st7
789-160x128/liba3f/ESP8266Audio/AudioFileSourceHTTPStream.cpp.o: plugin needed 
to handle lto object
C:/Users/phamm/.platformio/packages/toolchain-xtensa-esp-elf/bin/../lib/gcc/xte
nsa-esp-elf/14.2.0/../../../../xtensa-esp-elf/bin/ld.exe: .pio/build/custom-st7
789-160x128/liba3f/ESP8266Audio/AudioFileSourceHTTPStream.cpp.o and 
.pio/build/custom-st7789-160x128/FrameworkArduinoVariant/variant.cpp.o: 
warning: multiple common of `__gnu_lto_slim'
C:/Users/phamm/.platformio/packages/toolchain-xtensa-esp-elf/bin/../lib/gcc/xte
nsa-esp-elf/14.2.0/../../../../xtensa-esp-elf/bin/ld.exe: .pio/build/custom-st7
789-160x128/liba3f/ESP8266Audio/AudioFileSourceICYStream.cpp.o: plugin needed 
to handle lto object
C:/Users/phamm/.platformio/packages/toolchain-xtensa-esp-elf/bin/../lib/gcc/xte
nsa-esp-elf/14.2.0/../../../../xtensa-esp-elf/bin/ld.exe: .pio/build/custom-st7
789-160x128/liba3f/ESP8266Audio/AudioFileSourceICYStream.cpp.o: plugin needed 
to handle lto object
C:/Users/phamm/.platformio/packages/toolchain-xtensa-esp-elf/bin/../lib/gcc/xte
nsa-esp-elf/14.2.0/../../../../xtensa-esp-elf/bin/ld.exe: .pio/build/custom-st7
789-160x128/liba3f/ESP8266Audio/AudioFileSourceICYStream.cpp.o and 
.pio/build/custom-st7789-160x128/FrameworkArduinoVariant/variant.cpp.o: 
warning: multiple common of `__gnu_lto_slim'
C:/Users/phamm/.platformio/packages/toolchain-xtensa-esp-elf/bin/../lib/gcc/xte
nsa-esp-elf/14.2.0/../../../../xtensa-esp-elf/bin/ld.exe: 
.pio/build/custom-st7789-160x128/liba3f/ESP8266Audio/AudioFileSourceID3.cpp.o: 
plugin needed to handle lto object
C:/Users/phamm/.platformio/packages/toolchain-xtensa-esp-elf/bin/../lib/gcc/xte
nsa-esp-elf/14.2.0/../../../../xtensa-esp-elf/bin/ld.exe: 
.pio/build/custom-st7789-160x128/liba3f/ESP8266Audio/AudioFileSourceID3.cpp.o: 
plugin needed to handle lto object
C:/Users/phamm/.platformio/packages/toolchain-xtensa-esp-elf/bin/../lib/gcc/xte
nsa-esp-elf/14.2.0/../../../../xtensa-esp-elf/bin/ld.exe: 
.pio/build/custom-st7789-160x128/liba3f/ESP8266Audio/AudioFileSourceID3.cpp.o 
and .pio/build/custom-st7789-160x128/FrameworkArduinoVariant/variant.cpp.o: 
warning: multiple common of `__gnu_lto_slim'
C:/Users/phamm/.platformio/packages/toolchain-xtensa-esp-elf/bin/../lib/gcc/xte
nsa-esp-elf/14.2.0/../../../../xtensa-esp-elf/bin/ld.exe: .pio/build/custom-st7
789-160x128/liba3f/ESP8266Audio/AudioFileSourcePROGMEM.cpp.o: plugin needed to 
handle lto object
C:/Users/phamm/.platformio/packages/toolchain-xtensa-esp-elf/bin/../lib/gcc/xte
nsa-esp-elf/14.2.0/../../../../xtensa-esp-elf/bin/ld.exe: .pio/build/custom-st7
789-160x128/liba3f/ESP8266Audio/AudioFileSourcePROGMEM.cpp.o: plugin needed to 
handle lto object
C:/Users/phamm/.platformio/packages/toolchain-xtensa-esp-elf/bin/../lib/gcc/xte
nsa-esp-elf/14.2.0/../../../../xtensa-esp-elf/bin/ld.exe: .pio/build/custom-st7
789-160x128/liba3f/ESP8266Audio/AudioFileSourcePROGMEM.cpp.o and 
.pio/build/custom-st7789-160x128/FrameworkArduinoVariant/variant.cpp.o: 
warning: multiple common of `__gnu_lto_slim'
C:/Users/phamm/.platformio/packages/toolchain-xtensa-esp-elf/bin/../lib/gcc/xte
nsa-esp-elf/14.2.0/../../../../xtensa-esp-elf/bin/ld.exe: 
.pio/build/custom-st7789-160x128/liba3f/ESP8266Audio/AudioFileSourceSD.cpp.o: 
plugin needed to handle lto object
C:/Users/phamm/.platformio/packages/toolchain-xtensa-esp-elf/bin/../lib/gcc/xte
nsa-esp-elf/14.2.0/../../../../xtensa-esp-elf/bin/ld.exe: 
.pio/build/custom-st7789-160x128/liba3f/ESP8266Audio/AudioFileSourceSD.cpp.o: 
plugin needed to handle lto object
C:/Users/phamm/.platformio/packages/toolchain-xtensa-esp-elf/bin/../lib/gcc/xte
nsa-esp-elf/14.2.0/../../../../xtensa-esp-elf/bin/ld.exe: 
.pio/build/custom-st7789-160x128/liba3f/ESP8266Audio/AudioFileSourceSD.cpp.o 
and .pio/build/custom-st7789-160x128/FrameworkArduinoVariant/variant.cpp.o: 
warning: multiple common of `__gnu_lto_slim'
C:/Users/phamm/.platformio/packages/toolchain-xtensa-esp-elf/bin/../lib/gcc/xte
nsa-esp-elf/14.2.0/../../../../xtensa-esp-elf/bin/ld.exe: .pio/build/custom-st7
789-160x128/liba3f/ESP8266Audio/AudioFileSourceSPIRAMBuffer.cpp.o: plugin 
needed to handle lto object
C:/Users/phamm/.platformio/packages/toolchain-xtensa-esp-elf/bin/../lib/gcc/xte
nsa-esp-elf/14.2.0/../../../../xtensa-esp-elf/bin/ld.exe: .pio/build/custom-st7
789-160x128/liba3f/ESP8266Audio/AudioFileSourceSPIRAMBuffer.cpp.o: plugin 
needed to handle lto object
C:/Users/phamm/.platformio/packages/toolchain-xtensa-esp-elf/bin/../lib/gcc/xte
nsa-esp-elf/14.2.0/../../../../xtensa-esp-elf/bin/ld.exe: .pio/build/custom-st7
789-160x128/liba3f/ESP8266Audio/AudioFileSourceSPIRAMBuffer.cpp.o and 
.pio/build/custom-st7789-160x128/FrameworkArduinoVariant/variant.cpp.o: 
warning: multiple common of `__gnu_lto_slim'
C:/Users/phamm/.platformio/packages/toolchain-xtensa-esp-elf/bin/../lib/gcc/xte
nsa-esp-elf/14.2.0/../../../../xtensa-esp-elf/bin/ld.exe: .pio/build/custom-st7
789-160x128/liba3f/ESP8266Audio/AudioFileSourceSTDIO.cpp.o: plugin needed to 
handle lto object
C:/Users/phamm/.platformio/packages/toolchain-xtensa-esp-elf/bin/../lib/gcc/xte
nsa-esp-elf/14.2.0/../../../../xtensa-esp-elf/bin/ld.exe: .pio/build/custom-st7
789-160x128/liba3f/ESP8266Audio/AudioFileSourceSTDIO.cpp.o: plugin needed to 
handle lto object
C:/Users/phamm/.platformio/packages/toolchain-xtensa-esp-elf/bin/../lib/gcc/xte
nsa-esp-elf/14.2.0/../../../../xtensa-esp-elf/bin/ld.exe: .pio/build/custom-st7
789-160x128/liba3f/ESP8266Audio/AudioFileSourceSTDIO.cpp.o and 
.pio/build/custom-st7789-160x128/FrameworkArduinoVariant/variant.cpp.o: 
warning: multiple common of `__gnu_lto_slim'
C:/Users/phamm/.platformio/packages/toolchain-xtensa-esp-elf/bin/../lib/gcc/xte
nsa-esp-elf/14.2.0/../../../../xtensa-esp-elf/bin/ld.exe: 
.pio/build/custom-st7789-160x128/liba3f/ESP8266Audio/AudioFileStream.cpp.o: 
plugin needed to handle lto object
C:/Users/phamm/.platformio/packages/toolchain-xtensa-esp-elf/bin/../lib/gcc/xte
nsa-esp-elf/14.2.0/../../../../xtensa-esp-elf/bin/ld.exe: 
.pio/build/custom-st7789-160x128/liba3f/ESP8266Audio/AudioFileStream.cpp.o: 
plugin needed to handle lto object
C:/Users/phamm/.platformio/packages/toolchain-xtensa-esp-elf/bin/../lib/gcc/xte
nsa-esp-elf/14.2.0/../../../../xtensa-esp-elf/bin/ld.exe: 
.pio/build/custom-st7789-160x128/liba3f/ESP8266Audio/AudioFileStream.cpp.o and 
.pio/build/custom-st7789-160x128/FrameworkArduinoVariant/variant.cpp.o: 
warning: multiple common of `__gnu_lto_slim'
C:/Users/phamm/.platformio/packages/toolchain-xtensa-esp-elf/bin/../lib/gcc/xte
nsa-esp-elf/14.2.0/../../../../xtensa-esp-elf/bin/ld.exe: 
.pio/build/custom-st7789-160x128/liba3f/ESP8266Audio/AudioGeneratorAAC.cpp.o: 
plugin needed to handle lto object
C:/Users/phamm/.platformio/packages/toolchain-xtensa-esp-elf/bin/../lib/gcc/xte
nsa-esp-elf/14.2.0/../../../../xtensa-esp-elf/bin/ld.exe: 
.pio/build/custom-st7789-160x128/liba3f/ESP8266Audio/AudioGeneratorAAC.cpp.o: 
plugin needed to handle lto object
C:/Users/phamm/.platformio/packages/toolchain-xtensa-esp-elf/bin/../lib/gcc/xte
nsa-esp-elf/14.2.0/../../../../xtensa-esp-elf/bin/ld.exe: 
.pio/build/custom-st7789-160x128/liba3f/ESP8266Audio/AudioGeneratorAAC.cpp.o 
and .pio/build/custom-st7789-160x128/FrameworkArduinoVariant/variant.cpp.o: 
warning: multiple common of `__gnu_lto_slim'
C:/Users/phamm/.platformio/packages/toolchain-xtensa-esp-elf/bin/../lib/gcc/xte
nsa-esp-elf/14.2.0/../../../../xtensa-esp-elf/bin/ld.exe: 
.pio/build/custom-st7789-160x128/liba3f/ESP8266Audio/AudioGeneratorFLAC.cpp.o: 
plugin needed to handle lto object
C:/Users/phamm/.platformio/packages/toolchain-xtensa-esp-elf/bin/../lib/gcc/xte
nsa-esp-elf/14.2.0/../../../../xtensa-esp-elf/bin/ld.exe: 
.pio/build/custom-st7789-160x128/liba3f/ESP8266Audio/AudioGeneratorFLAC.cpp.o: 
plugin needed to handle lto object
C:/Users/phamm/.platformio/packages/toolchain-xtensa-esp-elf/bin/../lib/gcc/xte
nsa-esp-elf/14.2.0/../../../../xtensa-esp-elf/bin/ld.exe: 
.pio/build/custom-st7789-160x128/liba3f/ESP8266Audio/AudioGeneratorFLAC.cpp.o 
and .pio/build/custom-st7789-160x128/FrameworkArduinoVariant/variant.cpp.o: 
warning: multiple common of `__gnu_lto_slim'
C:/Users/phamm/.platformio/packages/toolchain-xtensa-esp-elf/bin/../lib/gcc/xte
nsa-esp-elf/14.2.0/../../../../xtensa-esp-elf/bin/ld.exe: 
.pio/build/custom-st7789-160x128/liba3f/ESP8266Audio/AudioGeneratorMIDI.cpp.o: 
plugin needed to handle lto object
C:/Users/phamm/.platformio/packages/toolchain-xtensa-esp-elf/bin/../lib/gcc/xte
nsa-esp-elf/14.2.0/../../../../xtensa-esp-elf/bin/ld.exe: 
.pio/build/custom-st7789-160x128/liba3f/ESP8266Audio/AudioGeneratorMIDI.cpp.o: 
plugin needed to handle lto object
C:/Users/phamm/.platformio/packages/toolchain-xtensa-esp-elf/bin/../lib/gcc/xte
nsa-esp-elf/14.2.0/../../../../xtensa-esp-elf/bin/ld.exe: 
.pio/build/custom-st7789-160x128/liba3f/ESP8266Audio/AudioGeneratorMIDI.cpp.o 
and .pio/build/custom-st7789-160x128/FrameworkArduinoVariant/variant.cpp.o: 
warning: multiple common of `__gnu_lto_slim'
C:/Users/phamm/.platformio/packages/toolchain-xtensa-esp-elf/bin/../lib/gcc/xte
nsa-esp-elf/14.2.0/../../../../xtensa-esp-elf/bin/ld.exe: 
.pio/build/custom-st7789-160x128/liba3f/ESP8266Audio/AudioGeneratorMOD.cpp.o: 
plugin needed to handle lto object
C:/Users/phamm/.platformio/packages/toolchain-xtensa-esp-elf/bin/../lib/gcc/xte
nsa-esp-elf/14.2.0/../../../../xtensa-esp-elf/bin/ld.exe: 
.pio/build/custom-st7789-160x128/liba3f/ESP8266Audio/AudioGeneratorMOD.cpp.o: 
plugin needed to handle lto object
C:/Users/phamm/.platformio/packages/toolchain-xtensa-esp-elf/bin/../lib/gcc/xte
nsa-esp-elf/14.2.0/../../../../xtensa-esp-elf/bin/ld.exe: 
.pio/build/custom-st7789-160x128/liba3f/ESP8266Audio/AudioGeneratorMOD.cpp.o 
and .pio/build/custom-st7789-160x128/FrameworkArduinoVariant/variant.cpp.o: 
warning: multiple common of `__gnu_lto_slim'
C:/Users/phamm/.platformio/packages/toolchain-xtensa-esp-elf/bin/../lib/gcc/xte
nsa-esp-elf/14.2.0/../../../../xtensa-esp-elf/bin/ld.exe: 
.pio/build/custom-st7789-160x128/liba3f/ESP8266Audio/AudioGeneratorMP3.cpp.o: 
plugin needed to handle lto object
C:/Users/phamm/.platformio/packages/toolchain-xtensa-esp-elf/bin/../lib/gcc/xte
nsa-esp-elf/14.2.0/../../../../xtensa-esp-elf/bin/ld.exe: 
.pio/build/custom-st7789-160x128/liba3f/ESP8266Audio/AudioGeneratorMP3.cpp.o: 
plugin needed to handle lto object
C:/Users/phamm/.platformio/packages/toolchain-xtensa-esp-elf/bin/../lib/gcc/xte
nsa-esp-elf/14.2.0/../../../../xtensa-esp-elf/bin/ld.exe: 
.pio/build/custom-st7789-160x128/liba3f/ESP8266Audio/AudioGeneratorMP3.cpp.o 
and .pio/build/custom-st7789-160x128/FrameworkArduinoVariant/variant.cpp.o: 
warning: multiple common of `__gnu_lto_slim'
C:/Users/phamm/.platformio/packages/toolchain-xtensa-esp-elf/bin/../lib/gcc/xte
nsa-esp-elf/14.2.0/../../../../xtensa-esp-elf/bin/ld.exe: 
.pio/build/custom-st7789-160x128/liba3f/ESP8266Audio/AudioGeneratorMP3a.cpp.o: 
plugin needed to handle lto object
C:/Users/phamm/.platformio/packages/toolchain-xtensa-esp-elf/bin/../lib/gcc/xte
nsa-esp-elf/14.2.0/../../../../xtensa-esp-elf/bin/ld.exe: 
.pio/build/custom-st7789-160x128/liba3f/ESP8266Audio/AudioGeneratorMP3a.cpp.o: 
plugin needed to handle lto object
C:/Users/phamm/.platformio/packages/toolchain-xtensa-esp-elf/bin/../lib/gcc/xte
nsa-esp-elf/14.2.0/../../../../xtensa-esp-elf/bin/ld.exe: 
.pio/build/custom-st7789-160x128/liba3f/ESP8266Audio/AudioGeneratorMP3a.cpp.o 
and .pio/build/custom-st7789-160x128/FrameworkArduinoVariant/variant.cpp.o: 
warning: multiple common of `__gnu_lto_slim'
C:/Users/phamm/.platformio/packages/toolchain-xtensa-esp-elf/bin/../lib/gcc/xte
nsa-esp-elf/14.2.0/../../../../xtensa-esp-elf/bin/ld.exe: 
.pio/build/custom-st7789-160x128/liba3f/ESP8266Audio/AudioGeneratorOpus.cpp.o: 
plugin needed to handle lto object
C:/Users/phamm/.platformio/packages/toolchain-xtensa-esp-elf/bin/../lib/gcc/xte
nsa-esp-elf/14.2.0/../../../../xtensa-esp-elf/bin/ld.exe: 
.pio/build/custom-st7789-160x128/liba3f/ESP8266Audio/AudioGeneratorOpus.cpp.o: 
plugin needed to handle lto object
C:/Users/phamm/.platformio/packages/toolchain-xtensa-esp-elf/bin/../lib/gcc/xte
nsa-esp-elf/14.2.0/../../../../xtensa-esp-elf/bin/ld.exe: 
.pio/build/custom-st7789-160x128/liba3f/ESP8266Audio/AudioGeneratorOpus.cpp.o 
and .pio/build/custom-st7789-160x128/FrameworkArduinoVariant/variant.cpp.o: 
warning: multiple common of `__gnu_lto_slim'
C:/Users/phamm/.platformio/packages/toolchain-xtensa-esp-elf/bin/../lib/gcc/xte
nsa-esp-elf/14.2.0/../../../../xtensa-esp-elf/bin/ld.exe: .pio/build/custom-st7
789-160x128/liba3f/ESP8266Audio/AudioGeneratorRTTTL.cpp.o: plugin needed to 
handle lto object
C:/Users/phamm/.platformio/packages/toolchain-xtensa-esp-elf/bin/../lib/gcc/xte
nsa-esp-elf/14.2.0/../../../../xtensa-esp-elf/bin/ld.exe: .pio/build/custom-st7
789-160x128/liba3f/ESP8266Audio/AudioGeneratorRTTTL.cpp.o: plugin needed to 
handle lto object
C:/Users/phamm/.platformio/packages/toolchain-xtensa-esp-elf/bin/../lib/gcc/xte
nsa-esp-elf/14.2.0/../../../../xtensa-esp-elf/bin/ld.exe: 
.pio/build/custom-st7789-160x128/liba3f/ESP8266Audio/AudioGeneratorRTTTL.cpp.o 
and .pio/build/custom-st7789-160x128/FrameworkArduinoVariant/variant.cpp.o: 
warning: multiple common of `__gnu_lto_slim'
C:/Users/phamm/.platformio/packages/toolchain-xtensa-esp-elf/bin/../lib/gcc/xte
nsa-esp-elf/14.2.0/../../../../xtensa-esp-elf/bin/ld.exe: .pio/build/custom-st7
789-160x128/liba3f/ESP8266Audio/AudioGeneratorTalkie.cpp.o: plugin needed to 
handle lto object
C:/Users/phamm/.platformio/packages/toolchain-xtensa-esp-elf/bin/../lib/gcc/xte
nsa-esp-elf/14.2.0/../../../../xtensa-esp-elf/bin/ld.exe: .pio/build/custom-st7
789-160x128/liba3f/ESP8266Audio/AudioGeneratorTalkie.cpp.o: plugin needed to 
handle lto object
C:/Users/phamm/.platformio/packages/toolchain-xtensa-esp-elf/bin/../lib/gcc/xte
nsa-esp-elf/14.2.0/../../../../xtensa-esp-elf/bin/ld.exe: .pio/build/custom-st7
789-160x128/liba3f/ESP8266Audio/AudioGeneratorTalkie.cpp.o and 
.pio/build/custom-st7789-160x128/FrameworkArduinoVariant/variant.cpp.o: 
warning: multiple common of `__gnu_lto_slim'
C:/Users/phamm/.platformio/packages/toolchain-xtensa-esp-elf/bin/../lib/gcc/xte
nsa-esp-elf/14.2.0/../../../../xtensa-esp-elf/bin/ld.exe: 
.pio/build/custom-st7789-160x128/liba3f/ESP8266Audio/AudioGeneratorWAV.cpp.o: 
plugin needed to handle lto object
C:/Users/phamm/.platformio/packages/toolchain-xtensa-esp-elf/bin/../lib/gcc/xte
nsa-esp-elf/14.2.0/../../../../xtensa-esp-elf/bin/ld.exe: 
.pio/build/custom-st7789-160x128/liba3f/ESP8266Audio/AudioGeneratorWAV.cpp.o: 
plugin needed to handle lto object
C:/Users/phamm/.platformio/packages/toolchain-xtensa-esp-elf/bin/../lib/gcc/xte
nsa-esp-elf/14.2.0/../../../../xtensa-esp-elf/bin/ld.exe: 
.pio/build/custom-st7789-160x128/liba3f/ESP8266Audio/AudioGeneratorWAV.cpp.o 
and .pio/build/custom-st7789-160x128/FrameworkArduinoVariant/variant.cpp.o: 
warning: multiple common of `__gnu_lto_slim'
C:/Users/phamm/.platformio/packages/toolchain-xtensa-esp-elf/bin/../lib/gcc/xte
nsa-esp-elf/14.2.0/../../../../xtensa-esp-elf/bin/ld.exe: 
.pio/build/custom-st7789-160x128/liba3f/ESP8266Audio/AudioLogger.cpp.o: plugin 
needed to handle lto object
C:/Users/phamm/.platformio/packages/toolchain-xtensa-esp-elf/bin/../lib/gcc/xte
nsa-esp-elf/14.2.0/../../../../xtensa-esp-elf/bin/ld.exe: 
.pio/build/custom-st7789-160x128/liba3f/ESP8266Audio/AudioLogger.cpp.o: plugin 
needed to handle lto object
C:/Users/phamm/.platformio/packages/toolchain-xtensa-esp-elf/bin/../lib/gcc/xte
nsa-esp-elf/14.2.0/../../../../xtensa-esp-elf/bin/ld.exe: 
.pio/build/custom-st7789-160x128/liba3f/ESP8266Audio/AudioLogger.cpp.o and 
.pio/build/custom-st7789-160x128/FrameworkArduinoVariant/variant.cpp.o: 
warning: multiple common of `__gnu_lto_slim'
C:/Users/phamm/.platformio/packages/toolchain-xtensa-esp-elf/bin/../lib/gcc/xte
nsa-esp-elf/14.2.0/../../../../xtensa-esp-elf/bin/ld.exe: 
.pio/build/custom-st7789-160x128/liba3f/ESP8266Audio/AudioOutputBuffer.cpp.o: 
plugin needed to handle lto object
C:/Users/phamm/.platformio/packages/toolchain-xtensa-esp-elf/bin/../lib/gcc/xte
nsa-esp-elf/14.2.0/../../../../xtensa-esp-elf/bin/ld.exe: 
.pio/build/custom-st7789-160x128/liba3f/ESP8266Audio/AudioOutputBuffer.cpp.o: 
plugin needed to handle lto object
C:/Users/phamm/.platformio/packages/toolchain-xtensa-esp-elf/bin/../lib/gcc/xte
nsa-esp-elf/14.2.0/../../../../xtensa-esp-elf/bin/ld.exe: 
.pio/build/custom-st7789-160x128/liba3f/ESP8266Audio/AudioOutputBuffer.cpp.o 
and .pio/build/custom-st7789-160x128/FrameworkArduinoVariant/variant.cpp.o: 
warning: multiple common of `__gnu_lto_slim'
C:/Users/phamm/.platformio/packages/toolchain-xtensa-esp-elf/bin/../lib/gcc/xte
nsa-esp-elf/14.2.0/../../../../xtensa-esp-elf/bin/ld.exe: .pio/build/custom-st7
789-160x128/liba3f/ESP8266Audio/AudioOutputFilterBiquad.cpp.o: plugin needed 
to handle lto object
C:/Users/phamm/.platformio/packages/toolchain-xtensa-esp-elf/bin/../lib/gcc/xte
nsa-esp-elf/14.2.0/../../../../xtensa-esp-elf/bin/ld.exe: .pio/build/custom-st7
789-160x128/liba3f/ESP8266Audio/AudioOutputFilterBiquad.cpp.o: plugin needed 
to handle lto object
C:/Users/phamm/.platformio/packages/toolchain-xtensa-esp-elf/bin/../lib/gcc/xte
nsa-esp-elf/14.2.0/../../../../xtensa-esp-elf/bin/ld.exe: .pio/build/custom-st7
789-160x128/liba3f/ESP8266Audio/AudioOutputFilterBiquad.cpp.o and 
.pio/build/custom-st7789-160x128/FrameworkArduinoVariant/variant.cpp.o: 
warning: multiple common of `__gnu_lto_slim'
C:/Users/phamm/.platformio/packages/toolchain-xtensa-esp-elf/bin/../lib/gcc/xte
nsa-esp-elf/14.2.0/../../../../xtensa-esp-elf/bin/ld.exe: .pio/build/custom-st7
789-160x128/liba3f/ESP8266Audio/AudioOutputFilterDecimate.cpp.o: plugin needed 
to handle lto object
C:/Users/phamm/.platformio/packages/toolchain-xtensa-esp-elf/bin/../lib/gcc/xte
nsa-esp-elf/14.2.0/../../../../xtensa-esp-elf/bin/ld.exe: .pio/build/custom-st7
789-160x128/liba3f/ESP8266Audio/AudioOutputFilterDecimate.cpp.o: plugin needed 
to handle lto object
C:/Users/phamm/.platformio/packages/toolchain-xtensa-esp-elf/bin/../lib/gcc/xte
nsa-esp-elf/14.2.0/../../../../xtensa-esp-elf/bin/ld.exe: .pio/build/custom-st7
789-160x128/liba3f/ESP8266Audio/AudioOutputFilterDecimate.cpp.o and 
.pio/build/custom-st7789-160x128/FrameworkArduinoVariant/variant.cpp.o: 
warning: multiple common of `__gnu_lto_slim'
C:/Users/phamm/.platformio/packages/toolchain-xtensa-esp-elf/bin/../lib/gcc/xte
nsa-esp-elf/14.2.0/../../../../xtensa-esp-elf/bin/ld.exe: 
.pio/build/custom-st7789-160x128/liba3f/ESP8266Audio/AudioOutputI2S.cpp.o: 
plugin needed to handle lto object
C:/Users/phamm/.platformio/packages/toolchain-xtensa-esp-elf/bin/../lib/gcc/xte
nsa-esp-elf/14.2.0/../../../../xtensa-esp-elf/bin/ld.exe: 
.pio/build/custom-st7789-160x128/liba3f/ESP8266Audio/AudioOutputI2S.cpp.o: 
plugin needed to handle lto object
C:/Users/phamm/.platformio/packages/toolchain-xtensa-esp-elf/bin/../lib/gcc/xte
nsa-esp-elf/14.2.0/../../../../xtensa-esp-elf/bin/ld.exe: 
.pio/build/custom-st7789-160x128/liba3f/ESP8266Audio/AudioOutputI2S.cpp.o and 
.pio/build/custom-st7789-160x128/FrameworkArduinoVariant/variant.cpp.o: 
warning: multiple common of `__gnu_lto_slim'
C:/Users/phamm/.platformio/packages/toolchain-xtensa-esp-elf/bin/../lib/gcc/xte
nsa-esp-elf/14.2.0/../../../../xtensa-esp-elf/bin/ld.exe: .pio/build/custom-st7
789-160x128/liba3f/ESP8266Audio/AudioOutputI2SNoDAC.cpp.o: plugin needed to 
handle lto object
C:/Users/phamm/.platformio/packages/toolchain-xtensa-esp-elf/bin/../lib/gcc/xte
nsa-esp-elf/14.2.0/../../../../xtensa-esp-elf/bin/ld.exe: .pio/build/custom-st7
789-160x128/liba3f/ESP8266Audio/AudioOutputI2SNoDAC.cpp.o: plugin needed to 
handle lto object
C:/Users/phamm/.platformio/packages/toolchain-xtensa-esp-elf/bin/../lib/gcc/xte
nsa-esp-elf/14.2.0/../../../../xtensa-esp-elf/bin/ld.exe: 
.pio/build/custom-st7789-160x128/liba3f/ESP8266Audio/AudioOutputI2SNoDAC.cpp.o 
and .pio/build/custom-st7789-160x128/FrameworkArduinoVariant/variant.cpp.o: 
warning: multiple common of `__gnu_lto_slim'
C:/Users/phamm/.platformio/packages/toolchain-xtensa-esp-elf/bin/../lib/gcc/xte
nsa-esp-elf/14.2.0/../../../../xtensa-esp-elf/bin/ld.exe: 
.pio/build/custom-st7789-160x128/liba3f/ESP8266Audio/AudioOutputMixer.cpp.o: 
plugin needed to handle lto object
C:/Users/phamm/.platformio/packages/toolchain-xtensa-esp-elf/bin/../lib/gcc/xte
nsa-esp-elf/14.2.0/../../../../xtensa-esp-elf/bin/ld.exe: 
.pio/build/custom-st7789-160x128/liba3f/ESP8266Audio/AudioOutputMixer.cpp.o: 
plugin needed to handle lto object
C:/Users/phamm/.platformio/packages/toolchain-xtensa-esp-elf/bin/../lib/gcc/xte
nsa-esp-elf/14.2.0/../../../../xtensa-esp-elf/bin/ld.exe: 
.pio/build/custom-st7789-160x128/liba3f/ESP8266Audio/AudioOutputMixer.cpp.o 
and .pio/build/custom-st7789-160x128/FrameworkArduinoVariant/variant.cpp.o: 
warning: multiple common of `__gnu_lto_slim'
C:/Users/phamm/.platformio/packages/toolchain-xtensa-esp-elf/bin/../lib/gcc/xte
nsa-esp-elf/14.2.0/../../../../xtensa-esp-elf/bin/ld.exe: 
.pio/build/custom-st7789-160x128/liba3f/ESP8266Audio/AudioOutputPDM.cpp.o: 
plugin needed to handle lto object
C:/Users/phamm/.platformio/packages/toolchain-xtensa-esp-elf/bin/../lib/gcc/xte
nsa-esp-elf/14.2.0/../../../../xtensa-esp-elf/bin/ld.exe: 
.pio/build/custom-st7789-160x128/liba3f/ESP8266Audio/AudioOutputPDM.cpp.o: 
plugin needed to handle lto object
C:/Users/phamm/.platformio/packages/toolchain-xtensa-esp-elf/bin/../lib/gcc/xte
nsa-esp-elf/14.2.0/../../../../xtensa-esp-elf/bin/ld.exe: 
.pio/build/custom-st7789-160x128/liba3f/ESP8266Audio/AudioOutputPDM.cpp.o and 
.pio/build/custom-st7789-160x128/FrameworkArduinoVariant/variant.cpp.o: 
warning: multiple common of `__gnu_lto_slim'
C:/Users/phamm/.platformio/packages/toolchain-xtensa-esp-elf/bin/../lib/gcc/xte
nsa-esp-elf/14.2.0/../../../../xtensa-esp-elf/bin/ld.exe: 
.pio/build/custom-st7789-160x128/liba3f/ESP8266Audio/AudioOutputPWM.cpp.o: 
plugin needed to handle lto object
C:/Users/phamm/.platformio/packages/toolchain-xtensa-esp-elf/bin/../lib/gcc/xte
nsa-esp-elf/14.2.0/../../../../xtensa-esp-elf/bin/ld.exe: 
.pio/build/custom-st7789-160x128/liba3f/ESP8266Audio/AudioOutputPWM.cpp.o: 
plugin needed to handle lto object
C:/Users/phamm/.platformio/packages/toolchain-xtensa-esp-elf/bin/../lib/gcc/xte
nsa-esp-elf/14.2.0/../../../../xtensa-esp-elf/bin/ld.exe: 
.pio/build/custom-st7789-160x128/liba3f/ESP8266Audio/AudioOutputPWM.cpp.o and 
.pio/build/custom-st7789-160x128/FrameworkArduinoVariant/variant.cpp.o: 
warning: multiple common of `__gnu_lto_slim'
C:/Users/phamm/.platformio/packages/toolchain-xtensa-esp-elf/bin/../lib/gcc/xte
nsa-esp-elf/14.2.0/../../../../xtensa-esp-elf/bin/ld.exe: 
.pio/build/custom-st7789-160x128/liba3f/ESP8266Audio/AudioOutputSPDIF.cpp.o: 
plugin needed to handle lto object
C:/Users/phamm/.platformio/packages/toolchain-xtensa-esp-elf/bin/../lib/gcc/xte
nsa-esp-elf/14.2.0/../../../../xtensa-esp-elf/bin/ld.exe: 
.pio/build/custom-st7789-160x128/liba3f/ESP8266Audio/AudioOutputSPDIF.cpp.o: 
plugin needed to handle lto object
C:/Users/phamm/.platformio/packages/toolchain-xtensa-esp-elf/bin/../lib/gcc/xte
nsa-esp-elf/14.2.0/../../../../xtensa-esp-elf/bin/ld.exe: 
.pio/build/custom-st7789-160x128/liba3f/ESP8266Audio/AudioOutputSPDIF.cpp.o 
and .pio/build/custom-st7789-160x128/FrameworkArduinoVariant/variant.cpp.o: 
warning: multiple common of `__gnu_lto_slim'
C:/Users/phamm/.platformio/packages/toolchain-xtensa-esp-elf/bin/../lib/gcc/xte
nsa-esp-elf/14.2.0/../../../../xtensa-esp-elf/bin/ld.exe: .pio/build/custom-st7
789-160x128/liba3f/ESP8266Audio/AudioOutputSPIFFSWAV.cpp.o: plugin needed to 
handle lto object
C:/Users/phamm/.platformio/packages/toolchain-xtensa-esp-elf/bin/../lib/gcc/xte
nsa-esp-elf/14.2.0/../../../../xtensa-esp-elf/bin/ld.exe: .pio/build/custom-st7
789-160x128/liba3f/ESP8266Audio/AudioOutputSPIFFSWAV.cpp.o: plugin needed to 
handle lto object
C:/Users/phamm/.platformio/packages/toolchain-xtensa-esp-elf/bin/../lib/gcc/xte
nsa-esp-elf/14.2.0/../../../../xtensa-esp-elf/bin/ld.exe: .pio/build/custom-st7
789-160x128/liba3f/ESP8266Audio/AudioOutputSPIFFSWAV.cpp.o and 
.pio/build/custom-st7789-160x128/FrameworkArduinoVariant/variant.cpp.o: 
warning: multiple common of `__gnu_lto_slim'
C:/Users/phamm/.platformio/packages/toolchain-xtensa-esp-elf/bin/../lib/gcc/xte
nsa-esp-elf/14.2.0/../../../../xtensa-esp-elf/bin/ld.exe: 
.pio/build/custom-st7789-160x128/liba3f/ESP8266Audio/AudioOutputSTDIO.cpp.o: 
plugin needed to handle lto object
C:/Users/phamm/.platformio/packages/toolchain-xtensa-esp-elf/bin/../lib/gcc/xte
nsa-esp-elf/14.2.0/../../../../xtensa-esp-elf/bin/ld.exe: 
.pio/build/custom-st7789-160x128/liba3f/ESP8266Audio/AudioOutputSTDIO.cpp.o: 
plugin needed to handle lto object
C:/Users/phamm/.platformio/packages/toolchain-xtensa-esp-elf/bin/../lib/gcc/xte
nsa-esp-elf/14.2.0/../../../../xtensa-esp-elf/bin/ld.exe: 
.pio/build/custom-st7789-160x128/liba3f/ESP8266Audio/AudioOutputSTDIO.cpp.o 
and .pio/build/custom-st7789-160x128/FrameworkArduinoVariant/variant.cpp.o: 
warning: multiple common of `__gnu_lto_slim'
C:/Users/phamm/.platformio/packages/toolchain-xtensa-esp-elf/bin/../lib/gcc/xte
nsa-esp-elf/14.2.0/../../../../xtensa-esp-elf/bin/ld.exe: .pio/build/custom-st7
789-160x128/liba3f/ESP8266Audio/AudioOutputSerialWAV.cpp.o: plugin needed to 
handle lto object
C:/Users/phamm/.platformio/packages/toolchain-xtensa-esp-elf/bin/../lib/gcc/xte
nsa-esp-elf/14.2.0/../../../../xtensa-esp-elf/bin/ld.exe: .pio/build/custom-st7
789-160x128/liba3f/ESP8266Audio/AudioOutputSerialWAV.cpp.o: plugin needed to 
handle lto object
C:/Users/phamm/.platformio/packages/toolchain-xtensa-esp-elf/bin/../lib/gcc/xte
nsa-esp-elf/14.2.0/../../../../xtensa-esp-elf/bin/ld.exe: .pio/build/custom-st7
789-160x128/liba3f/ESP8266Audio/AudioOutputSerialWAV.cpp.o and 
.pio/build/custom-st7789-160x128/FrameworkArduinoVariant/variant.cpp.o: 
warning: multiple common of `__gnu_lto_slim'
C:/Users/phamm/.platformio/packages/toolchain-xtensa-esp-elf/bin/../lib/gcc/xte
nsa-esp-elf/14.2.0/../../../../xtensa-esp-elf/bin/ld.exe: 
.pio/build/custom-st7789-160x128/liba3f/ESP8266Audio/AudioOutputULP.cpp.o: 
plugin needed to handle lto object
C:/Users/phamm/.platformio/packages/toolchain-xtensa-esp-elf/bin/../lib/gcc/xte
nsa-esp-elf/14.2.0/../../../../xtensa-esp-elf/bin/ld.exe: 
.pio/build/custom-st7789-160x128/liba3f/ESP8266Audio/AudioOutputULP.cpp.o: 
plugin needed to handle lto object
C:/Users/phamm/.platformio/packages/toolchain-xtensa-esp-elf/bin/../lib/gcc/xte
nsa-esp-elf/14.2.0/../../../../xtensa-esp-elf/bin/ld.exe: 
.pio/build/custom-st7789-160x128/liba3f/ESP8266Audio/AudioOutputULP.cpp.o and 
.pio/build/custom-st7789-160x128/FrameworkArduinoVariant/variant.cpp.o: 
warning: multiple common of `__gnu_lto_slim'
C:/Users/phamm/.platformio/packages/toolchain-xtensa-esp-elf/bin/../lib/gcc/xte
nsa-esp-elf/14.2.0/../../../../xtensa-esp-elf/bin/ld.exe: .pio/build/custom-st7
789-160x128/liba3f/ESP8266Audio/driver/SinglePinI2SDriver.cpp.o: plugin needed 
to handle lto object
C:/Users/phamm/.platformio/packages/toolchain-xtensa-esp-elf/bin/../lib/gcc/xte
nsa-esp-elf/14.2.0/../../../../xtensa-esp-elf/bin/ld.exe: .pio/build/custom-st7
789-160x128/liba3f/ESP8266Audio/driver/SinglePinI2SDriver.cpp.o: plugin needed 
to handle lto object
C:/Users/phamm/.platformio/packages/toolchain-xtensa-esp-elf/bin/../lib/gcc/xte
nsa-esp-elf/14.2.0/../../../../xtensa-esp-elf/bin/ld.exe: .pio/build/custom-st7
789-160x128/liba3f/ESP8266Audio/driver/SinglePinI2SDriver.cpp.o and 
.pio/build/custom-st7789-160x128/FrameworkArduinoVariant/variant.cpp.o: 
warning: multiple common of `__gnu_lto_slim'
C:/Users/phamm/.platformio/packages/toolchain-xtensa-esp-elf/bin/../lib/gcc/xte
nsa-esp-elf/14.2.0/../../../../xtensa-esp-elf/bin/ld.exe: 
.pio/build/custom-st7789-160x128/liba3f/ESP8266Audio/libflac/bitmath.c.o: 
plugin needed to handle lto object
C:/Users/phamm/.platformio/packages/toolchain-xtensa-esp-elf/bin/../lib/gcc/xte
nsa-esp-elf/14.2.0/../../../../xtensa-esp-elf/bin/ld.exe: 
.pio/build/custom-st7789-160x128/liba3f/ESP8266Audio/libflac/bitmath.c.o: 
plugin needed to handle lto object
C:/Users/phamm/.platformio/packages/toolchain-xtensa-esp-elf/bin/../lib/gcc/xte
nsa-esp-elf/14.2.0/../../../../xtensa-esp-elf/bin/ld.exe: 
.pio/build/custom-st7789-160x128/liba3f/ESP8266Audio/libflac/bitmath.c.o and 
.pio/build/custom-st7789-160x128/FrameworkArduinoVariant/variant.cpp.o: 
warning: multiple common of `__gnu_lto_slim'
C:/Users/phamm/.platformio/packages/toolchain-xtensa-esp-elf/bin/../lib/gcc/xte
nsa-esp-elf/14.2.0/../../../../xtensa-esp-elf/bin/ld.exe: 
.pio/build/custom-st7789-160x128/liba3f/ESP8266Audio/libflac/bitreader.c.o: 
plugin needed to handle lto object
C:/Users/phamm/.platformio/packages/toolchain-xtensa-esp-elf/bin/../lib/gcc/xte
nsa-esp-elf/14.2.0/../../../../xtensa-esp-elf/bin/ld.exe: 
.pio/build/custom-st7789-160x128/liba3f/ESP8266Audio/libflac/bitreader.c.o: 
plugin needed to handle lto object
C:/Users/phamm/.platformio/packages/toolchain-xtensa-esp-elf/bin/../lib/gcc/xte
nsa-esp-elf/14.2.0/../../../../xtensa-esp-elf/bin/ld.exe: 
.pio/build/custom-st7789-160x128/liba3f/ESP8266Audio/libflac/bitreader.c.o and 
.pio/build/custom-st7789-160x128/FrameworkArduinoVariant/variant.cpp.o: 
warning: multiple common of `__gnu_lto_slim'
C:/Users/phamm/.platformio/packages/toolchain-xtensa-esp-elf/bin/../lib/gcc/xte
nsa-esp-elf/14.2.0/../../../../xtensa-esp-elf/bin/ld.exe: 
.pio/build/custom-st7789-160x128/liba3f/ESP8266Audio/libflac/cpu.c.o: plugin 
needed to handle lto object
C:/Users/phamm/.platformio/packages/toolchain-xtensa-esp-elf/bin/../lib/gcc/xte
nsa-esp-elf/14.2.0/../../../../xtensa-esp-elf/bin/ld.exe: 
.pio/build/custom-st7789-160x128/liba3f/ESP8266Audio/libflac/cpu.c.o: plugin 
needed to handle lto object
C:/Users/phamm/.platformio/packages/toolchain-xtensa-esp-elf/bin/../lib/gcc/xte
nsa-esp-elf/14.2.0/../../../../xtensa-esp-elf/bin/ld.exe: 
.pio/build/custom-st7789-160x128/liba3f/ESP8266Audio/libflac/cpu.c.o and 
.pio/build/custom-st7789-160x128/FrameworkArduinoVariant/variant.cpp.o: 
warning: multiple common of `__gnu_lto_slim'
C:/Users/phamm/.platformio/packages/toolchain-xtensa-esp-elf/bin/../lib/gcc/xte
nsa-esp-elf/14.2.0/../../../../xtensa-esp-elf/bin/ld.exe: 
.pio/build/custom-st7789-160x128/liba3f/ESP8266Audio/libflac/crc.c.o: plugin 
needed to handle lto object
C:/Users/phamm/.platformio/packages/toolchain-xtensa-esp-elf/bin/../lib/gcc/xte
nsa-esp-elf/14.2.0/../../../../xtensa-esp-elf/bin/ld.exe: 
.pio/build/custom-st7789-160x128/liba3f/ESP8266Audio/libflac/crc.c.o: plugin 
needed to handle lto object
C:/Users/phamm/.platformio/packages/toolchain-xtensa-esp-elf/bin/../lib/gcc/xte
nsa-esp-elf/14.2.0/../../../../xtensa-esp-elf/bin/ld.exe: 
.pio/build/custom-st7789-160x128/liba3f/ESP8266Audio/libflac/crc.c.o and 
.pio/build/custom-st7789-160x128/FrameworkArduinoVariant/variant.cpp.o: 
warning: multiple common of `__gnu_lto_slim'
C:/Users/phamm/.platformio/packages/toolchain-xtensa-esp-elf/bin/../lib/gcc/xte
nsa-esp-elf/14.2.0/../../../../xtensa-esp-elf/bin/ld.exe: 
.pio/build/custom-st7789-160x128/liba3f/ESP8266Audio/libflac/fixed.c.o: plugin 
needed to handle lto object
C:/Users/phamm/.platformio/packages/toolchain-xtensa-esp-elf/bin/../lib/gcc/xte
nsa-esp-elf/14.2.0/../../../../xtensa-esp-elf/bin/ld.exe: 
.pio/build/custom-st7789-160x128/liba3f/ESP8266Audio/libflac/fixed.c.o: plugin 
needed to handle lto object
C:/Users/phamm/.platformio/packages/toolchain-xtensa-esp-elf/bin/../lib/gcc/xte
nsa-esp-elf/14.2.0/../../../../xtensa-esp-elf/bin/ld.exe: 
.pio/build/custom-st7789-160x128/liba3f/ESP8266Audio/libflac/fixed.c.o and 
.pio/build/custom-st7789-160x128/FrameworkArduinoVariant/variant.cpp.o: 
warning: multiple common of `__gnu_lto_slim'
C:/Users/phamm/.platformio/packages/toolchain-xtensa-esp-elf/bin/../lib/gcc/xte
nsa-esp-elf/14.2.0/../../../../xtensa-esp-elf/bin/ld.exe: 
.pio/build/custom-st7789-160x128/liba3f/ESP8266Audio/libflac/float.c.o: plugin 
needed to handle lto object
C:/Users/phamm/.platformio/packages/toolchain-xtensa-esp-elf/bin/../lib/gcc/xte
nsa-esp-elf/14.2.0/../../../../xtensa-esp-elf/bin/ld.exe: 
.pio/build/custom-st7789-160x128/liba3f/ESP8266Audio/libflac/float.c.o: plugin 
needed to handle lto object
C:/Users/phamm/.platformio/packages/toolchain-xtensa-esp-elf/bin/../lib/gcc/xte
nsa-esp-elf/14.2.0/../../../../xtensa-esp-elf/bin/ld.exe: 
.pio/build/custom-st7789-160x128/liba3f/ESP8266Audio/libflac/float.c.o and 
.pio/build/custom-st7789-160x128/FrameworkArduinoVariant/variant.cpp.o: 
warning: multiple common of `__gnu_lto_slim'
C:/Users/phamm/.platformio/packages/toolchain-xtensa-esp-elf/bin/../lib/gcc/xte
nsa-esp-elf/14.2.0/../../../../xtensa-esp-elf/bin/ld.exe: 
.pio/build/custom-st7789-160x128/liba3f/ESP8266Audio/libflac/format.c.o: 
plugin needed to handle lto object
C:/Users/phamm/.platformio/packages/toolchain-xtensa-esp-elf/bin/../lib/gcc/xte
nsa-esp-elf/14.2.0/../../../../xtensa-esp-elf/bin/ld.exe: 
.pio/build/custom-st7789-160x128/liba3f/ESP8266Audio/libflac/format.c.o: 
plugin needed to handle lto object
C:/Users/phamm/.platformio/packages/toolchain-xtensa-esp-elf/bin/../lib/gcc/xte
nsa-esp-elf/14.2.0/../../../../xtensa-esp-elf/bin/ld.exe: 
.pio/build/custom-st7789-160x128/liba3f/ESP8266Audio/libflac/format.c.o and 
.pio/build/custom-st7789-160x128/FrameworkArduinoVariant/variant.cpp.o: 
warning: multiple common of `__gnu_lto_slim'
C:/Users/phamm/.platformio/packages/toolchain-xtensa-esp-elf/bin/../lib/gcc/xte
nsa-esp-elf/14.2.0/../../../../xtensa-esp-elf/bin/ld.exe: 
.pio/build/custom-st7789-160x128/liba3f/ESP8266Audio/libflac/lpc.c.o: plugin 
needed to handle lto object
C:/Users/phamm/.platformio/packages/toolchain-xtensa-esp-elf/bin/../lib/gcc/xte
nsa-esp-elf/14.2.0/../../../../xtensa-esp-elf/bin/ld.exe: 
.pio/build/custom-st7789-160x128/liba3f/ESP8266Audio/libflac/lpc.c.o: plugin 
needed to handle lto object
C:/Users/phamm/.platformio/packages/toolchain-xtensa-esp-elf/bin/../lib/gcc/xte
nsa-esp-elf/14.2.0/../../../../xtensa-esp-elf/bin/ld.exe: 
.pio/build/custom-st7789-160x128/liba3f/ESP8266Audio/libflac/lpc.c.o and 
.pio/build/custom-st7789-160x128/FrameworkArduinoVariant/variant.cpp.o: 
warning: multiple common of `__gnu_lto_slim'
C:/Users/phamm/.platformio/packages/toolchain-xtensa-esp-elf/bin/../lib/gcc/xte
nsa-esp-elf/14.2.0/../../../../xtensa-esp-elf/bin/ld.exe: 
.pio/build/custom-st7789-160x128/liba3f/ESP8266Audio/libflac/md5.c.o: plugin 
needed to handle lto object
C:/Users/phamm/.platformio/packages/toolchain-xtensa-esp-elf/bin/../lib/gcc/xte
nsa-esp-elf/14.2.0/../../../../xtensa-esp-elf/bin/ld.exe: 
.pio/build/custom-st7789-160x128/liba3f/ESP8266Audio/libflac/md5.c.o: plugin 
needed to handle lto object
C:/Users/phamm/.platformio/packages/toolchain-xtensa-esp-elf/bin/../lib/gcc/xte
nsa-esp-elf/14.2.0/../../../../xtensa-esp-elf/bin/ld.exe: 
.pio/build/custom-st7789-160x128/liba3f/ESP8266Audio/libflac/md5.c.o and 
.pio/build/custom-st7789-160x128/FrameworkArduinoVariant/variant.cpp.o: 
warning: multiple common of `__gnu_lto_slim'
C:/Users/phamm/.platformio/packages/toolchain-xtensa-esp-elf/bin/../lib/gcc/xte
nsa-esp-elf/14.2.0/../../../../xtensa-esp-elf/bin/ld.exe: 
.pio/build/custom-st7789-160x128/liba3f/ESP8266Audio/libflac/memory.c.o: 
plugin needed to handle lto object
C:/Users/phamm/.platformio/packages/toolchain-xtensa-esp-elf/bin/../lib/gcc/xte
nsa-esp-elf/14.2.0/../../../../xtensa-esp-elf/bin/ld.exe: 
.pio/build/custom-st7789-160x128/liba3f/ESP8266Audio/libflac/memory.c.o: 
plugin needed to handle lto object
C:/Users/phamm/.platformio/packages/toolchain-xtensa-esp-elf/bin/../lib/gcc/xte
nsa-esp-elf/14.2.0/../../../../xtensa-esp-elf/bin/ld.exe: 
.pio/build/custom-st7789-160x128/liba3f/ESP8266Audio/libflac/memory.c.o and 
.pio/build/custom-st7789-160x128/FrameworkArduinoVariant/variant.cpp.o: 
warning: multiple common of `__gnu_lto_slim'
C:/Users/phamm/.platformio/packages/toolchain-xtensa-esp-elf/bin/../lib/gcc/xte
nsa-esp-elf/14.2.0/../../../../xtensa-esp-elf/bin/ld.exe: .pio/build/custom-st7
789-160x128/liba3f/ESP8266Audio/libflac/stream_decoder.c.o: plugin needed to 
handle lto object
C:/Users/phamm/.platformio/packages/toolchain-xtensa-esp-elf/bin/../lib/gcc/xte
nsa-esp-elf/14.2.0/../../../../xtensa-esp-elf/bin/ld.exe: .pio/build/custom-st7
789-160x128/liba3f/ESP8266Audio/libflac/stream_decoder.c.o: plugin needed to 
handle lto object
C:/Users/phamm/.platformio/packages/toolchain-xtensa-esp-elf/bin/../lib/gcc/xte
nsa-esp-elf/14.2.0/../../../../xtensa-esp-elf/bin/ld.exe: .pio/build/custom-st7
789-160x128/liba3f/ESP8266Audio/libflac/stream_decoder.c.o and 
.pio/build/custom-st7789-160x128/FrameworkArduinoVariant/variant.cpp.o: 
warning: multiple common of `__gnu_lto_slim'
C:/Users/phamm/.platformio/packages/toolchain-xtensa-esp-elf/bin/../lib/gcc/xte
nsa-esp-elf/14.2.0/../../../../xtensa-esp-elf/bin/ld.exe: 
.pio/build/custom-st7789-160x128/liba3f/ESP8266Audio/libflac/window.c.o: 
plugin needed to handle lto object
C:/Users/phamm/.platformio/packages/toolchain-xtensa-esp-elf/bin/../lib/gcc/xte
nsa-esp-elf/14.2.0/../../../../xtensa-esp-elf/bin/ld.exe: 
.pio/build/custom-st7789-160x128/liba3f/ESP8266Audio/libflac/window.c.o: 
plugin needed to handle lto object
C:/Users/phamm/.platformio/packages/toolchain-xtensa-esp-elf/bin/../lib/gcc/xte
nsa-esp-elf/14.2.0/../../../../xtensa-esp-elf/bin/ld.exe: 
.pio/build/custom-st7789-160x128/liba3f/ESP8266Audio/libflac/window.c.o and 
.pio/build/custom-st7789-160x128/FrameworkArduinoVariant/variant.cpp.o: 
warning: multiple common of `__gnu_lto_slim'
C:/Users/phamm/.platformio/packages/toolchain-xtensa-esp-elf/bin/../lib/gcc/xte
nsa-esp-elf/14.2.0/../../../../xtensa-esp-elf/bin/ld.exe: 
.pio/build/custom-st7789-160x128/liba3f/ESP8266Audio/libhelix-aac/aacdec.c.o: 
plugin needed to handle lto object
C:/Users/phamm/.platformio/packages/toolchain-xtensa-esp-elf/bin/../lib/gcc/xte
nsa-esp-elf/14.2.0/../../../../xtensa-esp-elf/bin/ld.exe: 
.pio/build/custom-st7789-160x128/liba3f/ESP8266Audio/libhelix-aac/aacdec.c.o: 
plugin needed to handle lto object
C:/Users/phamm/.platformio/packages/toolchain-xtensa-esp-elf/bin/../lib/gcc/xte
nsa-esp-elf/14.2.0/../../../../xtensa-esp-elf/bin/ld.exe: 
.pio/build/custom-st7789-160x128/liba3f/ESP8266Audio/libhelix-aac/aacdec.c.o 
and .pio/build/custom-st7789-160x128/FrameworkArduinoVariant/variant.cpp.o: 
warning: multiple common of `__gnu_lto_slim'
C:/Users/phamm/.platformio/packages/toolchain-xtensa-esp-elf/bin/../lib/gcc/xte
nsa-esp-elf/14.2.0/../../../../xtensa-esp-elf/bin/ld.exe: 
.pio/build/custom-st7789-160x128/liba3f/ESP8266Audio/libhelix-aac/aactabs.c.o: 
plugin needed to handle lto object
C:/Users/phamm/.platformio/packages/toolchain-xtensa-esp-elf/bin/../lib/gcc/xte
nsa-esp-elf/14.2.0/../../../../xtensa-esp-elf/bin/ld.exe: 
.pio/build/custom-st7789-160x128/liba3f/ESP8266Audio/libhelix-aac/aactabs.c.o: 
plugin needed to handle lto object
C:/Users/phamm/.platformio/packages/toolchain-xtensa-esp-elf/bin/../lib/gcc/xte
nsa-esp-elf/14.2.0/../../../../xtensa-esp-elf/bin/ld.exe: 
.pio/build/custom-st7789-160x128/liba3f/ESP8266Audio/libhelix-aac/aactabs.c.o 
and .pio/build/custom-st7789-160x128/FrameworkArduinoVariant/variant.cpp.o: 
warning: multiple common of `__gnu_lto_slim'
C:/Users/phamm/.platformio/packages/toolchain-xtensa-esp-elf/bin/../lib/gcc/xte
nsa-esp-elf/14.2.0/../../../../xtensa-esp-elf/bin/ld.exe: .pio/build/custom-st7
789-160x128/liba3f/ESP8266Audio/libhelix-aac/bitstream.c.o: plugin needed to 
handle lto object
C:/Users/phamm/.platformio/packages/toolchain-xtensa-esp-elf/bin/../lib/gcc/xte
nsa-esp-elf/14.2.0/../../../../xtensa-esp-elf/bin/ld.exe: .pio/build/custom-st7
789-160x128/liba3f/ESP8266Audio/libhelix-aac/bitstream.c.o: plugin needed to 
handle lto object
C:/Users/phamm/.platformio/packages/toolchain-xtensa-esp-elf/bin/../lib/gcc/xte
nsa-esp-elf/14.2.0/../../../../xtensa-esp-elf/bin/ld.exe: .pio/build/custom-st7
789-160x128/liba3f/ESP8266Audio/libhelix-aac/bitstream.c.o and 
.pio/build/custom-st7789-160x128/FrameworkArduinoVariant/variant.cpp.o: 
warning: multiple common of `__gnu_lto_slim'
C:/Users/phamm/.platformio/packages/toolchain-xtensa-esp-elf/bin/../lib/gcc/xte
nsa-esp-elf/14.2.0/../../../../xtensa-esp-elf/bin/ld.exe: 
.pio/build/custom-st7789-160x128/liba3f/ESP8266Audio/libhelix-aac/buffers.c.o: 
plugin needed to handle lto object
C:/Users/phamm/.platformio/packages/toolchain-xtensa-esp-elf/bin/../lib/gcc/xte
nsa-esp-elf/14.2.0/../../../../xtensa-esp-elf/bin/ld.exe: 
.pio/build/custom-st7789-160x128/liba3f/ESP8266Audio/libhelix-aac/buffers.c.o: 
plugin needed to handle lto object
C:/Users/phamm/.platformio/packages/toolchain-xtensa-esp-elf/bin/../lib/gcc/xte
nsa-esp-elf/14.2.0/../../../../xtensa-esp-elf/bin/ld.exe: 
.pio/build/custom-st7789-160x128/liba3f/ESP8266Audio/libhelix-aac/buffers.c.o 
and .pio/build/custom-st7789-160x128/FrameworkArduinoVariant/variant.cpp.o: 
warning: multiple common of `__gnu_lto_slim'
C:/Users/phamm/.platformio/packages/toolchain-xtensa-esp-elf/bin/../lib/gcc/xte
nsa-esp-elf/14.2.0/../../../../xtensa-esp-elf/bin/ld.exe: 
.pio/build/custom-st7789-160x128/liba3f/ESP8266Audio/libhelix-aac/dct4.c.o: 
plugin needed to handle lto object
C:/Users/phamm/.platformio/packages/toolchain-xtensa-esp-elf/bin/../lib/gcc/xte
nsa-esp-elf/14.2.0/../../../../xtensa-esp-elf/bin/ld.exe: 
.pio/build/custom-st7789-160x128/liba3f/ESP8266Audio/libhelix-aac/dct4.c.o: 
plugin needed to handle lto object
C:/Users/phamm/.platformio/packages/toolchain-xtensa-esp-elf/bin/../lib/gcc/xte
nsa-esp-elf/14.2.0/../../../../xtensa-esp-elf/bin/ld.exe: 
.pio/build/custom-st7789-160x128/liba3f/ESP8266Audio/libhelix-aac/dct4.c.o and 
.pio/build/custom-st7789-160x128/FrameworkArduinoVariant/variant.cpp.o: 
warning: multiple common of `__gnu_lto_slim'
C:/Users/phamm/.platformio/packages/toolchain-xtensa-esp-elf/bin/../lib/gcc/xte
nsa-esp-elf/14.2.0/../../../../xtensa-esp-elf/bin/ld.exe: .pio/build/custom-st7
789-160x128/liba3f/ESP8266Audio/libhelix-aac/decelmnt.c.o: plugin needed to 
handle lto object
C:/Users/phamm/.platformio/packages/toolchain-xtensa-esp-elf/bin/../lib/gcc/xte
nsa-esp-elf/14.2.0/../../../../xtensa-esp-elf/bin/ld.exe: .pio/build/custom-st7
789-160x128/liba3f/ESP8266Audio/libhelix-aac/decelmnt.c.o: plugin needed to 
handle lto object
C:/Users/phamm/.platformio/packages/toolchain-xtensa-esp-elf/bin/../lib/gcc/xte
nsa-esp-elf/14.2.0/../../../../xtensa-esp-elf/bin/ld.exe: 
.pio/build/custom-st7789-160x128/liba3f/ESP8266Audio/libhelix-aac/decelmnt.c.o 
and .pio/build/custom-st7789-160x128/FrameworkArduinoVariant/variant.cpp.o: 
warning: multiple common of `__gnu_lto_slim'
C:/Users/phamm/.platformio/packages/toolchain-xtensa-esp-elf/bin/../lib/gcc/xte
nsa-esp-elf/14.2.0/../../../../xtensa-esp-elf/bin/ld.exe: 
.pio/build/custom-st7789-160x128/liba3f/ESP8266Audio/libhelix-aac/dequant.c.o: 
plugin needed to handle lto object
C:/Users/phamm/.platformio/packages/toolchain-xtensa-esp-elf/bin/../lib/gcc/xte
nsa-esp-elf/14.2.0/../../../../xtensa-esp-elf/bin/ld.exe: 
.pio/build/custom-st7789-160x128/liba3f/ESP8266Audio/libhelix-aac/dequant.c.o: 
plugin needed to handle lto object
C:/Users/phamm/.platformio/packages/toolchain-xtensa-esp-elf/bin/../lib/gcc/xte
nsa-esp-elf/14.2.0/../../../../xtensa-esp-elf/bin/ld.exe: 
.pio/build/custom-st7789-160x128/liba3f/ESP8266Audio/libhelix-aac/dequant.c.o 
and .pio/build/custom-st7789-160x128/FrameworkArduinoVariant/variant.cpp.o: 
warning: multiple common of `__gnu_lto_slim'
C:/Users/phamm/.platformio/packages/toolchain-xtensa-esp-elf/bin/../lib/gcc/xte
nsa-esp-elf/14.2.0/../../../../xtensa-esp-elf/bin/ld.exe: 
.pio/build/custom-st7789-160x128/liba3f/ESP8266Audio/libhelix-aac/fft.c.o: 
plugin needed to handle lto object
C:/Users/phamm/.platformio/packages/toolchain-xtensa-esp-elf/bin/../lib/gcc/xte
nsa-esp-elf/14.2.0/../../../../xtensa-esp-elf/bin/ld.exe: 
.pio/build/custom-st7789-160x128/liba3f/ESP8266Audio/libhelix-aac/fft.c.o: 
plugin needed to handle lto object
C:/Users/phamm/.platformio/packages/toolchain-xtensa-esp-elf/bin/../lib/gcc/xte
nsa-esp-elf/14.2.0/../../../../xtensa-esp-elf/bin/ld.exe: 
.pio/build/custom-st7789-160x128/liba3f/ESP8266Audio/libhelix-aac/fft.c.o and 
.pio/build/custom-st7789-160x128/FrameworkArduinoVariant/variant.cpp.o: 
warning: multiple common of `__gnu_lto_slim'
C:/Users/phamm/.platformio/packages/toolchain-xtensa-esp-elf/bin/../lib/gcc/xte
nsa-esp-elf/14.2.0/../../../../xtensa-esp-elf/bin/ld.exe: 
.pio/build/custom-st7789-160x128/liba3f/ESP8266Audio/libhelix-aac/filefmt.c.o: 
plugin needed to handle lto object
C:/Users/phamm/.platformio/packages/toolchain-xtensa-esp-elf/bin/../lib/gcc/xte
nsa-esp-elf/14.2.0/../../../../xtensa-esp-elf/bin/ld.exe: 
.pio/build/custom-st7789-160x128/liba3f/ESP8266Audio/libhelix-aac/filefmt.c.o: 
plugin needed to handle lto object
C:/Users/phamm/.platformio/packages/toolchain-xtensa-esp-elf/bin/../lib/gcc/xte
nsa-esp-elf/14.2.0/../../../../xtensa-esp-elf/bin/ld.exe: 
.pio/build/custom-st7789-160x128/liba3f/ESP8266Audio/libhelix-aac/filefmt.c.o 
and .pio/build/custom-st7789-160x128/FrameworkArduinoVariant/variant.cpp.o: 
warning: multiple common of `__gnu_lto_slim'
C:/Users/phamm/.platformio/packages/toolchain-xtensa-esp-elf/bin/../lib/gcc/xte
nsa-esp-elf/14.2.0/../../../../xtensa-esp-elf/bin/ld.exe: .pio/build/custom-st7
789-160x128/liba3f/ESP8266Audio/libhelix-aac/huffmanaac.c.o: plugin needed to 
handle lto object
C:/Users/phamm/.platformio/packages/toolchain-xtensa-esp-elf/bin/../lib/gcc/xte
nsa-esp-elf/14.2.0/../../../../xtensa-esp-elf/bin/ld.exe: .pio/build/custom-st7
789-160x128/liba3f/ESP8266Audio/libhelix-aac/huffmanaac.c.o: plugin needed to 
handle lto object
C:/Users/phamm/.platformio/packages/toolchain-xtensa-esp-elf/bin/../lib/gcc/xte
nsa-esp-elf/14.2.0/../../../../xtensa-esp-elf/bin/ld.exe: .pio/build/custom-st7
789-160x128/liba3f/ESP8266Audio/libhelix-aac/huffmanaac.c.o and 
.pio/build/custom-st7789-160x128/FrameworkArduinoVariant/variant.cpp.o: 
warning: multiple common of `__gnu_lto_slim'
C:/Users/phamm/.platformio/packages/toolchain-xtensa-esp-elf/bin/../lib/gcc/xte
nsa-esp-elf/14.2.0/../../../../xtensa-esp-elf/bin/ld.exe: .pio/build/custom-st7
789-160x128/liba3f/ESP8266Audio/libhelix-aac/hufftabs.c.o: plugin needed to 
handle lto object
C:/Users/phamm/.platformio/packages/toolchain-xtensa-esp-elf/bin/../lib/gcc/xte
nsa-esp-elf/14.2.0/../../../../xtensa-esp-elf/bin/ld.exe: .pio/build/custom-st7
789-160x128/liba3f/ESP8266Audio/libhelix-aac/hufftabs.c.o: plugin needed to 
handle lto object
C:/Users/phamm/.platformio/packages/toolchain-xtensa-esp-elf/bin/../lib/gcc/xte
nsa-esp-elf/14.2.0/../../../../xtensa-esp-elf/bin/ld.exe: 
.pio/build/custom-st7789-160x128/liba3f/ESP8266Audio/libhelix-aac/hufftabs.c.o 
and .pio/build/custom-st7789-160x128/FrameworkArduinoVariant/variant.cpp.o: 
warning: multiple common of `__gnu_lto_slim'
C:/Users/phamm/.platformio/packages/toolchain-xtensa-esp-elf/bin/../lib/gcc/xte
nsa-esp-elf/14.2.0/../../../../xtensa-esp-elf/bin/ld.exe: 
.pio/build/custom-st7789-160x128/liba3f/ESP8266Audio/libhelix-aac/imdct.c.o: 
plugin needed to handle lto object
C:/Users/phamm/.platformio/packages/toolchain-xtensa-esp-elf/bin/../lib/gcc/xte
nsa-esp-elf/14.2.0/../../../../xtensa-esp-elf/bin/ld.exe: 
.pio/build/custom-st7789-160x128/liba3f/ESP8266Audio/libhelix-aac/imdct.c.o: 
plugin needed to handle lto object
C:/Users/phamm/.platformio/packages/toolchain-xtensa-esp-elf/bin/../lib/gcc/xte
nsa-esp-elf/14.2.0/../../../../xtensa-esp-elf/bin/ld.exe: 
.pio/build/custom-st7789-160x128/liba3f/ESP8266Audio/libhelix-aac/imdct.c.o 
and .pio/build/custom-st7789-160x128/FrameworkArduinoVariant/variant.cpp.o: 
warning: multiple common of `__gnu_lto_slim'
C:/Users/phamm/.platformio/packages/toolchain-xtensa-esp-elf/bin/../lib/gcc/xte
nsa-esp-elf/14.2.0/../../../../xtensa-esp-elf/bin/ld.exe: .pio/build/custom-st7
789-160x128/liba3f/ESP8266Audio/libhelix-aac/noiseless.c.o: plugin needed to 
handle lto object
C:/Users/phamm/.platformio/packages/toolchain-xtensa-esp-elf/bin/../lib/gcc/xte
nsa-esp-elf/14.2.0/../../../../xtensa-esp-elf/bin/ld.exe: .pio/build/custom-st7
789-160x128/liba3f/ESP8266Audio/libhelix-aac/noiseless.c.o: plugin needed to 
handle lto object
C:/Users/phamm/.platformio/packages/toolchain-xtensa-esp-elf/bin/../lib/gcc/xte
nsa-esp-elf/14.2.0/../../../../xtensa-esp-elf/bin/ld.exe: .pio/build/custom-st7
789-160x128/liba3f/ESP8266Audio/libhelix-aac/noiseless.c.o and 
.pio/build/custom-st7789-160x128/FrameworkArduinoVariant/variant.cpp.o: 
warning: multiple common of `__gnu_lto_slim'
C:/Users/phamm/.platformio/packages/toolchain-xtensa-esp-elf/bin/../lib/gcc/xte
nsa-esp-elf/14.2.0/../../../../xtensa-esp-elf/bin/ld.exe: 
.pio/build/custom-st7789-160x128/liba3f/ESP8266Audio/libhelix-aac/pns.c.o: 
plugin needed to handle lto object
C:/Users/phamm/.platformio/packages/toolchain-xtensa-esp-elf/bin/../lib/gcc/xte
nsa-esp-elf/14.2.0/../../../../xtensa-esp-elf/bin/ld.exe: 
.pio/build/custom-st7789-160x128/liba3f/ESP8266Audio/libhelix-aac/pns.c.o: 
plugin needed to handle lto object
C:/Users/phamm/.platformio/packages/toolchain-xtensa-esp-elf/bin/../lib/gcc/xte
nsa-esp-elf/14.2.0/../../../../xtensa-esp-elf/bin/ld.exe: 
.pio/build/custom-st7789-160x128/liba3f/ESP8266Audio/libhelix-aac/pns.c.o and 
.pio/build/custom-st7789-160x128/FrameworkArduinoVariant/variant.cpp.o: 
warning: multiple common of `__gnu_lto_slim'
C:/Users/phamm/.platformio/packages/toolchain-xtensa-esp-elf/bin/../lib/gcc/xte
nsa-esp-elf/14.2.0/../../../../xtensa-esp-elf/bin/ld.exe: 
.pio/build/custom-st7789-160x128/liba3f/ESP8266Audio/libhelix-aac/sbr.c.o: 
plugin needed to handle lto object
C:/Users/phamm/.platformio/packages/toolchain-xtensa-esp-elf/bin/../lib/gcc/xte
nsa-esp-elf/14.2.0/../../../../xtensa-esp-elf/bin/ld.exe: 
.pio/build/custom-st7789-160x128/liba3f/ESP8266Audio/libhelix-aac/sbr.c.o: 
plugin needed to handle lto object
C:/Users/phamm/.platformio/packages/toolchain-xtensa-esp-elf/bin/../lib/gcc/xte
nsa-esp-elf/14.2.0/../../../../xtensa-esp-elf/bin/ld.exe: 
.pio/build/custom-st7789-160x128/liba3f/ESP8266Audio/libhelix-aac/sbr.c.o and 
.pio/build/custom-st7789-160x128/FrameworkArduinoVariant/variant.cpp.o: 
warning: multiple common of `__gnu_lto_slim'
C:/Users/phamm/.platformio/packages/toolchain-xtensa-esp-elf/bin/../lib/gcc/xte
nsa-esp-elf/14.2.0/../../../../xtensa-esp-elf/bin/ld.exe: 
.pio/build/custom-st7789-160x128/liba3f/ESP8266Audio/libhelix-aac/sbrfft.c.o: 
plugin needed to handle lto object
C:/Users/phamm/.platformio/packages/toolchain-xtensa-esp-elf/bin/../lib/gcc/xte
nsa-esp-elf/14.2.0/../../../../xtensa-esp-elf/bin/ld.exe: 
.pio/build/custom-st7789-160x128/liba3f/ESP8266Audio/libhelix-aac/sbrfft.c.o: 
plugin needed to handle lto object
C:/Users/phamm/.platformio/packages/toolchain-xtensa-esp-elf/bin/../lib/gcc/xte
nsa-esp-elf/14.2.0/../../../../xtensa-esp-elf/bin/ld.exe: 
.pio/build/custom-st7789-160x128/liba3f/ESP8266Audio/libhelix-aac/sbrfft.c.o 
and .pio/build/custom-st7789-160x128/FrameworkArduinoVariant/variant.cpp.o: 
warning: multiple common of `__gnu_lto_slim'
C:/Users/phamm/.platformio/packages/toolchain-xtensa-esp-elf/bin/../lib/gcc/xte
nsa-esp-elf/14.2.0/../../../../xtensa-esp-elf/bin/ld.exe: 
.pio/build/custom-st7789-160x128/liba3f/ESP8266Audio/libhelix-aac/sbrfreq.c.o: 
plugin needed to handle lto object
C:/Users/phamm/.platformio/packages/toolchain-xtensa-esp-elf/bin/../lib/gcc/xte
nsa-esp-elf/14.2.0/../../../../xtensa-esp-elf/bin/ld.exe: 
.pio/build/custom-st7789-160x128/liba3f/ESP8266Audio/libhelix-aac/sbrfreq.c.o: 
plugin needed to handle lto object
C:/Users/phamm/.platformio/packages/toolchain-xtensa-esp-elf/bin/../lib/gcc/xte
nsa-esp-elf/14.2.0/../../../../xtensa-esp-elf/bin/ld.exe: 
.pio/build/custom-st7789-160x128/liba3f/ESP8266Audio/libhelix-aac/sbrfreq.c.o 
and .pio/build/custom-st7789-160x128/FrameworkArduinoVariant/variant.cpp.o: 
warning: multiple common of `__gnu_lto_slim'
C:/Users/phamm/.platformio/packages/toolchain-xtensa-esp-elf/bin/../lib/gcc/xte
nsa-esp-elf/14.2.0/../../../../xtensa-esp-elf/bin/ld.exe: .pio/build/custom-st7
789-160x128/liba3f/ESP8266Audio/libhelix-aac/sbrhfadj.c.o: plugin needed to 
handle lto object
C:/Users/phamm/.platformio/packages/toolchain-xtensa-esp-elf/bin/../lib/gcc/xte
nsa-esp-elf/14.2.0/../../../../xtensa-esp-elf/bin/ld.exe: .pio/build/custom-st7
789-160x128/liba3f/ESP8266Audio/libhelix-aac/sbrhfadj.c.o: plugin needed to 
handle lto object
C:/Users/phamm/.platformio/packages/toolchain-xtensa-esp-elf/bin/../lib/gcc/xte
nsa-esp-elf/14.2.0/../../../../xtensa-esp-elf/bin/ld.exe: 
.pio/build/custom-st7789-160x128/liba3f/ESP8266Audio/libhelix-aac/sbrhfadj.c.o 
and .pio/build/custom-st7789-160x128/FrameworkArduinoVariant/variant.cpp.o: 
warning: multiple common of `__gnu_lto_slim'
C:/Users/phamm/.platformio/packages/toolchain-xtensa-esp-elf/bin/../lib/gcc/xte
nsa-esp-elf/14.2.0/../../../../xtensa-esp-elf/bin/ld.exe: .pio/build/custom-st7
789-160x128/liba3f/ESP8266Audio/libhelix-aac/sbrhfgen.c.o: plugin needed to 
handle lto object
C:/Users/phamm/.platformio/packages/toolchain-xtensa-esp-elf/bin/../lib/gcc/xte
nsa-esp-elf/14.2.0/../../../../xtensa-esp-elf/bin/ld.exe: .pio/build/custom-st7
789-160x128/liba3f/ESP8266Audio/libhelix-aac/sbrhfgen.c.o: plugin needed to 
handle lto object
C:/Users/phamm/.platformio/packages/toolchain-xtensa-esp-elf/bin/../lib/gcc/xte
nsa-esp-elf/14.2.0/../../../../xtensa-esp-elf/bin/ld.exe: 
.pio/build/custom-st7789-160x128/liba3f/ESP8266Audio/libhelix-aac/sbrhfgen.c.o 
and .pio/build/custom-st7789-160x128/FrameworkArduinoVariant/variant.cpp.o: 
warning: multiple common of `__gnu_lto_slim'
C:/Users/phamm/.platformio/packages/toolchain-xtensa-esp-elf/bin/../lib/gcc/xte
nsa-esp-elf/14.2.0/../../../../xtensa-esp-elf/bin/ld.exe: 
.pio/build/custom-st7789-160x128/liba3f/ESP8266Audio/libhelix-aac/sbrhuff.c.o: 
plugin needed to handle lto object
C:/Users/phamm/.platformio/packages/toolchain-xtensa-esp-elf/bin/../lib/gcc/xte
nsa-esp-elf/14.2.0/../../../../xtensa-esp-elf/bin/ld.exe: 
.pio/build/custom-st7789-160x128/liba3f/ESP8266Audio/libhelix-aac/sbrhuff.c.o: 
plugin needed to handle lto object
C:/Users/phamm/.platformio/packages/toolchain-xtensa-esp-elf/bin/../lib/gcc/xte
nsa-esp-elf/14.2.0/../../../../xtensa-esp-elf/bin/ld.exe: 
.pio/build/custom-st7789-160x128/liba3f/ESP8266Audio/libhelix-aac/sbrhuff.c.o 
and .pio/build/custom-st7789-160x128/FrameworkArduinoVariant/variant.cpp.o: 
warning: multiple common of `__gnu_lto_slim'
C:/Users/phamm/.platformio/packages/toolchain-xtensa-esp-elf/bin/../lib/gcc/xte
nsa-esp-elf/14.2.0/../../../../xtensa-esp-elf/bin/ld.exe: .pio/build/custom-st7
789-160x128/liba3f/ESP8266Audio/libhelix-aac/sbrimdct.c.o: plugin needed to 
handle lto object
C:/Users/phamm/.platformio/packages/toolchain-xtensa-esp-elf/bin/../lib/gcc/xte
nsa-esp-elf/14.2.0/../../../../xtensa-esp-elf/bin/ld.exe: .pio/build/custom-st7
789-160x128/liba3f/ESP8266Audio/libhelix-aac/sbrimdct.c.o: plugin needed to 
handle lto object
C:/Users/phamm/.platformio/packages/toolchain-xtensa-esp-elf/bin/../lib/gcc/xte
nsa-esp-elf/14.2.0/../../../../xtensa-esp-elf/bin/ld.exe: 
.pio/build/custom-st7789-160x128/liba3f/ESP8266Audio/libhelix-aac/sbrimdct.c.o 
and .pio/build/custom-st7789-160x128/FrameworkArduinoVariant/variant.cpp.o: 
warning: multiple common of `__gnu_lto_slim'
C:/Users/phamm/.platformio/packages/toolchain-xtensa-esp-elf/bin/../lib/gcc/xte
nsa-esp-elf/14.2.0/../../../../xtensa-esp-elf/bin/ld.exe: 
.pio/build/custom-st7789-160x128/liba3f/ESP8266Audio/libhelix-aac/sbrmath.c.o: 
plugin needed to handle lto object
C:/Users/phamm/.platformio/packages/toolchain-xtensa-esp-elf/bin/../lib/gcc/xte
nsa-esp-elf/14.2.0/../../../../xtensa-esp-elf/bin/ld.exe: 
.pio/build/custom-st7789-160x128/liba3f/ESP8266Audio/libhelix-aac/sbrmath.c.o: 
plugin needed to handle lto object
C:/Users/phamm/.platformio/packages/toolchain-xtensa-esp-elf/bin/../lib/gcc/xte
nsa-esp-elf/14.2.0/../../../../xtensa-esp-elf/bin/ld.exe: 
.pio/build/custom-st7789-160x128/liba3f/ESP8266Audio/libhelix-aac/sbrmath.c.o 
and .pio/build/custom-st7789-160x128/FrameworkArduinoVariant/variant.cpp.o: 
warning: multiple common of `__gnu_lto_slim'
C:/Users/phamm/.platformio/packages/toolchain-xtensa-esp-elf/bin/../lib/gcc/xte
nsa-esp-elf/14.2.0/../../../../xtensa-esp-elf/bin/ld.exe: 
.pio/build/custom-st7789-160x128/liba3f/ESP8266Audio/libhelix-aac/sbrqmf.c.o: 
plugin needed to handle lto object
C:/Users/phamm/.platformio/packages/toolchain-xtensa-esp-elf/bin/../lib/gcc/xte
nsa-esp-elf/14.2.0/../../../../xtensa-esp-elf/bin/ld.exe: 
.pio/build/custom-st7789-160x128/liba3f/ESP8266Audio/libhelix-aac/sbrqmf.c.o: 
plugin needed to handle lto object
C:/Users/phamm/.platformio/packages/toolchain-xtensa-esp-elf/bin/../lib/gcc/xte
nsa-esp-elf/14.2.0/../../../../xtensa-esp-elf/bin/ld.exe: 
.pio/build/custom-st7789-160x128/liba3f/ESP8266Audio/libhelix-aac/sbrqmf.c.o 
and .pio/build/custom-st7789-160x128/FrameworkArduinoVariant/variant.cpp.o: 
warning: multiple common of `__gnu_lto_slim'
C:/Users/phamm/.platformio/packages/toolchain-xtensa-esp-elf/bin/../lib/gcc/xte
nsa-esp-elf/14.2.0/../../../../xtensa-esp-elf/bin/ld.exe: 
.pio/build/custom-st7789-160x128/liba3f/ESP8266Audio/libhelix-aac/sbrside.c.o: 
plugin needed to handle lto object
C:/Users/phamm/.platformio/packages/toolchain-xtensa-esp-elf/bin/../lib/gcc/xte
nsa-esp-elf/14.2.0/../../../../xtensa-esp-elf/bin/ld.exe: 
.pio/build/custom-st7789-160x128/liba3f/ESP8266Audio/libhelix-aac/sbrside.c.o: 
plugin needed to handle lto object
C:/Users/phamm/.platformio/packages/toolchain-xtensa-esp-elf/bin/../lib/gcc/xte
nsa-esp-elf/14.2.0/../../../../xtensa-esp-elf/bin/ld.exe: 
.pio/build/custom-st7789-160x128/liba3f/ESP8266Audio/libhelix-aac/sbrside.c.o 
and .pio/build/custom-st7789-160x128/FrameworkArduinoVariant/variant.cpp.o: 
warning: multiple common of `__gnu_lto_slim'
C:/Users/phamm/.platformio/packages/toolchain-xtensa-esp-elf/bin/../lib/gcc/xte
nsa-esp-elf/14.2.0/../../../../xtensa-esp-elf/bin/ld.exe: 
.pio/build/custom-st7789-160x128/liba3f/ESP8266Audio/libhelix-aac/sbrtabs.c.o: 
plugin needed to handle lto object
C:/Users/phamm/.platformio/packages/toolchain-xtensa-esp-elf/bin/../lib/gcc/xte
nsa-esp-elf/14.2.0/../../../../xtensa-esp-elf/bin/ld.exe: 
.pio/build/custom-st7789-160x128/liba3f/ESP8266Audio/libhelix-aac/sbrtabs.c.o: 
plugin needed to handle lto object
C:/Users/phamm/.platformio/packages/toolchain-xtensa-esp-elf/bin/../lib/gcc/xte
nsa-esp-elf/14.2.0/../../../../xtensa-esp-elf/bin/ld.exe: 
.pio/build/custom-st7789-160x128/liba3f/ESP8266Audio/libhelix-aac/sbrtabs.c.o 
and .pio/build/custom-st7789-160x128/FrameworkArduinoVariant/variant.cpp.o: 
warning: multiple common of `__gnu_lto_slim'
C:/Users/phamm/.platformio/packages/toolchain-xtensa-esp-elf/bin/../lib/gcc/xte
nsa-esp-elf/14.2.0/../../../../xtensa-esp-elf/bin/ld.exe: 
.pio/build/custom-st7789-160x128/liba3f/ESP8266Audio/libhelix-aac/stproc.c.o: 
plugin needed to handle lto object
C:/Users/phamm/.platformio/packages/toolchain-xtensa-esp-elf/bin/../lib/gcc/xte
nsa-esp-elf/14.2.0/../../../../xtensa-esp-elf/bin/ld.exe: 
.pio/build/custom-st7789-160x128/liba3f/ESP8266Audio/libhelix-aac/stproc.c.o: 
plugin needed to handle lto object
C:/Users/phamm/.platformio/packages/toolchain-xtensa-esp-elf/bin/../lib/gcc/xte
nsa-esp-elf/14.2.0/../../../../xtensa-esp-elf/bin/ld.exe: 
.pio/build/custom-st7789-160x128/liba3f/ESP8266Audio/libhelix-aac/stproc.c.o 
and .pio/build/custom-st7789-160x128/FrameworkArduinoVariant/variant.cpp.o: 
warning: multiple common of `__gnu_lto_slim'
C:/Users/phamm/.platformio/packages/toolchain-xtensa-esp-elf/bin/../lib/gcc/xte
nsa-esp-elf/14.2.0/../../../../xtensa-esp-elf/bin/ld.exe: 
.pio/build/custom-st7789-160x128/liba3f/ESP8266Audio/libhelix-aac/tns.c.o: 
plugin needed to handle lto object
C:/Users/phamm/.platformio/packages/toolchain-xtensa-esp-elf/bin/../lib/gcc/xte
nsa-esp-elf/14.2.0/../../../../xtensa-esp-elf/bin/ld.exe: 
.pio/build/custom-st7789-160x128/liba3f/ESP8266Audio/libhelix-aac/tns.c.o: 
plugin needed to handle lto object
C:/Users/phamm/.platformio/packages/toolchain-xtensa-esp-elf/bin/../lib/gcc/xte
nsa-esp-elf/14.2.0/../../../../xtensa-esp-elf/bin/ld.exe: 
.pio/build/custom-st7789-160x128/liba3f/ESP8266Audio/libhelix-aac/tns.c.o and 
.pio/build/custom-st7789-160x128/FrameworkArduinoVariant/variant.cpp.o: 
warning: multiple common of `__gnu_lto_slim'
C:/Users/phamm/.platformio/packages/toolchain-xtensa-esp-elf/bin/../lib/gcc/xte
nsa-esp-elf/14.2.0/../../../../xtensa-esp-elf/bin/ld.exe: .pio/build/custom-st7
789-160x128/liba3f/ESP8266Audio/libhelix-aac/trigtabs.c.o: plugin needed to 
handle lto object
C:/Users/phamm/.platformio/packages/toolchain-xtensa-esp-elf/bin/../lib/gcc/xte
nsa-esp-elf/14.2.0/../../../../xtensa-esp-elf/bin/ld.exe: .pio/build/custom-st7
789-160x128/liba3f/ESP8266Audio/libhelix-aac/trigtabs.c.o: plugin needed to 
handle lto object
C:/Users/phamm/.platformio/packages/toolchain-xtensa-esp-elf/bin/../lib/gcc/xte
nsa-esp-elf/14.2.0/../../../../xtensa-esp-elf/bin/ld.exe: 
.pio/build/custom-st7789-160x128/liba3f/ESP8266Audio/libhelix-aac/trigtabs.c.o 
and .pio/build/custom-st7789-160x128/FrameworkArduinoVariant/variant.cpp.o: 
warning: multiple common of `__gnu_lto_slim'
C:/Users/phamm/.platformio/packages/toolchain-xtensa-esp-elf/bin/../lib/gcc/xte
nsa-esp-elf/14.2.0/../../../../xtensa-esp-elf/bin/ld.exe: .pio/build/custom-st7
789-160x128/liba3f/ESP8266Audio/libhelix-mp3/bitstream.c.o: plugin needed to 
handle lto object
C:/Users/phamm/.platformio/packages/toolchain-xtensa-esp-elf/bin/../lib/gcc/xte
nsa-esp-elf/14.2.0/../../../../xtensa-esp-elf/bin/ld.exe: .pio/build/custom-st7
789-160x128/liba3f/ESP8266Audio/libhelix-mp3/bitstream.c.o: plugin needed to 
handle lto object
C:/Users/phamm/.platformio/packages/toolchain-xtensa-esp-elf/bin/../lib/gcc/xte
nsa-esp-elf/14.2.0/../../../../xtensa-esp-elf/bin/ld.exe: .pio/build/custom-st7
789-160x128/liba3f/ESP8266Audio/libhelix-mp3/bitstream.c.o and 
.pio/build/custom-st7789-160x128/FrameworkArduinoVariant/variant.cpp.o: 
warning: multiple common of `__gnu_lto_slim'
C:/Users/phamm/.platformio/packages/toolchain-xtensa-esp-elf/bin/../lib/gcc/xte
nsa-esp-elf/14.2.0/../../../../xtensa-esp-elf/bin/ld.exe: 
.pio/build/custom-st7789-160x128/liba3f/ESP8266Audio/libhelix-mp3/buffers.c.o: 
plugin needed to handle lto object
C:/Users/phamm/.platformio/packages/toolchain-xtensa-esp-elf/bin/../lib/gcc/xte
nsa-esp-elf/14.2.0/../../../../xtensa-esp-elf/bin/ld.exe: 
.pio/build/custom-st7789-160x128/liba3f/ESP8266Audio/libhelix-mp3/buffers.c.o: 
plugin needed to handle lto object
C:/Users/phamm/.platformio/packages/toolchain-xtensa-esp-elf/bin/../lib/gcc/xte
nsa-esp-elf/14.2.0/../../../../xtensa-esp-elf/bin/ld.exe: 
.pio/build/custom-st7789-160x128/liba3f/ESP8266Audio/libhelix-mp3/buffers.c.o 
and .pio/build/custom-st7789-160x128/FrameworkArduinoVariant/variant.cpp.o: 
warning: multiple common of `__gnu_lto_slim'
C:/Users/phamm/.platformio/packages/toolchain-xtensa-esp-elf/bin/../lib/gcc/xte
nsa-esp-elf/14.2.0/../../../../xtensa-esp-elf/bin/ld.exe: 
.pio/build/custom-st7789-160x128/liba3f/ESP8266Audio/libhelix-mp3/dct32.c.o: 
plugin needed to handle lto object
C:/Users/phamm/.platformio/packages/toolchain-xtensa-esp-elf/bin/../lib/gcc/xte
nsa-esp-elf/14.2.0/../../../../xtensa-esp-elf/bin/ld.exe: 
.pio/build/custom-st7789-160x128/liba3f/ESP8266Audio/libhelix-mp3/dct32.c.o: 
plugin needed to handle lto object
C:/Users/phamm/.platformio/packages/toolchain-xtensa-esp-elf/bin/../lib/gcc/xte
nsa-esp-elf/14.2.0/../../../../xtensa-esp-elf/bin/ld.exe: 
.pio/build/custom-st7789-160x128/liba3f/ESP8266Audio/libhelix-mp3/dct32.c.o 
and .pio/build/custom-st7789-160x128/FrameworkArduinoVariant/variant.cpp.o: 
warning: multiple common of `__gnu_lto_slim'
C:/Users/phamm/.platformio/packages/toolchain-xtensa-esp-elf/bin/../lib/gcc/xte
nsa-esp-elf/14.2.0/../../../../xtensa-esp-elf/bin/ld.exe: 
.pio/build/custom-st7789-160x128/liba3f/ESP8266Audio/libhelix-mp3/dequant.c.o: 
plugin needed to handle lto object
C:/Users/phamm/.platformio/packages/toolchain-xtensa-esp-elf/bin/../lib/gcc/xte
nsa-esp-elf/14.2.0/../../../../xtensa-esp-elf/bin/ld.exe: 
.pio/build/custom-st7789-160x128/liba3f/ESP8266Audio/libhelix-mp3/dequant.c.o: 
plugin needed to handle lto object
C:/Users/phamm/.platformio/packages/toolchain-xtensa-esp-elf/bin/../lib/gcc/xte
nsa-esp-elf/14.2.0/../../../../xtensa-esp-elf/bin/ld.exe: 
.pio/build/custom-st7789-160x128/liba3f/ESP8266Audio/libhelix-mp3/dequant.c.o 
and .pio/build/custom-st7789-160x128/FrameworkArduinoVariant/variant.cpp.o: 
warning: multiple common of `__gnu_lto_slim'
C:/Users/phamm/.platformio/packages/toolchain-xtensa-esp-elf/bin/../lib/gcc/xte
nsa-esp-elf/14.2.0/../../../../xtensa-esp-elf/bin/ld.exe: 
.pio/build/custom-st7789-160x128/liba3f/ESP8266Audio/libhelix-mp3/dqchan.c.o: 
plugin needed to handle lto object
C:/Users/phamm/.platformio/packages/toolchain-xtensa-esp-elf/bin/../lib/gcc/xte
nsa-esp-elf/14.2.0/../../../../xtensa-esp-elf/bin/ld.exe: 
.pio/build/custom-st7789-160x128/liba3f/ESP8266Audio/libhelix-mp3/dqchan.c.o: 
plugin needed to handle lto object
C:/Users/phamm/.platformio/packages/toolchain-xtensa-esp-elf/bin/../lib/gcc/xte
nsa-esp-elf/14.2.0/../../../../xtensa-esp-elf/bin/ld.exe: 
.pio/build/custom-st7789-160x128/liba3f/ESP8266Audio/libhelix-mp3/dqchan.c.o 
and .pio/build/custom-st7789-160x128/FrameworkArduinoVariant/variant.cpp.o: 
warning: multiple common of `__gnu_lto_slim'
C:/Users/phamm/.platformio/packages/toolchain-xtensa-esp-elf/bin/../lib/gcc/xte
nsa-esp-elf/14.2.0/../../../../xtensa-esp-elf/bin/ld.exe: 
.pio/build/custom-st7789-160x128/liba3f/ESP8266Audio/libhelix-mp3/huffman.c.o: 
plugin needed to handle lto object
C:/Users/phamm/.platformio/packages/toolchain-xtensa-esp-elf/bin/../lib/gcc/xte
nsa-esp-elf/14.2.0/../../../../xtensa-esp-elf/bin/ld.exe: 
.pio/build/custom-st7789-160x128/liba3f/ESP8266Audio/libhelix-mp3/huffman.c.o: 
plugin needed to handle lto object
C:/Users/phamm/.platformio/packages/toolchain-xtensa-esp-elf/bin/../lib/gcc/xte
nsa-esp-elf/14.2.0/../../../../xtensa-esp-elf/bin/ld.exe: 
.pio/build/custom-st7789-160x128/liba3f/ESP8266Audio/libhelix-mp3/huffman.c.o 
and .pio/build/custom-st7789-160x128/FrameworkArduinoVariant/variant.cpp.o: 
warning: multiple common of `__gnu_lto_slim'
C:/Users/phamm/.platformio/packages/toolchain-xtensa-esp-elf/bin/../lib/gcc/xte
nsa-esp-elf/14.2.0/../../../../xtensa-esp-elf/bin/ld.exe: .pio/build/custom-st7
789-160x128/liba3f/ESP8266Audio/libhelix-mp3/hufftabs.c.o: plugin needed to 
handle lto object
C:/Users/phamm/.platformio/packages/toolchain-xtensa-esp-elf/bin/../lib/gcc/xte
nsa-esp-elf/14.2.0/../../../../xtensa-esp-elf/bin/ld.exe: .pio/build/custom-st7
789-160x128/liba3f/ESP8266Audio/libhelix-mp3/hufftabs.c.o: plugin needed to 
handle lto object
C:/Users/phamm/.platformio/packages/toolchain-xtensa-esp-elf/bin/../lib/gcc/xte
nsa-esp-elf/14.2.0/../../../../xtensa-esp-elf/bin/ld.exe: 
.pio/build/custom-st7789-160x128/liba3f/ESP8266Audio/libhelix-mp3/hufftabs.c.o 
and .pio/build/custom-st7789-160x128/FrameworkArduinoVariant/variant.cpp.o: 
warning: multiple common of `__gnu_lto_slim'
C:/Users/phamm/.platformio/packages/toolchain-xtensa-esp-elf/bin/../lib/gcc/xte
nsa-esp-elf/14.2.0/../../../../xtensa-esp-elf/bin/ld.exe: 
.pio/build/custom-st7789-160x128/liba3f/ESP8266Audio/libhelix-mp3/imdct.c.o: 
plugin needed to handle lto object
C:/Users/phamm/.platformio/packages/toolchain-xtensa-esp-elf/bin/../lib/gcc/xte
nsa-esp-elf/14.2.0/../../../../xtensa-esp-elf/bin/ld.exe: 
.pio/build/custom-st7789-160x128/liba3f/ESP8266Audio/libhelix-mp3/imdct.c.o: 
plugin needed to handle lto object
C:/Users/phamm/.platformio/packages/toolchain-xtensa-esp-elf/bin/../lib/gcc/xte
nsa-esp-elf/14.2.0/../../../../xtensa-esp-elf/bin/ld.exe: 
.pio/build/custom-st7789-160x128/liba3f/ESP8266Audio/libhelix-mp3/imdct.c.o 
and .pio/build/custom-st7789-160x128/FrameworkArduinoVariant/variant.cpp.o: 
warning: multiple common of `__gnu_lto_slim'
C:/Users/phamm/.platformio/packages/toolchain-xtensa-esp-elf/bin/../lib/gcc/xte
nsa-esp-elf/14.2.0/../../../../xtensa-esp-elf/bin/ld.exe: 
.pio/build/custom-st7789-160x128/liba3f/ESP8266Audio/libhelix-mp3/mp3dec.c.o: 
plugin needed to handle lto object
C:/Users/phamm/.platformio/packages/toolchain-xtensa-esp-elf/bin/../lib/gcc/xte
nsa-esp-elf/14.2.0/../../../../xtensa-esp-elf/bin/ld.exe: 
.pio/build/custom-st7789-160x128/liba3f/ESP8266Audio/libhelix-mp3/mp3dec.c.o: 
plugin needed to handle lto object
C:/Users/phamm/.platformio/packages/toolchain-xtensa-esp-elf/bin/../lib/gcc/xte
nsa-esp-elf/14.2.0/../../../../xtensa-esp-elf/bin/ld.exe: 
.pio/build/custom-st7789-160x128/liba3f/ESP8266Audio/libhelix-mp3/mp3dec.c.o 
and .pio/build/custom-st7789-160x128/FrameworkArduinoVariant/variant.cpp.o: 
warning: multiple common of `__gnu_lto_slim'
C:/Users/phamm/.platformio/packages/toolchain-xtensa-esp-elf/bin/../lib/gcc/xte
nsa-esp-elf/14.2.0/../../../../xtensa-esp-elf/bin/ld.exe: 
.pio/build/custom-st7789-160x128/liba3f/ESP8266Audio/libhelix-mp3/mp3tabs.c.o: 
plugin needed to handle lto object
C:/Users/phamm/.platformio/packages/toolchain-xtensa-esp-elf/bin/../lib/gcc/xte
nsa-esp-elf/14.2.0/../../../../xtensa-esp-elf/bin/ld.exe: 
.pio/build/custom-st7789-160x128/liba3f/ESP8266Audio/libhelix-mp3/mp3tabs.c.o: 
plugin needed to handle lto object
C:/Users/phamm/.platformio/packages/toolchain-xtensa-esp-elf/bin/../lib/gcc/xte
nsa-esp-elf/14.2.0/../../../../xtensa-esp-elf/bin/ld.exe: 
.pio/build/custom-st7789-160x128/liba3f/ESP8266Audio/libhelix-mp3/mp3tabs.c.o 
and .pio/build/custom-st7789-160x128/FrameworkArduinoVariant/variant.cpp.o: 
warning: multiple common of `__gnu_lto_slim'
C:/Users/phamm/.platformio/packages/toolchain-xtensa-esp-elf/bin/../lib/gcc/xte
nsa-esp-elf/14.2.0/../../../../xtensa-esp-elf/bin/ld.exe: .pio/build/custom-st7
789-160x128/liba3f/ESP8266Audio/libhelix-mp3/polyphase.c.o: plugin needed to 
handle lto object
C:/Users/phamm/.platformio/packages/toolchain-xtensa-esp-elf/bin/../lib/gcc/xte
nsa-esp-elf/14.2.0/../../../../xtensa-esp-elf/bin/ld.exe: .pio/build/custom-st7
789-160x128/liba3f/ESP8266Audio/libhelix-mp3/polyphase.c.o: plugin needed to 
handle lto object
C:/Users/phamm/.platformio/packages/toolchain-xtensa-esp-elf/bin/../lib/gcc/xte
nsa-esp-elf/14.2.0/../../../../xtensa-esp-elf/bin/ld.exe: .pio/build/custom-st7
789-160x128/liba3f/ESP8266Audio/libhelix-mp3/polyphase.c.o and 
.pio/build/custom-st7789-160x128/FrameworkArduinoVariant/variant.cpp.o: 
warning: multiple common of `__gnu_lto_slim'
C:/Users/phamm/.platformio/packages/toolchain-xtensa-esp-elf/bin/../lib/gcc/xte
nsa-esp-elf/14.2.0/../../../../xtensa-esp-elf/bin/ld.exe: .pio/build/custom-st7
789-160x128/liba3f/ESP8266Audio/libhelix-mp3/scalfact.c.o: plugin needed to 
handle lto object
C:/Users/phamm/.platformio/packages/toolchain-xtensa-esp-elf/bin/../lib/gcc/xte
nsa-esp-elf/14.2.0/../../../../xtensa-esp-elf/bin/ld.exe: .pio/build/custom-st7
789-160x128/liba3f/ESP8266Audio/libhelix-mp3/scalfact.c.o: plugin needed to 
handle lto object
C:/Users/phamm/.platformio/packages/toolchain-xtensa-esp-elf/bin/../lib/gcc/xte
nsa-esp-elf/14.2.0/../../../../xtensa-esp-elf/bin/ld.exe: 
.pio/build/custom-st7789-160x128/liba3f/ESP8266Audio/libhelix-mp3/scalfact.c.o 
and .pio/build/custom-st7789-160x128/FrameworkArduinoVariant/variant.cpp.o: 
warning: multiple common of `__gnu_lto_slim'
C:/Users/phamm/.platformio/packages/toolchain-xtensa-esp-elf/bin/../lib/gcc/xte
nsa-esp-elf/14.2.0/../../../../xtensa-esp-elf/bin/ld.exe: 
.pio/build/custom-st7789-160x128/liba3f/ESP8266Audio/libhelix-mp3/stproc.c.o: 
plugin needed to handle lto object
C:/Users/phamm/.platformio/packages/toolchain-xtensa-esp-elf/bin/../lib/gcc/xte
nsa-esp-elf/14.2.0/../../../../xtensa-esp-elf/bin/ld.exe: 
.pio/build/custom-st7789-160x128/liba3f/ESP8266Audio/libhelix-mp3/stproc.c.o: 
plugin needed to handle lto object
C:/Users/phamm/.platformio/packages/toolchain-xtensa-esp-elf/bin/../lib/gcc/xte
nsa-esp-elf/14.2.0/../../../../xtensa-esp-elf/bin/ld.exe: 
.pio/build/custom-st7789-160x128/liba3f/ESP8266Audio/libhelix-mp3/stproc.c.o 
and .pio/build/custom-st7789-160x128/FrameworkArduinoVariant/variant.cpp.o: 
warning: multiple common of `__gnu_lto_slim'
C:/Users/phamm/.platformio/packages/toolchain-xtensa-esp-elf/bin/../lib/gcc/xte
nsa-esp-elf/14.2.0/../../../../xtensa-esp-elf/bin/ld.exe: 
.pio/build/custom-st7789-160x128/liba3f/ESP8266Audio/libhelix-mp3/subband.c.o: 
plugin needed to handle lto object
C:/Users/phamm/.platformio/packages/toolchain-xtensa-esp-elf/bin/../lib/gcc/xte
nsa-esp-elf/14.2.0/../../../../xtensa-esp-elf/bin/ld.exe: 
.pio/build/custom-st7789-160x128/liba3f/ESP8266Audio/libhelix-mp3/subband.c.o: 
plugin needed to handle lto object
C:/Users/phamm/.platformio/packages/toolchain-xtensa-esp-elf/bin/../lib/gcc/xte
nsa-esp-elf/14.2.0/../../../../xtensa-esp-elf/bin/ld.exe: 
.pio/build/custom-st7789-160x128/liba3f/ESP8266Audio/libhelix-mp3/subband.c.o 
and .pio/build/custom-st7789-160x128/FrameworkArduinoVariant/variant.cpp.o: 
warning: multiple common of `__gnu_lto_slim'
C:/Users/phamm/.platformio/packages/toolchain-xtensa-esp-elf/bin/../lib/gcc/xte
nsa-esp-elf/14.2.0/../../../../xtensa-esp-elf/bin/ld.exe: .pio/build/custom-st7
789-160x128/liba3f/ESP8266Audio/libhelix-mp3/trigtabs.c.o: plugin needed to 
handle lto object
C:/Users/phamm/.platformio/packages/toolchain-xtensa-esp-elf/bin/../lib/gcc/xte
nsa-esp-elf/14.2.0/../../../../xtensa-esp-elf/bin/ld.exe: .pio/build/custom-st7
789-160x128/liba3f/ESP8266Audio/libhelix-mp3/trigtabs.c.o: plugin needed to 
handle lto object
C:/Users/phamm/.platformio/packages/toolchain-xtensa-esp-elf/bin/../lib/gcc/xte
nsa-esp-elf/14.2.0/../../../../xtensa-esp-elf/bin/ld.exe: 
.pio/build/custom-st7789-160x128/liba3f/ESP8266Audio/libhelix-mp3/trigtabs.c.o 
and .pio/build/custom-st7789-160x128/FrameworkArduinoVariant/variant.cpp.o: 
warning: multiple common of `__gnu_lto_slim'
C:/Users/phamm/.platformio/packages/toolchain-xtensa-esp-elf/bin/../lib/gcc/xte
nsa-esp-elf/14.2.0/../../../../xtensa-esp-elf/bin/ld.exe: 
.pio/build/custom-st7789-160x128/liba3f/ESP8266Audio/libmad/bit.c.o: plugin 
needed to handle lto object
C:/Users/phamm/.platformio/packages/toolchain-xtensa-esp-elf/bin/../lib/gcc/xte
nsa-esp-elf/14.2.0/../../../../xtensa-esp-elf/bin/ld.exe: 
.pio/build/custom-st7789-160x128/liba3f/ESP8266Audio/libmad/bit.c.o: plugin 
needed to handle lto object
C:/Users/phamm/.platformio/packages/toolchain-xtensa-esp-elf/bin/../lib/gcc/xte
nsa-esp-elf/14.2.0/../../../../xtensa-esp-elf/bin/ld.exe: 
.pio/build/custom-st7789-160x128/liba3f/ESP8266Audio/libmad/bit.c.o and 
.pio/build/custom-st7789-160x128/FrameworkArduinoVariant/variant.cpp.o: 
warning: multiple common of `__gnu_lto_slim'
C:/Users/phamm/.platformio/packages/toolchain-xtensa-esp-elf/bin/../lib/gcc/xte
nsa-esp-elf/14.2.0/../../../../xtensa-esp-elf/bin/ld.exe: 
.pio/build/custom-st7789-160x128/liba3f/ESP8266Audio/libmad/decoder.c.o: 
plugin needed to handle lto object
C:/Users/phamm/.platformio/packages/toolchain-xtensa-esp-elf/bin/../lib/gcc/xte
nsa-esp-elf/14.2.0/../../../../xtensa-esp-elf/bin/ld.exe: 
.pio/build/custom-st7789-160x128/liba3f/ESP8266Audio/libmad/decoder.c.o: 
plugin needed to handle lto object
C:/Users/phamm/.platformio/packages/toolchain-xtensa-esp-elf/bin/../lib/gcc/xte
nsa-esp-elf/14.2.0/../../../../xtensa-esp-elf/bin/ld.exe: 
.pio/build/custom-st7789-160x128/liba3f/ESP8266Audio/libmad/decoder.c.o and 
.pio/build/custom-st7789-160x128/FrameworkArduinoVariant/variant.cpp.o: 
warning: multiple common of `__gnu_lto_slim'
C:/Users/phamm/.platformio/packages/toolchain-xtensa-esp-elf/bin/../lib/gcc/xte
nsa-esp-elf/14.2.0/../../../../xtensa-esp-elf/bin/ld.exe: 
.pio/build/custom-st7789-160x128/liba3f/ESP8266Audio/libmad/fixed.c.o: plugin 
needed to handle lto object
C:/Users/phamm/.platformio/packages/toolchain-xtensa-esp-elf/bin/../lib/gcc/xte
nsa-esp-elf/14.2.0/../../../../xtensa-esp-elf/bin/ld.exe: 
.pio/build/custom-st7789-160x128/liba3f/ESP8266Audio/libmad/fixed.c.o: plugin 
needed to handle lto object
C:/Users/phamm/.platformio/packages/toolchain-xtensa-esp-elf/bin/../lib/gcc/xte
nsa-esp-elf/14.2.0/../../../../xtensa-esp-elf/bin/ld.exe: 
.pio/build/custom-st7789-160x128/liba3f/ESP8266Audio/libmad/fixed.c.o and 
.pio/build/custom-st7789-160x128/FrameworkArduinoVariant/variant.cpp.o: 
warning: multiple common of `__gnu_lto_slim'
C:/Users/phamm/.platformio/packages/toolchain-xtensa-esp-elf/bin/../lib/gcc/xte
nsa-esp-elf/14.2.0/../../../../xtensa-esp-elf/bin/ld.exe: 
.pio/build/custom-st7789-160x128/liba3f/ESP8266Audio/libmad/frame.c.o: plugin 
needed to handle lto object
C:/Users/phamm/.platformio/packages/toolchain-xtensa-esp-elf/bin/../lib/gcc/xte
nsa-esp-elf/14.2.0/../../../../xtensa-esp-elf/bin/ld.exe: 
.pio/build/custom-st7789-160x128/liba3f/ESP8266Audio/libmad/frame.c.o: plugin 
needed to handle lto object
C:/Users/phamm/.platformio/packages/toolchain-xtensa-esp-elf/bin/../lib/gcc/xte
nsa-esp-elf/14.2.0/../../../../xtensa-esp-elf/bin/ld.exe: 
.pio/build/custom-st7789-160x128/liba3f/ESP8266Audio/libmad/frame.c.o and 
.pio/build/custom-st7789-160x128/FrameworkArduinoVariant/variant.cpp.o: 
warning: multiple common of `__gnu_lto_slim'
C:/Users/phamm/.platformio/packages/toolchain-xtensa-esp-elf/bin/../lib/gcc/xte
nsa-esp-elf/14.2.0/../../../../xtensa-esp-elf/bin/ld.exe: 
.pio/build/custom-st7789-160x128/liba3f/ESP8266Audio/libmad/huffman.c.o: 
plugin needed to handle lto object
C:/Users/phamm/.platformio/packages/toolchain-xtensa-esp-elf/bin/../lib/gcc/xte
nsa-esp-elf/14.2.0/../../../../xtensa-esp-elf/bin/ld.exe: 
.pio/build/custom-st7789-160x128/liba3f/ESP8266Audio/libmad/huffman.c.o: 
plugin needed to handle lto object
C:/Users/phamm/.platformio/packages/toolchain-xtensa-esp-elf/bin/../lib/gcc/xte
nsa-esp-elf/14.2.0/../../../../xtensa-esp-elf/bin/ld.exe: 
.pio/build/custom-st7789-160x128/liba3f/ESP8266Audio/libmad/huffman.c.o and 
.pio/build/custom-st7789-160x128/FrameworkArduinoVariant/variant.cpp.o: 
warning: multiple common of `__gnu_lto_slim'
C:/Users/phamm/.platformio/packages/toolchain-xtensa-esp-elf/bin/../lib/gcc/xte
nsa-esp-elf/14.2.0/../../../../xtensa-esp-elf/bin/ld.exe: 
.pio/build/custom-st7789-160x128/liba3f/ESP8266Audio/libmad/layer3.c.o: plugin 
needed to handle lto object
C:/Users/phamm/.platformio/packages/toolchain-xtensa-esp-elf/bin/../lib/gcc/xte
nsa-esp-elf/14.2.0/../../../../xtensa-esp-elf/bin/ld.exe: 
.pio/build/custom-st7789-160x128/liba3f/ESP8266Audio/libmad/layer3.c.o: plugin 
needed to handle lto object
C:/Users/phamm/.platformio/packages/toolchain-xtensa-esp-elf/bin/../lib/gcc/xte
nsa-esp-elf/14.2.0/../../../../xtensa-esp-elf/bin/ld.exe: 
.pio/build/custom-st7789-160x128/liba3f/ESP8266Audio/libmad/layer3.c.o and 
.pio/build/custom-st7789-160x128/FrameworkArduinoVariant/variant.cpp.o: 
warning: multiple common of `__gnu_lto_slim'
C:/Users/phamm/.platformio/packages/toolchain-xtensa-esp-elf/bin/../lib/gcc/xte
nsa-esp-elf/14.2.0/../../../../xtensa-esp-elf/bin/ld.exe: 
.pio/build/custom-st7789-160x128/liba3f/ESP8266Audio/libmad/stream.c.o: plugin 
needed to handle lto object
C:/Users/phamm/.platformio/packages/toolchain-xtensa-esp-elf/bin/../lib/gcc/xte
nsa-esp-elf/14.2.0/../../../../xtensa-esp-elf/bin/ld.exe: 
.pio/build/custom-st7789-160x128/liba3f/ESP8266Audio/libmad/stream.c.o: plugin 
needed to handle lto object
C:/Users/phamm/.platformio/packages/toolchain-xtensa-esp-elf/bin/../lib/gcc/xte
nsa-esp-elf/14.2.0/../../../../xtensa-esp-elf/bin/ld.exe: 
.pio/build/custom-st7789-160x128/liba3f/ESP8266Audio/libmad/stream.c.o and 
.pio/build/custom-st7789-160x128/FrameworkArduinoVariant/variant.cpp.o: 
warning: multiple common of `__gnu_lto_slim'
C:/Users/phamm/.platformio/packages/toolchain-xtensa-esp-elf/bin/../lib/gcc/xte
nsa-esp-elf/14.2.0/../../../../xtensa-esp-elf/bin/ld.exe: 
.pio/build/custom-st7789-160x128/liba3f/ESP8266Audio/libmad/synth.c.o: plugin 
needed to handle lto object
C:/Users/phamm/.platformio/packages/toolchain-xtensa-esp-elf/bin/../lib/gcc/xte
nsa-esp-elf/14.2.0/../../../../xtensa-esp-elf/bin/ld.exe: 
.pio/build/custom-st7789-160x128/liba3f/ESP8266Audio/libmad/synth.c.o: plugin 
needed to handle lto object
C:/Users/phamm/.platformio/packages/toolchain-xtensa-esp-elf/bin/../lib/gcc/xte
nsa-esp-elf/14.2.0/../../../../xtensa-esp-elf/bin/ld.exe: 
.pio/build/custom-st7789-160x128/liba3f/ESP8266Audio/libmad/synth.c.o and 
.pio/build/custom-st7789-160x128/FrameworkArduinoVariant/variant.cpp.o: 
warning: multiple common of `__gnu_lto_slim'
C:/Users/phamm/.platformio/packages/toolchain-xtensa-esp-elf/bin/../lib/gcc/xte
nsa-esp-elf/14.2.0/../../../../xtensa-esp-elf/bin/ld.exe: 
.pio/build/custom-st7789-160x128/liba3f/ESP8266Audio/libmad/timer.c.o: plugin 
needed to handle lto object
C:/Users/phamm/.platformio/packages/toolchain-xtensa-esp-elf/bin/../lib/gcc/xte
nsa-esp-elf/14.2.0/../../../../xtensa-esp-elf/bin/ld.exe: 
.pio/build/custom-st7789-160x128/liba3f/ESP8266Audio/libmad/timer.c.o: plugin 
needed to handle lto object
C:/Users/phamm/.platformio/packages/toolchain-xtensa-esp-elf/bin/../lib/gcc/xte
nsa-esp-elf/14.2.0/../../../../xtensa-esp-elf/bin/ld.exe: 
.pio/build/custom-st7789-160x128/liba3f/ESP8266Audio/libmad/timer.c.o and 
.pio/build/custom-st7789-160x128/FrameworkArduinoVariant/variant.cpp.o: 
warning: multiple common of `__gnu_lto_slim'
C:/Users/phamm/.platformio/packages/toolchain-xtensa-esp-elf/bin/../lib/gcc/xte
nsa-esp-elf/14.2.0/../../../../xtensa-esp-elf/bin/ld.exe: 
.pio/build/custom-st7789-160x128/liba3f/ESP8266Audio/libmad/version.c.o: 
plugin needed to handle lto object
C:/Users/phamm/.platformio/packages/toolchain-xtensa-esp-elf/bin/../lib/gcc/xte
nsa-esp-elf/14.2.0/../../../../xtensa-esp-elf/bin/ld.exe: 
.pio/build/custom-st7789-160x128/liba3f/ESP8266Audio/libmad/version.c.o: 
plugin needed to handle lto object
C:/Users/phamm/.platformio/packages/toolchain-xtensa-esp-elf/bin/../lib/gcc/xte
nsa-esp-elf/14.2.0/../../../../xtensa-esp-elf/bin/ld.exe: 
.pio/build/custom-st7789-160x128/liba3f/ESP8266Audio/libmad/version.c.o and 
.pio/build/custom-st7789-160x128/FrameworkArduinoVariant/variant.cpp.o: 
warning: multiple common of `__gnu_lto_slim'
C:/Users/phamm/.platformio/packages/toolchain-xtensa-esp-elf/bin/../lib/gcc/xte
nsa-esp-elf/14.2.0/../../../../xtensa-esp-elf/bin/ld.exe: 
.pio/build/custom-st7789-160x128/liba3f/ESP8266Audio/libopus/celt/bands.c.o: 
plugin needed to handle lto object
C:/Users/phamm/.platformio/packages/toolchain-xtensa-esp-elf/bin/../lib/gcc/xte
nsa-esp-elf/14.2.0/../../../../xtensa-esp-elf/bin/ld.exe: 
.pio/build/custom-st7789-160x128/liba3f/ESP8266Audio/libopus/celt/bands.c.o: 
plugin needed to handle lto object
C:/Users/phamm/.platformio/packages/toolchain-xtensa-esp-elf/bin/../lib/gcc/xte
nsa-esp-elf/14.2.0/../../../../xtensa-esp-elf/bin/ld.exe: 
.pio/build/custom-st7789-160x128/liba3f/ESP8266Audio/libopus/celt/bands.c.o 
and .pio/build/custom-st7789-160x128/FrameworkArduinoVariant/variant.cpp.o: 
warning: multiple common of `__gnu_lto_slim'
C:/Users/phamm/.platformio/packages/toolchain-xtensa-esp-elf/bin/../lib/gcc/xte
nsa-esp-elf/14.2.0/../../../../xtensa-esp-elf/bin/ld.exe: 
.pio/build/custom-st7789-160x128/liba3f/ESP8266Audio/libopus/celt/celt.c.o: 
plugin needed to handle lto object
C:/Users/phamm/.platformio/packages/toolchain-xtensa-esp-elf/bin/../lib/gcc/xte
nsa-esp-elf/14.2.0/../../../../xtensa-esp-elf/bin/ld.exe: 
.pio/build/custom-st7789-160x128/liba3f/ESP8266Audio/libopus/celt/celt.c.o: 
plugin needed to handle lto object
C:/Users/phamm/.platformio/packages/toolchain-xtensa-esp-elf/bin/../lib/gcc/xte
nsa-esp-elf/14.2.0/../../../../xtensa-esp-elf/bin/ld.exe: 
.pio/build/custom-st7789-160x128/liba3f/ESP8266Audio/libopus/celt/celt.c.o and 
.pio/build/custom-st7789-160x128/FrameworkArduinoVariant/variant.cpp.o: 
warning: multiple common of `__gnu_lto_slim'
C:/Users/phamm/.platformio/packages/toolchain-xtensa-esp-elf/bin/../lib/gcc/xte
nsa-esp-elf/14.2.0/../../../../xtensa-esp-elf/bin/ld.exe: .pio/build/custom-st7
789-160x128/liba3f/ESP8266Audio/libopus/celt/celt_decoder.c.o: plugin needed 
to handle lto object
C:/Users/phamm/.platformio/packages/toolchain-xtensa-esp-elf/bin/../lib/gcc/xte
nsa-esp-elf/14.2.0/../../../../xtensa-esp-elf/bin/ld.exe: .pio/build/custom-st7
789-160x128/liba3f/ESP8266Audio/libopus/celt/celt_decoder.c.o: plugin needed 
to handle lto object
C:/Users/phamm/.platformio/packages/toolchain-xtensa-esp-elf/bin/../lib/gcc/xte
nsa-esp-elf/14.2.0/../../../../xtensa-esp-elf/bin/ld.exe: .pio/build/custom-st7
789-160x128/liba3f/ESP8266Audio/libopus/celt/celt_decoder.c.o and 
.pio/build/custom-st7789-160x128/FrameworkArduinoVariant/variant.cpp.o: 
warning: multiple common of `__gnu_lto_slim'
C:/Users/phamm/.platformio/packages/toolchain-xtensa-esp-elf/bin/../lib/gcc/xte
nsa-esp-elf/14.2.0/../../../../xtensa-esp-elf/bin/ld.exe: .pio/build/custom-st7
789-160x128/liba3f/ESP8266Audio/libopus/celt/celt_lpc.c.o: plugin needed to 
handle lto object
C:/Users/phamm/.platformio/packages/toolchain-xtensa-esp-elf/bin/../lib/gcc/xte
nsa-esp-elf/14.2.0/../../../../xtensa-esp-elf/bin/ld.exe: .pio/build/custom-st7
789-160x128/liba3f/ESP8266Audio/libopus/celt/celt_lpc.c.o: plugin needed to 
handle lto object
C:/Users/phamm/.platformio/packages/toolchain-xtensa-esp-elf/bin/../lib/gcc/xte
nsa-esp-elf/14.2.0/../../../../xtensa-esp-elf/bin/ld.exe: 
.pio/build/custom-st7789-160x128/liba3f/ESP8266Audio/libopus/celt/celt_lpc.c.o 
and .pio/build/custom-st7789-160x128/FrameworkArduinoVariant/variant.cpp.o: 
warning: multiple common of `__gnu_lto_slim'
C:/Users/phamm/.platformio/packages/toolchain-xtensa-esp-elf/bin/../lib/gcc/xte
nsa-esp-elf/14.2.0/../../../../xtensa-esp-elf/bin/ld.exe: 
.pio/build/custom-st7789-160x128/liba3f/ESP8266Audio/libopus/celt/cwrs.c.o: 
plugin needed to handle lto object
C:/Users/phamm/.platformio/packages/toolchain-xtensa-esp-elf/bin/../lib/gcc/xte
nsa-esp-elf/14.2.0/../../../../xtensa-esp-elf/bin/ld.exe: 
.pio/build/custom-st7789-160x128/liba3f/ESP8266Audio/libopus/celt/cwrs.c.o: 
plugin needed to handle lto object
C:/Users/phamm/.platformio/packages/toolchain-xtensa-esp-elf/bin/../lib/gcc/xte
nsa-esp-elf/14.2.0/../../../../xtensa-esp-elf/bin/ld.exe: 
.pio/build/custom-st7789-160x128/liba3f/ESP8266Audio/libopus/celt/cwrs.c.o and 
.pio/build/custom-st7789-160x128/FrameworkArduinoVariant/variant.cpp.o: 
warning: multiple common of `__gnu_lto_slim'
C:/Users/phamm/.platformio/packages/toolchain-xtensa-esp-elf/bin/../lib/gcc/xte
nsa-esp-elf/14.2.0/../../../../xtensa-esp-elf/bin/ld.exe: 
.pio/build/custom-st7789-160x128/liba3f/ESP8266Audio/libopus/celt/entcode.c.o: 
plugin needed to handle lto object
C:/Users/phamm/.platformio/packages/toolchain-xtensa-esp-elf/bin/../lib/gcc/xte
nsa-esp-elf/14.2.0/../../../../xtensa-esp-elf/bin/ld.exe: 
.pio/build/custom-st7789-160x128/liba3f/ESP8266Audio/libopus/celt/entcode.c.o: 
plugin needed to handle lto object
C:/Users/phamm/.platformio/packages/toolchain-xtensa-esp-elf/bin/../lib/gcc/xte
nsa-esp-elf/14.2.0/../../../../xtensa-esp-elf/bin/ld.exe: 
.pio/build/custom-st7789-160x128/liba3f/ESP8266Audio/libopus/celt/entcode.c.o 
and .pio/build/custom-st7789-160x128/FrameworkArduinoVariant/variant.cpp.o: 
warning: multiple common of `__gnu_lto_slim'
C:/Users/phamm/.platformio/packages/toolchain-xtensa-esp-elf/bin/../lib/gcc/xte
nsa-esp-elf/14.2.0/../../../../xtensa-esp-elf/bin/ld.exe: 
.pio/build/custom-st7789-160x128/liba3f/ESP8266Audio/libopus/celt/entdec.c.o: 
plugin needed to handle lto object
C:/Users/phamm/.platformio/packages/toolchain-xtensa-esp-elf/bin/../lib/gcc/xte
nsa-esp-elf/14.2.0/../../../../xtensa-esp-elf/bin/ld.exe: 
.pio/build/custom-st7789-160x128/liba3f/ESP8266Audio/libopus/celt/entdec.c.o: 
plugin needed to handle lto object
C:/Users/phamm/.platformio/packages/toolchain-xtensa-esp-elf/bin/../lib/gcc/xte
nsa-esp-elf/14.2.0/../../../../xtensa-esp-elf/bin/ld.exe: 
.pio/build/custom-st7789-160x128/liba3f/ESP8266Audio/libopus/celt/entdec.c.o 
and .pio/build/custom-st7789-160x128/FrameworkArduinoVariant/variant.cpp.o: 
warning: multiple common of `__gnu_lto_slim'
C:/Users/phamm/.platformio/packages/toolchain-xtensa-esp-elf/bin/../lib/gcc/xte
nsa-esp-elf/14.2.0/../../../../xtensa-esp-elf/bin/ld.exe: 
.pio/build/custom-st7789-160x128/liba3f/ESP8266Audio/libopus/celt/entenc.c.o: 
plugin needed to handle lto object
C:/Users/phamm/.platformio/packages/toolchain-xtensa-esp-elf/bin/../lib/gcc/xte
nsa-esp-elf/14.2.0/../../../../xtensa-esp-elf/bin/ld.exe: 
.pio/build/custom-st7789-160x128/liba3f/ESP8266Audio/libopus/celt/entenc.c.o: 
plugin needed to handle lto object
C:/Users/phamm/.platformio/packages/toolchain-xtensa-esp-elf/bin/../lib/gcc/xte
nsa-esp-elf/14.2.0/../../../../xtensa-esp-elf/bin/ld.exe: 
.pio/build/custom-st7789-160x128/liba3f/ESP8266Audio/libopus/celt/entenc.c.o 
and .pio/build/custom-st7789-160x128/FrameworkArduinoVariant/variant.cpp.o: 
warning: multiple common of `__gnu_lto_slim'
C:/Users/phamm/.platformio/packages/toolchain-xtensa-esp-elf/bin/../lib/gcc/xte
nsa-esp-elf/14.2.0/../../../../xtensa-esp-elf/bin/ld.exe: .pio/build/custom-st7
789-160x128/liba3f/ESP8266Audio/libopus/celt/kiss_fft.c.o: plugin needed to 
handle lto object
C:/Users/phamm/.platformio/packages/toolchain-xtensa-esp-elf/bin/../lib/gcc/xte
nsa-esp-elf/14.2.0/../../../../xtensa-esp-elf/bin/ld.exe: .pio/build/custom-st7
789-160x128/liba3f/ESP8266Audio/libopus/celt/kiss_fft.c.o: plugin needed to 
handle lto object
C:/Users/phamm/.platformio/packages/toolchain-xtensa-esp-elf/bin/../lib/gcc/xte
nsa-esp-elf/14.2.0/../../../../xtensa-esp-elf/bin/ld.exe: 
.pio/build/custom-st7789-160x128/liba3f/ESP8266Audio/libopus/celt/kiss_fft.c.o 
and .pio/build/custom-st7789-160x128/FrameworkArduinoVariant/variant.cpp.o: 
warning: multiple common of `__gnu_lto_slim'
C:/Users/phamm/.platformio/packages/toolchain-xtensa-esp-elf/bin/../lib/gcc/xte
nsa-esp-elf/14.2.0/../../../../xtensa-esp-elf/bin/ld.exe: 
.pio/build/custom-st7789-160x128/liba3f/ESP8266Audio/libopus/celt/laplace.c.o: 
plugin needed to handle lto object
C:/Users/phamm/.platformio/packages/toolchain-xtensa-esp-elf/bin/../lib/gcc/xte
nsa-esp-elf/14.2.0/../../../../xtensa-esp-elf/bin/ld.exe: 
.pio/build/custom-st7789-160x128/liba3f/ESP8266Audio/libopus/celt/laplace.c.o: 
plugin needed to handle lto object
C:/Users/phamm/.platformio/packages/toolchain-xtensa-esp-elf/bin/../lib/gcc/xte
nsa-esp-elf/14.2.0/../../../../xtensa-esp-elf/bin/ld.exe: 
.pio/build/custom-st7789-160x128/liba3f/ESP8266Audio/libopus/celt/laplace.c.o 
and .pio/build/custom-st7789-160x128/FrameworkArduinoVariant/variant.cpp.o: 
warning: multiple common of `__gnu_lto_slim'
C:/Users/phamm/.platformio/packages/toolchain-xtensa-esp-elf/bin/../lib/gcc/xte
nsa-esp-elf/14.2.0/../../../../xtensa-esp-elf/bin/ld.exe: 
.pio/build/custom-st7789-160x128/liba3f/ESP8266Audio/libopus/celt/mathops.c.o: 
plugin needed to handle lto object
C:/Users/phamm/.platformio/packages/toolchain-xtensa-esp-elf/bin/../lib/gcc/xte
nsa-esp-elf/14.2.0/../../../../xtensa-esp-elf/bin/ld.exe: 
.pio/build/custom-st7789-160x128/liba3f/ESP8266Audio/libopus/celt/mathops.c.o: 
plugin needed to handle lto object
C:/Users/phamm/.platformio/packages/toolchain-xtensa-esp-elf/bin/../lib/gcc/xte
nsa-esp-elf/14.2.0/../../../../xtensa-esp-elf/bin/ld.exe: 
.pio/build/custom-st7789-160x128/liba3f/ESP8266Audio/libopus/celt/mathops.c.o 
and .pio/build/custom-st7789-160x128/FrameworkArduinoVariant/variant.cpp.o: 
warning: multiple common of `__gnu_lto_slim'
C:/Users/phamm/.platformio/packages/toolchain-xtensa-esp-elf/bin/../lib/gcc/xte
nsa-esp-elf/14.2.0/../../../../xtensa-esp-elf/bin/ld.exe: 
.pio/build/custom-st7789-160x128/liba3f/ESP8266Audio/libopus/celt/mdct.c.o: 
plugin needed to handle lto object
C:/Users/phamm/.platformio/packages/toolchain-xtensa-esp-elf/bin/../lib/gcc/xte
nsa-esp-elf/14.2.0/../../../../xtensa-esp-elf/bin/ld.exe: 
.pio/build/custom-st7789-160x128/liba3f/ESP8266Audio/libopus/celt/mdct.c.o: 
plugin needed to handle lto object
C:/Users/phamm/.platformio/packages/toolchain-xtensa-esp-elf/bin/../lib/gcc/xte
nsa-esp-elf/14.2.0/../../../../xtensa-esp-elf/bin/ld.exe: 
.pio/build/custom-st7789-160x128/liba3f/ESP8266Audio/libopus/celt/mdct.c.o and 
.pio/build/custom-st7789-160x128/FrameworkArduinoVariant/variant.cpp.o: 
warning: multiple common of `__gnu_lto_slim'
C:/Users/phamm/.platformio/packages/toolchain-xtensa-esp-elf/bin/../lib/gcc/xte
nsa-esp-elf/14.2.0/../../../../xtensa-esp-elf/bin/ld.exe: 
.pio/build/custom-st7789-160x128/liba3f/ESP8266Audio/libopus/celt/modes.c.o: 
plugin needed to handle lto object
C:/Users/phamm/.platformio/packages/toolchain-xtensa-esp-elf/bin/../lib/gcc/xte
nsa-esp-elf/14.2.0/../../../../xtensa-esp-elf/bin/ld.exe: 
.pio/build/custom-st7789-160x128/liba3f/ESP8266Audio/libopus/celt/modes.c.o: 
plugin needed to handle lto object
C:/Users/phamm/.platformio/packages/toolchain-xtensa-esp-elf/bin/../lib/gcc/xte
nsa-esp-elf/14.2.0/../../../../xtensa-esp-elf/bin/ld.exe: 
.pio/build/custom-st7789-160x128/liba3f/ESP8266Audio/libopus/celt/modes.c.o 
and .pio/build/custom-st7789-160x128/FrameworkArduinoVariant/variant.cpp.o: 
warning: multiple common of `__gnu_lto_slim'
C:/Users/phamm/.platformio/packages/toolchain-xtensa-esp-elf/bin/../lib/gcc/xte
nsa-esp-elf/14.2.0/../../../../xtensa-esp-elf/bin/ld.exe: 
.pio/build/custom-st7789-160x128/liba3f/ESP8266Audio/libopus/celt/pitch.c.o: 
plugin needed to handle lto object
C:/Users/phamm/.platformio/packages/toolchain-xtensa-esp-elf/bin/../lib/gcc/xte
nsa-esp-elf/14.2.0/../../../../xtensa-esp-elf/bin/ld.exe: 
.pio/build/custom-st7789-160x128/liba3f/ESP8266Audio/libopus/celt/pitch.c.o: 
plugin needed to handle lto object
C:/Users/phamm/.platformio/packages/toolchain-xtensa-esp-elf/bin/../lib/gcc/xte
nsa-esp-elf/14.2.0/../../../../xtensa-esp-elf/bin/ld.exe: 
.pio/build/custom-st7789-160x128/liba3f/ESP8266Audio/libopus/celt/pitch.c.o 
and .pio/build/custom-st7789-160x128/FrameworkArduinoVariant/variant.cpp.o: 
warning: multiple common of `__gnu_lto_slim'
C:/Users/phamm/.platformio/packages/toolchain-xtensa-esp-elf/bin/../lib/gcc/xte
nsa-esp-elf/14.2.0/../../../../xtensa-esp-elf/bin/ld.exe: .pio/build/custom-st7
789-160x128/liba3f/ESP8266Audio/libopus/celt/quant_bands.c.o: plugin needed to 
handle lto object
C:/Users/phamm/.platformio/packages/toolchain-xtensa-esp-elf/bin/../lib/gcc/xte
nsa-esp-elf/14.2.0/../../../../xtensa-esp-elf/bin/ld.exe: .pio/build/custom-st7
789-160x128/liba3f/ESP8266Audio/libopus/celt/quant_bands.c.o: plugin needed to 
handle lto object
C:/Users/phamm/.platformio/packages/toolchain-xtensa-esp-elf/bin/../lib/gcc/xte
nsa-esp-elf/14.2.0/../../../../xtensa-esp-elf/bin/ld.exe: .pio/build/custom-st7
789-160x128/liba3f/ESP8266Audio/libopus/celt/quant_bands.c.o and 
.pio/build/custom-st7789-160x128/FrameworkArduinoVariant/variant.cpp.o: 
warning: multiple common of `__gnu_lto_slim'
C:/Users/phamm/.platformio/packages/toolchain-xtensa-esp-elf/bin/../lib/gcc/xte
nsa-esp-elf/14.2.0/../../../../xtensa-esp-elf/bin/ld.exe: 
.pio/build/custom-st7789-160x128/liba3f/ESP8266Audio/libopus/celt/rate.c.o: 
plugin needed to handle lto object
C:/Users/phamm/.platformio/packages/toolchain-xtensa-esp-elf/bin/../lib/gcc/xte
nsa-esp-elf/14.2.0/../../../../xtensa-esp-elf/bin/ld.exe: 
.pio/build/custom-st7789-160x128/liba3f/ESP8266Audio/libopus/celt/rate.c.o: 
plugin needed to handle lto object
C:/Users/phamm/.platformio/packages/toolchain-xtensa-esp-elf/bin/../lib/gcc/xte
nsa-esp-elf/14.2.0/../../../../xtensa-esp-elf/bin/ld.exe: 
.pio/build/custom-st7789-160x128/liba3f/ESP8266Audio/libopus/celt/rate.c.o and 
.pio/build/custom-st7789-160x128/FrameworkArduinoVariant/variant.cpp.o: 
warning: multiple common of `__gnu_lto_slim'
C:/Users/phamm/.platformio/packages/toolchain-xtensa-esp-elf/bin/../lib/gcc/xte
nsa-esp-elf/14.2.0/../../../../xtensa-esp-elf/bin/ld.exe: 
.pio/build/custom-st7789-160x128/liba3f/ESP8266Audio/libopus/celt/vq.c.o: 
plugin needed to handle lto object
C:/Users/phamm/.platformio/packages/toolchain-xtensa-esp-elf/bin/../lib/gcc/xte
nsa-esp-elf/14.2.0/../../../../xtensa-esp-elf/bin/ld.exe: 
.pio/build/custom-st7789-160x128/liba3f/ESP8266Audio/libopus/celt/vq.c.o: 
plugin needed to handle lto object
C:/Users/phamm/.platformio/packages/toolchain-xtensa-esp-elf/bin/../lib/gcc/xte
nsa-esp-elf/14.2.0/../../../../xtensa-esp-elf/bin/ld.exe: 
.pio/build/custom-st7789-160x128/liba3f/ESP8266Audio/libopus/celt/vq.c.o and 
.pio/build/custom-st7789-160x128/FrameworkArduinoVariant/variant.cpp.o: 
warning: multiple common of `__gnu_lto_slim'
C:/Users/phamm/.platformio/packages/toolchain-xtensa-esp-elf/bin/../lib/gcc/xte
nsa-esp-elf/14.2.0/../../../../xtensa-esp-elf/bin/ld.exe: 
.pio/build/custom-st7789-160x128/liba3f/ESP8266Audio/libopus/silk/A2NLSF.c.o: 
plugin needed to handle lto object
C:/Users/phamm/.platformio/packages/toolchain-xtensa-esp-elf/bin/../lib/gcc/xte
nsa-esp-elf/14.2.0/../../../../xtensa-esp-elf/bin/ld.exe: 
.pio/build/custom-st7789-160x128/liba3f/ESP8266Audio/libopus/silk/A2NLSF.c.o: 
plugin needed to handle lto object
C:/Users/phamm/.platformio/packages/toolchain-xtensa-esp-elf/bin/../lib/gcc/xte
nsa-esp-elf/14.2.0/../../../../xtensa-esp-elf/bin/ld.exe: 
.pio/build/custom-st7789-160x128/liba3f/ESP8266Audio/libopus/silk/A2NLSF.c.o 
and .pio/build/custom-st7789-160x128/FrameworkArduinoVariant/variant.cpp.o: 
warning: multiple common of `__gnu_lto_slim'
C:/Users/phamm/.platformio/packages/toolchain-xtensa-esp-elf/bin/../lib/gcc/xte
nsa-esp-elf/14.2.0/../../../../xtensa-esp-elf/bin/ld.exe: 
.pio/build/custom-st7789-160x128/liba3f/ESP8266Audio/libopus/silk/CNG.c.o: 
plugin needed to handle lto object
C:/Users/phamm/.platformio/packages/toolchain-xtensa-esp-elf/bin/../lib/gcc/xte
nsa-esp-elf/14.2.0/../../../../xtensa-esp-elf/bin/ld.exe: 
.pio/build/custom-st7789-160x128/liba3f/ESP8266Audio/libopus/silk/CNG.c.o: 
plugin needed to handle lto object
C:/Users/phamm/.platformio/packages/toolchain-xtensa-esp-elf/bin/../lib/gcc/xte
nsa-esp-elf/14.2.0/../../../../xtensa-esp-elf/bin/ld.exe: 
.pio/build/custom-st7789-160x128/liba3f/ESP8266Audio/libopus/silk/CNG.c.o and 
.pio/build/custom-st7789-160x128/FrameworkArduinoVariant/variant.cpp.o: 
warning: multiple common of `__gnu_lto_slim'
C:/Users/phamm/.platformio/packages/toolchain-xtensa-esp-elf/bin/../lib/gcc/xte
nsa-esp-elf/14.2.0/../../../../xtensa-esp-elf/bin/ld.exe: .pio/build/custom-st7
789-160x128/liba3f/ESP8266Audio/libopus/silk/HP_variable_cutoff.c.o: plugin 
needed to handle lto object
C:/Users/phamm/.platformio/packages/toolchain-xtensa-esp-elf/bin/../lib/gcc/xte
nsa-esp-elf/14.2.0/../../../../xtensa-esp-elf/bin/ld.exe: .pio/build/custom-st7
789-160x128/liba3f/ESP8266Audio/libopus/silk/HP_variable_cutoff.c.o: plugin 
needed to handle lto object
C:/Users/phamm/.platformio/packages/toolchain-xtensa-esp-elf/bin/../lib/gcc/xte
nsa-esp-elf/14.2.0/../../../../xtensa-esp-elf/bin/ld.exe: .pio/build/custom-st7
789-160x128/liba3f/ESP8266Audio/libopus/silk/HP_variable_cutoff.c.o and 
.pio/build/custom-st7789-160x128/FrameworkArduinoVariant/variant.cpp.o: 
warning: multiple common of `__gnu_lto_slim'
C:/Users/phamm/.platformio/packages/toolchain-xtensa-esp-elf/bin/../lib/gcc/xte
nsa-esp-elf/14.2.0/../../../../xtensa-esp-elf/bin/ld.exe: .pio/build/custom-st7
789-160x128/liba3f/ESP8266Audio/libopus/silk/LPC_analysis_filter.c.o: plugin 
needed to handle lto object
C:/Users/phamm/.platformio/packages/toolchain-xtensa-esp-elf/bin/../lib/gcc/xte
nsa-esp-elf/14.2.0/../../../../xtensa-esp-elf/bin/ld.exe: .pio/build/custom-st7
789-160x128/liba3f/ESP8266Audio/libopus/silk/LPC_analysis_filter.c.o: plugin 
needed to handle lto object
C:/Users/phamm/.platformio/packages/toolchain-xtensa-esp-elf/bin/../lib/gcc/xte
nsa-esp-elf/14.2.0/../../../../xtensa-esp-elf/bin/ld.exe: .pio/build/custom-st7
789-160x128/liba3f/ESP8266Audio/libopus/silk/LPC_analysis_filter.c.o and 
.pio/build/custom-st7789-160x128/FrameworkArduinoVariant/variant.cpp.o: 
warning: multiple common of `__gnu_lto_slim'
C:/Users/phamm/.platformio/packages/toolchain-xtensa-esp-elf/bin/../lib/gcc/xte
nsa-esp-elf/14.2.0/../../../../xtensa-esp-elf/bin/ld.exe: 
.pio/build/custom-st7789-160x128/liba3f/ESP8266Audio/libopus/silk/LPC_fit.c.o: 
plugin needed to handle lto object
C:/Users/phamm/.platformio/packages/toolchain-xtensa-esp-elf/bin/../lib/gcc/xte
nsa-esp-elf/14.2.0/../../../../xtensa-esp-elf/bin/ld.exe: 
.pio/build/custom-st7789-160x128/liba3f/ESP8266Audio/libopus/silk/LPC_fit.c.o: 
plugin needed to handle lto object
C:/Users/phamm/.platformio/packages/toolchain-xtensa-esp-elf/bin/../lib/gcc/xte
nsa-esp-elf/14.2.0/../../../../xtensa-esp-elf/bin/ld.exe: 
.pio/build/custom-st7789-160x128/liba3f/ESP8266Audio/libopus/silk/LPC_fit.c.o 
and .pio/build/custom-st7789-160x128/FrameworkArduinoVariant/variant.cpp.o: 
warning: multiple common of `__gnu_lto_slim'
C:/Users/phamm/.platformio/packages/toolchain-xtensa-esp-elf/bin/../lib/gcc/xte
nsa-esp-elf/14.2.0/../../../../xtensa-esp-elf/bin/ld.exe: .pio/build/custom-st7
789-160x128/liba3f/ESP8266Audio/libopus/silk/LPC_inv_pred_gain.c.o: plugin 
needed to handle lto object
C:/Users/phamm/.platformio/packages/toolchain-xtensa-esp-elf/bin/../lib/gcc/xte
nsa-esp-elf/14.2.0/../../../../xtensa-esp-elf/bin/ld.exe: .pio/build/custom-st7
789-160x128/liba3f/ESP8266Audio/libopus/silk/LPC_inv_pred_gain.c.o: plugin 
needed to handle lto object
C:/Users/phamm/.platformio/packages/toolchain-xtensa-esp-elf/bin/../lib/gcc/xte
nsa-esp-elf/14.2.0/../../../../xtensa-esp-elf/bin/ld.exe: .pio/build/custom-st7
789-160x128/liba3f/ESP8266Audio/libopus/silk/LPC_inv_pred_gain.c.o and 
.pio/build/custom-st7789-160x128/FrameworkArduinoVariant/variant.cpp.o: 
warning: multiple common of `__gnu_lto_slim'
C:/Users/phamm/.platformio/packages/toolchain-xtensa-esp-elf/bin/../lib/gcc/xte
nsa-esp-elf/14.2.0/../../../../xtensa-esp-elf/bin/ld.exe: .pio/build/custom-st7
789-160x128/liba3f/ESP8266Audio/libopus/silk/LP_variable_cutoff.c.o: plugin 
needed to handle lto object
C:/Users/phamm/.platformio/packages/toolchain-xtensa-esp-elf/bin/../lib/gcc/xte
nsa-esp-elf/14.2.0/../../../../xtensa-esp-elf/bin/ld.exe: .pio/build/custom-st7
789-160x128/liba3f/ESP8266Audio/libopus/silk/LP_variable_cutoff.c.o: plugin 
needed to handle lto object
C:/Users/phamm/.platformio/packages/toolchain-xtensa-esp-elf/bin/../lib/gcc/xte
nsa-esp-elf/14.2.0/../../../../xtensa-esp-elf/bin/ld.exe: .pio/build/custom-st7
789-160x128/liba3f/ESP8266Audio/libopus/silk/LP_variable_cutoff.c.o and 
.pio/build/custom-st7789-160x128/FrameworkArduinoVariant/variant.cpp.o: 
warning: multiple common of `__gnu_lto_slim'
C:/Users/phamm/.platformio/packages/toolchain-xtensa-esp-elf/bin/../lib/gcc/xte
nsa-esp-elf/14.2.0/../../../../xtensa-esp-elf/bin/ld.exe: 
.pio/build/custom-st7789-160x128/liba3f/ESP8266Audio/libopus/silk/NLSF2A.c.o: 
plugin needed to handle lto object
C:/Users/phamm/.platformio/packages/toolchain-xtensa-esp-elf/bin/../lib/gcc/xte
nsa-esp-elf/14.2.0/../../../../xtensa-esp-elf/bin/ld.exe: 
.pio/build/custom-st7789-160x128/liba3f/ESP8266Audio/libopus/silk/NLSF2A.c.o: 
plugin needed to handle lto object
C:/Users/phamm/.platformio/packages/toolchain-xtensa-esp-elf/bin/../lib/gcc/xte
nsa-esp-elf/14.2.0/../../../../xtensa-esp-elf/bin/ld.exe: 
.pio/build/custom-st7789-160x128/liba3f/ESP8266Audio/libopus/silk/NLSF2A.c.o 
and .pio/build/custom-st7789-160x128/FrameworkArduinoVariant/variant.cpp.o: 
warning: multiple common of `__gnu_lto_slim'
C:/Users/phamm/.platformio/packages/toolchain-xtensa-esp-elf/bin/../lib/gcc/xte
nsa-esp-elf/14.2.0/../../../../xtensa-esp-elf/bin/ld.exe: 
.pio/build/custom-st7789-160x128/liba3f/ESP8266Audio/libopus/silk/NLSF_VQ.c.o: 
plugin needed to handle lto object
C:/Users/phamm/.platformio/packages/toolchain-xtensa-esp-elf/bin/../lib/gcc/xte
nsa-esp-elf/14.2.0/../../../../xtensa-esp-elf/bin/ld.exe: 
.pio/build/custom-st7789-160x128/liba3f/ESP8266Audio/libopus/silk/NLSF_VQ.c.o: 
plugin needed to handle lto object
C:/Users/phamm/.platformio/packages/toolchain-xtensa-esp-elf/bin/../lib/gcc/xte
nsa-esp-elf/14.2.0/../../../../xtensa-esp-elf/bin/ld.exe: 
.pio/build/custom-st7789-160x128/liba3f/ESP8266Audio/libopus/silk/NLSF_VQ.c.o 
and .pio/build/custom-st7789-160x128/FrameworkArduinoVariant/variant.cpp.o: 
warning: multiple common of `__gnu_lto_slim'
C:/Users/phamm/.platformio/packages/toolchain-xtensa-esp-elf/bin/../lib/gcc/xte
nsa-esp-elf/14.2.0/../../../../xtensa-esp-elf/bin/ld.exe: .pio/build/custom-st7
789-160x128/liba3f/ESP8266Audio/libopus/silk/NLSF_VQ_weights_laroia.c.o: 
plugin needed to handle lto object
C:/Users/phamm/.platformio/packages/toolchain-xtensa-esp-elf/bin/../lib/gcc/xte
nsa-esp-elf/14.2.0/../../../../xtensa-esp-elf/bin/ld.exe: .pio/build/custom-st7
789-160x128/liba3f/ESP8266Audio/libopus/silk/NLSF_VQ_weights_laroia.c.o: 
plugin needed to handle lto object
C:/Users/phamm/.platformio/packages/toolchain-xtensa-esp-elf/bin/../lib/gcc/xte
nsa-esp-elf/14.2.0/../../../../xtensa-esp-elf/bin/ld.exe: .pio/build/custom-st7
789-160x128/liba3f/ESP8266Audio/libopus/silk/NLSF_VQ_weights_laroia.c.o and 
.pio/build/custom-st7789-160x128/FrameworkArduinoVariant/variant.cpp.o: 
warning: multiple common of `__gnu_lto_slim'
C:/Users/phamm/.platformio/packages/toolchain-xtensa-esp-elf/bin/../lib/gcc/xte
nsa-esp-elf/14.2.0/../../../../xtensa-esp-elf/bin/ld.exe: .pio/build/custom-st7
789-160x128/liba3f/ESP8266Audio/libopus/silk/NLSF_decode.c.o: plugin needed to 
handle lto object
C:/Users/phamm/.platformio/packages/toolchain-xtensa-esp-elf/bin/../lib/gcc/xte
nsa-esp-elf/14.2.0/../../../../xtensa-esp-elf/bin/ld.exe: .pio/build/custom-st7
789-160x128/liba3f/ESP8266Audio/libopus/silk/NLSF_decode.c.o: plugin needed to 
handle lto object
C:/Users/phamm/.platformio/packages/toolchain-xtensa-esp-elf/bin/../lib/gcc/xte
nsa-esp-elf/14.2.0/../../../../xtensa-esp-elf/bin/ld.exe: .pio/build/custom-st7
789-160x128/liba3f/ESP8266Audio/libopus/silk/NLSF_decode.c.o and 
.pio/build/custom-st7789-160x128/FrameworkArduinoVariant/variant.cpp.o: 
warning: multiple common of `__gnu_lto_slim'
C:/Users/phamm/.platformio/packages/toolchain-xtensa-esp-elf/bin/../lib/gcc/xte
nsa-esp-elf/14.2.0/../../../../xtensa-esp-elf/bin/ld.exe: .pio/build/custom-st7
789-160x128/liba3f/ESP8266Audio/libopus/silk/NLSF_del_dec_quant.c.o: plugin 
needed to handle lto object
C:/Users/phamm/.platformio/packages/toolchain-xtensa-esp-elf/bin/../lib/gcc/xte
nsa-esp-elf/14.2.0/../../../../xtensa-esp-elf/bin/ld.exe: .pio/build/custom-st7
789-160x128/liba3f/ESP8266Audio/libopus/silk/NLSF_del_dec_quant.c.o: plugin 
needed to handle lto object
C:/Users/phamm/.platformio/packages/toolchain-xtensa-esp-elf/bin/../lib/gcc/xte
nsa-esp-elf/14.2.0/../../../../xtensa-esp-elf/bin/ld.exe: .pio/build/custom-st7
789-160x128/liba3f/ESP8266Audio/libopus/silk/NLSF_del_dec_quant.c.o and 
.pio/build/custom-st7789-160x128/FrameworkArduinoVariant/variant.cpp.o: 
warning: multiple common of `__gnu_lto_slim'
C:/Users/phamm/.platformio/packages/toolchain-xtensa-esp-elf/bin/../lib/gcc/xte
nsa-esp-elf/14.2.0/../../../../xtensa-esp-elf/bin/ld.exe: .pio/build/custom-st7
789-160x128/liba3f/ESP8266Audio/libopus/silk/NLSF_encode.c.o: plugin needed to 
handle lto object
C:/Users/phamm/.platformio/packages/toolchain-xtensa-esp-elf/bin/../lib/gcc/xte
nsa-esp-elf/14.2.0/../../../../xtensa-esp-elf/bin/ld.exe: .pio/build/custom-st7
789-160x128/liba3f/ESP8266Audio/libopus/silk/NLSF_encode.c.o: plugin needed to 
handle lto object
C:/Users/phamm/.platformio/packages/toolchain-xtensa-esp-elf/bin/../lib/gcc/xte
nsa-esp-elf/14.2.0/../../../../xtensa-esp-elf/bin/ld.exe: .pio/build/custom-st7
789-160x128/liba3f/ESP8266Audio/libopus/silk/NLSF_encode.c.o and 
.pio/build/custom-st7789-160x128/FrameworkArduinoVariant/variant.cpp.o: 
warning: multiple common of `__gnu_lto_slim'
C:/Users/phamm/.platformio/packages/toolchain-xtensa-esp-elf/bin/../lib/gcc/xte
nsa-esp-elf/14.2.0/../../../../xtensa-esp-elf/bin/ld.exe: .pio/build/custom-st7
789-160x128/liba3f/ESP8266Audio/libopus/silk/NLSF_stabilize.c.o: plugin needed 
to handle lto object
C:/Users/phamm/.platformio/packages/toolchain-xtensa-esp-elf/bin/../lib/gcc/xte
nsa-esp-elf/14.2.0/../../../../xtensa-esp-elf/bin/ld.exe: .pio/build/custom-st7
789-160x128/liba3f/ESP8266Audio/libopus/silk/NLSF_stabilize.c.o: plugin needed 
to handle lto object
C:/Users/phamm/.platformio/packages/toolchain-xtensa-esp-elf/bin/../lib/gcc/xte
nsa-esp-elf/14.2.0/../../../../xtensa-esp-elf/bin/ld.exe: .pio/build/custom-st7
789-160x128/liba3f/ESP8266Audio/libopus/silk/NLSF_stabilize.c.o and 
.pio/build/custom-st7789-160x128/FrameworkArduinoVariant/variant.cpp.o: 
warning: multiple common of `__gnu_lto_slim'
C:/Users/phamm/.platformio/packages/toolchain-xtensa-esp-elf/bin/../lib/gcc/xte
nsa-esp-elf/14.2.0/../../../../xtensa-esp-elf/bin/ld.exe: .pio/build/custom-st7
789-160x128/liba3f/ESP8266Audio/libopus/silk/NLSF_unpack.c.o: plugin needed to 
handle lto object
C:/Users/phamm/.platformio/packages/toolchain-xtensa-esp-elf/bin/../lib/gcc/xte
nsa-esp-elf/14.2.0/../../../../xtensa-esp-elf/bin/ld.exe: .pio/build/custom-st7
789-160x128/liba3f/ESP8266Audio/libopus/silk/NLSF_unpack.c.o: plugin needed to 
handle lto object
C:/Users/phamm/.platformio/packages/toolchain-xtensa-esp-elf/bin/../lib/gcc/xte
nsa-esp-elf/14.2.0/../../../../xtensa-esp-elf/bin/ld.exe: .pio/build/custom-st7
789-160x128/liba3f/ESP8266Audio/libopus/silk/NLSF_unpack.c.o and 
.pio/build/custom-st7789-160x128/FrameworkArduinoVariant/variant.cpp.o: 
warning: multiple common of `__gnu_lto_slim'
C:/Users/phamm/.platformio/packages/toolchain-xtensa-esp-elf/bin/../lib/gcc/xte
nsa-esp-elf/14.2.0/../../../../xtensa-esp-elf/bin/ld.exe: 
.pio/build/custom-st7789-160x128/liba3f/ESP8266Audio/libopus/silk/PLC.c.o: 
plugin needed to handle lto object
C:/Users/phamm/.platformio/packages/toolchain-xtensa-esp-elf/bin/../lib/gcc/xte
nsa-esp-elf/14.2.0/../../../../xtensa-esp-elf/bin/ld.exe: 
.pio/build/custom-st7789-160x128/liba3f/ESP8266Audio/libopus/silk/PLC.c.o: 
plugin needed to handle lto object
C:/Users/phamm/.platformio/packages/toolchain-xtensa-esp-elf/bin/../lib/gcc/xte
nsa-esp-elf/14.2.0/../../../../xtensa-esp-elf/bin/ld.exe: 
.pio/build/custom-st7789-160x128/liba3f/ESP8266Audio/libopus/silk/PLC.c.o and 
.pio/build/custom-st7789-160x128/FrameworkArduinoVariant/variant.cpp.o: 
warning: multiple common of `__gnu_lto_slim'
C:/Users/phamm/.platformio/packages/toolchain-xtensa-esp-elf/bin/../lib/gcc/xte
nsa-esp-elf/14.2.0/../../../../xtensa-esp-elf/bin/ld.exe: .pio/build/custom-st7
789-160x128/liba3f/ESP8266Audio/libopus/silk/VQ_WMat_EC.c.o: plugin needed to 
handle lto object
C:/Users/phamm/.platformio/packages/toolchain-xtensa-esp-elf/bin/../lib/gcc/xte
nsa-esp-elf/14.2.0/../../../../xtensa-esp-elf/bin/ld.exe: .pio/build/custom-st7
789-160x128/liba3f/ESP8266Audio/libopus/silk/VQ_WMat_EC.c.o: plugin needed to 
handle lto object
C:/Users/phamm/.platformio/packages/toolchain-xtensa-esp-elf/bin/../lib/gcc/xte
nsa-esp-elf/14.2.0/../../../../xtensa-esp-elf/bin/ld.exe: .pio/build/custom-st7
789-160x128/liba3f/ESP8266Audio/libopus/silk/VQ_WMat_EC.c.o and 
.pio/build/custom-st7789-160x128/FrameworkArduinoVariant/variant.cpp.o: 
warning: multiple common of `__gnu_lto_slim'
C:/Users/phamm/.platformio/packages/toolchain-xtensa-esp-elf/bin/../lib/gcc/xte
nsa-esp-elf/14.2.0/../../../../xtensa-esp-elf/bin/ld.exe: .pio/build/custom-st7
789-160x128/liba3f/ESP8266Audio/libopus/silk/ana_filt_bank_1.c.o: plugin 
needed to handle lto object
C:/Users/phamm/.platformio/packages/toolchain-xtensa-esp-elf/bin/../lib/gcc/xte
nsa-esp-elf/14.2.0/../../../../xtensa-esp-elf/bin/ld.exe: .pio/build/custom-st7
789-160x128/liba3f/ESP8266Audio/libopus/silk/ana_filt_bank_1.c.o: plugin 
needed to handle lto object
C:/Users/phamm/.platformio/packages/toolchain-xtensa-esp-elf/bin/../lib/gcc/xte
nsa-esp-elf/14.2.0/../../../../xtensa-esp-elf/bin/ld.exe: .pio/build/custom-st7
789-160x128/liba3f/ESP8266Audio/libopus/silk/ana_filt_bank_1.c.o and 
.pio/build/custom-st7789-160x128/FrameworkArduinoVariant/variant.cpp.o: 
warning: multiple common of `__gnu_lto_slim'
C:/Users/phamm/.platformio/packages/toolchain-xtensa-esp-elf/bin/../lib/gcc/xte
nsa-esp-elf/14.2.0/../../../../xtensa-esp-elf/bin/ld.exe: .pio/build/custom-st7
789-160x128/liba3f/ESP8266Audio/libopus/silk/biquad_alt.c.o: plugin needed to 
handle lto object
C:/Users/phamm/.platformio/packages/toolchain-xtensa-esp-elf/bin/../lib/gcc/xte
nsa-esp-elf/14.2.0/../../../../xtensa-esp-elf/bin/ld.exe: .pio/build/custom-st7
789-160x128/liba3f/ESP8266Audio/libopus/silk/biquad_alt.c.o: plugin needed to 
handle lto object
C:/Users/phamm/.platformio/packages/toolchain-xtensa-esp-elf/bin/../lib/gcc/xte
nsa-esp-elf/14.2.0/../../../../xtensa-esp-elf/bin/ld.exe: .pio/build/custom-st7
789-160x128/liba3f/ESP8266Audio/libopus/silk/biquad_alt.c.o and 
.pio/build/custom-st7789-160x128/FrameworkArduinoVariant/variant.cpp.o: 
warning: multiple common of `__gnu_lto_slim'
C:/Users/phamm/.platformio/packages/toolchain-xtensa-esp-elf/bin/../lib/gcc/xte
nsa-esp-elf/14.2.0/../../../../xtensa-esp-elf/bin/ld.exe: .pio/build/custom-st7
789-160x128/liba3f/ESP8266Audio/libopus/silk/bwexpander.c.o: plugin needed to 
handle lto object
C:/Users/phamm/.platformio/packages/toolchain-xtensa-esp-elf/bin/../lib/gcc/xte
nsa-esp-elf/14.2.0/../../../../xtensa-esp-elf/bin/ld.exe: .pio/build/custom-st7
789-160x128/liba3f/ESP8266Audio/libopus/silk/bwexpander.c.o: plugin needed to 
handle lto object
C:/Users/phamm/.platformio/packages/toolchain-xtensa-esp-elf/bin/../lib/gcc/xte
nsa-esp-elf/14.2.0/../../../../xtensa-esp-elf/bin/ld.exe: .pio/build/custom-st7
789-160x128/liba3f/ESP8266Audio/libopus/silk/bwexpander.c.o and 
.pio/build/custom-st7789-160x128/FrameworkArduinoVariant/variant.cpp.o: 
warning: multiple common of `__gnu_lto_slim'
C:/Users/phamm/.platformio/packages/toolchain-xtensa-esp-elf/bin/../lib/gcc/xte
nsa-esp-elf/14.2.0/../../../../xtensa-esp-elf/bin/ld.exe: .pio/build/custom-st7
789-160x128/liba3f/ESP8266Audio/libopus/silk/bwexpander_32.c.o: plugin needed 
to handle lto object
C:/Users/phamm/.platformio/packages/toolchain-xtensa-esp-elf/bin/../lib/gcc/xte
nsa-esp-elf/14.2.0/../../../../xtensa-esp-elf/bin/ld.exe: .pio/build/custom-st7
789-160x128/liba3f/ESP8266Audio/libopus/silk/bwexpander_32.c.o: plugin needed 
to handle lto object
C:/Users/phamm/.platformio/packages/toolchain-xtensa-esp-elf/bin/../lib/gcc/xte
nsa-esp-elf/14.2.0/../../../../xtensa-esp-elf/bin/ld.exe: .pio/build/custom-st7
789-160x128/liba3f/ESP8266Audio/libopus/silk/bwexpander_32.c.o and 
.pio/build/custom-st7789-160x128/FrameworkArduinoVariant/variant.cpp.o: 
warning: multiple common of `__gnu_lto_slim'
C:/Users/phamm/.platformio/packages/toolchain-xtensa-esp-elf/bin/../lib/gcc/xte
nsa-esp-elf/14.2.0/../../../../xtensa-esp-elf/bin/ld.exe: .pio/build/custom-st7
789-160x128/liba3f/ESP8266Audio/libopus/silk/check_control_input.c.o: plugin 
needed to handle lto object
C:/Users/phamm/.platformio/packages/toolchain-xtensa-esp-elf/bin/../lib/gcc/xte
nsa-esp-elf/14.2.0/../../../../xtensa-esp-elf/bin/ld.exe: .pio/build/custom-st7
789-160x128/liba3f/ESP8266Audio/libopus/silk/check_control_input.c.o: plugin 
needed to handle lto object
C:/Users/phamm/.platformio/packages/toolchain-xtensa-esp-elf/bin/../lib/gcc/xte
nsa-esp-elf/14.2.0/../../../../xtensa-esp-elf/bin/ld.exe: .pio/build/custom-st7
789-160x128/liba3f/ESP8266Audio/libopus/silk/check_control_input.c.o and 
.pio/build/custom-st7789-160x128/FrameworkArduinoVariant/variant.cpp.o: 
warning: multiple common of `__gnu_lto_slim'
C:/Users/phamm/.platformio/packages/toolchain-xtensa-esp-elf/bin/../lib/gcc/xte
nsa-esp-elf/14.2.0/../../../../xtensa-esp-elf/bin/ld.exe: .pio/build/custom-st7
789-160x128/liba3f/ESP8266Audio/libopus/silk/code_signs.c.o: plugin needed to 
handle lto object
C:/Users/phamm/.platformio/packages/toolchain-xtensa-esp-elf/bin/../lib/gcc/xte
nsa-esp-elf/14.2.0/../../../../xtensa-esp-elf/bin/ld.exe: .pio/build/custom-st7
789-160x128/liba3f/ESP8266Audio/libopus/silk/code_signs.c.o: plugin needed to 
handle lto object
C:/Users/phamm/.platformio/packages/toolchain-xtensa-esp-elf/bin/../lib/gcc/xte
nsa-esp-elf/14.2.0/../../../../xtensa-esp-elf/bin/ld.exe: .pio/build/custom-st7
789-160x128/liba3f/ESP8266Audio/libopus/silk/code_signs.c.o and 
.pio/build/custom-st7789-160x128/FrameworkArduinoVariant/variant.cpp.o: 
warning: multiple common of `__gnu_lto_slim'
C:/Users/phamm/.platformio/packages/toolchain-xtensa-esp-elf/bin/../lib/gcc/xte
nsa-esp-elf/14.2.0/../../../../xtensa-esp-elf/bin/ld.exe: .pio/build/custom-st7
789-160x128/liba3f/ESP8266Audio/libopus/silk/control_SNR.c.o: plugin needed to 
handle lto object
C:/Users/phamm/.platformio/packages/toolchain-xtensa-esp-elf/bin/../lib/gcc/xte
nsa-esp-elf/14.2.0/../../../../xtensa-esp-elf/bin/ld.exe: .pio/build/custom-st7
789-160x128/liba3f/ESP8266Audio/libopus/silk/control_SNR.c.o: plugin needed to 
handle lto object
C:/Users/phamm/.platformio/packages/toolchain-xtensa-esp-elf/bin/../lib/gcc/xte
nsa-esp-elf/14.2.0/../../../../xtensa-esp-elf/bin/ld.exe: .pio/build/custom-st7
789-160x128/liba3f/ESP8266Audio/libopus/silk/control_SNR.c.o and 
.pio/build/custom-st7789-160x128/FrameworkArduinoVariant/variant.cpp.o: 
warning: multiple common of `__gnu_lto_slim'
C:/Users/phamm/.platformio/packages/toolchain-xtensa-esp-elf/bin/../lib/gcc/xte
nsa-esp-elf/14.2.0/../../../../xtensa-esp-elf/bin/ld.exe: .pio/build/custom-st7
789-160x128/liba3f/ESP8266Audio/libopus/silk/control_audio_bandwidth.c.o: 
plugin needed to handle lto object
C:/Users/phamm/.platformio/packages/toolchain-xtensa-esp-elf/bin/../lib/gcc/xte
nsa-esp-elf/14.2.0/../../../../xtensa-esp-elf/bin/ld.exe: .pio/build/custom-st7
789-160x128/liba3f/ESP8266Audio/libopus/silk/control_audio_bandwidth.c.o: 
plugin needed to handle lto object
C:/Users/phamm/.platformio/packages/toolchain-xtensa-esp-elf/bin/../lib/gcc/xte
nsa-esp-elf/14.2.0/../../../../xtensa-esp-elf/bin/ld.exe: .pio/build/custom-st7
789-160x128/liba3f/ESP8266Audio/libopus/silk/control_audio_bandwidth.c.o and 
.pio/build/custom-st7789-160x128/FrameworkArduinoVariant/variant.cpp.o: 
warning: multiple common of `__gnu_lto_slim'
C:/Users/phamm/.platformio/packages/toolchain-xtensa-esp-elf/bin/../lib/gcc/xte
nsa-esp-elf/14.2.0/../../../../xtensa-esp-elf/bin/ld.exe: .pio/build/custom-st7
789-160x128/liba3f/ESP8266Audio/libopus/silk/control_codec.c.o: plugin needed 
to handle lto object
C:/Users/phamm/.platformio/packages/toolchain-xtensa-esp-elf/bin/../lib/gcc/xte
nsa-esp-elf/14.2.0/../../../../xtensa-esp-elf/bin/ld.exe: .pio/build/custom-st7
789-160x128/liba3f/ESP8266Audio/libopus/silk/control_codec.c.o: plugin needed 
to handle lto object
C:/Users/phamm/.platformio/packages/toolchain-xtensa-esp-elf/bin/../lib/gcc/xte
nsa-esp-elf/14.2.0/../../../../xtensa-esp-elf/bin/ld.exe: .pio/build/custom-st7
789-160x128/liba3f/ESP8266Audio/libopus/silk/control_codec.c.o and 
.pio/build/custom-st7789-160x128/FrameworkArduinoVariant/variant.cpp.o: 
warning: multiple common of `__gnu_lto_slim'
C:/Users/phamm/.platformio/packages/toolchain-xtensa-esp-elf/bin/../lib/gcc/xte
nsa-esp-elf/14.2.0/../../../../xtensa-esp-elf/bin/ld.exe: 
.pio/build/custom-st7789-160x128/liba3f/ESP8266Audio/libopus/silk/debug.c.o: 
plugin needed to handle lto object
C:/Users/phamm/.platformio/packages/toolchain-xtensa-esp-elf/bin/../lib/gcc/xte
nsa-esp-elf/14.2.0/../../../../xtensa-esp-elf/bin/ld.exe: 
.pio/build/custom-st7789-160x128/liba3f/ESP8266Audio/libopus/silk/debug.c.o: 
plugin needed to handle lto object
C:/Users/phamm/.platformio/packages/toolchain-xtensa-esp-elf/bin/../lib/gcc/xte
nsa-esp-elf/14.2.0/../../../../xtensa-esp-elf/bin/ld.exe: 
.pio/build/custom-st7789-160x128/liba3f/ESP8266Audio/libopus/silk/debug.c.o 
and .pio/build/custom-st7789-160x128/FrameworkArduinoVariant/variant.cpp.o: 
warning: multiple common of `__gnu_lto_slim'
C:/Users/phamm/.platformio/packages/toolchain-xtensa-esp-elf/bin/../lib/gcc/xte
nsa-esp-elf/14.2.0/../../../../xtensa-esp-elf/bin/ld.exe: 
.pio/build/custom-st7789-160x128/liba3f/ESP8266Audio/libopus/silk/dec_API.c.o: 
plugin needed to handle lto object
C:/Users/phamm/.platformio/packages/toolchain-xtensa-esp-elf/bin/../lib/gcc/xte
nsa-esp-elf/14.2.0/../../../../xtensa-esp-elf/bin/ld.exe: 
.pio/build/custom-st7789-160x128/liba3f/ESP8266Audio/libopus/silk/dec_API.c.o: 
plugin needed to handle lto object
C:/Users/phamm/.platformio/packages/toolchain-xtensa-esp-elf/bin/../lib/gcc/xte
nsa-esp-elf/14.2.0/../../../../xtensa-esp-elf/bin/ld.exe: 
.pio/build/custom-st7789-160x128/liba3f/ESP8266Audio/libopus/silk/dec_API.c.o 
and .pio/build/custom-st7789-160x128/FrameworkArduinoVariant/variant.cpp.o: 
warning: multiple common of `__gnu_lto_slim'
C:/Users/phamm/.platformio/packages/toolchain-xtensa-esp-elf/bin/../lib/gcc/xte
nsa-esp-elf/14.2.0/../../../../xtensa-esp-elf/bin/ld.exe: .pio/build/custom-st7
789-160x128/liba3f/ESP8266Audio/libopus/silk/decode_core.c.o: plugin needed to 
handle lto object
C:/Users/phamm/.platformio/packages/toolchain-xtensa-esp-elf/bin/../lib/gcc/xte
nsa-esp-elf/14.2.0/../../../../xtensa-esp-elf/bin/ld.exe: .pio/build/custom-st7
789-160x128/liba3f/ESP8266Audio/libopus/silk/decode_core.c.o: plugin needed to 
handle lto object
C:/Users/phamm/.platformio/packages/toolchain-xtensa-esp-elf/bin/../lib/gcc/xte
nsa-esp-elf/14.2.0/../../../../xtensa-esp-elf/bin/ld.exe: .pio/build/custom-st7
789-160x128/liba3f/ESP8266Audio/libopus/silk/decode_core.c.o and 
.pio/build/custom-st7789-160x128/FrameworkArduinoVariant/variant.cpp.o: 
warning: multiple common of `__gnu_lto_slim'
C:/Users/phamm/.platformio/packages/toolchain-xtensa-esp-elf/bin/../lib/gcc/xte
nsa-esp-elf/14.2.0/../../../../xtensa-esp-elf/bin/ld.exe: .pio/build/custom-st7
789-160x128/liba3f/ESP8266Audio/libopus/silk/decode_frame.c.o: plugin needed 
to handle lto object
C:/Users/phamm/.platformio/packages/toolchain-xtensa-esp-elf/bin/../lib/gcc/xte
nsa-esp-elf/14.2.0/../../../../xtensa-esp-elf/bin/ld.exe: .pio/build/custom-st7
789-160x128/liba3f/ESP8266Audio/libopus/silk/decode_frame.c.o: plugin needed 
to handle lto object
C:/Users/phamm/.platformio/packages/toolchain-xtensa-esp-elf/bin/../lib/gcc/xte
nsa-esp-elf/14.2.0/../../../../xtensa-esp-elf/bin/ld.exe: .pio/build/custom-st7
789-160x128/liba3f/ESP8266Audio/libopus/silk/decode_frame.c.o and 
.pio/build/custom-st7789-160x128/FrameworkArduinoVariant/variant.cpp.o: 
warning: multiple common of `__gnu_lto_slim'
C:/Users/phamm/.platformio/packages/toolchain-xtensa-esp-elf/bin/../lib/gcc/xte
nsa-esp-elf/14.2.0/../../../../xtensa-esp-elf/bin/ld.exe: .pio/build/custom-st7
789-160x128/liba3f/ESP8266Audio/libopus/silk/decode_indices.c.o: plugin needed 
to handle lto object
C:/Users/phamm/.platformio/packages/toolchain-xtensa-esp-elf/bin/../lib/gcc/xte
nsa-esp-elf/14.2.0/../../../../xtensa-esp-elf/bin/ld.exe: .pio/build/custom-st7
789-160x128/liba3f/ESP8266Audio/libopus/silk/decode_indices.c.o: plugin needed 
to handle lto object
C:/Users/phamm/.platformio/packages/toolchain-xtensa-esp-elf/bin/../lib/gcc/xte
nsa-esp-elf/14.2.0/../../../../xtensa-esp-elf/bin/ld.exe: .pio/build/custom-st7
789-160x128/liba3f/ESP8266Audio/libopus/silk/decode_indices.c.o and 
.pio/build/custom-st7789-160x128/FrameworkArduinoVariant/variant.cpp.o: 
warning: multiple common of `__gnu_lto_slim'
C:/Users/phamm/.platformio/packages/toolchain-xtensa-esp-elf/bin/../lib/gcc/xte
nsa-esp-elf/14.2.0/../../../../xtensa-esp-elf/bin/ld.exe: .pio/build/custom-st7
789-160x128/liba3f/ESP8266Audio/libopus/silk/decode_parameters.c.o: plugin 
needed to handle lto object
C:/Users/phamm/.platformio/packages/toolchain-xtensa-esp-elf/bin/../lib/gcc/xte
nsa-esp-elf/14.2.0/../../../../xtensa-esp-elf/bin/ld.exe: .pio/build/custom-st7
789-160x128/liba3f/ESP8266Audio/libopus/silk/decode_parameters.c.o: plugin 
needed to handle lto object
C:/Users/phamm/.platformio/packages/toolchain-xtensa-esp-elf/bin/../lib/gcc/xte
nsa-esp-elf/14.2.0/../../../../xtensa-esp-elf/bin/ld.exe: .pio/build/custom-st7
789-160x128/liba3f/ESP8266Audio/libopus/silk/decode_parameters.c.o and 
.pio/build/custom-st7789-160x128/FrameworkArduinoVariant/variant.cpp.o: 
warning: multiple common of `__gnu_lto_slim'
C:/Users/phamm/.platformio/packages/toolchain-xtensa-esp-elf/bin/../lib/gcc/xte
nsa-esp-elf/14.2.0/../../../../xtensa-esp-elf/bin/ld.exe: .pio/build/custom-st7
789-160x128/liba3f/ESP8266Audio/libopus/silk/decode_pitch.c.o: plugin needed 
to handle lto object
C:/Users/phamm/.platformio/packages/toolchain-xtensa-esp-elf/bin/../lib/gcc/xte
nsa-esp-elf/14.2.0/../../../../xtensa-esp-elf/bin/ld.exe: .pio/build/custom-st7
789-160x128/liba3f/ESP8266Audio/libopus/silk/decode_pitch.c.o: plugin needed 
to handle lto object
C:/Users/phamm/.platformio/packages/toolchain-xtensa-esp-elf/bin/../lib/gcc/xte
nsa-esp-elf/14.2.0/../../../../xtensa-esp-elf/bin/ld.exe: .pio/build/custom-st7
789-160x128/liba3f/ESP8266Audio/libopus/silk/decode_pitch.c.o and 
.pio/build/custom-st7789-160x128/FrameworkArduinoVariant/variant.cpp.o: 
warning: multiple common of `__gnu_lto_slim'
C:/Users/phamm/.platformio/packages/toolchain-xtensa-esp-elf/bin/../lib/gcc/xte
nsa-esp-elf/14.2.0/../../../../xtensa-esp-elf/bin/ld.exe: .pio/build/custom-st7
789-160x128/liba3f/ESP8266Audio/libopus/silk/decode_pulses.c.o: plugin needed 
to handle lto object
C:/Users/phamm/.platformio/packages/toolchain-xtensa-esp-elf/bin/../lib/gcc/xte
nsa-esp-elf/14.2.0/../../../../xtensa-esp-elf/bin/ld.exe: .pio/build/custom-st7
789-160x128/liba3f/ESP8266Audio/libopus/silk/decode_pulses.c.o: plugin needed 
to handle lto object
C:/Users/phamm/.platformio/packages/toolchain-xtensa-esp-elf/bin/../lib/gcc/xte
nsa-esp-elf/14.2.0/../../../../xtensa-esp-elf/bin/ld.exe: .pio/build/custom-st7
789-160x128/liba3f/ESP8266Audio/libopus/silk/decode_pulses.c.o and 
.pio/build/custom-st7789-160x128/FrameworkArduinoVariant/variant.cpp.o: 
warning: multiple common of `__gnu_lto_slim'
C:/Users/phamm/.platformio/packages/toolchain-xtensa-esp-elf/bin/../lib/gcc/xte
nsa-esp-elf/14.2.0/../../../../xtensa-esp-elf/bin/ld.exe: .pio/build/custom-st7
789-160x128/liba3f/ESP8266Audio/libopus/silk/decoder_set_fs.c.o: plugin needed 
to handle lto object
C:/Users/phamm/.platformio/packages/toolchain-xtensa-esp-elf/bin/../lib/gcc/xte
nsa-esp-elf/14.2.0/../../../../xtensa-esp-elf/bin/ld.exe: .pio/build/custom-st7
789-160x128/liba3f/ESP8266Audio/libopus/silk/decoder_set_fs.c.o: plugin needed 
to handle lto object
C:/Users/phamm/.platformio/packages/toolchain-xtensa-esp-elf/bin/../lib/gcc/xte
nsa-esp-elf/14.2.0/../../../../xtensa-esp-elf/bin/ld.exe: .pio/build/custom-st7
789-160x128/liba3f/ESP8266Audio/libopus/silk/decoder_set_fs.c.o and 
.pio/build/custom-st7789-160x128/FrameworkArduinoVariant/variant.cpp.o: 
warning: multiple common of `__gnu_lto_slim'
C:/Users/phamm/.platformio/packages/toolchain-xtensa-esp-elf/bin/../lib/gcc/xte
nsa-esp-elf/14.2.0/../../../../xtensa-esp-elf/bin/ld.exe: .pio/build/custom-st7
789-160x128/liba3f/ESP8266Audio/libopus/silk/encode_indices.c.o: plugin needed 
to handle lto object
C:/Users/phamm/.platformio/packages/toolchain-xtensa-esp-elf/bin/../lib/gcc/xte
nsa-esp-elf/14.2.0/../../../../xtensa-esp-elf/bin/ld.exe: .pio/build/custom-st7
789-160x128/liba3f/ESP8266Audio/libopus/silk/encode_indices.c.o: plugin needed 
to handle lto object
C:/Users/phamm/.platformio/packages/toolchain-xtensa-esp-elf/bin/../lib/gcc/xte
nsa-esp-elf/14.2.0/../../../../xtensa-esp-elf/bin/ld.exe: .pio/build/custom-st7
789-160x128/liba3f/ESP8266Audio/libopus/silk/encode_indices.c.o and 
.pio/build/custom-st7789-160x128/FrameworkArduinoVariant/variant.cpp.o: 
warning: multiple common of `__gnu_lto_slim'
C:/Users/phamm/.platformio/packages/toolchain-xtensa-esp-elf/bin/../lib/gcc/xte
nsa-esp-elf/14.2.0/../../../../xtensa-esp-elf/bin/ld.exe: .pio/build/custom-st7
789-160x128/liba3f/ESP8266Audio/libopus/silk/encode_pulses.c.o: plugin needed 
to handle lto object
C:/Users/phamm/.platformio/packages/toolchain-xtensa-esp-elf/bin/../lib/gcc/xte
nsa-esp-elf/14.2.0/../../../../xtensa-esp-elf/bin/ld.exe: .pio/build/custom-st7
789-160x128/liba3f/ESP8266Audio/libopus/silk/encode_pulses.c.o: plugin needed 
to handle lto object
C:/Users/phamm/.platformio/packages/toolchain-xtensa-esp-elf/bin/../lib/gcc/xte
nsa-esp-elf/14.2.0/../../../../xtensa-esp-elf/bin/ld.exe: .pio/build/custom-st7
789-160x128/liba3f/ESP8266Audio/libopus/silk/encode_pulses.c.o and 
.pio/build/custom-st7789-160x128/FrameworkArduinoVariant/variant.cpp.o: 
warning: multiple common of `__gnu_lto_slim'
C:/Users/phamm/.platformio/packages/toolchain-xtensa-esp-elf/bin/../lib/gcc/xte
nsa-esp-elf/14.2.0/../../../../xtensa-esp-elf/bin/ld.exe: .pio/build/custom-st7
789-160x128/liba3f/ESP8266Audio/libopus/silk/fixed/LTP_analysis_filter_FIX.c.o:
 plugin needed to handle lto object
C:/Users/phamm/.platformio/packages/toolchain-xtensa-esp-elf/bin/../lib/gcc/xte
nsa-esp-elf/14.2.0/../../../../xtensa-esp-elf/bin/ld.exe: .pio/build/custom-st7
789-160x128/liba3f/ESP8266Audio/libopus/silk/fixed/LTP_analysis_filter_FIX.c.o:
 plugin needed to handle lto object
C:/Users/phamm/.platformio/packages/toolchain-xtensa-esp-elf/bin/../lib/gcc/xte
nsa-esp-elf/14.2.0/../../../../xtensa-esp-elf/bin/ld.exe: .pio/build/custom-st7
789-160x128/liba3f/ESP8266Audio/libopus/silk/fixed/LTP_analysis_filter_FIX.c.o 
and .pio/build/custom-st7789-160x128/FrameworkArduinoVariant/variant.cpp.o: 
warning: multiple common of `__gnu_lto_slim'
C:/Users/phamm/.platformio/packages/toolchain-xtensa-esp-elf/bin/../lib/gcc/xte
nsa-esp-elf/14.2.0/../../../../xtensa-esp-elf/bin/ld.exe: .pio/build/custom-st7
789-160x128/liba3f/ESP8266Audio/libopus/silk/fixed/LTP_scale_ctrl_FIX.c.o: 
plugin needed to handle lto object
C:/Users/phamm/.platformio/packages/toolchain-xtensa-esp-elf/bin/../lib/gcc/xte
nsa-esp-elf/14.2.0/../../../../xtensa-esp-elf/bin/ld.exe: .pio/build/custom-st7
789-160x128/liba3f/ESP8266Audio/libopus/silk/fixed/LTP_scale_ctrl_FIX.c.o: 
plugin needed to handle lto object
C:/Users/phamm/.platformio/packages/toolchain-xtensa-esp-elf/bin/../lib/gcc/xte
nsa-esp-elf/14.2.0/../../../../xtensa-esp-elf/bin/ld.exe: .pio/build/custom-st7
789-160x128/liba3f/ESP8266Audio/libopus/silk/fixed/LTP_scale_ctrl_FIX.c.o and 
.pio/build/custom-st7789-160x128/FrameworkArduinoVariant/variant.cpp.o: 
warning: multiple common of `__gnu_lto_slim'
C:/Users/phamm/.platformio/packages/toolchain-xtensa-esp-elf/bin/../lib/gcc/xte
nsa-esp-elf/14.2.0/../../../../xtensa-esp-elf/bin/ld.exe: .pio/build/custom-st7
789-160x128/liba3f/ESP8266Audio/libopus/silk/fixed/apply_sine_window_FIX.c.o: 
plugin needed to handle lto object
C:/Users/phamm/.platformio/packages/toolchain-xtensa-esp-elf/bin/../lib/gcc/xte
nsa-esp-elf/14.2.0/../../../../xtensa-esp-elf/bin/ld.exe: .pio/build/custom-st7
789-160x128/liba3f/ESP8266Audio/libopus/silk/fixed/apply_sine_window_FIX.c.o: 
plugin needed to handle lto object
C:/Users/phamm/.platformio/packages/toolchain-xtensa-esp-elf/bin/../lib/gcc/xte
nsa-esp-elf/14.2.0/../../../../xtensa-esp-elf/bin/ld.exe: .pio/build/custom-st7
789-160x128/liba3f/ESP8266Audio/libopus/silk/fixed/apply_sine_window_FIX.c.o 
and .pio/build/custom-st7789-160x128/FrameworkArduinoVariant/variant.cpp.o: 
warning: multiple common of `__gnu_lto_slim'
C:/Users/phamm/.platformio/packages/toolchain-xtensa-esp-elf/bin/../lib/gcc/xte
nsa-esp-elf/14.2.0/../../../../xtensa-esp-elf/bin/ld.exe: .pio/build/custom-st7
789-160x128/liba3f/ESP8266Audio/libopus/silk/fixed/autocorr_FIX.c.o: plugin 
needed to handle lto object
C:/Users/phamm/.platformio/packages/toolchain-xtensa-esp-elf/bin/../lib/gcc/xte
nsa-esp-elf/14.2.0/../../../../xtensa-esp-elf/bin/ld.exe: .pio/build/custom-st7
789-160x128/liba3f/ESP8266Audio/libopus/silk/fixed/autocorr_FIX.c.o: plugin 
needed to handle lto object
C:/Users/phamm/.platformio/packages/toolchain-xtensa-esp-elf/bin/../lib/gcc/xte
nsa-esp-elf/14.2.0/../../../../xtensa-esp-elf/bin/ld.exe: .pio/build/custom-st7
789-160x128/liba3f/ESP8266Audio/libopus/silk/fixed/autocorr_FIX.c.o and 
.pio/build/custom-st7789-160x128/FrameworkArduinoVariant/variant.cpp.o: 
warning: multiple common of `__gnu_lto_slim'
C:/Users/phamm/.platformio/packages/toolchain-xtensa-esp-elf/bin/../lib/gcc/xte
nsa-esp-elf/14.2.0/../../../../xtensa-esp-elf/bin/ld.exe: .pio/build/custom-st7
789-160x128/liba3f/ESP8266Audio/libopus/silk/fixed/burg_modified_FIX.c.o: 
plugin needed to handle lto object
C:/Users/phamm/.platformio/packages/toolchain-xtensa-esp-elf/bin/../lib/gcc/xte
nsa-esp-elf/14.2.0/../../../../xtensa-esp-elf/bin/ld.exe: .pio/build/custom-st7
789-160x128/liba3f/ESP8266Audio/libopus/silk/fixed/burg_modified_FIX.c.o: 
plugin needed to handle lto object
C:/Users/phamm/.platformio/packages/toolchain-xtensa-esp-elf/bin/../lib/gcc/xte
nsa-esp-elf/14.2.0/../../../../xtensa-esp-elf/bin/ld.exe: .pio/build/custom-st7
789-160x128/liba3f/ESP8266Audio/libopus/silk/fixed/burg_modified_FIX.c.o and 
.pio/build/custom-st7789-160x128/FrameworkArduinoVariant/variant.cpp.o: 
warning: multiple common of `__gnu_lto_slim'
C:/Users/phamm/.platformio/packages/toolchain-xtensa-esp-elf/bin/../lib/gcc/xte
nsa-esp-elf/14.2.0/../../../../xtensa-esp-elf/bin/ld.exe: .pio/build/custom-st7
789-160x128/liba3f/ESP8266Audio/libopus/silk/fixed/corrMatrix_FIX.c.o: plugin 
needed to handle lto object
C:/Users/phamm/.platformio/packages/toolchain-xtensa-esp-elf/bin/../lib/gcc/xte
nsa-esp-elf/14.2.0/../../../../xtensa-esp-elf/bin/ld.exe: .pio/build/custom-st7
789-160x128/liba3f/ESP8266Audio/libopus/silk/fixed/corrMatrix_FIX.c.o: plugin 
needed to handle lto object
C:/Users/phamm/.platformio/packages/toolchain-xtensa-esp-elf/bin/../lib/gcc/xte
nsa-esp-elf/14.2.0/../../../../xtensa-esp-elf/bin/ld.exe: .pio/build/custom-st7
789-160x128/liba3f/ESP8266Audio/libopus/silk/fixed/corrMatrix_FIX.c.o and 
.pio/build/custom-st7789-160x128/FrameworkArduinoVariant/variant.cpp.o: 
warning: multiple common of `__gnu_lto_slim'
C:/Users/phamm/.platformio/packages/toolchain-xtensa-esp-elf/bin/../lib/gcc/xte
nsa-esp-elf/14.2.0/../../../../xtensa-esp-elf/bin/ld.exe: .pio/build/custom-st7
789-160x128/liba3f/ESP8266Audio/libopus/silk/fixed/find_LPC_FIX.c.o: plugin 
needed to handle lto object
C:/Users/phamm/.platformio/packages/toolchain-xtensa-esp-elf/bin/../lib/gcc/xte
nsa-esp-elf/14.2.0/../../../../xtensa-esp-elf/bin/ld.exe: .pio/build/custom-st7
789-160x128/liba3f/ESP8266Audio/libopus/silk/fixed/find_LPC_FIX.c.o: plugin 
needed to handle lto object
C:/Users/phamm/.platformio/packages/toolchain-xtensa-esp-elf/bin/../lib/gcc/xte
nsa-esp-elf/14.2.0/../../../../xtensa-esp-elf/bin/ld.exe: .pio/build/custom-st7
789-160x128/liba3f/ESP8266Audio/libopus/silk/fixed/find_LPC_FIX.c.o and 
.pio/build/custom-st7789-160x128/FrameworkArduinoVariant/variant.cpp.o: 
warning: multiple common of `__gnu_lto_slim'
C:/Users/phamm/.platformio/packages/toolchain-xtensa-esp-elf/bin/../lib/gcc/xte
nsa-esp-elf/14.2.0/../../../../xtensa-esp-elf/bin/ld.exe: .pio/build/custom-st7
789-160x128/liba3f/ESP8266Audio/libopus/silk/fixed/find_LTP_FIX.c.o: plugin 
needed to handle lto object
C:/Users/phamm/.platformio/packages/toolchain-xtensa-esp-elf/bin/../lib/gcc/xte
nsa-esp-elf/14.2.0/../../../../xtensa-esp-elf/bin/ld.exe: .pio/build/custom-st7
789-160x128/liba3f/ESP8266Audio/libopus/silk/fixed/find_LTP_FIX.c.o: plugin 
needed to handle lto object
C:/Users/phamm/.platformio/packages/toolchain-xtensa-esp-elf/bin/../lib/gcc/xte
nsa-esp-elf/14.2.0/../../../../xtensa-esp-elf/bin/ld.exe: .pio/build/custom-st7
789-160x128/liba3f/ESP8266Audio/libopus/silk/fixed/find_LTP_FIX.c.o and 
.pio/build/custom-st7789-160x128/FrameworkArduinoVariant/variant.cpp.o: 
warning: multiple common of `__gnu_lto_slim'
C:/Users/phamm/.platformio/packages/toolchain-xtensa-esp-elf/bin/../lib/gcc/xte
nsa-esp-elf/14.2.0/../../../../xtensa-esp-elf/bin/ld.exe: .pio/build/custom-st7
789-160x128/liba3f/ESP8266Audio/libopus/silk/fixed/find_pred_coefs_FIX.c.o: 
plugin needed to handle lto object
C:/Users/phamm/.platformio/packages/toolchain-xtensa-esp-elf/bin/../lib/gcc/xte
nsa-esp-elf/14.2.0/../../../../xtensa-esp-elf/bin/ld.exe: .pio/build/custom-st7
789-160x128/liba3f/ESP8266Audio/libopus/silk/fixed/find_pred_coefs_FIX.c.o: 
plugin needed to handle lto object
C:/Users/phamm/.platformio/packages/toolchain-xtensa-esp-elf/bin/../lib/gcc/xte
nsa-esp-elf/14.2.0/../../../../xtensa-esp-elf/bin/ld.exe: .pio/build/custom-st7
789-160x128/liba3f/ESP8266Audio/libopus/silk/fixed/find_pred_coefs_FIX.c.o and 
.pio/build/custom-st7789-160x128/FrameworkArduinoVariant/variant.cpp.o: 
warning: multiple common of `__gnu_lto_slim'
C:/Users/phamm/.platformio/packages/toolchain-xtensa-esp-elf/bin/../lib/gcc/xte
nsa-esp-elf/14.2.0/../../../../xtensa-esp-elf/bin/ld.exe: .pio/build/custom-st7
789-160x128/liba3f/ESP8266Audio/libopus/silk/fixed/k2a_FIX.c.o: plugin needed 
to handle lto object
C:/Users/phamm/.platformio/packages/toolchain-xtensa-esp-elf/bin/../lib/gcc/xte
nsa-esp-elf/14.2.0/../../../../xtensa-esp-elf/bin/ld.exe: .pio/build/custom-st7
789-160x128/liba3f/ESP8266Audio/libopus/silk/fixed/k2a_FIX.c.o: plugin needed 
to handle lto object
C:/Users/phamm/.platformio/packages/toolchain-xtensa-esp-elf/bin/../lib/gcc/xte
nsa-esp-elf/14.2.0/../../../../xtensa-esp-elf/bin/ld.exe: .pio/build/custom-st7
789-160x128/liba3f/ESP8266Audio/libopus/silk/fixed/k2a_FIX.c.o and 
.pio/build/custom-st7789-160x128/FrameworkArduinoVariant/variant.cpp.o: 
warning: multiple common of `__gnu_lto_slim'
C:/Users/phamm/.platformio/packages/toolchain-xtensa-esp-elf/bin/../lib/gcc/xte
nsa-esp-elf/14.2.0/../../../../xtensa-esp-elf/bin/ld.exe: .pio/build/custom-st7
789-160x128/liba3f/ESP8266Audio/libopus/silk/fixed/k2a_Q16_FIX.c.o: plugin 
needed to handle lto object
C:/Users/phamm/.platformio/packages/toolchain-xtensa-esp-elf/bin/../lib/gcc/xte
nsa-esp-elf/14.2.0/../../../../xtensa-esp-elf/bin/ld.exe: .pio/build/custom-st7
789-160x128/liba3f/ESP8266Audio/libopus/silk/fixed/k2a_Q16_FIX.c.o: plugin 
needed to handle lto object
C:/Users/phamm/.platformio/packages/toolchain-xtensa-esp-elf/bin/../lib/gcc/xte
nsa-esp-elf/14.2.0/../../../../xtensa-esp-elf/bin/ld.exe: .pio/build/custom-st7
789-160x128/liba3f/ESP8266Audio/libopus/silk/fixed/k2a_Q16_FIX.c.o and 
.pio/build/custom-st7789-160x128/FrameworkArduinoVariant/variant.cpp.o: 
warning: multiple common of `__gnu_lto_slim'
C:/Users/phamm/.platformio/packages/toolchain-xtensa-esp-elf/bin/../lib/gcc/xte
nsa-esp-elf/14.2.0/../../../../xtensa-esp-elf/bin/ld.exe: .pio/build/custom-st7
789-160x128/liba3f/ESP8266Audio/libopus/silk/fixed/process_gains_FIX.c.o: 
plugin needed to handle lto object
C:/Users/phamm/.platformio/packages/toolchain-xtensa-esp-elf/bin/../lib/gcc/xte
nsa-esp-elf/14.2.0/../../../../xtensa-esp-elf/bin/ld.exe: .pio/build/custom-st7
789-160x128/liba3f/ESP8266Audio/libopus/silk/fixed/process_gains_FIX.c.o: 
plugin needed to handle lto object
C:/Users/phamm/.platformio/packages/toolchain-xtensa-esp-elf/bin/../lib/gcc/xte
nsa-esp-elf/14.2.0/../../../../xtensa-esp-elf/bin/ld.exe: .pio/build/custom-st7
789-160x128/liba3f/ESP8266Audio/libopus/silk/fixed/process_gains_FIX.c.o and 
.pio/build/custom-st7789-160x128/FrameworkArduinoVariant/variant.cpp.o: 
warning: multiple common of `__gnu_lto_slim'
C:/Users/phamm/.platformio/packages/toolchain-xtensa-esp-elf/bin/../lib/gcc/xte
nsa-esp-elf/14.2.0/../../../../xtensa-esp-elf/bin/ld.exe: .pio/build/custom-st7
789-160x128/liba3f/ESP8266Audio/libopus/silk/fixed/regularize_correlations_FIX.
c.o: plugin needed to handle lto object
C:/Users/phamm/.platformio/packages/toolchain-xtensa-esp-elf/bin/../lib/gcc/xte
nsa-esp-elf/14.2.0/../../../../xtensa-esp-elf/bin/ld.exe: .pio/build/custom-st7
789-160x128/liba3f/ESP8266Audio/libopus/silk/fixed/regularize_correlations_FIX.
c.o: plugin needed to handle lto object
C:/Users/phamm/.platformio/packages/toolchain-xtensa-esp-elf/bin/../lib/gcc/xte
nsa-esp-elf/14.2.0/../../../../xtensa-esp-elf/bin/ld.exe: .pio/build/custom-st7
789-160x128/liba3f/ESP8266Audio/libopus/silk/fixed/regularize_correlations_FIX.
c.o and 
.pio/build/custom-st7789-160x128/FrameworkArduinoVariant/variant.cpp.o: 
warning: multiple common of `__gnu_lto_slim'
C:/Users/phamm/.platformio/packages/toolchain-xtensa-esp-elf/bin/../lib/gcc/xte
nsa-esp-elf/14.2.0/../../../../xtensa-esp-elf/bin/ld.exe: .pio/build/custom-st7
789-160x128/liba3f/ESP8266Audio/libopus/silk/fixed/residual_energy16_FIX.c.o: 
plugin needed to handle lto object
C:/Users/phamm/.platformio/packages/toolchain-xtensa-esp-elf/bin/../lib/gcc/xte
nsa-esp-elf/14.2.0/../../../../xtensa-esp-elf/bin/ld.exe: .pio/build/custom-st7
789-160x128/liba3f/ESP8266Audio/libopus/silk/fixed/residual_energy16_FIX.c.o: 
plugin needed to handle lto object
C:/Users/phamm/.platformio/packages/toolchain-xtensa-esp-elf/bin/../lib/gcc/xte
nsa-esp-elf/14.2.0/../../../../xtensa-esp-elf/bin/ld.exe: .pio/build/custom-st7
789-160x128/liba3f/ESP8266Audio/libopus/silk/fixed/residual_energy16_FIX.c.o 
and .pio/build/custom-st7789-160x128/FrameworkArduinoVariant/variant.cpp.o: 
warning: multiple common of `__gnu_lto_slim'
C:/Users/phamm/.platformio/packages/toolchain-xtensa-esp-elf/bin/../lib/gcc/xte
nsa-esp-elf/14.2.0/../../../../xtensa-esp-elf/bin/ld.exe: .pio/build/custom-st7
789-160x128/liba3f/ESP8266Audio/libopus/silk/fixed/residual_energy_FIX.c.o: 
plugin needed to handle lto object
C:/Users/phamm/.platformio/packages/toolchain-xtensa-esp-elf/bin/../lib/gcc/xte
nsa-esp-elf/14.2.0/../../../../xtensa-esp-elf/bin/ld.exe: .pio/build/custom-st7
789-160x128/liba3f/ESP8266Audio/libopus/silk/fixed/residual_energy_FIX.c.o: 
plugin needed to handle lto object
C:/Users/phamm/.platformio/packages/toolchain-xtensa-esp-elf/bin/../lib/gcc/xte
nsa-esp-elf/14.2.0/../../../../xtensa-esp-elf/bin/ld.exe: .pio/build/custom-st7
789-160x128/liba3f/ESP8266Audio/libopus/silk/fixed/residual_energy_FIX.c.o and 
.pio/build/custom-st7789-160x128/FrameworkArduinoVariant/variant.cpp.o: 
warning: multiple common of `__gnu_lto_slim'
C:/Users/phamm/.platformio/packages/toolchain-xtensa-esp-elf/bin/../lib/gcc/xte
nsa-esp-elf/14.2.0/../../../../xtensa-esp-elf/bin/ld.exe: .pio/build/custom-st7
789-160x128/liba3f/ESP8266Audio/libopus/silk/fixed/schur64_FIX.c.o: plugin 
needed to handle lto object
C:/Users/phamm/.platformio/packages/toolchain-xtensa-esp-elf/bin/../lib/gcc/xte
nsa-esp-elf/14.2.0/../../../../xtensa-esp-elf/bin/ld.exe: .pio/build/custom-st7
789-160x128/liba3f/ESP8266Audio/libopus/silk/fixed/schur64_FIX.c.o: plugin 
needed to handle lto object
C:/Users/phamm/.platformio/packages/toolchain-xtensa-esp-elf/bin/../lib/gcc/xte
nsa-esp-elf/14.2.0/../../../../xtensa-esp-elf/bin/ld.exe: .pio/build/custom-st7
789-160x128/liba3f/ESP8266Audio/libopus/silk/fixed/schur64_FIX.c.o and 
.pio/build/custom-st7789-160x128/FrameworkArduinoVariant/variant.cpp.o: 
warning: multiple common of `__gnu_lto_slim'
C:/Users/phamm/.platformio/packages/toolchain-xtensa-esp-elf/bin/../lib/gcc/xte
nsa-esp-elf/14.2.0/../../../../xtensa-esp-elf/bin/ld.exe: .pio/build/custom-st7
789-160x128/liba3f/ESP8266Audio/libopus/silk/fixed/schur_FIX.c.o: plugin 
needed to handle lto object
C:/Users/phamm/.platformio/packages/toolchain-xtensa-esp-elf/bin/../lib/gcc/xte
nsa-esp-elf/14.2.0/../../../../xtensa-esp-elf/bin/ld.exe: .pio/build/custom-st7
789-160x128/liba3f/ESP8266Audio/libopus/silk/fixed/schur_FIX.c.o: plugin 
needed to handle lto object
C:/Users/phamm/.platformio/packages/toolchain-xtensa-esp-elf/bin/../lib/gcc/xte
nsa-esp-elf/14.2.0/../../../../xtensa-esp-elf/bin/ld.exe: .pio/build/custom-st7
789-160x128/liba3f/ESP8266Audio/libopus/silk/fixed/schur_FIX.c.o and 
.pio/build/custom-st7789-160x128/FrameworkArduinoVariant/variant.cpp.o: 
warning: multiple common of `__gnu_lto_slim'
C:/Users/phamm/.platformio/packages/toolchain-xtensa-esp-elf/bin/../lib/gcc/xte
nsa-esp-elf/14.2.0/../../../../xtensa-esp-elf/bin/ld.exe: .pio/build/custom-st7
789-160x128/liba3f/ESP8266Audio/libopus/silk/fixed/vector_ops_FIX.c.o: plugin 
needed to handle lto object
C:/Users/phamm/.platformio/packages/toolchain-xtensa-esp-elf/bin/../lib/gcc/xte
nsa-esp-elf/14.2.0/../../../../xtensa-esp-elf/bin/ld.exe: .pio/build/custom-st7
789-160x128/liba3f/ESP8266Audio/libopus/silk/fixed/vector_ops_FIX.c.o: plugin 
needed to handle lto object
C:/Users/phamm/.platformio/packages/toolchain-xtensa-esp-elf/bin/../lib/gcc/xte
nsa-esp-elf/14.2.0/../../../../xtensa-esp-elf/bin/ld.exe: .pio/build/custom-st7
789-160x128/liba3f/ESP8266Audio/libopus/silk/fixed/vector_ops_FIX.c.o and 
.pio/build/custom-st7789-160x128/FrameworkArduinoVariant/variant.cpp.o: 
warning: multiple common of `__gnu_lto_slim'
C:/Users/phamm/.platformio/packages/toolchain-xtensa-esp-elf/bin/../lib/gcc/xte
nsa-esp-elf/14.2.0/../../../../xtensa-esp-elf/bin/ld.exe: .pio/build/custom-st7
789-160x128/liba3f/ESP8266Audio/libopus/silk/fixed/warped_autocorrelation_FIX.c
.o: plugin needed to handle lto object
C:/Users/phamm/.platformio/packages/toolchain-xtensa-esp-elf/bin/../lib/gcc/xte
nsa-esp-elf/14.2.0/../../../../xtensa-esp-elf/bin/ld.exe: .pio/build/custom-st7
789-160x128/liba3f/ESP8266Audio/libopus/silk/fixed/warped_autocorrelation_FIX.c
.o: plugin needed to handle lto object
C:/Users/phamm/.platformio/packages/toolchain-xtensa-esp-elf/bin/../lib/gcc/xte
nsa-esp-elf/14.2.0/../../../../xtensa-esp-elf/bin/ld.exe: .pio/build/custom-st7
789-160x128/liba3f/ESP8266Audio/libopus/silk/fixed/warped_autocorrelation_FIX.c
.o and .pio/build/custom-st7789-160x128/FrameworkArduinoVariant/variant.cpp.o: 
warning: multiple common of `__gnu_lto_slim'
C:/Users/phamm/.platformio/packages/toolchain-xtensa-esp-elf/bin/../lib/gcc/xte
nsa-esp-elf/14.2.0/../../../../xtensa-esp-elf/bin/ld.exe: .pio/build/custom-st7
789-160x128/liba3f/ESP8266Audio/libopus/silk/gain_quant.c.o: plugin needed to 
handle lto object
C:/Users/phamm/.platformio/packages/toolchain-xtensa-esp-elf/bin/../lib/gcc/xte
nsa-esp-elf/14.2.0/../../../../xtensa-esp-elf/bin/ld.exe: .pio/build/custom-st7
789-160x128/liba3f/ESP8266Audio/libopus/silk/gain_quant.c.o: plugin needed to 
handle lto object
C:/Users/phamm/.platformio/packages/toolchain-xtensa-esp-elf/bin/../lib/gcc/xte
nsa-esp-elf/14.2.0/../../../../xtensa-esp-elf/bin/ld.exe: .pio/build/custom-st7
789-160x128/liba3f/ESP8266Audio/libopus/silk/gain_quant.c.o and 
.pio/build/custom-st7789-160x128/FrameworkArduinoVariant/variant.cpp.o: 
warning: multiple common of `__gnu_lto_slim'
C:/Users/phamm/.platformio/packages/toolchain-xtensa-esp-elf/bin/../lib/gcc/xte
nsa-esp-elf/14.2.0/../../../../xtensa-esp-elf/bin/ld.exe: .pio/build/custom-st7
789-160x128/liba3f/ESP8266Audio/libopus/silk/init_decoder.c.o: plugin needed 
to handle lto object
C:/Users/phamm/.platformio/packages/toolchain-xtensa-esp-elf/bin/../lib/gcc/xte
nsa-esp-elf/14.2.0/../../../../xtensa-esp-elf/bin/ld.exe: .pio/build/custom-st7
789-160x128/liba3f/ESP8266Audio/libopus/silk/init_decoder.c.o: plugin needed 
to handle lto object
C:/Users/phamm/.platformio/packages/toolchain-xtensa-esp-elf/bin/../lib/gcc/xte
nsa-esp-elf/14.2.0/../../../../xtensa-esp-elf/bin/ld.exe: .pio/build/custom-st7
789-160x128/liba3f/ESP8266Audio/libopus/silk/init_decoder.c.o and 
.pio/build/custom-st7789-160x128/FrameworkArduinoVariant/variant.cpp.o: 
warning: multiple common of `__gnu_lto_slim'
C:/Users/phamm/.platformio/packages/toolchain-xtensa-esp-elf/bin/../lib/gcc/xte
nsa-esp-elf/14.2.0/../../../../xtensa-esp-elf/bin/ld.exe: .pio/build/custom-st7
789-160x128/liba3f/ESP8266Audio/libopus/silk/inner_prod_aligned.c.o: plugin 
needed to handle lto object
C:/Users/phamm/.platformio/packages/toolchain-xtensa-esp-elf/bin/../lib/gcc/xte
nsa-esp-elf/14.2.0/../../../../xtensa-esp-elf/bin/ld.exe: .pio/build/custom-st7
789-160x128/liba3f/ESP8266Audio/libopus/silk/inner_prod_aligned.c.o: plugin 
needed to handle lto object
C:/Users/phamm/.platformio/packages/toolchain-xtensa-esp-elf/bin/../lib/gcc/xte
nsa-esp-elf/14.2.0/../../../../xtensa-esp-elf/bin/ld.exe: .pio/build/custom-st7
789-160x128/liba3f/ESP8266Audio/libopus/silk/inner_prod_aligned.c.o and 
.pio/build/custom-st7789-160x128/FrameworkArduinoVariant/variant.cpp.o: 
warning: multiple common of `__gnu_lto_slim'
C:/Users/phamm/.platformio/packages/toolchain-xtensa-esp-elf/bin/../lib/gcc/xte
nsa-esp-elf/14.2.0/../../../../xtensa-esp-elf/bin/ld.exe: .pio/build/custom-st7
789-160x128/liba3f/ESP8266Audio/libopus/silk/interpolate.c.o: plugin needed to 
handle lto object
C:/Users/phamm/.platformio/packages/toolchain-xtensa-esp-elf/bin/../lib/gcc/xte
nsa-esp-elf/14.2.0/../../../../xtensa-esp-elf/bin/ld.exe: .pio/build/custom-st7
789-160x128/liba3f/ESP8266Audio/libopus/silk/interpolate.c.o: plugin needed to 
handle lto object
C:/Users/phamm/.platformio/packages/toolchain-xtensa-esp-elf/bin/../lib/gcc/xte
nsa-esp-elf/14.2.0/../../../../xtensa-esp-elf/bin/ld.exe: .pio/build/custom-st7
789-160x128/liba3f/ESP8266Audio/libopus/silk/interpolate.c.o and 
.pio/build/custom-st7789-160x128/FrameworkArduinoVariant/variant.cpp.o: 
warning: multiple common of `__gnu_lto_slim'
C:/Users/phamm/.platformio/packages/toolchain-xtensa-esp-elf/bin/../lib/gcc/xte
nsa-esp-elf/14.2.0/../../../../xtensa-esp-elf/bin/ld.exe: 
.pio/build/custom-st7789-160x128/liba3f/ESP8266Audio/libopus/silk/lin2log.c.o: 
plugin needed to handle lto object
C:/Users/phamm/.platformio/packages/toolchain-xtensa-esp-elf/bin/../lib/gcc/xte
nsa-esp-elf/14.2.0/../../../../xtensa-esp-elf/bin/ld.exe: 
.pio/build/custom-st7789-160x128/liba3f/ESP8266Audio/libopus/silk/lin2log.c.o: 
plugin needed to handle lto object
C:/Users/phamm/.platformio/packages/toolchain-xtensa-esp-elf/bin/../lib/gcc/xte
nsa-esp-elf/14.2.0/../../../../xtensa-esp-elf/bin/ld.exe: 
.pio/build/custom-st7789-160x128/liba3f/ESP8266Audio/libopus/silk/lin2log.c.o 
and .pio/build/custom-st7789-160x128/FrameworkArduinoVariant/variant.cpp.o: 
warning: multiple common of `__gnu_lto_slim'
C:/Users/phamm/.platformio/packages/toolchain-xtensa-esp-elf/bin/../lib/gcc/xte
nsa-esp-elf/14.2.0/../../../../xtensa-esp-elf/bin/ld.exe: 
.pio/build/custom-st7789-160x128/liba3f/ESP8266Audio/libopus/silk/log2lin.c.o: 
plugin needed to handle lto object
C:/Users/phamm/.platformio/packages/toolchain-xtensa-esp-elf/bin/../lib/gcc/xte
nsa-esp-elf/14.2.0/../../../../xtensa-esp-elf/bin/ld.exe: 
.pio/build/custom-st7789-160x128/liba3f/ESP8266Audio/libopus/silk/log2lin.c.o: 
plugin needed to handle lto object
C:/Users/phamm/.platformio/packages/toolchain-xtensa-esp-elf/bin/../lib/gcc/xte
nsa-esp-elf/14.2.0/../../../../xtensa-esp-elf/bin/ld.exe: 
.pio/build/custom-st7789-160x128/liba3f/ESP8266Audio/libopus/silk/log2lin.c.o 
and .pio/build/custom-st7789-160x128/FrameworkArduinoVariant/variant.cpp.o: 
warning: multiple common of `__gnu_lto_slim'
C:/Users/phamm/.platformio/packages/toolchain-xtensa-esp-elf/bin/../lib/gcc/xte
nsa-esp-elf/14.2.0/../../../../xtensa-esp-elf/bin/ld.exe: .pio/build/custom-st7
789-160x128/liba3f/ESP8266Audio/libopus/silk/pitch_est_tables.c.o: plugin 
needed to handle lto object
C:/Users/phamm/.platformio/packages/toolchain-xtensa-esp-elf/bin/../lib/gcc/xte
nsa-esp-elf/14.2.0/../../../../xtensa-esp-elf/bin/ld.exe: .pio/build/custom-st7
789-160x128/liba3f/ESP8266Audio/libopus/silk/pitch_est_tables.c.o: plugin 
needed to handle lto object
C:/Users/phamm/.platformio/packages/toolchain-xtensa-esp-elf/bin/../lib/gcc/xte
nsa-esp-elf/14.2.0/../../../../xtensa-esp-elf/bin/ld.exe: .pio/build/custom-st7
789-160x128/liba3f/ESP8266Audio/libopus/silk/pitch_est_tables.c.o and 
.pio/build/custom-st7789-160x128/FrameworkArduinoVariant/variant.cpp.o: 
warning: multiple common of `__gnu_lto_slim'
C:/Users/phamm/.platformio/packages/toolchain-xtensa-esp-elf/bin/../lib/gcc/xte
nsa-esp-elf/14.2.0/../../../../xtensa-esp-elf/bin/ld.exe: .pio/build/custom-st7
789-160x128/liba3f/ESP8266Audio/libopus/silk/process_NLSFs.c.o: plugin needed 
to handle lto object
C:/Users/phamm/.platformio/packages/toolchain-xtensa-esp-elf/bin/../lib/gcc/xte
nsa-esp-elf/14.2.0/../../../../xtensa-esp-elf/bin/ld.exe: .pio/build/custom-st7
789-160x128/liba3f/ESP8266Audio/libopus/silk/process_NLSFs.c.o: plugin needed 
to handle lto object
C:/Users/phamm/.platformio/packages/toolchain-xtensa-esp-elf/bin/../lib/gcc/xte
nsa-esp-elf/14.2.0/../../../../xtensa-esp-elf/bin/ld.exe: .pio/build/custom-st7
789-160x128/liba3f/ESP8266Audio/libopus/silk/process_NLSFs.c.o and 
.pio/build/custom-st7789-160x128/FrameworkArduinoVariant/variant.cpp.o: 
warning: multiple common of `__gnu_lto_slim'
C:/Users/phamm/.platformio/packages/toolchain-xtensa-esp-elf/bin/../lib/gcc/xte
nsa-esp-elf/14.2.0/../../../../xtensa-esp-elf/bin/ld.exe: .pio/build/custom-st7
789-160x128/liba3f/ESP8266Audio/libopus/silk/quant_LTP_gains.c.o: plugin 
needed to handle lto object
C:/Users/phamm/.platformio/packages/toolchain-xtensa-esp-elf/bin/../lib/gcc/xte
nsa-esp-elf/14.2.0/../../../../xtensa-esp-elf/bin/ld.exe: .pio/build/custom-st7
789-160x128/liba3f/ESP8266Audio/libopus/silk/quant_LTP_gains.c.o: plugin 
needed to handle lto object
C:/Users/phamm/.platformio/packages/toolchain-xtensa-esp-elf/bin/../lib/gcc/xte
nsa-esp-elf/14.2.0/../../../../xtensa-esp-elf/bin/ld.exe: .pio/build/custom-st7
789-160x128/liba3f/ESP8266Audio/libopus/silk/quant_LTP_gains.c.o and 
.pio/build/custom-st7789-160x128/FrameworkArduinoVariant/variant.cpp.o: 
warning: multiple common of `__gnu_lto_slim'
C:/Users/phamm/.platformio/packages/toolchain-xtensa-esp-elf/bin/../lib/gcc/xte
nsa-esp-elf/14.2.0/../../../../xtensa-esp-elf/bin/ld.exe: .pio/build/custom-st7
789-160x128/liba3f/ESP8266Audio/libopus/silk/resampler.c.o: plugin needed to 
handle lto object
C:/Users/phamm/.platformio/packages/toolchain-xtensa-esp-elf/bin/../lib/gcc/xte
nsa-esp-elf/14.2.0/../../../../xtensa-esp-elf/bin/ld.exe: .pio/build/custom-st7
789-160x128/liba3f/ESP8266Audio/libopus/silk/resampler.c.o: plugin needed to 
handle lto object
C:/Users/phamm/.platformio/packages/toolchain-xtensa-esp-elf/bin/../lib/gcc/xte
nsa-esp-elf/14.2.0/../../../../xtensa-esp-elf/bin/ld.exe: .pio/build/custom-st7
789-160x128/liba3f/ESP8266Audio/libopus/silk/resampler.c.o and 
.pio/build/custom-st7789-160x128/FrameworkArduinoVariant/variant.cpp.o: 
warning: multiple common of `__gnu_lto_slim'
C:/Users/phamm/.platformio/packages/toolchain-xtensa-esp-elf/bin/../lib/gcc/xte
nsa-esp-elf/14.2.0/../../../../xtensa-esp-elf/bin/ld.exe: .pio/build/custom-st7
789-160x128/liba3f/ESP8266Audio/libopus/silk/resampler_down2.c.o: plugin 
needed to handle lto object
C:/Users/phamm/.platformio/packages/toolchain-xtensa-esp-elf/bin/../lib/gcc/xte
nsa-esp-elf/14.2.0/../../../../xtensa-esp-elf/bin/ld.exe: .pio/build/custom-st7
789-160x128/liba3f/ESP8266Audio/libopus/silk/resampler_down2.c.o: plugin 
needed to handle lto object
C:/Users/phamm/.platformio/packages/toolchain-xtensa-esp-elf/bin/../lib/gcc/xte
nsa-esp-elf/14.2.0/../../../../xtensa-esp-elf/bin/ld.exe: .pio/build/custom-st7
789-160x128/liba3f/ESP8266Audio/libopus/silk/resampler_down2.c.o and 
.pio/build/custom-st7789-160x128/FrameworkArduinoVariant/variant.cpp.o: 
warning: multiple common of `__gnu_lto_slim'
C:/Users/phamm/.platformio/packages/toolchain-xtensa-esp-elf/bin/../lib/gcc/xte
nsa-esp-elf/14.2.0/../../../../xtensa-esp-elf/bin/ld.exe: .pio/build/custom-st7
789-160x128/liba3f/ESP8266Audio/libopus/silk/resampler_down2_3.c.o: plugin 
needed to handle lto object
C:/Users/phamm/.platformio/packages/toolchain-xtensa-esp-elf/bin/../lib/gcc/xte
nsa-esp-elf/14.2.0/../../../../xtensa-esp-elf/bin/ld.exe: .pio/build/custom-st7
789-160x128/liba3f/ESP8266Audio/libopus/silk/resampler_down2_3.c.o: plugin 
needed to handle lto object
C:/Users/phamm/.platformio/packages/toolchain-xtensa-esp-elf/bin/../lib/gcc/xte
nsa-esp-elf/14.2.0/../../../../xtensa-esp-elf/bin/ld.exe: .pio/build/custom-st7
789-160x128/liba3f/ESP8266Audio/libopus/silk/resampler_down2_3.c.o and 
.pio/build/custom-st7789-160x128/FrameworkArduinoVariant/variant.cpp.o: 
warning: multiple common of `__gnu_lto_slim'
C:/Users/phamm/.platformio/packages/toolchain-xtensa-esp-elf/bin/../lib/gcc/xte
nsa-esp-elf/14.2.0/../../../../xtensa-esp-elf/bin/ld.exe: .pio/build/custom-st7
789-160x128/liba3f/ESP8266Audio/libopus/silk/resampler_private_AR2.c.o: plugin 
needed to handle lto object
C:/Users/phamm/.platformio/packages/toolchain-xtensa-esp-elf/bin/../lib/gcc/xte
nsa-esp-elf/14.2.0/../../../../xtensa-esp-elf/bin/ld.exe: .pio/build/custom-st7
789-160x128/liba3f/ESP8266Audio/libopus/silk/resampler_private_AR2.c.o: plugin 
needed to handle lto object
C:/Users/phamm/.platformio/packages/toolchain-xtensa-esp-elf/bin/../lib/gcc/xte
nsa-esp-elf/14.2.0/../../../../xtensa-esp-elf/bin/ld.exe: .pio/build/custom-st7
789-160x128/liba3f/ESP8266Audio/libopus/silk/resampler_private_AR2.c.o and 
.pio/build/custom-st7789-160x128/FrameworkArduinoVariant/variant.cpp.o: 
warning: multiple common of `__gnu_lto_slim'
C:/Users/phamm/.platformio/packages/toolchain-xtensa-esp-elf/bin/../lib/gcc/xte
nsa-esp-elf/14.2.0/../../../../xtensa-esp-elf/bin/ld.exe: .pio/build/custom-st7
789-160x128/liba3f/ESP8266Audio/libopus/silk/resampler_private_IIR_FIR.c.o: 
plugin needed to handle lto object
C:/Users/phamm/.platformio/packages/toolchain-xtensa-esp-elf/bin/../lib/gcc/xte
nsa-esp-elf/14.2.0/../../../../xtensa-esp-elf/bin/ld.exe: .pio/build/custom-st7
789-160x128/liba3f/ESP8266Audio/libopus/silk/resampler_private_IIR_FIR.c.o: 
plugin needed to handle lto object
C:/Users/phamm/.platformio/packages/toolchain-xtensa-esp-elf/bin/../lib/gcc/xte
nsa-esp-elf/14.2.0/../../../../xtensa-esp-elf/bin/ld.exe: .pio/build/custom-st7
789-160x128/liba3f/ESP8266Audio/libopus/silk/resampler_private_IIR_FIR.c.o and 
.pio/build/custom-st7789-160x128/FrameworkArduinoVariant/variant.cpp.o: 
warning: multiple common of `__gnu_lto_slim'
C:/Users/phamm/.platformio/packages/toolchain-xtensa-esp-elf/bin/../lib/gcc/xte
nsa-esp-elf/14.2.0/../../../../xtensa-esp-elf/bin/ld.exe: .pio/build/custom-st7
789-160x128/liba3f/ESP8266Audio/libopus/silk/resampler_private_down_FIR.c.o: 
plugin needed to handle lto object
C:/Users/phamm/.platformio/packages/toolchain-xtensa-esp-elf/bin/../lib/gcc/xte
nsa-esp-elf/14.2.0/../../../../xtensa-esp-elf/bin/ld.exe: .pio/build/custom-st7
789-160x128/liba3f/ESP8266Audio/libopus/silk/resampler_private_down_FIR.c.o: 
plugin needed to handle lto object
C:/Users/phamm/.platformio/packages/toolchain-xtensa-esp-elf/bin/../lib/gcc/xte
nsa-esp-elf/14.2.0/../../../../xtensa-esp-elf/bin/ld.exe: .pio/build/custom-st7
789-160x128/liba3f/ESP8266Audio/libopus/silk/resampler_private_down_FIR.c.o 
and .pio/build/custom-st7789-160x128/FrameworkArduinoVariant/variant.cpp.o: 
warning: multiple common of `__gnu_lto_slim'
C:/Users/phamm/.platformio/packages/toolchain-xtensa-esp-elf/bin/../lib/gcc/xte
nsa-esp-elf/14.2.0/../../../../xtensa-esp-elf/bin/ld.exe: .pio/build/custom-st7
789-160x128/liba3f/ESP8266Audio/libopus/silk/resampler_private_up2_HQ.c.o: 
plugin needed to handle lto object
C:/Users/phamm/.platformio/packages/toolchain-xtensa-esp-elf/bin/../lib/gcc/xte
nsa-esp-elf/14.2.0/../../../../xtensa-esp-elf/bin/ld.exe: .pio/build/custom-st7
789-160x128/liba3f/ESP8266Audio/libopus/silk/resampler_private_up2_HQ.c.o: 
plugin needed to handle lto object
C:/Users/phamm/.platformio/packages/toolchain-xtensa-esp-elf/bin/../lib/gcc/xte
nsa-esp-elf/14.2.0/../../../../xtensa-esp-elf/bin/ld.exe: .pio/build/custom-st7
789-160x128/liba3f/ESP8266Audio/libopus/silk/resampler_private_up2_HQ.c.o and 
.pio/build/custom-st7789-160x128/FrameworkArduinoVariant/variant.cpp.o: 
warning: multiple common of `__gnu_lto_slim'
C:/Users/phamm/.platformio/packages/toolchain-xtensa-esp-elf/bin/../lib/gcc/xte
nsa-esp-elf/14.2.0/../../../../xtensa-esp-elf/bin/ld.exe: .pio/build/custom-st7
789-160x128/liba3f/ESP8266Audio/libopus/silk/resampler_rom.c.o: plugin needed 
to handle lto object
C:/Users/phamm/.platformio/packages/toolchain-xtensa-esp-elf/bin/../lib/gcc/xte
nsa-esp-elf/14.2.0/../../../../xtensa-esp-elf/bin/ld.exe: .pio/build/custom-st7
789-160x128/liba3f/ESP8266Audio/libopus/silk/resampler_rom.c.o: plugin needed 
to handle lto object
C:/Users/phamm/.platformio/packages/toolchain-xtensa-esp-elf/bin/../lib/gcc/xte
nsa-esp-elf/14.2.0/../../../../xtensa-esp-elf/bin/ld.exe: .pio/build/custom-st7
789-160x128/liba3f/ESP8266Audio/libopus/silk/resampler_rom.c.o and 
.pio/build/custom-st7789-160x128/FrameworkArduinoVariant/variant.cpp.o: 
warning: multiple common of `__gnu_lto_slim'
C:/Users/phamm/.platformio/packages/toolchain-xtensa-esp-elf/bin/../lib/gcc/xte
nsa-esp-elf/14.2.0/../../../../xtensa-esp-elf/bin/ld.exe: .pio/build/custom-st7
789-160x128/liba3f/ESP8266Audio/libopus/silk/shell_coder.c.o: plugin needed to 
handle lto object
C:/Users/phamm/.platformio/packages/toolchain-xtensa-esp-elf/bin/../lib/gcc/xte
nsa-esp-elf/14.2.0/../../../../xtensa-esp-elf/bin/ld.exe: .pio/build/custom-st7
789-160x128/liba3f/ESP8266Audio/libopus/silk/shell_coder.c.o: plugin needed to 
handle lto object
C:/Users/phamm/.platformio/packages/toolchain-xtensa-esp-elf/bin/../lib/gcc/xte
nsa-esp-elf/14.2.0/../../../../xtensa-esp-elf/bin/ld.exe: .pio/build/custom-st7
789-160x128/liba3f/ESP8266Audio/libopus/silk/shell_coder.c.o and 
.pio/build/custom-st7789-160x128/FrameworkArduinoVariant/variant.cpp.o: 
warning: multiple common of `__gnu_lto_slim'
C:/Users/phamm/.platformio/packages/toolchain-xtensa-esp-elf/bin/../lib/gcc/xte
nsa-esp-elf/14.2.0/../../../../xtensa-esp-elf/bin/ld.exe: .pio/build/custom-st7
789-160x128/liba3f/ESP8266Audio/libopus/silk/sigm_Q15.c.o: plugin needed to 
handle lto object
C:/Users/phamm/.platformio/packages/toolchain-xtensa-esp-elf/bin/../lib/gcc/xte
nsa-esp-elf/14.2.0/../../../../xtensa-esp-elf/bin/ld.exe: .pio/build/custom-st7
789-160x128/liba3f/ESP8266Audio/libopus/silk/sigm_Q15.c.o: plugin needed to 
handle lto object
C:/Users/phamm/.platformio/packages/toolchain-xtensa-esp-elf/bin/../lib/gcc/xte
nsa-esp-elf/14.2.0/../../../../xtensa-esp-elf/bin/ld.exe: 
.pio/build/custom-st7789-160x128/liba3f/ESP8266Audio/libopus/silk/sigm_Q15.c.o 
and .pio/build/custom-st7789-160x128/FrameworkArduinoVariant/variant.cpp.o: 
warning: multiple common of `__gnu_lto_slim'
C:/Users/phamm/.platformio/packages/toolchain-xtensa-esp-elf/bin/../lib/gcc/xte
nsa-esp-elf/14.2.0/../../../../xtensa-esp-elf/bin/ld.exe: 
.pio/build/custom-st7789-160x128/liba3f/ESP8266Audio/libopus/silk/sort.c.o: 
plugin needed to handle lto object
C:/Users/phamm/.platformio/packages/toolchain-xtensa-esp-elf/bin/../lib/gcc/xte
nsa-esp-elf/14.2.0/../../../../xtensa-esp-elf/bin/ld.exe: 
.pio/build/custom-st7789-160x128/liba3f/ESP8266Audio/libopus/silk/sort.c.o: 
plugin needed to handle lto object
C:/Users/phamm/.platformio/packages/toolchain-xtensa-esp-elf/bin/../lib/gcc/xte
nsa-esp-elf/14.2.0/../../../../xtensa-esp-elf/bin/ld.exe: 
.pio/build/custom-st7789-160x128/liba3f/ESP8266Audio/libopus/silk/sort.c.o and 
.pio/build/custom-st7789-160x128/FrameworkArduinoVariant/variant.cpp.o: 
warning: multiple common of `__gnu_lto_slim'
C:/Users/phamm/.platformio/packages/toolchain-xtensa-esp-elf/bin/../lib/gcc/xte
nsa-esp-elf/14.2.0/../../../../xtensa-esp-elf/bin/ld.exe: .pio/build/custom-st7
789-160x128/liba3f/ESP8266Audio/libopus/silk/stereo_LR_to_MS.c.o: plugin 
needed to handle lto object
C:/Users/phamm/.platformio/packages/toolchain-xtensa-esp-elf/bin/../lib/gcc/xte
nsa-esp-elf/14.2.0/../../../../xtensa-esp-elf/bin/ld.exe: .pio/build/custom-st7
789-160x128/liba3f/ESP8266Audio/libopus/silk/stereo_LR_to_MS.c.o: plugin 
needed to handle lto object
C:/Users/phamm/.platformio/packages/toolchain-xtensa-esp-elf/bin/../lib/gcc/xte
nsa-esp-elf/14.2.0/../../../../xtensa-esp-elf/bin/ld.exe: .pio/build/custom-st7
789-160x128/liba3f/ESP8266Audio/libopus/silk/stereo_LR_to_MS.c.o and 
.pio/build/custom-st7789-160x128/FrameworkArduinoVariant/variant.cpp.o: 
warning: multiple common of `__gnu_lto_slim'
C:/Users/phamm/.platformio/packages/toolchain-xtensa-esp-elf/bin/../lib/gcc/xte
nsa-esp-elf/14.2.0/../../../../xtensa-esp-elf/bin/ld.exe: .pio/build/custom-st7
789-160x128/liba3f/ESP8266Audio/libopus/silk/stereo_MS_to_LR.c.o: plugin 
needed to handle lto object
C:/Users/phamm/.platformio/packages/toolchain-xtensa-esp-elf/bin/../lib/gcc/xte
nsa-esp-elf/14.2.0/../../../../xtensa-esp-elf/bin/ld.exe: .pio/build/custom-st7
789-160x128/liba3f/ESP8266Audio/libopus/silk/stereo_MS_to_LR.c.o: plugin 
needed to handle lto object
C:/Users/phamm/.platformio/packages/toolchain-xtensa-esp-elf/bin/../lib/gcc/xte
nsa-esp-elf/14.2.0/../../../../xtensa-esp-elf/bin/ld.exe: .pio/build/custom-st7
789-160x128/liba3f/ESP8266Audio/libopus/silk/stereo_MS_to_LR.c.o and 
.pio/build/custom-st7789-160x128/FrameworkArduinoVariant/variant.cpp.o: 
warning: multiple common of `__gnu_lto_slim'
C:/Users/phamm/.platformio/packages/toolchain-xtensa-esp-elf/bin/../lib/gcc/xte
nsa-esp-elf/14.2.0/../../../../xtensa-esp-elf/bin/ld.exe: .pio/build/custom-st7
789-160x128/liba3f/ESP8266Audio/libopus/silk/stereo_decode_pred.c.o: plugin 
needed to handle lto object
C:/Users/phamm/.platformio/packages/toolchain-xtensa-esp-elf/bin/../lib/gcc/xte
nsa-esp-elf/14.2.0/../../../../xtensa-esp-elf/bin/ld.exe: .pio/build/custom-st7
789-160x128/liba3f/ESP8266Audio/libopus/silk/stereo_decode_pred.c.o: plugin 
needed to handle lto object
C:/Users/phamm/.platformio/packages/toolchain-xtensa-esp-elf/bin/../lib/gcc/xte
nsa-esp-elf/14.2.0/../../../../xtensa-esp-elf/bin/ld.exe: .pio/build/custom-st7
789-160x128/liba3f/ESP8266Audio/libopus/silk/stereo_decode_pred.c.o and 
.pio/build/custom-st7789-160x128/FrameworkArduinoVariant/variant.cpp.o: 
warning: multiple common of `__gnu_lto_slim'
C:/Users/phamm/.platformio/packages/toolchain-xtensa-esp-elf/bin/../lib/gcc/xte
nsa-esp-elf/14.2.0/../../../../xtensa-esp-elf/bin/ld.exe: .pio/build/custom-st7
789-160x128/liba3f/ESP8266Audio/libopus/silk/stereo_encode_pred.c.o: plugin 
needed to handle lto object
C:/Users/phamm/.platformio/packages/toolchain-xtensa-esp-elf/bin/../lib/gcc/xte
nsa-esp-elf/14.2.0/../../../../xtensa-esp-elf/bin/ld.exe: .pio/build/custom-st7
789-160x128/liba3f/ESP8266Audio/libopus/silk/stereo_encode_pred.c.o: plugin 
needed to handle lto object
C:/Users/phamm/.platformio/packages/toolchain-xtensa-esp-elf/bin/../lib/gcc/xte
nsa-esp-elf/14.2.0/../../../../xtensa-esp-elf/bin/ld.exe: .pio/build/custom-st7
789-160x128/liba3f/ESP8266Audio/libopus/silk/stereo_encode_pred.c.o and 
.pio/build/custom-st7789-160x128/FrameworkArduinoVariant/variant.cpp.o: 
warning: multiple common of `__gnu_lto_slim'
C:/Users/phamm/.platformio/packages/toolchain-xtensa-esp-elf/bin/../lib/gcc/xte
nsa-esp-elf/14.2.0/../../../../xtensa-esp-elf/bin/ld.exe: .pio/build/custom-st7
789-160x128/liba3f/ESP8266Audio/libopus/silk/stereo_find_predictor.c.o: plugin 
needed to handle lto object
C:/Users/phamm/.platformio/packages/toolchain-xtensa-esp-elf/bin/../lib/gcc/xte
nsa-esp-elf/14.2.0/../../../../xtensa-esp-elf/bin/ld.exe: .pio/build/custom-st7
789-160x128/liba3f/ESP8266Audio/libopus/silk/stereo_find_predictor.c.o: plugin 
needed to handle lto object
C:/Users/phamm/.platformio/packages/toolchain-xtensa-esp-elf/bin/../lib/gcc/xte
nsa-esp-elf/14.2.0/../../../../xtensa-esp-elf/bin/ld.exe: .pio/build/custom-st7
789-160x128/liba3f/ESP8266Audio/libopus/silk/stereo_find_predictor.c.o and 
.pio/build/custom-st7789-160x128/FrameworkArduinoVariant/variant.cpp.o: 
warning: multiple common of `__gnu_lto_slim'
C:/Users/phamm/.platformio/packages/toolchain-xtensa-esp-elf/bin/../lib/gcc/xte
nsa-esp-elf/14.2.0/../../../../xtensa-esp-elf/bin/ld.exe: .pio/build/custom-st7
789-160x128/liba3f/ESP8266Audio/libopus/silk/stereo_quant_pred.c.o: plugin 
needed to handle lto object
C:/Users/phamm/.platformio/packages/toolchain-xtensa-esp-elf/bin/../lib/gcc/xte
nsa-esp-elf/14.2.0/../../../../xtensa-esp-elf/bin/ld.exe: .pio/build/custom-st7
789-160x128/liba3f/ESP8266Audio/libopus/silk/stereo_quant_pred.c.o: plugin 
needed to handle lto object
C:/Users/phamm/.platformio/packages/toolchain-xtensa-esp-elf/bin/../lib/gcc/xte
nsa-esp-elf/14.2.0/../../../../xtensa-esp-elf/bin/ld.exe: .pio/build/custom-st7
789-160x128/liba3f/ESP8266Audio/libopus/silk/stereo_quant_pred.c.o and 
.pio/build/custom-st7789-160x128/FrameworkArduinoVariant/variant.cpp.o: 
warning: multiple common of `__gnu_lto_slim'
C:/Users/phamm/.platformio/packages/toolchain-xtensa-esp-elf/bin/../lib/gcc/xte
nsa-esp-elf/14.2.0/../../../../xtensa-esp-elf/bin/ld.exe: .pio/build/custom-st7
789-160x128/liba3f/ESP8266Audio/libopus/silk/sum_sqr_shift.c.o: plugin needed 
to handle lto object
C:/Users/phamm/.platformio/packages/toolchain-xtensa-esp-elf/bin/../lib/gcc/xte
nsa-esp-elf/14.2.0/../../../../xtensa-esp-elf/bin/ld.exe: .pio/build/custom-st7
789-160x128/liba3f/ESP8266Audio/libopus/silk/sum_sqr_shift.c.o: plugin needed 
to handle lto object
C:/Users/phamm/.platformio/packages/toolchain-xtensa-esp-elf/bin/../lib/gcc/xte
nsa-esp-elf/14.2.0/../../../../xtensa-esp-elf/bin/ld.exe: .pio/build/custom-st7
789-160x128/liba3f/ESP8266Audio/libopus/silk/sum_sqr_shift.c.o and 
.pio/build/custom-st7789-160x128/FrameworkArduinoVariant/variant.cpp.o: 
warning: multiple common of `__gnu_lto_slim'
C:/Users/phamm/.platformio/packages/toolchain-xtensa-esp-elf/bin/../lib/gcc/xte
nsa-esp-elf/14.2.0/../../../../xtensa-esp-elf/bin/ld.exe: .pio/build/custom-st7
789-160x128/liba3f/ESP8266Audio/libopus/silk/table_LSF_cos.c.o: plugin needed 
to handle lto object
C:/Users/phamm/.platformio/packages/toolchain-xtensa-esp-elf/bin/../lib/gcc/xte
nsa-esp-elf/14.2.0/../../../../xtensa-esp-elf/bin/ld.exe: .pio/build/custom-st7
789-160x128/liba3f/ESP8266Audio/libopus/silk/table_LSF_cos.c.o: plugin needed 
to handle lto object
C:/Users/phamm/.platformio/packages/toolchain-xtensa-esp-elf/bin/../lib/gcc/xte
nsa-esp-elf/14.2.0/../../../../xtensa-esp-elf/bin/ld.exe: .pio/build/custom-st7
789-160x128/liba3f/ESP8266Audio/libopus/silk/table_LSF_cos.c.o and 
.pio/build/custom-st7789-160x128/FrameworkArduinoVariant/variant.cpp.o: 
warning: multiple common of `__gnu_lto_slim'
C:/Users/phamm/.platformio/packages/toolchain-xtensa-esp-elf/bin/../lib/gcc/xte
nsa-esp-elf/14.2.0/../../../../xtensa-esp-elf/bin/ld.exe: .pio/build/custom-st7
789-160x128/liba3f/ESP8266Audio/libopus/silk/tables_LTP.c.o: plugin needed to 
handle lto object
C:/Users/phamm/.platformio/packages/toolchain-xtensa-esp-elf/bin/../lib/gcc/xte
nsa-esp-elf/14.2.0/../../../../xtensa-esp-elf/bin/ld.exe: .pio/build/custom-st7
789-160x128/liba3f/ESP8266Audio/libopus/silk/tables_LTP.c.o: plugin needed to 
handle lto object
C:/Users/phamm/.platformio/packages/toolchain-xtensa-esp-elf/bin/../lib/gcc/xte
nsa-esp-elf/14.2.0/../../../../xtensa-esp-elf/bin/ld.exe: .pio/build/custom-st7
789-160x128/liba3f/ESP8266Audio/libopus/silk/tables_LTP.c.o and 
.pio/build/custom-st7789-160x128/FrameworkArduinoVariant/variant.cpp.o: 
warning: multiple common of `__gnu_lto_slim'
C:/Users/phamm/.platformio/packages/toolchain-xtensa-esp-elf/bin/../lib/gcc/xte
nsa-esp-elf/14.2.0/../../../../xtensa-esp-elf/bin/ld.exe: .pio/build/custom-st7
789-160x128/liba3f/ESP8266Audio/libopus/silk/tables_NLSF_CB_NB_MB.c.o: plugin 
needed to handle lto object
C:/Users/phamm/.platformio/packages/toolchain-xtensa-esp-elf/bin/../lib/gcc/xte
nsa-esp-elf/14.2.0/../../../../xtensa-esp-elf/bin/ld.exe: .pio/build/custom-st7
789-160x128/liba3f/ESP8266Audio/libopus/silk/tables_NLSF_CB_NB_MB.c.o: plugin 
needed to handle lto object
C:/Users/phamm/.platformio/packages/toolchain-xtensa-esp-elf/bin/../lib/gcc/xte
nsa-esp-elf/14.2.0/../../../../xtensa-esp-elf/bin/ld.exe: .pio/build/custom-st7
789-160x128/liba3f/ESP8266Audio/libopus/silk/tables_NLSF_CB_NB_MB.c.o and 
.pio/build/custom-st7789-160x128/FrameworkArduinoVariant/variant.cpp.o: 
warning: multiple common of `__gnu_lto_slim'
C:/Users/phamm/.platformio/packages/toolchain-xtensa-esp-elf/bin/../lib/gcc/xte
nsa-esp-elf/14.2.0/../../../../xtensa-esp-elf/bin/ld.exe: .pio/build/custom-st7
789-160x128/liba3f/ESP8266Audio/libopus/silk/tables_NLSF_CB_WB.c.o: plugin 
needed to handle lto object
C:/Users/phamm/.platformio/packages/toolchain-xtensa-esp-elf/bin/../lib/gcc/xte
nsa-esp-elf/14.2.0/../../../../xtensa-esp-elf/bin/ld.exe: .pio/build/custom-st7
789-160x128/liba3f/ESP8266Audio/libopus/silk/tables_NLSF_CB_WB.c.o: plugin 
needed to handle lto object
C:/Users/phamm/.platformio/packages/toolchain-xtensa-esp-elf/bin/../lib/gcc/xte
nsa-esp-elf/14.2.0/../../../../xtensa-esp-elf/bin/ld.exe: .pio/build/custom-st7
789-160x128/liba3f/ESP8266Audio/libopus/silk/tables_NLSF_CB_WB.c.o and 
.pio/build/custom-st7789-160x128/FrameworkArduinoVariant/variant.cpp.o: 
warning: multiple common of `__gnu_lto_slim'
C:/Users/phamm/.platformio/packages/toolchain-xtensa-esp-elf/bin/../lib/gcc/xte
nsa-esp-elf/14.2.0/../../../../xtensa-esp-elf/bin/ld.exe: .pio/build/custom-st7
789-160x128/liba3f/ESP8266Audio/libopus/silk/tables_gain.c.o: plugin needed to 
handle lto object
C:/Users/phamm/.platformio/packages/toolchain-xtensa-esp-elf/bin/../lib/gcc/xte
nsa-esp-elf/14.2.0/../../../../xtensa-esp-elf/bin/ld.exe: .pio/build/custom-st7
789-160x128/liba3f/ESP8266Audio/libopus/silk/tables_gain.c.o: plugin needed to 
handle lto object
C:/Users/phamm/.platformio/packages/toolchain-xtensa-esp-elf/bin/../lib/gcc/xte
nsa-esp-elf/14.2.0/../../../../xtensa-esp-elf/bin/ld.exe: .pio/build/custom-st7
789-160x128/liba3f/ESP8266Audio/libopus/silk/tables_gain.c.o and 
.pio/build/custom-st7789-160x128/FrameworkArduinoVariant/variant.cpp.o: 
warning: multiple common of `__gnu_lto_slim'
C:/Users/phamm/.platformio/packages/toolchain-xtensa-esp-elf/bin/../lib/gcc/xte
nsa-esp-elf/14.2.0/../../../../xtensa-esp-elf/bin/ld.exe: .pio/build/custom-st7
789-160x128/liba3f/ESP8266Audio/libopus/silk/tables_other.c.o: plugin needed 
to handle lto object
C:/Users/phamm/.platformio/packages/toolchain-xtensa-esp-elf/bin/../lib/gcc/xte
nsa-esp-elf/14.2.0/../../../../xtensa-esp-elf/bin/ld.exe: .pio/build/custom-st7
789-160x128/liba3f/ESP8266Audio/libopus/silk/tables_other.c.o: plugin needed 
to handle lto object
C:/Users/phamm/.platformio/packages/toolchain-xtensa-esp-elf/bin/../lib/gcc/xte
nsa-esp-elf/14.2.0/../../../../xtensa-esp-elf/bin/ld.exe: .pio/build/custom-st7
789-160x128/liba3f/ESP8266Audio/libopus/silk/tables_other.c.o and 
.pio/build/custom-st7789-160x128/FrameworkArduinoVariant/variant.cpp.o: 
warning: multiple common of `__gnu_lto_slim'
C:/Users/phamm/.platformio/packages/toolchain-xtensa-esp-elf/bin/../lib/gcc/xte
nsa-esp-elf/14.2.0/../../../../xtensa-esp-elf/bin/ld.exe: .pio/build/custom-st7
789-160x128/liba3f/ESP8266Audio/libopus/silk/tables_pitch_lag.c.o: plugin 
needed to handle lto object
C:/Users/phamm/.platformio/packages/toolchain-xtensa-esp-elf/bin/../lib/gcc/xte
nsa-esp-elf/14.2.0/../../../../xtensa-esp-elf/bin/ld.exe: .pio/build/custom-st7
789-160x128/liba3f/ESP8266Audio/libopus/silk/tables_pitch_lag.c.o: plugin 
needed to handle lto object
C:/Users/phamm/.platformio/packages/toolchain-xtensa-esp-elf/bin/../lib/gcc/xte
nsa-esp-elf/14.2.0/../../../../xtensa-esp-elf/bin/ld.exe: .pio/build/custom-st7
789-160x128/liba3f/ESP8266Audio/libopus/silk/tables_pitch_lag.c.o and 
.pio/build/custom-st7789-160x128/FrameworkArduinoVariant/variant.cpp.o: 
warning: multiple common of `__gnu_lto_slim'
C:/Users/phamm/.platformio/packages/toolchain-xtensa-esp-elf/bin/../lib/gcc/xte
nsa-esp-elf/14.2.0/../../../../xtensa-esp-elf/bin/ld.exe: .pio/build/custom-st7
789-160x128/liba3f/ESP8266Audio/libopus/silk/tables_pulses_per_block.c.o: 
plugin needed to handle lto object
C:/Users/phamm/.platformio/packages/toolchain-xtensa-esp-elf/bin/../lib/gcc/xte
nsa-esp-elf/14.2.0/../../../../xtensa-esp-elf/bin/ld.exe: .pio/build/custom-st7
789-160x128/liba3f/ESP8266Audio/libopus/silk/tables_pulses_per_block.c.o: 
plugin needed to handle lto object
C:/Users/phamm/.platformio/packages/toolchain-xtensa-esp-elf/bin/../lib/gcc/xte
nsa-esp-elf/14.2.0/../../../../xtensa-esp-elf/bin/ld.exe: .pio/build/custom-st7
789-160x128/liba3f/ESP8266Audio/libopus/silk/tables_pulses_per_block.c.o and 
.pio/build/custom-st7789-160x128/FrameworkArduinoVariant/variant.cpp.o: 
warning: multiple common of `__gnu_lto_slim'
C:/Users/phamm/.platformio/packages/toolchain-xtensa-esp-elf/bin/../lib/gcc/xte
nsa-esp-elf/14.2.0/../../../../xtensa-esp-elf/bin/ld.exe: 
.pio/build/custom-st7789-160x128/liba3f/ESP8266Audio/libopus/src/opus.c.o: 
plugin needed to handle lto object
C:/Users/phamm/.platformio/packages/toolchain-xtensa-esp-elf/bin/../lib/gcc/xte
nsa-esp-elf/14.2.0/../../../../xtensa-esp-elf/bin/ld.exe: 
.pio/build/custom-st7789-160x128/liba3f/ESP8266Audio/libopus/src/opus.c.o: 
plugin needed to handle lto object
C:/Users/phamm/.platformio/packages/toolchain-xtensa-esp-elf/bin/../lib/gcc/xte
nsa-esp-elf/14.2.0/../../../../xtensa-esp-elf/bin/ld.exe: 
.pio/build/custom-st7789-160x128/liba3f/ESP8266Audio/libopus/src/opus.c.o and 
.pio/build/custom-st7789-160x128/FrameworkArduinoVariant/variant.cpp.o: 
warning: multiple common of `__gnu_lto_slim'
C:/Users/phamm/.platformio/packages/toolchain-xtensa-esp-elf/bin/../lib/gcc/xte
nsa-esp-elf/14.2.0/../../../../xtensa-esp-elf/bin/ld.exe: .pio/build/custom-st7
789-160x128/liba3f/ESP8266Audio/libopus/src/opus_decoder.c.o: plugin needed to 
handle lto object
C:/Users/phamm/.platformio/packages/toolchain-xtensa-esp-elf/bin/../lib/gcc/xte
nsa-esp-elf/14.2.0/../../../../xtensa-esp-elf/bin/ld.exe: .pio/build/custom-st7
789-160x128/liba3f/ESP8266Audio/libopus/src/opus_decoder.c.o: plugin needed to 
handle lto object
C:/Users/phamm/.platformio/packages/toolchain-xtensa-esp-elf/bin/../lib/gcc/xte
nsa-esp-elf/14.2.0/../../../../xtensa-esp-elf/bin/ld.exe: .pio/build/custom-st7
789-160x128/liba3f/ESP8266Audio/libopus/src/opus_decoder.c.o and 
.pio/build/custom-st7789-160x128/FrameworkArduinoVariant/variant.cpp.o: 
warning: multiple common of `__gnu_lto_slim'
C:/Users/phamm/.platformio/packages/toolchain-xtensa-esp-elf/bin/../lib/gcc/xte
nsa-esp-elf/14.2.0/../../../../xtensa-esp-elf/bin/ld.exe: 
.pio/build/custom-st7789-160x128/lib061/ESP8266SAM/ESP8266SAM.cpp.o: plugin 
needed to handle lto object
C:/Users/phamm/.platformio/packages/toolchain-xtensa-esp-elf/bin/../lib/gcc/xte
nsa-esp-elf/14.2.0/../../../../xtensa-esp-elf/bin/ld.exe: 
.pio/build/custom-st7789-160x128/lib061/ESP8266SAM/ESP8266SAM.cpp.o: plugin 
needed to handle lto object
C:/Users/phamm/.platformio/packages/toolchain-xtensa-esp-elf/bin/../lib/gcc/xte
nsa-esp-elf/14.2.0/../../../../xtensa-esp-elf/bin/ld.exe: 
.pio/build/custom-st7789-160x128/lib061/ESP8266SAM/ESP8266SAM.cpp.o and 
.pio/build/custom-st7789-160x128/FrameworkArduinoVariant/variant.cpp.o: 
warning: multiple common of `__gnu_lto_slim'
C:/Users/phamm/.platformio/packages/toolchain-xtensa-esp-elf/bin/../lib/gcc/xte
nsa-esp-elf/14.2.0/../../../../xtensa-esp-elf/bin/ld.exe: 
.pio/build/custom-st7789-160x128/lib061/ESP8266SAM/esp8266sam_debug.c.o: 
plugin needed to handle lto object
C:/Users/phamm/.platformio/packages/toolchain-xtensa-esp-elf/bin/../lib/gcc/xte
nsa-esp-elf/14.2.0/../../../../xtensa-esp-elf/bin/ld.exe: 
.pio/build/custom-st7789-160x128/lib061/ESP8266SAM/esp8266sam_debug.c.o: 
plugin needed to handle lto object
C:/Users/phamm/.platformio/packages/toolchain-xtensa-esp-elf/bin/../lib/gcc/xte
nsa-esp-elf/14.2.0/../../../../xtensa-esp-elf/bin/ld.exe: 
.pio/build/custom-st7789-160x128/lib061/ESP8266SAM/esp8266sam_debug.c.o and 
.pio/build/custom-st7789-160x128/FrameworkArduinoVariant/variant.cpp.o: 
warning: multiple common of `__gnu_lto_slim'
C:/Users/phamm/.platformio/packages/toolchain-xtensa-esp-elf/bin/../lib/gcc/xte
nsa-esp-elf/14.2.0/../../../../xtensa-esp-elf/bin/ld.exe: 
.pio/build/custom-st7789-160x128/lib061/ESP8266SAM/reciter.c.o: plugin needed 
to handle lto object
C:/Users/phamm/.platformio/packages/toolchain-xtensa-esp-elf/bin/../lib/gcc/xte
nsa-esp-elf/14.2.0/../../../../xtensa-esp-elf/bin/ld.exe: 
.pio/build/custom-st7789-160x128/lib061/ESP8266SAM/reciter.c.o: plugin needed 
to handle lto object
C:/Users/phamm/.platformio/packages/toolchain-xtensa-esp-elf/bin/../lib/gcc/xte
nsa-esp-elf/14.2.0/../../../../xtensa-esp-elf/bin/ld.exe: 
.pio/build/custom-st7789-160x128/lib061/ESP8266SAM/reciter.c.o and 
.pio/build/custom-st7789-160x128/FrameworkArduinoVariant/variant.cpp.o: 
warning: multiple common of `__gnu_lto_slim'
C:/Users/phamm/.platformio/packages/toolchain-xtensa-esp-elf/bin/../lib/gcc/xte
nsa-esp-elf/14.2.0/../../../../xtensa-esp-elf/bin/ld.exe: 
.pio/build/custom-st7789-160x128/lib061/ESP8266SAM/render.c.o: plugin needed 
to handle lto object
C:/Users/phamm/.platformio/packages/toolchain-xtensa-esp-elf/bin/../lib/gcc/xte
nsa-esp-elf/14.2.0/../../../../xtensa-esp-elf/bin/ld.exe: 
.pio/build/custom-st7789-160x128/lib061/ESP8266SAM/render.c.o: plugin needed 
to handle lto object
C:/Users/phamm/.platformio/packages/toolchain-xtensa-esp-elf/bin/../lib/gcc/xte
nsa-esp-elf/14.2.0/../../../../xtensa-esp-elf/bin/ld.exe: 
.pio/build/custom-st7789-160x128/lib061/ESP8266SAM/render.c.o and 
.pio/build/custom-st7789-160x128/FrameworkArduinoVariant/variant.cpp.o: 
warning: multiple common of `__gnu_lto_slim'
C:/Users/phamm/.platformio/packages/toolchain-xtensa-esp-elf/bin/../lib/gcc/xte
nsa-esp-elf/14.2.0/../../../../xtensa-esp-elf/bin/ld.exe: 
.pio/build/custom-st7789-160x128/lib061/ESP8266SAM/sam.c.o: plugin needed to 
handle lto object
C:/Users/phamm/.platformio/packages/toolchain-xtensa-esp-elf/bin/../lib/gcc/xte
nsa-esp-elf/14.2.0/../../../../xtensa-esp-elf/bin/ld.exe: 
.pio/build/custom-st7789-160x128/lib061/ESP8266SAM/sam.c.o: plugin needed to 
handle lto object
C:/Users/phamm/.platformio/packages/toolchain-xtensa-esp-elf/bin/../lib/gcc/xte
nsa-esp-elf/14.2.0/../../../../xtensa-esp-elf/bin/ld.exe: 
.pio/build/custom-st7789-160x128/lib061/ESP8266SAM/sam.c.o and 
.pio/build/custom-st7789-160x128/FrameworkArduinoVariant/variant.cpp.o: 
warning: multiple common of `__gnu_lto_slim'
C:/Users/phamm/.platformio/packages/toolchain-xtensa-esp-elf/bin/../lib/gcc/xte
nsa-esp-elf/14.2.0/../../../../xtensa-esp-elf/bin/ld.exe: 
.pio/build/custom-st7789-160x128/libe99/TinyGPSPlus/TinyGPS++.cpp.o: plugin 
needed to handle lto object
C:/Users/phamm/.platformio/packages/toolchain-xtensa-esp-elf/bin/../lib/gcc/xte
nsa-esp-elf/14.2.0/../../../../xtensa-esp-elf/bin/ld.exe: 
.pio/build/custom-st7789-160x128/libe99/TinyGPSPlus/TinyGPS++.cpp.o: plugin 
needed to handle lto object
C:/Users/phamm/.platformio/packages/toolchain-xtensa-esp-elf/bin/../lib/gcc/xte
nsa-esp-elf/14.2.0/../../../../xtensa-esp-elf/bin/ld.exe: 
.pio/build/custom-st7789-160x128/libe99/TinyGPSPlus/TinyGPS++.cpp.o and 
.pio/build/custom-st7789-160x128/FrameworkArduinoVariant/variant.cpp.o: 
warning: multiple common of `__gnu_lto_slim'
C:/Users/phamm/.platformio/packages/toolchain-xtensa-esp-elf/bin/../lib/gcc/xte
nsa-esp-elf/14.2.0/../../../../xtensa-esp-elf/bin/ld.exe: 
.pio/build/custom-st7789-160x128/libffd/FFT/fft.cpp.o: plugin needed to handle 
lto object
C:/Users/phamm/.platformio/packages/toolchain-xtensa-esp-elf/bin/../lib/gcc/xte
nsa-esp-elf/14.2.0/../../../../xtensa-esp-elf/bin/ld.exe: 
.pio/build/custom-st7789-160x128/libffd/FFT/fft.cpp.o: plugin needed to handle 
lto object
C:/Users/phamm/.platformio/packages/toolchain-xtensa-esp-elf/bin/../lib/gcc/xte
nsa-esp-elf/14.2.0/../../../../xtensa-esp-elf/bin/ld.exe: 
.pio/build/custom-st7789-160x128/libffd/FFT/fft.cpp.o and 
.pio/build/custom-st7789-160x128/FrameworkArduinoVariant/variant.cpp.o: 
warning: multiple common of `__gnu_lto_slim'
C:/Users/phamm/.platformio/packages/toolchain-xtensa-esp-elf/bin/../lib/gcc/xte
nsa-esp-elf/14.2.0/../../../../xtensa-esp-elf/bin/ld.exe: 
.pio/build/custom-st7789-160x128/libafc/RF24/RF24.cpp.o: plugin needed to 
handle lto object
C:/Users/phamm/.platformio/packages/toolchain-xtensa-esp-elf/bin/../lib/gcc/xte
nsa-esp-elf/14.2.0/../../../../xtensa-esp-elf/bin/ld.exe: 
.pio/build/custom-st7789-160x128/libafc/RF24/RF24.cpp.o: plugin needed to 
handle lto object
C:/Users/phamm/.platformio/packages/toolchain-xtensa-esp-elf/bin/../lib/gcc/xte
nsa-esp-elf/14.2.0/../../../../xtensa-esp-elf/bin/ld.exe: 
.pio/build/custom-st7789-160x128/libafc/RF24/RF24.cpp.o and 
.pio/build/custom-st7789-160x128/FrameworkArduinoVariant/variant.cpp.o: 
warning: multiple common of `__gnu_lto_slim'
C:/Users/phamm/.platformio/packages/toolchain-xtensa-esp-elf/bin/../lib/gcc/xte
nsa-esp-elf/14.2.0/../../../../xtensa-esp-elf/bin/ld.exe: 
.pio/build/custom-st7789-160x128/libebd/Adafruit Si4713 
Library/Adafruit_Si4713.cpp.o: plugin needed to handle lto object
C:/Users/phamm/.platformio/packages/toolchain-xtensa-esp-elf/bin/../lib/gcc/xte
nsa-esp-elf/14.2.0/../../../../xtensa-esp-elf/bin/ld.exe: 
.pio/build/custom-st7789-160x128/libebd/Adafruit Si4713 
Library/Adafruit_Si4713.cpp.o: plugin needed to handle lto object
C:/Users/phamm/.platformio/packages/toolchain-xtensa-esp-elf/bin/../lib/gcc/xte
nsa-esp-elf/14.2.0/../../../../xtensa-esp-elf/bin/ld.exe: 
.pio/build/custom-st7789-160x128/libebd/Adafruit Si4713 
Library/Adafruit_Si4713.cpp.o and 
.pio/build/custom-st7789-160x128/FrameworkArduinoVariant/variant.cpp.o: 
warning: multiple common of `__gnu_lto_slim'
C:/Users/phamm/.platformio/packages/toolchain-xtensa-esp-elf/bin/../lib/gcc/xte
nsa-esp-elf/14.2.0/../../../../xtensa-esp-elf/bin/ld.exe: 
.pio/build/custom-st7789-160x128/lib0df/JPEGDecoder/JPEGDecoder.cpp.o: plugin 
needed to handle lto object
C:/Users/phamm/.platformio/packages/toolchain-xtensa-esp-elf/bin/../lib/gcc/xte
nsa-esp-elf/14.2.0/../../../../xtensa-esp-elf/bin/ld.exe: 
.pio/build/custom-st7789-160x128/lib0df/JPEGDecoder/JPEGDecoder.cpp.o: plugin 
needed to handle lto object
C:/Users/phamm/.platformio/packages/toolchain-xtensa-esp-elf/bin/../lib/gcc/xte
nsa-esp-elf/14.2.0/../../../../xtensa-esp-elf/bin/ld.exe: 
.pio/build/custom-st7789-160x128/lib0df/JPEGDecoder/JPEGDecoder.cpp.o and 
.pio/build/custom-st7789-160x128/FrameworkArduinoVariant/variant.cpp.o: 
warning: multiple common of `__gnu_lto_slim'
C:/Users/phamm/.platformio/packages/toolchain-xtensa-esp-elf/bin/../lib/gcc/xte
nsa-esp-elf/14.2.0/../../../../xtensa-esp-elf/bin/ld.exe: 
.pio/build/custom-st7789-160x128/lib0df/JPEGDecoder/picojpeg.c.o: plugin 
needed to handle lto object
C:/Users/phamm/.platformio/packages/toolchain-xtensa-esp-elf/bin/../lib/gcc/xte
nsa-esp-elf/14.2.0/../../../../xtensa-esp-elf/bin/ld.exe: 
.pio/build/custom-st7789-160x128/lib0df/JPEGDecoder/picojpeg.c.o: plugin 
needed to handle lto object
C:/Users/phamm/.platformio/packages/toolchain-xtensa-esp-elf/bin/../lib/gcc/xte
nsa-esp-elf/14.2.0/../../../../xtensa-esp-elf/bin/ld.exe: 
.pio/build/custom-st7789-160x128/lib0df/JPEGDecoder/picojpeg.c.o and 
.pio/build/custom-st7789-160x128/FrameworkArduinoVariant/variant.cpp.o: 
warning: multiple common of `__gnu_lto_slim'
C:/Users/phamm/.platformio/packages/toolchain-xtensa-esp-elf/bin/../lib/gcc/xte
nsa-esp-elf/14.2.0/../../../../xtensa-esp-elf/bin/ld.exe: .pio/build/custom-st7
789-160x128/libebe/SmartRC-CC1101-Driver-Lib/ELECHOUSE_CC1101_SRC_DRV.cpp.o: 
plugin needed to handle lto object
C:/Users/phamm/.platformio/packages/toolchain-xtensa-esp-elf/bin/../lib/gcc/xte
nsa-esp-elf/14.2.0/../../../../xtensa-esp-elf/bin/ld.exe: .pio/build/custom-st7
789-160x128/libebe/SmartRC-CC1101-Driver-Lib/ELECHOUSE_CC1101_SRC_DRV.cpp.o: 
plugin needed to handle lto object
C:/Users/phamm/.platformio/packages/toolchain-xtensa-esp-elf/bin/../lib/gcc/xte
nsa-esp-elf/14.2.0/../../../../xtensa-esp-elf/bin/ld.exe: .pio/build/custom-st7
789-160x128/libebe/SmartRC-CC1101-Driver-Lib/ELECHOUSE_CC1101_SRC_DRV.cpp.o 
and .pio/build/custom-st7789-160x128/FrameworkArduinoVariant/variant.cpp.o: 
warning: multiple common of `__gnu_lto_slim'
C:/Users/phamm/.platformio/packages/toolchain-xtensa-esp-elf/bin/../lib/gcc/xte
nsa-esp-elf/14.2.0/../../../../xtensa-esp-elf/bin/ld.exe: 
.pio/build/custom-st7789-160x128/lib457/mquickjs/cutils.c.o: plugin needed to 
handle lto object
C:/Users/phamm/.platformio/packages/toolchain-xtensa-esp-elf/bin/../lib/gcc/xte
nsa-esp-elf/14.2.0/../../../../xtensa-esp-elf/bin/ld.exe: 
.pio/build/custom-st7789-160x128/lib457/mquickjs/cutils.c.o: plugin needed to 
handle lto object
C:/Users/phamm/.platformio/packages/toolchain-xtensa-esp-elf/bin/../lib/gcc/xte
nsa-esp-elf/14.2.0/../../../../xtensa-esp-elf/bin/ld.exe: 
.pio/build/custom-st7789-160x128/lib457/mquickjs/cutils.c.o and 
.pio/build/custom-st7789-160x128/FrameworkArduinoVariant/variant.cpp.o: 
warning: multiple common of `__gnu_lto_slim'
C:/Users/phamm/.platformio/packages/toolchain-xtensa-esp-elf/bin/../lib/gcc/xte
nsa-esp-elf/14.2.0/../../../../xtensa-esp-elf/bin/ld.exe: 
.pio/build/custom-st7789-160x128/lib457/mquickjs/dtoa.c.o: plugin needed to 
handle lto object
C:/Users/phamm/.platformio/packages/toolchain-xtensa-esp-elf/bin/../lib/gcc/xte
nsa-esp-elf/14.2.0/../../../../xtensa-esp-elf/bin/ld.exe: 
.pio/build/custom-st7789-160x128/lib457/mquickjs/dtoa.c.o: plugin needed to 
handle lto object
C:/Users/phamm/.platformio/packages/toolchain-xtensa-esp-elf/bin/../lib/gcc/xte
nsa-esp-elf/14.2.0/../../../../xtensa-esp-elf/bin/ld.exe: 
.pio/build/custom-st7789-160x128/lib457/mquickjs/dtoa.c.o and 
.pio/build/custom-st7789-160x128/FrameworkArduinoVariant/variant.cpp.o: 
warning: multiple common of `__gnu_lto_slim'
C:/Users/phamm/.platformio/packages/toolchain-xtensa-esp-elf/bin/../lib/gcc/xte
nsa-esp-elf/14.2.0/../../../../xtensa-esp-elf/bin/ld.exe: 
.pio/build/custom-st7789-160x128/lib457/mquickjs/libm.c.o: plugin needed to 
handle lto object
C:/Users/phamm/.platformio/packages/toolchain-xtensa-esp-elf/bin/../lib/gcc/xte
nsa-esp-elf/14.2.0/../../../../xtensa-esp-elf/bin/ld.exe: 
.pio/build/custom-st7789-160x128/lib457/mquickjs/libm.c.o: plugin needed to 
handle lto object
C:/Users/phamm/.platformio/packages/toolchain-xtensa-esp-elf/bin/../lib/gcc/xte
nsa-esp-elf/14.2.0/../../../../xtensa-esp-elf/bin/ld.exe: 
.pio/build/custom-st7789-160x128/lib457/mquickjs/libm.c.o and 
.pio/build/custom-st7789-160x128/FrameworkArduinoVariant/variant.cpp.o: 
warning: multiple common of `__gnu_lto_slim'
C:/Users/phamm/.platformio/packages/toolchain-xtensa-esp-elf/bin/../lib/gcc/xte
nsa-esp-elf/14.2.0/../../../../xtensa-esp-elf/bin/ld.exe: 
.pio/build/custom-st7789-160x128/lib457/mquickjs/mquickjs.c.o: plugin needed 
to handle lto object
C:/Users/phamm/.platformio/packages/toolchain-xtensa-esp-elf/bin/../lib/gcc/xte
nsa-esp-elf/14.2.0/../../../../xtensa-esp-elf/bin/ld.exe: 
.pio/build/custom-st7789-160x128/lib457/mquickjs/mquickjs.c.o: plugin needed 
to handle lto object
C:/Users/phamm/.platformio/packages/toolchain-xtensa-esp-elf/bin/../lib/gcc/xte
nsa-esp-elf/14.2.0/../../../../xtensa-esp-elf/bin/ld.exe: 
.pio/build/custom-st7789-160x128/lib457/mquickjs/mquickjs.c.o and 
.pio/build/custom-st7789-160x128/FrameworkArduinoVariant/variant.cpp.o: 
warning: multiple common of `__gnu_lto_slim'
C:/Users/phamm/.platformio/packages/toolchain-xtensa-esp-elf/bin/../lib/gcc/xte
nsa-esp-elf/14.2.0/../../../../xtensa-esp-elf/bin/ld.exe: 
.pio/build/custom-st7789-160x128/lib39e/OneWire/OneWire.cpp.o: plugin needed 
to handle lto object
C:/Users/phamm/.platformio/packages/toolchain-xtensa-esp-elf/bin/../lib/gcc/xte
nsa-esp-elf/14.2.0/../../../../xtensa-esp-elf/bin/ld.exe: 
.pio/build/custom-st7789-160x128/lib39e/OneWire/OneWire.cpp.o: plugin needed 
to handle lto object
C:/Users/phamm/.platformio/packages/toolchain-xtensa-esp-elf/bin/../lib/gcc/xte
nsa-esp-elf/14.2.0/../../../../xtensa-esp-elf/bin/ld.exe: 
.pio/build/custom-st7789-160x128/lib39e/OneWire/OneWire.cpp.o and 
.pio/build/custom-st7789-160x128/FrameworkArduinoVariant/variant.cpp.o: 
warning: multiple common of `__gnu_lto_slim'
C:/Users/phamm/.platformio/packages/toolchain-xtensa-esp-elf/bin/../lib/gcc/xte
nsa-esp-elf/14.2.0/../../../../xtensa-esp-elf/bin/ld.exe: 
.pio/build/custom-st7789-160x128/lib5d2/ESP32-PSRamFS/PSRamFS.cpp.o: plugin 
needed to handle lto object
C:/Users/phamm/.platformio/packages/toolchain-xtensa-esp-elf/bin/../lib/gcc/xte
nsa-esp-elf/14.2.0/../../../../xtensa-esp-elf/bin/ld.exe: 
.pio/build/custom-st7789-160x128/lib5d2/ESP32-PSRamFS/PSRamFS.cpp.o: plugin 
needed to handle lto object
C:/Users/phamm/.platformio/packages/toolchain-xtensa-esp-elf/bin/../lib/gcc/xte
nsa-esp-elf/14.2.0/../../../../xtensa-esp-elf/bin/ld.exe: 
.pio/build/custom-st7789-160x128/lib5d2/ESP32-PSRamFS/PSRamFS.cpp.o and 
.pio/build/custom-st7789-160x128/FrameworkArduinoVariant/variant.cpp.o: 
warning: multiple common of `__gnu_lto_slim'
C:/Users/phamm/.platformio/packages/toolchain-xtensa-esp-elf/bin/../lib/gcc/xte
nsa-esp-elf/14.2.0/../../../../xtensa-esp-elf/bin/ld.exe: 
.pio/build/custom-st7789-160x128/lib5d2/ESP32-PSRamFS/pfs.c.o: plugin needed 
to handle lto object
C:/Users/phamm/.platformio/packages/toolchain-xtensa-esp-elf/bin/../lib/gcc/xte
nsa-esp-elf/14.2.0/../../../../xtensa-esp-elf/bin/ld.exe: 
.pio/build/custom-st7789-160x128/lib5d2/ESP32-PSRamFS/pfs.c.o: plugin needed 
to handle lto object
C:/Users/phamm/.platformio/packages/toolchain-xtensa-esp-elf/bin/../lib/gcc/xte
nsa-esp-elf/14.2.0/../../../../xtensa-esp-elf/bin/ld.exe: 
.pio/build/custom-st7789-160x128/lib5d2/ESP32-PSRamFS/pfs.c.o and 
.pio/build/custom-st7789-160x128/FrameworkArduinoVariant/variant.cpp.o: 
warning: multiple common of `__gnu_lto_slim'
C:/Users/phamm/.platformio/packages/toolchain-xtensa-esp-elf/bin/../lib/gcc/xte
nsa-esp-elf/14.2.0/../../../../xtensa-esp-elf/bin/ld.exe: 
.pio/build/custom-st7789-160x128/libd93/AnimatedGIF/AnimatedGIF.cpp.o: plugin 
needed to handle lto object
C:/Users/phamm/.platformio/packages/toolchain-xtensa-esp-elf/bin/../lib/gcc/xte
nsa-esp-elf/14.2.0/../../../../xtensa-esp-elf/bin/ld.exe: 
.pio/build/custom-st7789-160x128/libd93/AnimatedGIF/AnimatedGIF.cpp.o: plugin 
needed to handle lto object
C:/Users/phamm/.platformio/packages/toolchain-xtensa-esp-elf/bin/../lib/gcc/xte
nsa-esp-elf/14.2.0/../../../../xtensa-esp-elf/bin/ld.exe: 
.pio/build/custom-st7789-160x128/libd93/AnimatedGIF/AnimatedGIF.cpp.o and 
.pio/build/custom-st7789-160x128/FrameworkArduinoVariant/variant.cpp.o: 
warning: multiple common of `__gnu_lto_slim'
C:/Users/phamm/.platformio/packages/toolchain-xtensa-esp-elf/bin/../lib/gcc/xte
nsa-esp-elf/14.2.0/../../../../xtensa-esp-elf/bin/ld.exe: 
.pio/build/custom-st7789-160x128/lib8cc/Hash/PBKDF2_HMACBuilder.cpp.o: plugin 
needed to handle lto object
C:/Users/phamm/.platformio/packages/toolchain-xtensa-esp-elf/bin/../lib/gcc/xte
nsa-esp-elf/14.2.0/../../../../xtensa-esp-elf/bin/ld.exe: 
.pio/build/custom-st7789-160x128/lib8cc/Hash/PBKDF2_HMACBuilder.cpp.o: plugin 
needed to handle lto object
C:/Users/phamm/.platformio/packages/toolchain-xtensa-esp-elf/bin/../lib/gcc/xte
nsa-esp-elf/14.2.0/../../../../xtensa-esp-elf/bin/ld.exe: 
.pio/build/custom-st7789-160x128/lib8cc/Hash/PBKDF2_HMACBuilder.cpp.o and 
.pio/build/custom-st7789-160x128/FrameworkArduinoVariant/variant.cpp.o: 
warning: multiple common of `__gnu_lto_slim'
C:/Users/phamm/.platformio/packages/toolchain-xtensa-esp-elf/bin/../lib/gcc/xte
nsa-esp-elf/14.2.0/../../../../xtensa-esp-elf/bin/ld.exe: 
.pio/build/custom-st7789-160x128/lib8cc/Hash/SHA1Builder.cpp.o: plugin needed 
to handle lto object
C:/Users/phamm/.platformio/packages/toolchain-xtensa-esp-elf/bin/../lib/gcc/xte
nsa-esp-elf/14.2.0/../../../../xtensa-esp-elf/bin/ld.exe: 
.pio/build/custom-st7789-160x128/lib8cc/Hash/SHA1Builder.cpp.o: plugin needed 
to handle lto object
C:/Users/phamm/.platformio/packages/toolchain-xtensa-esp-elf/bin/../lib/gcc/xte
nsa-esp-elf/14.2.0/../../../../xtensa-esp-elf/bin/ld.exe: 
.pio/build/custom-st7789-160x128/lib8cc/Hash/SHA1Builder.cpp.o and 
.pio/build/custom-st7789-160x128/FrameworkArduinoVariant/variant.cpp.o: 
warning: multiple common of `__gnu_lto_slim'
C:/Users/phamm/.platformio/packages/toolchain-xtensa-esp-elf/bin/../lib/gcc/xte
nsa-esp-elf/14.2.0/../../../../xtensa-esp-elf/bin/ld.exe: 
.pio/build/custom-st7789-160x128/lib8cc/Hash/SHA2Builder.cpp.o: plugin needed 
to handle lto object
C:/Users/phamm/.platformio/packages/toolchain-xtensa-esp-elf/bin/../lib/gcc/xte
nsa-esp-elf/14.2.0/../../../../xtensa-esp-elf/bin/ld.exe: 
.pio/build/custom-st7789-160x128/lib8cc/Hash/SHA2Builder.cpp.o: plugin needed 
to handle lto object
C:/Users/phamm/.platformio/packages/toolchain-xtensa-esp-elf/bin/../lib/gcc/xte
nsa-esp-elf/14.2.0/../../../../xtensa-esp-elf/bin/ld.exe: 
.pio/build/custom-st7789-160x128/lib8cc/Hash/SHA2Builder.cpp.o and 
.pio/build/custom-st7789-160x128/FrameworkArduinoVariant/variant.cpp.o: 
warning: multiple common of `__gnu_lto_slim'
C:/Users/phamm/.platformio/packages/toolchain-xtensa-esp-elf/bin/../lib/gcc/xte
nsa-esp-elf/14.2.0/../../../../xtensa-esp-elf/bin/ld.exe: 
.pio/build/custom-st7789-160x128/lib8cc/Hash/SHA3Builder.cpp.o: plugin needed 
to handle lto object
C:/Users/phamm/.platformio/packages/toolchain-xtensa-esp-elf/bin/../lib/gcc/xte
nsa-esp-elf/14.2.0/../../../../xtensa-esp-elf/bin/ld.exe: 
.pio/build/custom-st7789-160x128/lib8cc/Hash/SHA3Builder.cpp.o: plugin needed 
to handle lto object
C:/Users/phamm/.platformio/packages/toolchain-xtensa-esp-elf/bin/../lib/gcc/xte
nsa-esp-elf/14.2.0/../../../../xtensa-esp-elf/bin/ld.exe: 
.pio/build/custom-st7789-160x128/lib8cc/Hash/SHA3Builder.cpp.o and 
.pio/build/custom-st7789-160x128/FrameworkArduinoVariant/variant.cpp.o: 
warning: multiple common of `__gnu_lto_slim'
C:/Users/phamm/.platformio/packages/toolchain-xtensa-esp-elf/bin/../lib/gcc/xte
nsa-esp-elf/14.2.0/../../../../xtensa-esp-elf/bin/ld.exe: 
.pio/build/custom-st7789-160x128/libc2b/AsyncTCP/AsyncTCP.cpp.o: plugin needed 
to handle lto object
C:/Users/phamm/.platformio/packages/toolchain-xtensa-esp-elf/bin/../lib/gcc/xte
nsa-esp-elf/14.2.0/../../../../xtensa-esp-elf/bin/ld.exe: 
.pio/build/custom-st7789-160x128/libc2b/AsyncTCP/AsyncTCP.cpp.o: plugin needed 
to handle lto object
C:/Users/phamm/.platformio/packages/toolchain-xtensa-esp-elf/bin/../lib/gcc/xte
nsa-esp-elf/14.2.0/../../../../xtensa-esp-elf/bin/ld.exe: 
.pio/build/custom-st7789-160x128/libc2b/AsyncTCP/AsyncTCP.cpp.o and 
.pio/build/custom-st7789-160x128/FrameworkArduinoVariant/variant.cpp.o: 
warning: multiple common of `__gnu_lto_slim'
C:/Users/phamm/.platformio/packages/toolchain-xtensa-esp-elf/bin/../lib/gcc/xte
nsa-esp-elf/14.2.0/../../../../xtensa-esp-elf/bin/ld.exe: 
.pio/build/custom-st7789-160x128/lib8a9/WiFi/AP.cpp.o: plugin needed to handle 
lto object
C:/Users/phamm/.platformio/packages/toolchain-xtensa-esp-elf/bin/../lib/gcc/xte
nsa-esp-elf/14.2.0/../../../../xtensa-esp-elf/bin/ld.exe: 
.pio/build/custom-st7789-160x128/lib8a9/WiFi/AP.cpp.o: plugin needed to handle 
lto object
C:/Users/phamm/.platformio/packages/toolchain-xtensa-esp-elf/bin/../lib/gcc/xte
nsa-esp-elf/14.2.0/../../../../xtensa-esp-elf/bin/ld.exe: 
.pio/build/custom-st7789-160x128/lib8a9/WiFi/AP.cpp.o and 
.pio/build/custom-st7789-160x128/FrameworkArduinoVariant/variant.cpp.o: 
warning: multiple common of `__gnu_lto_slim'
C:/Users/phamm/.platformio/packages/toolchain-xtensa-esp-elf/bin/../lib/gcc/xte
nsa-esp-elf/14.2.0/../../../../xtensa-esp-elf/bin/ld.exe: 
.pio/build/custom-st7789-160x128/lib8a9/WiFi/STA.cpp.o: plugin needed to 
handle lto object
C:/Users/phamm/.platformio/packages/toolchain-xtensa-esp-elf/bin/../lib/gcc/xte
nsa-esp-elf/14.2.0/../../../../xtensa-esp-elf/bin/ld.exe: 
.pio/build/custom-st7789-160x128/lib8a9/WiFi/STA.cpp.o: plugin needed to 
handle lto object
C:/Users/phamm/.platformio/packages/toolchain-xtensa-esp-elf/bin/../lib/gcc/xte
nsa-esp-elf/14.2.0/../../../../xtensa-esp-elf/bin/ld.exe: 
.pio/build/custom-st7789-160x128/lib8a9/WiFi/STA.cpp.o and 
.pio/build/custom-st7789-160x128/FrameworkArduinoVariant/variant.cpp.o: 
warning: multiple common of `__gnu_lto_slim'
C:/Users/phamm/.platformio/packages/toolchain-xtensa-esp-elf/bin/../lib/gcc/xte
nsa-esp-elf/14.2.0/../../../../xtensa-esp-elf/bin/ld.exe: 
.pio/build/custom-st7789-160x128/lib8a9/WiFi/WiFi.cpp.o: plugin needed to 
handle lto object
C:/Users/phamm/.platformio/packages/toolchain-xtensa-esp-elf/bin/../lib/gcc/xte
nsa-esp-elf/14.2.0/../../../../xtensa-esp-elf/bin/ld.exe: 
.pio/build/custom-st7789-160x128/lib8a9/WiFi/WiFi.cpp.o: plugin needed to 
handle lto object
C:/Users/phamm/.platformio/packages/toolchain-xtensa-esp-elf/bin/../lib/gcc/xte
nsa-esp-elf/14.2.0/../../../../xtensa-esp-elf/bin/ld.exe: 
.pio/build/custom-st7789-160x128/lib8a9/WiFi/WiFi.cpp.o and 
.pio/build/custom-st7789-160x128/FrameworkArduinoVariant/variant.cpp.o: 
warning: multiple common of `__gnu_lto_slim'
C:/Users/phamm/.platformio/packages/toolchain-xtensa-esp-elf/bin/../lib/gcc/xte
nsa-esp-elf/14.2.0/../../../../xtensa-esp-elf/bin/ld.exe: 
.pio/build/custom-st7789-160x128/lib8a9/WiFi/WiFiAP.cpp.o: plugin needed to 
handle lto object
C:/Users/phamm/.platformio/packages/toolchain-xtensa-esp-elf/bin/../lib/gcc/xte
nsa-esp-elf/14.2.0/../../../../xtensa-esp-elf/bin/ld.exe: 
.pio/build/custom-st7789-160x128/lib8a9/WiFi/WiFiAP.cpp.o: plugin needed to 
handle lto object
C:/Users/phamm/.platformio/packages/toolchain-xtensa-esp-elf/bin/../lib/gcc/xte
nsa-esp-elf/14.2.0/../../../../xtensa-esp-elf/bin/ld.exe: 
.pio/build/custom-st7789-160x128/lib8a9/WiFi/WiFiAP.cpp.o and 
.pio/build/custom-st7789-160x128/FrameworkArduinoVariant/variant.cpp.o: 
warning: multiple common of `__gnu_lto_slim'
C:/Users/phamm/.platformio/packages/toolchain-xtensa-esp-elf/bin/../lib/gcc/xte
nsa-esp-elf/14.2.0/../../../../xtensa-esp-elf/bin/ld.exe: 
.pio/build/custom-st7789-160x128/lib8a9/WiFi/WiFiGeneric.cpp.o: plugin needed 
to handle lto object
C:/Users/phamm/.platformio/packages/toolchain-xtensa-esp-elf/bin/../lib/gcc/xte
nsa-esp-elf/14.2.0/../../../../xtensa-esp-elf/bin/ld.exe: 
.pio/build/custom-st7789-160x128/lib8a9/WiFi/WiFiGeneric.cpp.o: plugin needed 
to handle lto object
C:/Users/phamm/.platformio/packages/toolchain-xtensa-esp-elf/bin/../lib/gcc/xte
nsa-esp-elf/14.2.0/../../../../xtensa-esp-elf/bin/ld.exe: 
.pio/build/custom-st7789-160x128/lib8a9/WiFi/WiFiGeneric.cpp.o and 
.pio/build/custom-st7789-160x128/FrameworkArduinoVariant/variant.cpp.o: 
warning: multiple common of `__gnu_lto_slim'
C:/Users/phamm/.platformio/packages/toolchain-xtensa-esp-elf/bin/../lib/gcc/xte
nsa-esp-elf/14.2.0/../../../../xtensa-esp-elf/bin/ld.exe: 
.pio/build/custom-st7789-160x128/lib8a9/WiFi/WiFiMulti.cpp.o: plugin needed to 
handle lto object
C:/Users/phamm/.platformio/packages/toolchain-xtensa-esp-elf/bin/../lib/gcc/xte
nsa-esp-elf/14.2.0/../../../../xtensa-esp-elf/bin/ld.exe: 
.pio/build/custom-st7789-160x128/lib8a9/WiFi/WiFiMulti.cpp.o: plugin needed to 
handle lto object
C:/Users/phamm/.platformio/packages/toolchain-xtensa-esp-elf/bin/../lib/gcc/xte
nsa-esp-elf/14.2.0/../../../../xtensa-esp-elf/bin/ld.exe: 
.pio/build/custom-st7789-160x128/lib8a9/WiFi/WiFiMulti.cpp.o and 
.pio/build/custom-st7789-160x128/FrameworkArduinoVariant/variant.cpp.o: 
warning: multiple common of `__gnu_lto_slim'
C:/Users/phamm/.platformio/packages/toolchain-xtensa-esp-elf/bin/../lib/gcc/xte
nsa-esp-elf/14.2.0/../../../../xtensa-esp-elf/bin/ld.exe: 
.pio/build/custom-st7789-160x128/lib8a9/WiFi/WiFiSTA.cpp.o: plugin needed to 
handle lto object
C:/Users/phamm/.platformio/packages/toolchain-xtensa-esp-elf/bin/../lib/gcc/xte
nsa-esp-elf/14.2.0/../../../../xtensa-esp-elf/bin/ld.exe: 
.pio/build/custom-st7789-160x128/lib8a9/WiFi/WiFiSTA.cpp.o: plugin needed to 
handle lto object
C:/Users/phamm/.platformio/packages/toolchain-xtensa-esp-elf/bin/../lib/gcc/xte
nsa-esp-elf/14.2.0/../../../../xtensa-esp-elf/bin/ld.exe: 
.pio/build/custom-st7789-160x128/lib8a9/WiFi/WiFiSTA.cpp.o and 
.pio/build/custom-st7789-160x128/FrameworkArduinoVariant/variant.cpp.o: 
warning: multiple common of `__gnu_lto_slim'
C:/Users/phamm/.platformio/packages/toolchain-xtensa-esp-elf/bin/../lib/gcc/xte
nsa-esp-elf/14.2.0/../../../../xtensa-esp-elf/bin/ld.exe: 
.pio/build/custom-st7789-160x128/lib8a9/WiFi/WiFiScan.cpp.o: plugin needed to 
handle lto object
C:/Users/phamm/.platformio/packages/toolchain-xtensa-esp-elf/bin/../lib/gcc/xte
nsa-esp-elf/14.2.0/../../../../xtensa-esp-elf/bin/ld.exe: 
.pio/build/custom-st7789-160x128/lib8a9/WiFi/WiFiScan.cpp.o: plugin needed to 
handle lto object
C:/Users/phamm/.platformio/packages/toolchain-xtensa-esp-elf/bin/../lib/gcc/xte
nsa-esp-elf/14.2.0/../../../../xtensa-esp-elf/bin/ld.exe: 
.pio/build/custom-st7789-160x128/lib8a9/WiFi/WiFiScan.cpp.o and 
.pio/build/custom-st7789-160x128/FrameworkArduinoVariant/variant.cpp.o: 
warning: multiple common of `__gnu_lto_slim'
C:/Users/phamm/.platformio/packages/toolchain-xtensa-esp-elf/bin/../lib/gcc/xte
nsa-esp-elf/14.2.0/../../../../xtensa-esp-elf/bin/ld.exe: .pio/build/custom-st7
789-160x128/lib389/ESPAsyncWebServer/AsyncEventSource.cpp.o: plugin needed to 
handle lto object
C:/Users/phamm/.platformio/packages/toolchain-xtensa-esp-elf/bin/../lib/gcc/xte
nsa-esp-elf/14.2.0/../../../../xtensa-esp-elf/bin/ld.exe: .pio/build/custom-st7
789-160x128/lib389/ESPAsyncWebServer/AsyncEventSource.cpp.o: plugin needed to 
handle lto object
C:/Users/phamm/.platformio/packages/toolchain-xtensa-esp-elf/bin/../lib/gcc/xte
nsa-esp-elf/14.2.0/../../../../xtensa-esp-elf/bin/ld.exe: .pio/build/custom-st7
789-160x128/lib389/ESPAsyncWebServer/AsyncEventSource.cpp.o and 
.pio/build/custom-st7789-160x128/FrameworkArduinoVariant/variant.cpp.o: 
warning: multiple common of `__gnu_lto_slim'
C:/Users/phamm/.platformio/packages/toolchain-xtensa-esp-elf/bin/../lib/gcc/xte
nsa-esp-elf/14.2.0/../../../../xtensa-esp-elf/bin/ld.exe: 
.pio/build/custom-st7789-160x128/lib389/ESPAsyncWebServer/AsyncJson.cpp.o: 
plugin needed to handle lto object
C:/Users/phamm/.platformio/packages/toolchain-xtensa-esp-elf/bin/../lib/gcc/xte
nsa-esp-elf/14.2.0/../../../../xtensa-esp-elf/bin/ld.exe: 
.pio/build/custom-st7789-160x128/lib389/ESPAsyncWebServer/AsyncJson.cpp.o: 
plugin needed to handle lto object
C:/Users/phamm/.platformio/packages/toolchain-xtensa-esp-elf/bin/../lib/gcc/xte
nsa-esp-elf/14.2.0/../../../../xtensa-esp-elf/bin/ld.exe: 
.pio/build/custom-st7789-160x128/lib389/ESPAsyncWebServer/AsyncJson.cpp.o and 
.pio/build/custom-st7789-160x128/FrameworkArduinoVariant/variant.cpp.o: 
warning: multiple common of `__gnu_lto_slim'
C:/Users/phamm/.platformio/packages/toolchain-xtensa-esp-elf/bin/../lib/gcc/xte
nsa-esp-elf/14.2.0/../../../../xtensa-esp-elf/bin/ld.exe: .pio/build/custom-st7
789-160x128/lib389/ESPAsyncWebServer/AsyncWebHeader.cpp.o: plugin needed to 
handle lto object
C:/Users/phamm/.platformio/packages/toolchain-xtensa-esp-elf/bin/../lib/gcc/xte
nsa-esp-elf/14.2.0/../../../../xtensa-esp-elf/bin/ld.exe: .pio/build/custom-st7
789-160x128/lib389/ESPAsyncWebServer/AsyncWebHeader.cpp.o: plugin needed to 
handle lto object
C:/Users/phamm/.platformio/packages/toolchain-xtensa-esp-elf/bin/../lib/gcc/xte
nsa-esp-elf/14.2.0/../../../../xtensa-esp-elf/bin/ld.exe: 
.pio/build/custom-st7789-160x128/lib389/ESPAsyncWebServer/AsyncWebHeader.cpp.o 
and .pio/build/custom-st7789-160x128/FrameworkArduinoVariant/variant.cpp.o: 
warning: multiple common of `__gnu_lto_slim'
C:/Users/phamm/.platformio/packages/toolchain-xtensa-esp-elf/bin/../lib/gcc/xte
nsa-esp-elf/14.2.0/../../../../xtensa-esp-elf/bin/ld.exe: .pio/build/custom-st7
789-160x128/lib389/ESPAsyncWebServer/AsyncWebServerRequest.cpp.o: plugin 
needed to handle lto object
C:/Users/phamm/.platformio/packages/toolchain-xtensa-esp-elf/bin/../lib/gcc/xte
nsa-esp-elf/14.2.0/../../../../xtensa-esp-elf/bin/ld.exe: .pio/build/custom-st7
789-160x128/lib389/ESPAsyncWebServer/AsyncWebServerRequest.cpp.o: plugin 
needed to handle lto object
C:/Users/phamm/.platformio/packages/toolchain-xtensa-esp-elf/bin/../lib/gcc/xte
nsa-esp-elf/14.2.0/../../../../xtensa-esp-elf/bin/ld.exe: .pio/build/custom-st7
789-160x128/lib389/ESPAsyncWebServer/AsyncWebServerRequest.cpp.o and 
.pio/build/custom-st7789-160x128/FrameworkArduinoVariant/variant.cpp.o: 
warning: multiple common of `__gnu_lto_slim'
C:/Users/phamm/.platformio/packages/toolchain-xtensa-esp-elf/bin/../lib/gcc/xte
nsa-esp-elf/14.2.0/../../../../xtensa-esp-elf/bin/ld.exe: .pio/build/custom-st7
789-160x128/lib389/ESPAsyncWebServer/AsyncWebSocket.cpp.o: plugin needed to 
handle lto object
C:/Users/phamm/.platformio/packages/toolchain-xtensa-esp-elf/bin/../lib/gcc/xte
nsa-esp-elf/14.2.0/../../../../xtensa-esp-elf/bin/ld.exe: .pio/build/custom-st7
789-160x128/lib389/ESPAsyncWebServer/AsyncWebSocket.cpp.o: plugin needed to 
handle lto object
C:/Users/phamm/.platformio/packages/toolchain-xtensa-esp-elf/bin/../lib/gcc/xte
nsa-esp-elf/14.2.0/../../../../xtensa-esp-elf/bin/ld.exe: 
.pio/build/custom-st7789-160x128/lib389/ESPAsyncWebServer/AsyncWebSocket.cpp.o 
and .pio/build/custom-st7789-160x128/FrameworkArduinoVariant/variant.cpp.o: 
warning: multiple common of `__gnu_lto_slim'
C:/Users/phamm/.platformio/packages/toolchain-xtensa-esp-elf/bin/../lib/gcc/xte
nsa-esp-elf/14.2.0/../../../../xtensa-esp-elf/bin/ld.exe: .pio/build/custom-st7
789-160x128/lib389/ESPAsyncWebServer/BackPort_SHA1Builder.cpp.o: plugin needed 
to handle lto object
C:/Users/phamm/.platformio/packages/toolchain-xtensa-esp-elf/bin/../lib/gcc/xte
nsa-esp-elf/14.2.0/../../../../xtensa-esp-elf/bin/ld.exe: .pio/build/custom-st7
789-160x128/lib389/ESPAsyncWebServer/BackPort_SHA1Builder.cpp.o: plugin needed 
to handle lto object
C:/Users/phamm/.platformio/packages/toolchain-xtensa-esp-elf/bin/../lib/gcc/xte
nsa-esp-elf/14.2.0/../../../../xtensa-esp-elf/bin/ld.exe: .pio/build/custom-st7
789-160x128/lib389/ESPAsyncWebServer/BackPort_SHA1Builder.cpp.o and 
.pio/build/custom-st7789-160x128/FrameworkArduinoVariant/variant.cpp.o: 
warning: multiple common of `__gnu_lto_slim'
C:/Users/phamm/.platformio/packages/toolchain-xtensa-esp-elf/bin/../lib/gcc/xte
nsa-esp-elf/14.2.0/../../../../xtensa-esp-elf/bin/ld.exe: 
.pio/build/custom-st7789-160x128/lib389/ESPAsyncWebServer/ChunkPrint.cpp.o: 
plugin needed to handle lto object
C:/Users/phamm/.platformio/packages/toolchain-xtensa-esp-elf/bin/../lib/gcc/xte
nsa-esp-elf/14.2.0/../../../../xtensa-esp-elf/bin/ld.exe: 
.pio/build/custom-st7789-160x128/lib389/ESPAsyncWebServer/ChunkPrint.cpp.o: 
plugin needed to handle lto object
C:/Users/phamm/.platformio/packages/toolchain-xtensa-esp-elf/bin/../lib/gcc/xte
nsa-esp-elf/14.2.0/../../../../xtensa-esp-elf/bin/ld.exe: 
.pio/build/custom-st7789-160x128/lib389/ESPAsyncWebServer/ChunkPrint.cpp.o and 
.pio/build/custom-st7789-160x128/FrameworkArduinoVariant/variant.cpp.o: 
warning: multiple common of `__gnu_lto_slim'
C:/Users/phamm/.platformio/packages/toolchain-xtensa-esp-elf/bin/../lib/gcc/xte
nsa-esp-elf/14.2.0/../../../../xtensa-esp-elf/bin/ld.exe: 
.pio/build/custom-st7789-160x128/lib389/ESPAsyncWebServer/Middleware.cpp.o: 
plugin needed to handle lto object
C:/Users/phamm/.platformio/packages/toolchain-xtensa-esp-elf/bin/../lib/gcc/xte
nsa-esp-elf/14.2.0/../../../../xtensa-esp-elf/bin/ld.exe: 
.pio/build/custom-st7789-160x128/lib389/ESPAsyncWebServer/Middleware.cpp.o: 
plugin needed to handle lto object
C:/Users/phamm/.platformio/packages/toolchain-xtensa-esp-elf/bin/../lib/gcc/xte
nsa-esp-elf/14.2.0/../../../../xtensa-esp-elf/bin/ld.exe: 
.pio/build/custom-st7789-160x128/lib389/ESPAsyncWebServer/Middleware.cpp.o and 
.pio/build/custom-st7789-160x128/FrameworkArduinoVariant/variant.cpp.o: 
warning: multiple common of `__gnu_lto_slim'
C:/Users/phamm/.platformio/packages/toolchain-xtensa-esp-elf/bin/../lib/gcc/xte
nsa-esp-elf/14.2.0/../../../../xtensa-esp-elf/bin/ld.exe: .pio/build/custom-st7
789-160x128/lib389/ESPAsyncWebServer/WebAuthentication.cpp.o: plugin needed to 
handle lto object
C:/Users/phamm/.platformio/packages/toolchain-xtensa-esp-elf/bin/../lib/gcc/xte
nsa-esp-elf/14.2.0/../../../../xtensa-esp-elf/bin/ld.exe: .pio/build/custom-st7
789-160x128/lib389/ESPAsyncWebServer/WebAuthentication.cpp.o: plugin needed to 
handle lto object
C:/Users/phamm/.platformio/packages/toolchain-xtensa-esp-elf/bin/../lib/gcc/xte
nsa-esp-elf/14.2.0/../../../../xtensa-esp-elf/bin/ld.exe: .pio/build/custom-st7
789-160x128/lib389/ESPAsyncWebServer/WebAuthentication.cpp.o and 
.pio/build/custom-st7789-160x128/FrameworkArduinoVariant/variant.cpp.o: 
warning: multiple common of `__gnu_lto_slim'
C:/Users/phamm/.platformio/packages/toolchain-xtensa-esp-elf/bin/../lib/gcc/xte
nsa-esp-elf/14.2.0/../../../../xtensa-esp-elf/bin/ld.exe: 
.pio/build/custom-st7789-160x128/lib389/ESPAsyncWebServer/WebHandlers.cpp.o: 
plugin needed to handle lto object
C:/Users/phamm/.platformio/packages/toolchain-xtensa-esp-elf/bin/../lib/gcc/xte
nsa-esp-elf/14.2.0/../../../../xtensa-esp-elf/bin/ld.exe: 
.pio/build/custom-st7789-160x128/lib389/ESPAsyncWebServer/WebHandlers.cpp.o: 
plugin needed to handle lto object
C:/Users/phamm/.platformio/packages/toolchain-xtensa-esp-elf/bin/../lib/gcc/xte
nsa-esp-elf/14.2.0/../../../../xtensa-esp-elf/bin/ld.exe: 
.pio/build/custom-st7789-160x128/lib389/ESPAsyncWebServer/WebHandlers.cpp.o 
and .pio/build/custom-st7789-160x128/FrameworkArduinoVariant/variant.cpp.o: 
warning: multiple common of `__gnu_lto_slim'
C:/Users/phamm/.platformio/packages/toolchain-xtensa-esp-elf/bin/../lib/gcc/xte
nsa-esp-elf/14.2.0/../../../../xtensa-esp-elf/bin/ld.exe: 
.pio/build/custom-st7789-160x128/lib389/ESPAsyncWebServer/WebRequest.cpp.o: 
plugin needed to handle lto object
C:/Users/phamm/.platformio/packages/toolchain-xtensa-esp-elf/bin/../lib/gcc/xte
nsa-esp-elf/14.2.0/../../../../xtensa-esp-elf/bin/ld.exe: 
.pio/build/custom-st7789-160x128/lib389/ESPAsyncWebServer/WebRequest.cpp.o: 
plugin needed to handle lto object
C:/Users/phamm/.platformio/packages/toolchain-xtensa-esp-elf/bin/../lib/gcc/xte
nsa-esp-elf/14.2.0/../../../../xtensa-esp-elf/bin/ld.exe: 
.pio/build/custom-st7789-160x128/lib389/ESPAsyncWebServer/WebRequest.cpp.o and 
.pio/build/custom-st7789-160x128/FrameworkArduinoVariant/variant.cpp.o: 
warning: multiple common of `__gnu_lto_slim'
C:/Users/phamm/.platformio/packages/toolchain-xtensa-esp-elf/bin/../lib/gcc/xte
nsa-esp-elf/14.2.0/../../../../xtensa-esp-elf/bin/ld.exe: 
.pio/build/custom-st7789-160x128/lib389/ESPAsyncWebServer/WebResponses.cpp.o: 
plugin needed to handle lto object
C:/Users/phamm/.platformio/packages/toolchain-xtensa-esp-elf/bin/../lib/gcc/xte
nsa-esp-elf/14.2.0/../../../../xtensa-esp-elf/bin/ld.exe: 
.pio/build/custom-st7789-160x128/lib389/ESPAsyncWebServer/WebResponses.cpp.o: 
plugin needed to handle lto object
C:/Users/phamm/.platformio/packages/toolchain-xtensa-esp-elf/bin/../lib/gcc/xte
nsa-esp-elf/14.2.0/../../../../xtensa-esp-elf/bin/ld.exe: 
.pio/build/custom-st7789-160x128/lib389/ESPAsyncWebServer/WebResponses.cpp.o 
and .pio/build/custom-st7789-160x128/FrameworkArduinoVariant/variant.cpp.o: 
warning: multiple common of `__gnu_lto_slim'
C:/Users/phamm/.platformio/packages/toolchain-xtensa-esp-elf/bin/../lib/gcc/xte
nsa-esp-elf/14.2.0/../../../../xtensa-esp-elf/bin/ld.exe: 
.pio/build/custom-st7789-160x128/lib389/ESPAsyncWebServer/WebServer.cpp.o: 
plugin needed to handle lto object
C:/Users/phamm/.platformio/packages/toolchain-xtensa-esp-elf/bin/../lib/gcc/xte
nsa-esp-elf/14.2.0/../../../../xtensa-esp-elf/bin/ld.exe: 
.pio/build/custom-st7789-160x128/lib389/ESPAsyncWebServer/WebServer.cpp.o: 
plugin needed to handle lto object
C:/Users/phamm/.platformio/packages/toolchain-xtensa-esp-elf/bin/../lib/gcc/xte
nsa-esp-elf/14.2.0/../../../../xtensa-esp-elf/bin/ld.exe: 
.pio/build/custom-st7789-160x128/lib389/ESPAsyncWebServer/WebServer.cpp.o and 
.pio/build/custom-st7789-160x128/FrameworkArduinoVariant/variant.cpp.o: 
warning: multiple common of `__gnu_lto_slim'
C:/Users/phamm/.platformio/packages/toolchain-xtensa-esp-elf/bin/../lib/gcc/xte
nsa-esp-elf/14.2.0/../../../../xtensa-esp-elf/bin/ld.exe: 
.pio/build/custom-st7789-160x128/libc92/FastLED/FastLED.cpp.o: plugin needed 
to handle lto object
C:/Users/phamm/.platformio/packages/toolchain-xtensa-esp-elf/bin/../lib/gcc/xte
nsa-esp-elf/14.2.0/../../../../xtensa-esp-elf/bin/ld.exe: 
.pio/build/custom-st7789-160x128/libc92/FastLED/FastLED.cpp.o: plugin needed 
to handle lto object
C:/Users/phamm/.platformio/packages/toolchain-xtensa-esp-elf/bin/../lib/gcc/xte
nsa-esp-elf/14.2.0/../../../../xtensa-esp-elf/bin/ld.exe: 
.pio/build/custom-st7789-160x128/libc92/FastLED/FastLED.cpp.o and 
.pio/build/custom-st7789-160x128/FrameworkArduinoVariant/variant.cpp.o: 
warning: multiple common of `__gnu_lto_slim'
C:/Users/phamm/.platformio/packages/toolchain-xtensa-esp-elf/bin/../lib/gcc/xte
nsa-esp-elf/14.2.0/../../../../xtensa-esp-elf/bin/ld.exe: 
.pio/build/custom-st7789-160x128/libc92/FastLED/bitswap.cpp.o: plugin needed 
to handle lto object
C:/Users/phamm/.platformio/packages/toolchain-xtensa-esp-elf/bin/../lib/gcc/xte
nsa-esp-elf/14.2.0/../../../../xtensa-esp-elf/bin/ld.exe: 
.pio/build/custom-st7789-160x128/libc92/FastLED/bitswap.cpp.o: plugin needed 
to handle lto object
C:/Users/phamm/.platformio/packages/toolchain-xtensa-esp-elf/bin/../lib/gcc/xte
nsa-esp-elf/14.2.0/../../../../xtensa-esp-elf/bin/ld.exe: 
.pio/build/custom-st7789-160x128/libc92/FastLED/bitswap.cpp.o and 
.pio/build/custom-st7789-160x128/FrameworkArduinoVariant/variant.cpp.o: 
warning: multiple common of `__gnu_lto_slim'
C:/Users/phamm/.platformio/packages/toolchain-xtensa-esp-elf/bin/../lib/gcc/xte
nsa-esp-elf/14.2.0/../../../../xtensa-esp-elf/bin/ld.exe: 
.pio/build/custom-st7789-160x128/libc92/FastLED/cled_controller.cpp.o: plugin 
needed to handle lto object
C:/Users/phamm/.platformio/packages/toolchain-xtensa-esp-elf/bin/../lib/gcc/xte
nsa-esp-elf/14.2.0/../../../../xtensa-esp-elf/bin/ld.exe: 
.pio/build/custom-st7789-160x128/libc92/FastLED/cled_controller.cpp.o: plugin 
needed to handle lto object
C:/Users/phamm/.platformio/packages/toolchain-xtensa-esp-elf/bin/../lib/gcc/xte
nsa-esp-elf/14.2.0/../../../../xtensa-esp-elf/bin/ld.exe: 
.pio/build/custom-st7789-160x128/libc92/FastLED/cled_controller.cpp.o and 
.pio/build/custom-st7789-160x128/FrameworkArduinoVariant/variant.cpp.o: 
warning: multiple common of `__gnu_lto_slim'
C:/Users/phamm/.platformio/packages/toolchain-xtensa-esp-elf/bin/../lib/gcc/xte
nsa-esp-elf/14.2.0/../../../../xtensa-esp-elf/bin/ld.exe: 
.pio/build/custom-st7789-160x128/libc92/FastLED/colorpalettes.cpp.o: plugin 
needed to handle lto object
C:/Users/phamm/.platformio/packages/toolchain-xtensa-esp-elf/bin/../lib/gcc/xte
nsa-esp-elf/14.2.0/../../../../xtensa-esp-elf/bin/ld.exe: 
.pio/build/custom-st7789-160x128/libc92/FastLED/colorpalettes.cpp.o: plugin 
needed to handle lto object
C:/Users/phamm/.platformio/packages/toolchain-xtensa-esp-elf/bin/../lib/gcc/xte
nsa-esp-elf/14.2.0/../../../../xtensa-esp-elf/bin/ld.exe: 
.pio/build/custom-st7789-160x128/libc92/FastLED/colorpalettes.cpp.o and 
.pio/build/custom-st7789-160x128/FrameworkArduinoVariant/variant.cpp.o: 
warning: multiple common of `__gnu_lto_slim'
C:/Users/phamm/.platformio/packages/toolchain-xtensa-esp-elf/bin/../lib/gcc/xte
nsa-esp-elf/14.2.0/../../../../xtensa-esp-elf/bin/ld.exe: 
.pio/build/custom-st7789-160x128/libc92/FastLED/crgb.cpp.o: plugin needed to 
handle lto object
C:/Users/phamm/.platformio/packages/toolchain-xtensa-esp-elf/bin/../lib/gcc/xte
nsa-esp-elf/14.2.0/../../../../xtensa-esp-elf/bin/ld.exe: 
.pio/build/custom-st7789-160x128/libc92/FastLED/crgb.cpp.o: plugin needed to 
handle lto object
C:/Users/phamm/.platformio/packages/toolchain-xtensa-esp-elf/bin/../lib/gcc/xte
nsa-esp-elf/14.2.0/../../../../xtensa-esp-elf/bin/ld.exe: 
.pio/build/custom-st7789-160x128/libc92/FastLED/crgb.cpp.o and 
.pio/build/custom-st7789-160x128/FrameworkArduinoVariant/variant.cpp.o: 
warning: multiple common of `__gnu_lto_slim'
C:/Users/phamm/.platformio/packages/toolchain-xtensa-esp-elf/bin/../lib/gcc/xte
nsa-esp-elf/14.2.0/../../../../xtensa-esp-elf/bin/ld.exe: 
.pio/build/custom-st7789-160x128/libc92/FastLED/fl/allocator.cpp.o: plugin 
needed to handle lto object
C:/Users/phamm/.platformio/packages/toolchain-xtensa-esp-elf/bin/../lib/gcc/xte
nsa-esp-elf/14.2.0/../../../../xtensa-esp-elf/bin/ld.exe: 
.pio/build/custom-st7789-160x128/libc92/FastLED/fl/allocator.cpp.o: plugin 
needed to handle lto object
C:/Users/phamm/.platformio/packages/toolchain-xtensa-esp-elf/bin/../lib/gcc/xte
nsa-esp-elf/14.2.0/../../../../xtensa-esp-elf/bin/ld.exe: 
.pio/build/custom-st7789-160x128/libc92/FastLED/fl/allocator.cpp.o and 
.pio/build/custom-st7789-160x128/FrameworkArduinoVariant/variant.cpp.o: 
warning: multiple common of `__gnu_lto_slim'
C:/Users/phamm/.platformio/packages/toolchain-xtensa-esp-elf/bin/../lib/gcc/xte
nsa-esp-elf/14.2.0/../../../../xtensa-esp-elf/bin/ld.exe: 
.pio/build/custom-st7789-160x128/libc92/FastLED/fl/async.cpp.o: plugin needed 
to handle lto object
C:/Users/phamm/.platformio/packages/toolchain-xtensa-esp-elf/bin/../lib/gcc/xte
nsa-esp-elf/14.2.0/../../../../xtensa-esp-elf/bin/ld.exe: 
.pio/build/custom-st7789-160x128/libc92/FastLED/fl/async.cpp.o: plugin needed 
to handle lto object
C:/Users/phamm/.platformio/packages/toolchain-xtensa-esp-elf/bin/../lib/gcc/xte
nsa-esp-elf/14.2.0/../../../../xtensa-esp-elf/bin/ld.exe: 
.pio/build/custom-st7789-160x128/libc92/FastLED/fl/async.cpp.o and 
.pio/build/custom-st7789-160x128/FrameworkArduinoVariant/variant.cpp.o: 
warning: multiple common of `__gnu_lto_slim'
C:/Users/phamm/.platformio/packages/toolchain-xtensa-esp-elf/bin/../lib/gcc/xte
nsa-esp-elf/14.2.0/../../../../xtensa-esp-elf/bin/ld.exe: 
.pio/build/custom-st7789-160x128/libc92/FastLED/fl/audio.cpp.o: plugin needed 
to handle lto object
C:/Users/phamm/.platformio/packages/toolchain-xtensa-esp-elf/bin/../lib/gcc/xte
nsa-esp-elf/14.2.0/../../../../xtensa-esp-elf/bin/ld.exe: 
.pio/build/custom-st7789-160x128/libc92/FastLED/fl/audio.cpp.o: plugin needed 
to handle lto object
C:/Users/phamm/.platformio/packages/toolchain-xtensa-esp-elf/bin/../lib/gcc/xte
nsa-esp-elf/14.2.0/../../../../xtensa-esp-elf/bin/ld.exe: 
.pio/build/custom-st7789-160x128/libc92/FastLED/fl/audio.cpp.o and 
.pio/build/custom-st7789-160x128/FrameworkArduinoVariant/variant.cpp.o: 
warning: multiple common of `__gnu_lto_slim'
C:/Users/phamm/.platformio/packages/toolchain-xtensa-esp-elf/bin/../lib/gcc/xte
nsa-esp-elf/14.2.0/../../../../xtensa-esp-elf/bin/ld.exe: 
.pio/build/custom-st7789-160x128/libc92/FastLED/fl/audio_input.cpp.o: plugin 
needed to handle lto object
C:/Users/phamm/.platformio/packages/toolchain-xtensa-esp-elf/bin/../lib/gcc/xte
nsa-esp-elf/14.2.0/../../../../xtensa-esp-elf/bin/ld.exe: 
.pio/build/custom-st7789-160x128/libc92/FastLED/fl/audio_input.cpp.o: plugin 
needed to handle lto object
C:/Users/phamm/.platformio/packages/toolchain-xtensa-esp-elf/bin/../lib/gcc/xte
nsa-esp-elf/14.2.0/../../../../xtensa-esp-elf/bin/ld.exe: 
.pio/build/custom-st7789-160x128/libc92/FastLED/fl/audio_input.cpp.o and 
.pio/build/custom-st7789-160x128/FrameworkArduinoVariant/variant.cpp.o: 
warning: multiple common of `__gnu_lto_slim'
C:/Users/phamm/.platformio/packages/toolchain-xtensa-esp-elf/bin/../lib/gcc/xte
nsa-esp-elf/14.2.0/../../../../xtensa-esp-elf/bin/ld.exe: 
.pio/build/custom-st7789-160x128/libc92/FastLED/fl/audio_reactive.cpp.o: 
plugin needed to handle lto object
C:/Users/phamm/.platformio/packages/toolchain-xtensa-esp-elf/bin/../lib/gcc/xte
nsa-esp-elf/14.2.0/../../../../xtensa-esp-elf/bin/ld.exe: 
.pio/build/custom-st7789-160x128/libc92/FastLED/fl/audio_reactive.cpp.o: 
plugin needed to handle lto object
C:/Users/phamm/.platformio/packages/toolchain-xtensa-esp-elf/bin/../lib/gcc/xte
nsa-esp-elf/14.2.0/../../../../xtensa-esp-elf/bin/ld.exe: 
.pio/build/custom-st7789-160x128/libc92/FastLED/fl/audio_reactive.cpp.o and 
.pio/build/custom-st7789-160x128/FrameworkArduinoVariant/variant.cpp.o: 
warning: multiple common of `__gnu_lto_slim'
C:/Users/phamm/.platformio/packages/toolchain-xtensa-esp-elf/bin/../lib/gcc/xte
nsa-esp-elf/14.2.0/../../../../xtensa-esp-elf/bin/ld.exe: 
.pio/build/custom-st7789-160x128/libc92/FastLED/fl/bitset.cpp.o: plugin needed 
to handle lto object
C:/Users/phamm/.platformio/packages/toolchain-xtensa-esp-elf/bin/../lib/gcc/xte
nsa-esp-elf/14.2.0/../../../../xtensa-esp-elf/bin/ld.exe: 
.pio/build/custom-st7789-160x128/libc92/FastLED/fl/bitset.cpp.o: plugin needed 
to handle lto object
C:/Users/phamm/.platformio/packages/toolchain-xtensa-esp-elf/bin/../lib/gcc/xte
nsa-esp-elf/14.2.0/../../../../xtensa-esp-elf/bin/ld.exe: 
.pio/build/custom-st7789-160x128/libc92/FastLED/fl/bitset.cpp.o and 
.pio/build/custom-st7789-160x128/FrameworkArduinoVariant/variant.cpp.o: 
warning: multiple common of `__gnu_lto_slim'
C:/Users/phamm/.platformio/packages/toolchain-xtensa-esp-elf/bin/../lib/gcc/xte
nsa-esp-elf/14.2.0/../../../../xtensa-esp-elf/bin/ld.exe: 
.pio/build/custom-st7789-160x128/libc92/FastLED/fl/blur.cpp.o: plugin needed 
to handle lto object
C:/Users/phamm/.platformio/packages/toolchain-xtensa-esp-elf/bin/../lib/gcc/xte
nsa-esp-elf/14.2.0/../../../../xtensa-esp-elf/bin/ld.exe: 
.pio/build/custom-st7789-160x128/libc92/FastLED/fl/blur.cpp.o: plugin needed 
to handle lto object
C:/Users/phamm/.platformio/packages/toolchain-xtensa-esp-elf/bin/../lib/gcc/xte
nsa-esp-elf/14.2.0/../../../../xtensa-esp-elf/bin/ld.exe: 
.pio/build/custom-st7789-160x128/libc92/FastLED/fl/blur.cpp.o and 
.pio/build/custom-st7789-160x128/FrameworkArduinoVariant/variant.cpp.o: 
warning: multiple common of `__gnu_lto_slim'
C:/Users/phamm/.platformio/packages/toolchain-xtensa-esp-elf/bin/../lib/gcc/xte
nsa-esp-elf/14.2.0/../../../../xtensa-esp-elf/bin/ld.exe: 
.pio/build/custom-st7789-160x128/libc92/FastLED/fl/bytestreammemory.cpp.o: 
plugin needed to handle lto object
C:/Users/phamm/.platformio/packages/toolchain-xtensa-esp-elf/bin/../lib/gcc/xte
nsa-esp-elf/14.2.0/../../../../xtensa-esp-elf/bin/ld.exe: 
.pio/build/custom-st7789-160x128/libc92/FastLED/fl/bytestreammemory.cpp.o: 
plugin needed to handle lto object
C:/Users/phamm/.platformio/packages/toolchain-xtensa-esp-elf/bin/../lib/gcc/xte
nsa-esp-elf/14.2.0/../../../../xtensa-esp-elf/bin/ld.exe: 
.pio/build/custom-st7789-160x128/libc92/FastLED/fl/bytestreammemory.cpp.o and 
.pio/build/custom-st7789-160x128/FrameworkArduinoVariant/variant.cpp.o: 
warning: multiple common of `__gnu_lto_slim'
C:/Users/phamm/.platformio/packages/toolchain-xtensa-esp-elf/bin/../lib/gcc/xte
nsa-esp-elf/14.2.0/../../../../xtensa-esp-elf/bin/ld.exe: 
.pio/build/custom-st7789-160x128/libc92/FastLED/fl/colorutils.cpp.o: plugin 
needed to handle lto object
C:/Users/phamm/.platformio/packages/toolchain-xtensa-esp-elf/bin/../lib/gcc/xte
nsa-esp-elf/14.2.0/../../../../xtensa-esp-elf/bin/ld.exe: 
.pio/build/custom-st7789-160x128/libc92/FastLED/fl/colorutils.cpp.o: plugin 
needed to handle lto object
C:/Users/phamm/.platformio/packages/toolchain-xtensa-esp-elf/bin/../lib/gcc/xte
nsa-esp-elf/14.2.0/../../../../xtensa-esp-elf/bin/ld.exe: 
.pio/build/custom-st7789-160x128/libc92/FastLED/fl/colorutils.cpp.o and 
.pio/build/custom-st7789-160x128/FrameworkArduinoVariant/variant.cpp.o: 
warning: multiple common of `__gnu_lto_slim'
C:/Users/phamm/.platformio/packages/toolchain-xtensa-esp-elf/bin/../lib/gcc/xte
nsa-esp-elf/14.2.0/../../../../xtensa-esp-elf/bin/ld.exe: 
.pio/build/custom-st7789-160x128/libc92/FastLED/fl/corkscrew.cpp.o: plugin 
needed to handle lto object
C:/Users/phamm/.platformio/packages/toolchain-xtensa-esp-elf/bin/../lib/gcc/xte
nsa-esp-elf/14.2.0/../../../../xtensa-esp-elf/bin/ld.exe: 
.pio/build/custom-st7789-160x128/libc92/FastLED/fl/corkscrew.cpp.o: plugin 
needed to handle lto object
C:/Users/phamm/.platformio/packages/toolchain-xtensa-esp-elf/bin/../lib/gcc/xte
nsa-esp-elf/14.2.0/../../../../xtensa-esp-elf/bin/ld.exe: 
.pio/build/custom-st7789-160x128/libc92/FastLED/fl/corkscrew.cpp.o and 
.pio/build/custom-st7789-160x128/FrameworkArduinoVariant/variant.cpp.o: 
warning: multiple common of `__gnu_lto_slim'
C:/Users/phamm/.platformio/packages/toolchain-xtensa-esp-elf/bin/../lib/gcc/xte
nsa-esp-elf/14.2.0/../../../../xtensa-esp-elf/bin/ld.exe: 
.pio/build/custom-st7789-160x128/libc92/FastLED/fl/crgb_hsv16.cpp.o: plugin 
needed to handle lto object
C:/Users/phamm/.platformio/packages/toolchain-xtensa-esp-elf/bin/../lib/gcc/xte
nsa-esp-elf/14.2.0/../../../../xtensa-esp-elf/bin/ld.exe: 
.pio/build/custom-st7789-160x128/libc92/FastLED/fl/crgb_hsv16.cpp.o: plugin 
needed to handle lto object
C:/Users/phamm/.platformio/packages/toolchain-xtensa-esp-elf/bin/../lib/gcc/xte
nsa-esp-elf/14.2.0/../../../../xtensa-esp-elf/bin/ld.exe: 
.pio/build/custom-st7789-160x128/libc92/FastLED/fl/crgb_hsv16.cpp.o and 
.pio/build/custom-st7789-160x128/FrameworkArduinoVariant/variant.cpp.o: 
warning: multiple common of `__gnu_lto_slim'
C:/Users/phamm/.platformio/packages/toolchain-xtensa-esp-elf/bin/../lib/gcc/xte
nsa-esp-elf/14.2.0/../../../../xtensa-esp-elf/bin/ld.exe: 
.pio/build/custom-st7789-160x128/libc92/FastLED/fl/downscale.cpp.o: plugin 
needed to handle lto object
C:/Users/phamm/.platformio/packages/toolchain-xtensa-esp-elf/bin/../lib/gcc/xte
nsa-esp-elf/14.2.0/../../../../xtensa-esp-elf/bin/ld.exe: 
.pio/build/custom-st7789-160x128/libc92/FastLED/fl/downscale.cpp.o: plugin 
needed to handle lto object
C:/Users/phamm/.platformio/packages/toolchain-xtensa-esp-elf/bin/../lib/gcc/xte
nsa-esp-elf/14.2.0/../../../../xtensa-esp-elf/bin/ld.exe: 
.pio/build/custom-st7789-160x128/libc92/FastLED/fl/downscale.cpp.o and 
.pio/build/custom-st7789-160x128/FrameworkArduinoVariant/variant.cpp.o: 
warning: multiple common of `__gnu_lto_slim'
C:/Users/phamm/.platformio/packages/toolchain-xtensa-esp-elf/bin/../lib/gcc/xte
nsa-esp-elf/14.2.0/../../../../xtensa-esp-elf/bin/ld.exe: 
.pio/build/custom-st7789-160x128/libc92/FastLED/fl/ease.cpp.o: plugin needed 
to handle lto object
C:/Users/phamm/.platformio/packages/toolchain-xtensa-esp-elf/bin/../lib/gcc/xte
nsa-esp-elf/14.2.0/../../../../xtensa-esp-elf/bin/ld.exe: 
.pio/build/custom-st7789-160x128/libc92/FastLED/fl/ease.cpp.o: plugin needed 
to handle lto object
C:/Users/phamm/.platformio/packages/toolchain-xtensa-esp-elf/bin/../lib/gcc/xte
nsa-esp-elf/14.2.0/../../../../xtensa-esp-elf/bin/ld.exe: 
.pio/build/custom-st7789-160x128/libc92/FastLED/fl/ease.cpp.o and 
.pio/build/custom-st7789-160x128/FrameworkArduinoVariant/variant.cpp.o: 
warning: multiple common of `__gnu_lto_slim'
C:/Users/phamm/.platformio/packages/toolchain-xtensa-esp-elf/bin/../lib/gcc/xte
nsa-esp-elf/14.2.0/../../../../xtensa-esp-elf/bin/ld.exe: 
.pio/build/custom-st7789-160x128/libc92/FastLED/fl/engine_events.cpp.o: plugin 
needed to handle lto object
C:/Users/phamm/.platformio/packages/toolchain-xtensa-esp-elf/bin/../lib/gcc/xte
nsa-esp-elf/14.2.0/../../../../xtensa-esp-elf/bin/ld.exe: 
.pio/build/custom-st7789-160x128/libc92/FastLED/fl/engine_events.cpp.o: plugin 
needed to handle lto object
C:/Users/phamm/.platformio/packages/toolchain-xtensa-esp-elf/bin/../lib/gcc/xte
nsa-esp-elf/14.2.0/../../../../xtensa-esp-elf/bin/ld.exe: 
.pio/build/custom-st7789-160x128/libc92/FastLED/fl/engine_events.cpp.o and 
.pio/build/custom-st7789-160x128/FrameworkArduinoVariant/variant.cpp.o: 
warning: multiple common of `__gnu_lto_slim'
C:/Users/phamm/.platformio/packages/toolchain-xtensa-esp-elf/bin/../lib/gcc/xte
nsa-esp-elf/14.2.0/../../../../xtensa-esp-elf/bin/ld.exe: 
.pio/build/custom-st7789-160x128/libc92/FastLED/fl/fetch.cpp.o: plugin needed 
to handle lto object
C:/Users/phamm/.platformio/packages/toolchain-xtensa-esp-elf/bin/../lib/gcc/xte
nsa-esp-elf/14.2.0/../../../../xtensa-esp-elf/bin/ld.exe: 
.pio/build/custom-st7789-160x128/libc92/FastLED/fl/fetch.cpp.o: plugin needed 
to handle lto object
C:/Users/phamm/.platformio/packages/toolchain-xtensa-esp-elf/bin/../lib/gcc/xte
nsa-esp-elf/14.2.0/../../../../xtensa-esp-elf/bin/ld.exe: 
.pio/build/custom-st7789-160x128/libc92/FastLED/fl/fetch.cpp.o and 
.pio/build/custom-st7789-160x128/FrameworkArduinoVariant/variant.cpp.o: 
warning: multiple common of `__gnu_lto_slim'
C:/Users/phamm/.platformio/packages/toolchain-xtensa-esp-elf/bin/../lib/gcc/xte
nsa-esp-elf/14.2.0/../../../../xtensa-esp-elf/bin/ld.exe: 
.pio/build/custom-st7789-160x128/libc92/FastLED/fl/fft.cpp.o: plugin needed to 
handle lto object
C:/Users/phamm/.platformio/packages/toolchain-xtensa-esp-elf/bin/../lib/gcc/xte
nsa-esp-elf/14.2.0/../../../../xtensa-esp-elf/bin/ld.exe: 
.pio/build/custom-st7789-160x128/libc92/FastLED/fl/fft.cpp.o: plugin needed to 
handle lto object
C:/Users/phamm/.platformio/packages/toolchain-xtensa-esp-elf/bin/../lib/gcc/xte
nsa-esp-elf/14.2.0/../../../../xtensa-esp-elf/bin/ld.exe: 
.pio/build/custom-st7789-160x128/libc92/FastLED/fl/fft.cpp.o and 
.pio/build/custom-st7789-160x128/FrameworkArduinoVariant/variant.cpp.o: 
warning: multiple common of `__gnu_lto_slim'
C:/Users/phamm/.platformio/packages/toolchain-xtensa-esp-elf/bin/../lib/gcc/xte
nsa-esp-elf/14.2.0/../../../../xtensa-esp-elf/bin/ld.exe: 
.pio/build/custom-st7789-160x128/libc92/FastLED/fl/fft_impl.cpp.o: plugin 
needed to handle lto object
C:/Users/phamm/.platformio/packages/toolchain-xtensa-esp-elf/bin/../lib/gcc/xte
nsa-esp-elf/14.2.0/../../../../xtensa-esp-elf/bin/ld.exe: 
.pio/build/custom-st7789-160x128/libc92/FastLED/fl/fft_impl.cpp.o: plugin 
needed to handle lto object
C:/Users/phamm/.platformio/packages/toolchain-xtensa-esp-elf/bin/../lib/gcc/xte
nsa-esp-elf/14.2.0/../../../../xtensa-esp-elf/bin/ld.exe: 
.pio/build/custom-st7789-160x128/libc92/FastLED/fl/fft_impl.cpp.o and 
.pio/build/custom-st7789-160x128/FrameworkArduinoVariant/variant.cpp.o: 
warning: multiple common of `__gnu_lto_slim'
C:/Users/phamm/.platformio/packages/toolchain-xtensa-esp-elf/bin/../lib/gcc/xte
nsa-esp-elf/14.2.0/../../../../xtensa-esp-elf/bin/ld.exe: 
.pio/build/custom-st7789-160x128/libc92/FastLED/fl/file_system.cpp.o: plugin 
needed to handle lto object
C:/Users/phamm/.platformio/packages/toolchain-xtensa-esp-elf/bin/../lib/gcc/xte
nsa-esp-elf/14.2.0/../../../../xtensa-esp-elf/bin/ld.exe: 
.pio/build/custom-st7789-160x128/libc92/FastLED/fl/file_system.cpp.o: plugin 
needed to handle lto object
C:/Users/phamm/.platformio/packages/toolchain-xtensa-esp-elf/bin/../lib/gcc/xte
nsa-esp-elf/14.2.0/../../../../xtensa-esp-elf/bin/ld.exe: 
.pio/build/custom-st7789-160x128/libc92/FastLED/fl/file_system.cpp.o and 
.pio/build/custom-st7789-160x128/FrameworkArduinoVariant/variant.cpp.o: 
warning: multiple common of `__gnu_lto_slim'
C:/Users/phamm/.platformio/packages/toolchain-xtensa-esp-elf/bin/../lib/gcc/xte
nsa-esp-elf/14.2.0/../../../../xtensa-esp-elf/bin/ld.exe: 
.pio/build/custom-st7789-160x128/libc92/FastLED/fl/fill.cpp.o: plugin needed 
to handle lto object
C:/Users/phamm/.platformio/packages/toolchain-xtensa-esp-elf/bin/../lib/gcc/xte
nsa-esp-elf/14.2.0/../../../../xtensa-esp-elf/bin/ld.exe: 
.pio/build/custom-st7789-160x128/libc92/FastLED/fl/fill.cpp.o: plugin needed 
to handle lto object
C:/Users/phamm/.platformio/packages/toolchain-xtensa-esp-elf/bin/../lib/gcc/xte
nsa-esp-elf/14.2.0/../../../../xtensa-esp-elf/bin/ld.exe: 
.pio/build/custom-st7789-160x128/libc92/FastLED/fl/fill.cpp.o and 
.pio/build/custom-st7789-160x128/FrameworkArduinoVariant/variant.cpp.o: 
warning: multiple common of `__gnu_lto_slim'
C:/Users/phamm/.platformio/packages/toolchain-xtensa-esp-elf/bin/../lib/gcc/xte
nsa-esp-elf/14.2.0/../../../../xtensa-esp-elf/bin/ld.exe: 
.pio/build/custom-st7789-160x128/libc92/FastLED/fl/gamma.cpp.o: plugin needed 
to handle lto object
C:/Users/phamm/.platformio/packages/toolchain-xtensa-esp-elf/bin/../lib/gcc/xte
nsa-esp-elf/14.2.0/../../../../xtensa-esp-elf/bin/ld.exe: 
.pio/build/custom-st7789-160x128/libc92/FastLED/fl/gamma.cpp.o: plugin needed 
to handle lto object
C:/Users/phamm/.platformio/packages/toolchain-xtensa-esp-elf/bin/../lib/gcc/xte
nsa-esp-elf/14.2.0/../../../../xtensa-esp-elf/bin/ld.exe: 
.pio/build/custom-st7789-160x128/libc92/FastLED/fl/gamma.cpp.o and 
.pio/build/custom-st7789-160x128/FrameworkArduinoVariant/variant.cpp.o: 
warning: multiple common of `__gnu_lto_slim'
C:/Users/phamm/.platformio/packages/toolchain-xtensa-esp-elf/bin/../lib/gcc/xte
nsa-esp-elf/14.2.0/../../../../xtensa-esp-elf/bin/ld.exe: 
.pio/build/custom-st7789-160x128/libc92/FastLED/fl/gradient.cpp.o: plugin 
needed to handle lto object
C:/Users/phamm/.platformio/packages/toolchain-xtensa-esp-elf/bin/../lib/gcc/xte
nsa-esp-elf/14.2.0/../../../../xtensa-esp-elf/bin/ld.exe: 
.pio/build/custom-st7789-160x128/libc92/FastLED/fl/gradient.cpp.o: plugin 
needed to handle lto object
C:/Users/phamm/.platformio/packages/toolchain-xtensa-esp-elf/bin/../lib/gcc/xte
nsa-esp-elf/14.2.0/../../../../xtensa-esp-elf/bin/ld.exe: 
.pio/build/custom-st7789-160x128/libc92/FastLED/fl/gradient.cpp.o and 
.pio/build/custom-st7789-160x128/FrameworkArduinoVariant/variant.cpp.o: 
warning: multiple common of `__gnu_lto_slim'
C:/Users/phamm/.platformio/packages/toolchain-xtensa-esp-elf/bin/../lib/gcc/xte
nsa-esp-elf/14.2.0/../../../../xtensa-esp-elf/bin/ld.exe: 
.pio/build/custom-st7789-160x128/libc92/FastLED/fl/hsv16.cpp.o: plugin needed 
to handle lto object
C:/Users/phamm/.platformio/packages/toolchain-xtensa-esp-elf/bin/../lib/gcc/xte
nsa-esp-elf/14.2.0/../../../../xtensa-esp-elf/bin/ld.exe: 
.pio/build/custom-st7789-160x128/libc92/FastLED/fl/hsv16.cpp.o: plugin needed 
to handle lto object
C:/Users/phamm/.platformio/packages/toolchain-xtensa-esp-elf/bin/../lib/gcc/xte
nsa-esp-elf/14.2.0/../../../../xtensa-esp-elf/bin/ld.exe: 
.pio/build/custom-st7789-160x128/libc92/FastLED/fl/hsv16.cpp.o and 
.pio/build/custom-st7789-160x128/FrameworkArduinoVariant/variant.cpp.o: 
warning: multiple common of `__gnu_lto_slim'
C:/Users/phamm/.platformio/packages/toolchain-xtensa-esp-elf/bin/../lib/gcc/xte
nsa-esp-elf/14.2.0/../../../../xtensa-esp-elf/bin/ld.exe: 
.pio/build/custom-st7789-160x128/libc92/FastLED/fl/id_tracker.cpp.o: plugin 
needed to handle lto object
C:/Users/phamm/.platformio/packages/toolchain-xtensa-esp-elf/bin/../lib/gcc/xte
nsa-esp-elf/14.2.0/../../../../xtensa-esp-elf/bin/ld.exe: 
.pio/build/custom-st7789-160x128/libc92/FastLED/fl/id_tracker.cpp.o: plugin 
needed to handle lto object
C:/Users/phamm/.platformio/packages/toolchain-xtensa-esp-elf/bin/../lib/gcc/xte
nsa-esp-elf/14.2.0/../../../../xtensa-esp-elf/bin/ld.exe: 
.pio/build/custom-st7789-160x128/libc92/FastLED/fl/id_tracker.cpp.o and 
.pio/build/custom-st7789-160x128/FrameworkArduinoVariant/variant.cpp.o: 
warning: multiple common of `__gnu_lto_slim'
C:/Users/phamm/.platformio/packages/toolchain-xtensa-esp-elf/bin/../lib/gcc/xte
nsa-esp-elf/14.2.0/../../../../xtensa-esp-elf/bin/ld.exe: 
.pio/build/custom-st7789-160x128/libc92/FastLED/fl/io.cpp.o: plugin needed to 
handle lto object
C:/Users/phamm/.platformio/packages/toolchain-xtensa-esp-elf/bin/../lib/gcc/xte
nsa-esp-elf/14.2.0/../../../../xtensa-esp-elf/bin/ld.exe: 
.pio/build/custom-st7789-160x128/libc92/FastLED/fl/io.cpp.o: plugin needed to 
handle lto object
C:/Users/phamm/.platformio/packages/toolchain-xtensa-esp-elf/bin/../lib/gcc/xte
nsa-esp-elf/14.2.0/../../../../xtensa-esp-elf/bin/ld.exe: 
.pio/build/custom-st7789-160x128/libc92/FastLED/fl/io.cpp.o and 
.pio/build/custom-st7789-160x128/FrameworkArduinoVariant/variant.cpp.o: 
warning: multiple common of `__gnu_lto_slim'
C:/Users/phamm/.platformio/packages/toolchain-xtensa-esp-elf/bin/../lib/gcc/xte
nsa-esp-elf/14.2.0/../../../../xtensa-esp-elf/bin/ld.exe: 
.pio/build/custom-st7789-160x128/libc92/FastLED/fl/istream.cpp.o: plugin 
needed to handle lto object
C:/Users/phamm/.platformio/packages/toolchain-xtensa-esp-elf/bin/../lib/gcc/xte
nsa-esp-elf/14.2.0/../../../../xtensa-esp-elf/bin/ld.exe: 
.pio/build/custom-st7789-160x128/libc92/FastLED/fl/istream.cpp.o: plugin 
needed to handle lto object
C:/Users/phamm/.platformio/packages/toolchain-xtensa-esp-elf/bin/../lib/gcc/xte
nsa-esp-elf/14.2.0/../../../../xtensa-esp-elf/bin/ld.exe: 
.pio/build/custom-st7789-160x128/libc92/FastLED/fl/istream.cpp.o and 
.pio/build/custom-st7789-160x128/FrameworkArduinoVariant/variant.cpp.o: 
warning: multiple common of `__gnu_lto_slim'
C:/Users/phamm/.platformio/packages/toolchain-xtensa-esp-elf/bin/../lib/gcc/xte
nsa-esp-elf/14.2.0/../../../../xtensa-esp-elf/bin/ld.exe: 
.pio/build/custom-st7789-160x128/libc92/FastLED/fl/json.cpp.o: plugin needed 
to handle lto object
C:/Users/phamm/.platformio/packages/toolchain-xtensa-esp-elf/bin/../lib/gcc/xte
nsa-esp-elf/14.2.0/../../../../xtensa-esp-elf/bin/ld.exe: 
.pio/build/custom-st7789-160x128/libc92/FastLED/fl/json.cpp.o: plugin needed 
to handle lto object
C:/Users/phamm/.platformio/packages/toolchain-xtensa-esp-elf/bin/../lib/gcc/xte
nsa-esp-elf/14.2.0/../../../../xtensa-esp-elf/bin/ld.exe: 
.pio/build/custom-st7789-160x128/libc92/FastLED/fl/json.cpp.o and 
.pio/build/custom-st7789-160x128/FrameworkArduinoVariant/variant.cpp.o: 
warning: multiple common of `__gnu_lto_slim'
C:/Users/phamm/.platformio/packages/toolchain-xtensa-esp-elf/bin/../lib/gcc/xte
nsa-esp-elf/14.2.0/../../../../xtensa-esp-elf/bin/ld.exe: 
.pio/build/custom-st7789-160x128/libc92/FastLED/fl/leds.cpp.o: plugin needed 
to handle lto object
C:/Users/phamm/.platformio/packages/toolchain-xtensa-esp-elf/bin/../lib/gcc/xte
nsa-esp-elf/14.2.0/../../../../xtensa-esp-elf/bin/ld.exe: 
.pio/build/custom-st7789-160x128/libc92/FastLED/fl/leds.cpp.o: plugin needed 
to handle lto object
C:/Users/phamm/.platformio/packages/toolchain-xtensa-esp-elf/bin/../lib/gcc/xte
nsa-esp-elf/14.2.0/../../../../xtensa-esp-elf/bin/ld.exe: 
.pio/build/custom-st7789-160x128/libc92/FastLED/fl/leds.cpp.o and 
.pio/build/custom-st7789-160x128/FrameworkArduinoVariant/variant.cpp.o: 
warning: multiple common of `__gnu_lto_slim'
C:/Users/phamm/.platformio/packages/toolchain-xtensa-esp-elf/bin/../lib/gcc/xte
nsa-esp-elf/14.2.0/../../../../xtensa-esp-elf/bin/ld.exe: 
.pio/build/custom-st7789-160x128/libc92/FastLED/fl/line_simplification.cpp.o: 
plugin needed to handle lto object
C:/Users/phamm/.platformio/packages/toolchain-xtensa-esp-elf/bin/../lib/gcc/xte
nsa-esp-elf/14.2.0/../../../../xtensa-esp-elf/bin/ld.exe: 
.pio/build/custom-st7789-160x128/libc92/FastLED/fl/line_simplification.cpp.o: 
plugin needed to handle lto object
C:/Users/phamm/.platformio/packages/toolchain-xtensa-esp-elf/bin/../lib/gcc/xte
nsa-esp-elf/14.2.0/../../../../xtensa-esp-elf/bin/ld.exe: 
.pio/build/custom-st7789-160x128/libc92/FastLED/fl/line_simplification.cpp.o 
and .pio/build/custom-st7789-160x128/FrameworkArduinoVariant/variant.cpp.o: 
warning: multiple common of `__gnu_lto_slim'
C:/Users/phamm/.platformio/packages/toolchain-xtensa-esp-elf/bin/../lib/gcc/xte
nsa-esp-elf/14.2.0/../../../../xtensa-esp-elf/bin/ld.exe: 
.pio/build/custom-st7789-160x128/libc92/FastLED/fl/noise_woryley.cpp.o: plugin 
needed to handle lto object
C:/Users/phamm/.platformio/packages/toolchain-xtensa-esp-elf/bin/../lib/gcc/xte
nsa-esp-elf/14.2.0/../../../../xtensa-esp-elf/bin/ld.exe: 
.pio/build/custom-st7789-160x128/libc92/FastLED/fl/noise_woryley.cpp.o: plugin 
needed to handle lto object
C:/Users/phamm/.platformio/packages/toolchain-xtensa-esp-elf/bin/../lib/gcc/xte
nsa-esp-elf/14.2.0/../../../../xtensa-esp-elf/bin/ld.exe: 
.pio/build/custom-st7789-160x128/libc92/FastLED/fl/noise_woryley.cpp.o and 
.pio/build/custom-st7789-160x128/FrameworkArduinoVariant/variant.cpp.o: 
warning: multiple common of `__gnu_lto_slim'
C:/Users/phamm/.platformio/packages/toolchain-xtensa-esp-elf/bin/../lib/gcc/xte
nsa-esp-elf/14.2.0/../../../../xtensa-esp-elf/bin/ld.exe: 
.pio/build/custom-st7789-160x128/libc92/FastLED/fl/ostream.cpp.o: plugin 
needed to handle lto object
C:/Users/phamm/.platformio/packages/toolchain-xtensa-esp-elf/bin/../lib/gcc/xte
nsa-esp-elf/14.2.0/../../../../xtensa-esp-elf/bin/ld.exe: 
.pio/build/custom-st7789-160x128/libc92/FastLED/fl/ostream.cpp.o: plugin 
needed to handle lto object
C:/Users/phamm/.platformio/packages/toolchain-xtensa-esp-elf/bin/../lib/gcc/xte
nsa-esp-elf/14.2.0/../../../../xtensa-esp-elf/bin/ld.exe: 
.pio/build/custom-st7789-160x128/libc92/FastLED/fl/ostream.cpp.o and 
.pio/build/custom-st7789-160x128/FrameworkArduinoVariant/variant.cpp.o: 
warning: multiple common of `__gnu_lto_slim'
C:/Users/phamm/.platformio/packages/toolchain-xtensa-esp-elf/bin/../lib/gcc/xte
nsa-esp-elf/14.2.0/../../../../xtensa-esp-elf/bin/ld.exe: 
.pio/build/custom-st7789-160x128/libc92/FastLED/fl/ptr.cpp.o: plugin needed to 
handle lto object
C:/Users/phamm/.platformio/packages/toolchain-xtensa-esp-elf/bin/../lib/gcc/xte
nsa-esp-elf/14.2.0/../../../../xtensa-esp-elf/bin/ld.exe: 
.pio/build/custom-st7789-160x128/libc92/FastLED/fl/ptr.cpp.o: plugin needed to 
handle lto object
C:/Users/phamm/.platformio/packages/toolchain-xtensa-esp-elf/bin/../lib/gcc/xte
nsa-esp-elf/14.2.0/../../../../xtensa-esp-elf/bin/ld.exe: 
.pio/build/custom-st7789-160x128/libc92/FastLED/fl/ptr.cpp.o and 
.pio/build/custom-st7789-160x128/FrameworkArduinoVariant/variant.cpp.o: 
warning: multiple common of `__gnu_lto_slim'
C:/Users/phamm/.platformio/packages/toolchain-xtensa-esp-elf/bin/../lib/gcc/xte
nsa-esp-elf/14.2.0/../../../../xtensa-esp-elf/bin/ld.exe: 
.pio/build/custom-st7789-160x128/libc92/FastLED/fl/random.cpp.o: plugin needed 
to handle lto object
C:/Users/phamm/.platformio/packages/toolchain-xtensa-esp-elf/bin/../lib/gcc/xte
nsa-esp-elf/14.2.0/../../../../xtensa-esp-elf/bin/ld.exe: 
.pio/build/custom-st7789-160x128/libc92/FastLED/fl/random.cpp.o: plugin needed 
to handle lto object
C:/Users/phamm/.platformio/packages/toolchain-xtensa-esp-elf/bin/../lib/gcc/xte
nsa-esp-elf/14.2.0/../../../../xtensa-esp-elf/bin/ld.exe: 
.pio/build/custom-st7789-160x128/libc92/FastLED/fl/random.cpp.o and 
.pio/build/custom-st7789-160x128/FrameworkArduinoVariant/variant.cpp.o: 
warning: multiple common of `__gnu_lto_slim'
C:/Users/phamm/.platformio/packages/toolchain-xtensa-esp-elf/bin/../lib/gcc/xte
nsa-esp-elf/14.2.0/../../../../xtensa-esp-elf/bin/ld.exe: 
.pio/build/custom-st7789-160x128/libc92/FastLED/fl/raster_sparse.cpp.o: plugin 
needed to handle lto object
C:/Users/phamm/.platformio/packages/toolchain-xtensa-esp-elf/bin/../lib/gcc/xte
nsa-esp-elf/14.2.0/../../../../xtensa-esp-elf/bin/ld.exe: 
.pio/build/custom-st7789-160x128/libc92/FastLED/fl/raster_sparse.cpp.o: plugin 
needed to handle lto object
C:/Users/phamm/.platformio/packages/toolchain-xtensa-esp-elf/bin/../lib/gcc/xte
nsa-esp-elf/14.2.0/../../../../xtensa-esp-elf/bin/ld.exe: 
.pio/build/custom-st7789-160x128/libc92/FastLED/fl/raster_sparse.cpp.o and 
.pio/build/custom-st7789-160x128/FrameworkArduinoVariant/variant.cpp.o: 
warning: multiple common of `__gnu_lto_slim'
C:/Users/phamm/.platformio/packages/toolchain-xtensa-esp-elf/bin/../lib/gcc/xte
nsa-esp-elf/14.2.0/../../../../xtensa-esp-elf/bin/ld.exe: .pio/build/custom-st7
789-160x128/libc92/FastLED/fl/rectangular_draw_buffer.cpp.o: plugin needed to 
handle lto object
C:/Users/phamm/.platformio/packages/toolchain-xtensa-esp-elf/bin/../lib/gcc/xte
nsa-esp-elf/14.2.0/../../../../xtensa-esp-elf/bin/ld.exe: .pio/build/custom-st7
789-160x128/libc92/FastLED/fl/rectangular_draw_buffer.cpp.o: plugin needed to 
handle lto object
C:/Users/phamm/.platformio/packages/toolchain-xtensa-esp-elf/bin/../lib/gcc/xte
nsa-esp-elf/14.2.0/../../../../xtensa-esp-elf/bin/ld.exe: .pio/build/custom-st7
789-160x128/libc92/FastLED/fl/rectangular_draw_buffer.cpp.o and 
.pio/build/custom-st7789-160x128/FrameworkArduinoVariant/variant.cpp.o: 
warning: multiple common of `__gnu_lto_slim'
C:/Users/phamm/.platformio/packages/toolchain-xtensa-esp-elf/bin/../lib/gcc/xte
nsa-esp-elf/14.2.0/../../../../xtensa-esp-elf/bin/ld.exe: 
.pio/build/custom-st7789-160x128/libc92/FastLED/fl/referent.cpp.o: plugin 
needed to handle lto object
C:/Users/phamm/.platformio/packages/toolchain-xtensa-esp-elf/bin/../lib/gcc/xte
nsa-esp-elf/14.2.0/../../../../xtensa-esp-elf/bin/ld.exe: 
.pio/build/custom-st7789-160x128/libc92/FastLED/fl/referent.cpp.o: plugin 
needed to handle lto object
C:/Users/phamm/.platformio/packages/toolchain-xtensa-esp-elf/bin/../lib/gcc/xte
nsa-esp-elf/14.2.0/../../../../xtensa-esp-elf/bin/ld.exe: 
.pio/build/custom-st7789-160x128/libc92/FastLED/fl/referent.cpp.o and 
.pio/build/custom-st7789-160x128/FrameworkArduinoVariant/variant.cpp.o: 
warning: multiple common of `__gnu_lto_slim'
C:/Users/phamm/.platformio/packages/toolchain-xtensa-esp-elf/bin/../lib/gcc/xte
nsa-esp-elf/14.2.0/../../../../xtensa-esp-elf/bin/ld.exe: 
.pio/build/custom-st7789-160x128/libc92/FastLED/fl/rgbw.cpp.o: plugin needed 
to handle lto object
C:/Users/phamm/.platformio/packages/toolchain-xtensa-esp-elf/bin/../lib/gcc/xte
nsa-esp-elf/14.2.0/../../../../xtensa-esp-elf/bin/ld.exe: 
.pio/build/custom-st7789-160x128/libc92/FastLED/fl/rgbw.cpp.o: plugin needed 
to handle lto object
C:/Users/phamm/.platformio/packages/toolchain-xtensa-esp-elf/bin/../lib/gcc/xte
nsa-esp-elf/14.2.0/../../../../xtensa-esp-elf/bin/ld.exe: 
.pio/build/custom-st7789-160x128/libc92/FastLED/fl/rgbw.cpp.o and 
.pio/build/custom-st7789-160x128/FrameworkArduinoVariant/variant.cpp.o: 
warning: multiple common of `__gnu_lto_slim'
C:/Users/phamm/.platformio/packages/toolchain-xtensa-esp-elf/bin/../lib/gcc/xte
nsa-esp-elf/14.2.0/../../../../xtensa-esp-elf/bin/ld.exe: 
.pio/build/custom-st7789-160x128/libc92/FastLED/fl/screenmap.cpp.o: plugin 
needed to handle lto object
C:/Users/phamm/.platformio/packages/toolchain-xtensa-esp-elf/bin/../lib/gcc/xte
nsa-esp-elf/14.2.0/../../../../xtensa-esp-elf/bin/ld.exe: 
.pio/build/custom-st7789-160x128/libc92/FastLED/fl/screenmap.cpp.o: plugin 
needed to handle lto object
C:/Users/phamm/.platformio/packages/toolchain-xtensa-esp-elf/bin/../lib/gcc/xte
nsa-esp-elf/14.2.0/../../../../xtensa-esp-elf/bin/ld.exe: 
.pio/build/custom-st7789-160x128/libc92/FastLED/fl/screenmap.cpp.o and 
.pio/build/custom-st7789-160x128/FrameworkArduinoVariant/variant.cpp.o: 
warning: multiple common of `__gnu_lto_slim'
C:/Users/phamm/.platformio/packages/toolchain-xtensa-esp-elf/bin/../lib/gcc/xte
nsa-esp-elf/14.2.0/../../../../xtensa-esp-elf/bin/ld.exe: 
.pio/build/custom-st7789-160x128/libc92/FastLED/fl/sin32.cpp.o: plugin needed 
to handle lto object
C:/Users/phamm/.platformio/packages/toolchain-xtensa-esp-elf/bin/../lib/gcc/xte
nsa-esp-elf/14.2.0/../../../../xtensa-esp-elf/bin/ld.exe: 
.pio/build/custom-st7789-160x128/libc92/FastLED/fl/sin32.cpp.o: plugin needed 
to handle lto object
C:/Users/phamm/.platformio/packages/toolchain-xtensa-esp-elf/bin/../lib/gcc/xte
nsa-esp-elf/14.2.0/../../../../xtensa-esp-elf/bin/ld.exe: 
.pio/build/custom-st7789-160x128/libc92/FastLED/fl/sin32.cpp.o and 
.pio/build/custom-st7789-160x128/FrameworkArduinoVariant/variant.cpp.o: 
warning: multiple common of `__gnu_lto_slim'
C:/Users/phamm/.platformio/packages/toolchain-xtensa-esp-elf/bin/../lib/gcc/xte
nsa-esp-elf/14.2.0/../../../../xtensa-esp-elf/bin/ld.exe: 
.pio/build/custom-st7789-160x128/libc92/FastLED/fl/splat.cpp.o: plugin needed 
to handle lto object
C:/Users/phamm/.platformio/packages/toolchain-xtensa-esp-elf/bin/../lib/gcc/xte
nsa-esp-elf/14.2.0/../../../../xtensa-esp-elf/bin/ld.exe: 
.pio/build/custom-st7789-160x128/libc92/FastLED/fl/splat.cpp.o: plugin needed 
to handle lto object
C:/Users/phamm/.platformio/packages/toolchain-xtensa-esp-elf/bin/../lib/gcc/xte
nsa-esp-elf/14.2.0/../../../../xtensa-esp-elf/bin/ld.exe: 
.pio/build/custom-st7789-160x128/libc92/FastLED/fl/splat.cpp.o and 
.pio/build/custom-st7789-160x128/FrameworkArduinoVariant/variant.cpp.o: 
warning: multiple common of `__gnu_lto_slim'
C:/Users/phamm/.platformio/packages/toolchain-xtensa-esp-elf/bin/../lib/gcc/xte
nsa-esp-elf/14.2.0/../../../../xtensa-esp-elf/bin/ld.exe: 
.pio/build/custom-st7789-160x128/libc92/FastLED/fl/str.cpp.o: plugin needed to 
handle lto object
C:/Users/phamm/.platformio/packages/toolchain-xtensa-esp-elf/bin/../lib/gcc/xte
nsa-esp-elf/14.2.0/../../../../xtensa-esp-elf/bin/ld.exe: 
.pio/build/custom-st7789-160x128/libc92/FastLED/fl/str.cpp.o: plugin needed to 
handle lto object
C:/Users/phamm/.platformio/packages/toolchain-xtensa-esp-elf/bin/../lib/gcc/xte
nsa-esp-elf/14.2.0/../../../../xtensa-esp-elf/bin/ld.exe: 
.pio/build/custom-st7789-160x128/libc92/FastLED/fl/str.cpp.o and 
.pio/build/custom-st7789-160x128/FrameworkArduinoVariant/variant.cpp.o: 
warning: multiple common of `__gnu_lto_slim'
C:/Users/phamm/.platformio/packages/toolchain-xtensa-esp-elf/bin/../lib/gcc/xte
nsa-esp-elf/14.2.0/../../../../xtensa-esp-elf/bin/ld.exe: 
.pio/build/custom-st7789-160x128/libc92/FastLED/fl/str_ui.cpp.o: plugin needed 
to handle lto object
C:/Users/phamm/.platformio/packages/toolchain-xtensa-esp-elf/bin/../lib/gcc/xte
nsa-esp-elf/14.2.0/../../../../xtensa-esp-elf/bin/ld.exe: 
.pio/build/custom-st7789-160x128/libc92/FastLED/fl/str_ui.cpp.o: plugin needed 
to handle lto object
C:/Users/phamm/.platformio/packages/toolchain-xtensa-esp-elf/bin/../lib/gcc/xte
nsa-esp-elf/14.2.0/../../../../xtensa-esp-elf/bin/ld.exe: 
.pio/build/custom-st7789-160x128/libc92/FastLED/fl/str_ui.cpp.o and 
.pio/build/custom-st7789-160x128/FrameworkArduinoVariant/variant.cpp.o: 
warning: multiple common of `__gnu_lto_slim'
C:/Users/phamm/.platformio/packages/toolchain-xtensa-esp-elf/bin/../lib/gcc/xte
nsa-esp-elf/14.2.0/../../../../xtensa-esp-elf/bin/ld.exe: 
.pio/build/custom-st7789-160x128/libc92/FastLED/fl/strstream.cpp.o: plugin 
needed to handle lto object
C:/Users/phamm/.platformio/packages/toolchain-xtensa-esp-elf/bin/../lib/gcc/xte
nsa-esp-elf/14.2.0/../../../../xtensa-esp-elf/bin/ld.exe: 
.pio/build/custom-st7789-160x128/libc92/FastLED/fl/strstream.cpp.o: plugin 
needed to handle lto object
C:/Users/phamm/.platformio/packages/toolchain-xtensa-esp-elf/bin/../lib/gcc/xte
nsa-esp-elf/14.2.0/../../../../xtensa-esp-elf/bin/ld.exe: 
.pio/build/custom-st7789-160x128/libc92/FastLED/fl/strstream.cpp.o and 
.pio/build/custom-st7789-160x128/FrameworkArduinoVariant/variant.cpp.o: 
warning: multiple common of `__gnu_lto_slim'
C:/Users/phamm/.platformio/packages/toolchain-xtensa-esp-elf/bin/../lib/gcc/xte
nsa-esp-elf/14.2.0/../../../../xtensa-esp-elf/bin/ld.exe: 
.pio/build/custom-st7789-160x128/libc92/FastLED/fl/stub_main.cpp.o: plugin 
needed to handle lto object
C:/Users/phamm/.platformio/packages/toolchain-xtensa-esp-elf/bin/../lib/gcc/xte
nsa-esp-elf/14.2.0/../../../../xtensa-esp-elf/bin/ld.exe: 
.pio/build/custom-st7789-160x128/libc92/FastLED/fl/stub_main.cpp.o: plugin 
needed to handle lto object
C:/Users/phamm/.platformio/packages/toolchain-xtensa-esp-elf/bin/../lib/gcc/xte
nsa-esp-elf/14.2.0/../../../../xtensa-esp-elf/bin/ld.exe: 
.pio/build/custom-st7789-160x128/libc92/FastLED/fl/stub_main.cpp.o and 
.pio/build/custom-st7789-160x128/FrameworkArduinoVariant/variant.cpp.o: 
warning: multiple common of `__gnu_lto_slim'
C:/Users/phamm/.platformio/packages/toolchain-xtensa-esp-elf/bin/../lib/gcc/xte
nsa-esp-elf/14.2.0/../../../../xtensa-esp-elf/bin/ld.exe: 
.pio/build/custom-st7789-160x128/libc92/FastLED/fl/task.cpp.o: plugin needed 
to handle lto object
C:/Users/phamm/.platformio/packages/toolchain-xtensa-esp-elf/bin/../lib/gcc/xte
nsa-esp-elf/14.2.0/../../../../xtensa-esp-elf/bin/ld.exe: 
.pio/build/custom-st7789-160x128/libc92/FastLED/fl/task.cpp.o: plugin needed 
to handle lto object
C:/Users/phamm/.platformio/packages/toolchain-xtensa-esp-elf/bin/../lib/gcc/xte
nsa-esp-elf/14.2.0/../../../../xtensa-esp-elf/bin/ld.exe: 
.pio/build/custom-st7789-160x128/libc92/FastLED/fl/task.cpp.o and 
.pio/build/custom-st7789-160x128/FrameworkArduinoVariant/variant.cpp.o: 
warning: multiple common of `__gnu_lto_slim'
C:/Users/phamm/.platformio/packages/toolchain-xtensa-esp-elf/bin/../lib/gcc/xte
nsa-esp-elf/14.2.0/../../../../xtensa-esp-elf/bin/ld.exe: 
.pio/build/custom-st7789-160x128/libc92/FastLED/fl/tile2x2.cpp.o: plugin 
needed to handle lto object
C:/Users/phamm/.platformio/packages/toolchain-xtensa-esp-elf/bin/../lib/gcc/xte
nsa-esp-elf/14.2.0/../../../../xtensa-esp-elf/bin/ld.exe: 
.pio/build/custom-st7789-160x128/libc92/FastLED/fl/tile2x2.cpp.o: plugin 
needed to handle lto object
C:/Users/phamm/.platformio/packages/toolchain-xtensa-esp-elf/bin/../lib/gcc/xte
nsa-esp-elf/14.2.0/../../../../xtensa-esp-elf/bin/ld.exe: 
.pio/build/custom-st7789-160x128/libc92/FastLED/fl/tile2x2.cpp.o and 
.pio/build/custom-st7789-160x128/FrameworkArduinoVariant/variant.cpp.o: 
warning: multiple common of `__gnu_lto_slim'
C:/Users/phamm/.platformio/packages/toolchain-xtensa-esp-elf/bin/../lib/gcc/xte
nsa-esp-elf/14.2.0/../../../../xtensa-esp-elf/bin/ld.exe: 
.pio/build/custom-st7789-160x128/libc92/FastLED/fl/time.cpp.o: plugin needed 
to handle lto object
C:/Users/phamm/.platformio/packages/toolchain-xtensa-esp-elf/bin/../lib/gcc/xte
nsa-esp-elf/14.2.0/../../../../xtensa-esp-elf/bin/ld.exe: 
.pio/build/custom-st7789-160x128/libc92/FastLED/fl/time.cpp.o: plugin needed 
to handle lto object
C:/Users/phamm/.platformio/packages/toolchain-xtensa-esp-elf/bin/../lib/gcc/xte
nsa-esp-elf/14.2.0/../../../../xtensa-esp-elf/bin/ld.exe: 
.pio/build/custom-st7789-160x128/libc92/FastLED/fl/time.cpp.o and 
.pio/build/custom-st7789-160x128/FrameworkArduinoVariant/variant.cpp.o: 
warning: multiple common of `__gnu_lto_slim'
C:/Users/phamm/.platformio/packages/toolchain-xtensa-esp-elf/bin/../lib/gcc/xte
nsa-esp-elf/14.2.0/../../../../xtensa-esp-elf/bin/ld.exe: 
.pio/build/custom-st7789-160x128/libc92/FastLED/fl/time_alpha.cpp.o: plugin 
needed to handle lto object
C:/Users/phamm/.platformio/packages/toolchain-xtensa-esp-elf/bin/../lib/gcc/xte
nsa-esp-elf/14.2.0/../../../../xtensa-esp-elf/bin/ld.exe: 
.pio/build/custom-st7789-160x128/libc92/FastLED/fl/time_alpha.cpp.o: plugin 
needed to handle lto object
C:/Users/phamm/.platformio/packages/toolchain-xtensa-esp-elf/bin/../lib/gcc/xte
nsa-esp-elf/14.2.0/../../../../xtensa-esp-elf/bin/ld.exe: 
.pio/build/custom-st7789-160x128/libc92/FastLED/fl/time_alpha.cpp.o and 
.pio/build/custom-st7789-160x128/FrameworkArduinoVariant/variant.cpp.o: 
warning: multiple common of `__gnu_lto_slim'
C:/Users/phamm/.platformio/packages/toolchain-xtensa-esp-elf/bin/../lib/gcc/xte
nsa-esp-elf/14.2.0/../../../../xtensa-esp-elf/bin/ld.exe: 
.pio/build/custom-st7789-160x128/libc92/FastLED/fl/transform.cpp.o: plugin 
needed to handle lto object
C:/Users/phamm/.platformio/packages/toolchain-xtensa-esp-elf/bin/../lib/gcc/xte
nsa-esp-elf/14.2.0/../../../../xtensa-esp-elf/bin/ld.exe: 
.pio/build/custom-st7789-160x128/libc92/FastLED/fl/transform.cpp.o: plugin 
needed to handle lto object
C:/Users/phamm/.platformio/packages/toolchain-xtensa-esp-elf/bin/../lib/gcc/xte
nsa-esp-elf/14.2.0/../../../../xtensa-esp-elf/bin/ld.exe: 
.pio/build/custom-st7789-160x128/libc92/FastLED/fl/transform.cpp.o and 
.pio/build/custom-st7789-160x128/FrameworkArduinoVariant/variant.cpp.o: 
warning: multiple common of `__gnu_lto_slim'
C:/Users/phamm/.platformio/packages/toolchain-xtensa-esp-elf/bin/../lib/gcc/xte
nsa-esp-elf/14.2.0/../../../../xtensa-esp-elf/bin/ld.exe: 
.pio/build/custom-st7789-160x128/libc92/FastLED/fl/type_traits.cpp.o: plugin 
needed to handle lto object
C:/Users/phamm/.platformio/packages/toolchain-xtensa-esp-elf/bin/../lib/gcc/xte
nsa-esp-elf/14.2.0/../../../../xtensa-esp-elf/bin/ld.exe: 
.pio/build/custom-st7789-160x128/libc92/FastLED/fl/type_traits.cpp.o: plugin 
needed to handle lto object
C:/Users/phamm/.platformio/packages/toolchain-xtensa-esp-elf/bin/../lib/gcc/xte
nsa-esp-elf/14.2.0/../../../../xtensa-esp-elf/bin/ld.exe: 
.pio/build/custom-st7789-160x128/libc92/FastLED/fl/type_traits.cpp.o and 
.pio/build/custom-st7789-160x128/FrameworkArduinoVariant/variant.cpp.o: 
warning: multiple common of `__gnu_lto_slim'
C:/Users/phamm/.platformio/packages/toolchain-xtensa-esp-elf/bin/../lib/gcc/xte
nsa-esp-elf/14.2.0/../../../../xtensa-esp-elf/bin/ld.exe: 
.pio/build/custom-st7789-160x128/libc92/FastLED/fl/ui.cpp.o: plugin needed to 
handle lto object
C:/Users/phamm/.platformio/packages/toolchain-xtensa-esp-elf/bin/../lib/gcc/xte
nsa-esp-elf/14.2.0/../../../../xtensa-esp-elf/bin/ld.exe: 
.pio/build/custom-st7789-160x128/libc92/FastLED/fl/ui.cpp.o: plugin needed to 
handle lto object
C:/Users/phamm/.platformio/packages/toolchain-xtensa-esp-elf/bin/../lib/gcc/xte
nsa-esp-elf/14.2.0/../../../../xtensa-esp-elf/bin/ld.exe: 
.pio/build/custom-st7789-160x128/libc92/FastLED/fl/ui.cpp.o and 
.pio/build/custom-st7789-160x128/FrameworkArduinoVariant/variant.cpp.o: 
warning: multiple common of `__gnu_lto_slim'
C:/Users/phamm/.platformio/packages/toolchain-xtensa-esp-elf/bin/../lib/gcc/xte
nsa-esp-elf/14.2.0/../../../../xtensa-esp-elf/bin/ld.exe: 
.pio/build/custom-st7789-160x128/libc92/FastLED/fl/upscale.cpp.o: plugin 
needed to handle lto object
C:/Users/phamm/.platformio/packages/toolchain-xtensa-esp-elf/bin/../lib/gcc/xte
nsa-esp-elf/14.2.0/../../../../xtensa-esp-elf/bin/ld.exe: 
.pio/build/custom-st7789-160x128/libc92/FastLED/fl/upscale.cpp.o: plugin 
needed to handle lto object
C:/Users/phamm/.platformio/packages/toolchain-xtensa-esp-elf/bin/../lib/gcc/xte
nsa-esp-elf/14.2.0/../../../../xtensa-esp-elf/bin/ld.exe: 
.pio/build/custom-st7789-160x128/libc92/FastLED/fl/upscale.cpp.o and 
.pio/build/custom-st7789-160x128/FrameworkArduinoVariant/variant.cpp.o: 
warning: multiple common of `__gnu_lto_slim'
C:/Users/phamm/.platformio/packages/toolchain-xtensa-esp-elf/bin/../lib/gcc/xte
nsa-esp-elf/14.2.0/../../../../xtensa-esp-elf/bin/ld.exe: 
.pio/build/custom-st7789-160x128/libc92/FastLED/fl/wave_simulation.cpp.o: 
plugin needed to handle lto object
C:/Users/phamm/.platformio/packages/toolchain-xtensa-esp-elf/bin/../lib/gcc/xte
nsa-esp-elf/14.2.0/../../../../xtensa-esp-elf/bin/ld.exe: 
.pio/build/custom-st7789-160x128/libc92/FastLED/fl/wave_simulation.cpp.o: 
plugin needed to handle lto object
C:/Users/phamm/.platformio/packages/toolchain-xtensa-esp-elf/bin/../lib/gcc/xte
nsa-esp-elf/14.2.0/../../../../xtensa-esp-elf/bin/ld.exe: 
.pio/build/custom-st7789-160x128/libc92/FastLED/fl/wave_simulation.cpp.o and 
.pio/build/custom-st7789-160x128/FrameworkArduinoVariant/variant.cpp.o: 
warning: multiple common of `__gnu_lto_slim'
C:/Users/phamm/.platformio/packages/toolchain-xtensa-esp-elf/bin/../lib/gcc/xte
nsa-esp-elf/14.2.0/../../../../xtensa-esp-elf/bin/ld.exe: 
.pio/build/custom-st7789-160x128/libc92/FastLED/fl/wave_simulation_real.cpp.o: 
plugin needed to handle lto object
C:/Users/phamm/.platformio/packages/toolchain-xtensa-esp-elf/bin/../lib/gcc/xte
nsa-esp-elf/14.2.0/../../../../xtensa-esp-elf/bin/ld.exe: 
.pio/build/custom-st7789-160x128/libc92/FastLED/fl/wave_simulation_real.cpp.o: 
plugin needed to handle lto object
C:/Users/phamm/.platformio/packages/toolchain-xtensa-esp-elf/bin/../lib/gcc/xte
nsa-esp-elf/14.2.0/../../../../xtensa-esp-elf/bin/ld.exe: 
.pio/build/custom-st7789-160x128/libc92/FastLED/fl/wave_simulation_real.cpp.o 
and .pio/build/custom-st7789-160x128/FrameworkArduinoVariant/variant.cpp.o: 
warning: multiple common of `__gnu_lto_slim'
C:/Users/phamm/.platformio/packages/toolchain-xtensa-esp-elf/bin/../lib/gcc/xte
nsa-esp-elf/14.2.0/../../../../xtensa-esp-elf/bin/ld.exe: 
.pio/build/custom-st7789-160x128/libc92/FastLED/fl/xmap.cpp.o: plugin needed 
to handle lto object
C:/Users/phamm/.platformio/packages/toolchain-xtensa-esp-elf/bin/../lib/gcc/xte
nsa-esp-elf/14.2.0/../../../../xtensa-esp-elf/bin/ld.exe: 
.pio/build/custom-st7789-160x128/libc92/FastLED/fl/xmap.cpp.o: plugin needed 
to handle lto object
C:/Users/phamm/.platformio/packages/toolchain-xtensa-esp-elf/bin/../lib/gcc/xte
nsa-esp-elf/14.2.0/../../../../xtensa-esp-elf/bin/ld.exe: 
.pio/build/custom-st7789-160x128/libc92/FastLED/fl/xmap.cpp.o and 
.pio/build/custom-st7789-160x128/FrameworkArduinoVariant/variant.cpp.o: 
warning: multiple common of `__gnu_lto_slim'
C:/Users/phamm/.platformio/packages/toolchain-xtensa-esp-elf/bin/../lib/gcc/xte
nsa-esp-elf/14.2.0/../../../../xtensa-esp-elf/bin/ld.exe: 
.pio/build/custom-st7789-160x128/libc92/FastLED/fl/xymap.cpp.o: plugin needed 
to handle lto object
C:/Users/phamm/.platformio/packages/toolchain-xtensa-esp-elf/bin/../lib/gcc/xte
nsa-esp-elf/14.2.0/../../../../xtensa-esp-elf/bin/ld.exe: 
.pio/build/custom-st7789-160x128/libc92/FastLED/fl/xymap.cpp.o: plugin needed 
to handle lto object
C:/Users/phamm/.platformio/packages/toolchain-xtensa-esp-elf/bin/../lib/gcc/xte
nsa-esp-elf/14.2.0/../../../../xtensa-esp-elf/bin/ld.exe: 
.pio/build/custom-st7789-160x128/libc92/FastLED/fl/xymap.cpp.o and 
.pio/build/custom-st7789-160x128/FrameworkArduinoVariant/variant.cpp.o: 
warning: multiple common of `__gnu_lto_slim'
C:/Users/phamm/.platformio/packages/toolchain-xtensa-esp-elf/bin/../lib/gcc/xte
nsa-esp-elf/14.2.0/../../../../xtensa-esp-elf/bin/ld.exe: 
.pio/build/custom-st7789-160x128/libc92/FastLED/fl/xypath.cpp.o: plugin needed 
to handle lto object
C:/Users/phamm/.platformio/packages/toolchain-xtensa-esp-elf/bin/../lib/gcc/xte
nsa-esp-elf/14.2.0/../../../../xtensa-esp-elf/bin/ld.exe: 
.pio/build/custom-st7789-160x128/libc92/FastLED/fl/xypath.cpp.o: plugin needed 
to handle lto object
C:/Users/phamm/.platformio/packages/toolchain-xtensa-esp-elf/bin/../lib/gcc/xte
nsa-esp-elf/14.2.0/../../../../xtensa-esp-elf/bin/ld.exe: 
.pio/build/custom-st7789-160x128/libc92/FastLED/fl/xypath.cpp.o and 
.pio/build/custom-st7789-160x128/FrameworkArduinoVariant/variant.cpp.o: 
warning: multiple common of `__gnu_lto_slim'
C:/Users/phamm/.platformio/packages/toolchain-xtensa-esp-elf/bin/../lib/gcc/xte
nsa-esp-elf/14.2.0/../../../../xtensa-esp-elf/bin/ld.exe: 
.pio/build/custom-st7789-160x128/libc92/FastLED/fl/xypath_impls.cpp.o: plugin 
needed to handle lto object
C:/Users/phamm/.platformio/packages/toolchain-xtensa-esp-elf/bin/../lib/gcc/xte
nsa-esp-elf/14.2.0/../../../../xtensa-esp-elf/bin/ld.exe: 
.pio/build/custom-st7789-160x128/libc92/FastLED/fl/xypath_impls.cpp.o: plugin 
needed to handle lto object
C:/Users/phamm/.platformio/packages/toolchain-xtensa-esp-elf/bin/../lib/gcc/xte
nsa-esp-elf/14.2.0/../../../../xtensa-esp-elf/bin/ld.exe: 
.pio/build/custom-st7789-160x128/libc92/FastLED/fl/xypath_impls.cpp.o and 
.pio/build/custom-st7789-160x128/FrameworkArduinoVariant/variant.cpp.o: 
warning: multiple common of `__gnu_lto_slim'
C:/Users/phamm/.platformio/packages/toolchain-xtensa-esp-elf/bin/../lib/gcc/xte
nsa-esp-elf/14.2.0/../../../../xtensa-esp-elf/bin/ld.exe: 
.pio/build/custom-st7789-160x128/libc92/FastLED/fl/xypath_renderer.cpp.o: 
plugin needed to handle lto object
C:/Users/phamm/.platformio/packages/toolchain-xtensa-esp-elf/bin/../lib/gcc/xte
nsa-esp-elf/14.2.0/../../../../xtensa-esp-elf/bin/ld.exe: 
.pio/build/custom-st7789-160x128/libc92/FastLED/fl/xypath_renderer.cpp.o: 
plugin needed to handle lto object
C:/Users/phamm/.platformio/packages/toolchain-xtensa-esp-elf/bin/../lib/gcc/xte
nsa-esp-elf/14.2.0/../../../../xtensa-esp-elf/bin/ld.exe: 
.pio/build/custom-st7789-160x128/libc92/FastLED/fl/xypath_renderer.cpp.o and 
.pio/build/custom-st7789-160x128/FrameworkArduinoVariant/variant.cpp.o: 
warning: multiple common of `__gnu_lto_slim'
C:/Users/phamm/.platformio/packages/toolchain-xtensa-esp-elf/bin/../lib/gcc/xte
nsa-esp-elf/14.2.0/../../../../xtensa-esp-elf/bin/ld.exe: 
.pio/build/custom-st7789-160x128/libc92/FastLED/fx/2d/blend.cpp.o: plugin 
needed to handle lto object
C:/Users/phamm/.platformio/packages/toolchain-xtensa-esp-elf/bin/../lib/gcc/xte
nsa-esp-elf/14.2.0/../../../../xtensa-esp-elf/bin/ld.exe: 
.pio/build/custom-st7789-160x128/libc92/FastLED/fx/2d/blend.cpp.o: plugin 
needed to handle lto object
C:/Users/phamm/.platformio/packages/toolchain-xtensa-esp-elf/bin/../lib/gcc/xte
nsa-esp-elf/14.2.0/../../../../xtensa-esp-elf/bin/ld.exe: 
.pio/build/custom-st7789-160x128/libc92/FastLED/fx/2d/blend.cpp.o and 
.pio/build/custom-st7789-160x128/FrameworkArduinoVariant/variant.cpp.o: 
warning: multiple common of `__gnu_lto_slim'
C:/Users/phamm/.platformio/packages/toolchain-xtensa-esp-elf/bin/../lib/gcc/xte
nsa-esp-elf/14.2.0/../../../../xtensa-esp-elf/bin/ld.exe: 
.pio/build/custom-st7789-160x128/libc92/FastLED/fx/2d/luminova.cpp.o: plugin 
needed to handle lto object
C:/Users/phamm/.platformio/packages/toolchain-xtensa-esp-elf/bin/../lib/gcc/xte
nsa-esp-elf/14.2.0/../../../../xtensa-esp-elf/bin/ld.exe: 
.pio/build/custom-st7789-160x128/libc92/FastLED/fx/2d/luminova.cpp.o: plugin 
needed to handle lto object
C:/Users/phamm/.platformio/packages/toolchain-xtensa-esp-elf/bin/../lib/gcc/xte
nsa-esp-elf/14.2.0/../../../../xtensa-esp-elf/bin/ld.exe: 
.pio/build/custom-st7789-160x128/libc92/FastLED/fx/2d/luminova.cpp.o and 
.pio/build/custom-st7789-160x128/FrameworkArduinoVariant/variant.cpp.o: 
warning: multiple common of `__gnu_lto_slim'
C:/Users/phamm/.platformio/packages/toolchain-xtensa-esp-elf/bin/../lib/gcc/xte
nsa-esp-elf/14.2.0/../../../../xtensa-esp-elf/bin/ld.exe: 
.pio/build/custom-st7789-160x128/libc92/FastLED/fx/2d/noisepalette.cpp.o: 
plugin needed to handle lto object
C:/Users/phamm/.platformio/packages/toolchain-xtensa-esp-elf/bin/../lib/gcc/xte
nsa-esp-elf/14.2.0/../../../../xtensa-esp-elf/bin/ld.exe: 
.pio/build/custom-st7789-160x128/libc92/FastLED/fx/2d/noisepalette.cpp.o: 
plugin needed to handle lto object
C:/Users/phamm/.platformio/packages/toolchain-xtensa-esp-elf/bin/../lib/gcc/xte
nsa-esp-elf/14.2.0/../../../../xtensa-esp-elf/bin/ld.exe: 
.pio/build/custom-st7789-160x128/libc92/FastLED/fx/2d/noisepalette.cpp.o and 
.pio/build/custom-st7789-160x128/FrameworkArduinoVariant/variant.cpp.o: 
warning: multiple common of `__gnu_lto_slim'
C:/Users/phamm/.platformio/packages/toolchain-xtensa-esp-elf/bin/../lib/gcc/xte
nsa-esp-elf/14.2.0/../../../../xtensa-esp-elf/bin/ld.exe: 
.pio/build/custom-st7789-160x128/libc92/FastLED/fx/2d/scale_up.cpp.o: plugin 
needed to handle lto object
C:/Users/phamm/.platformio/packages/toolchain-xtensa-esp-elf/bin/../lib/gcc/xte
nsa-esp-elf/14.2.0/../../../../xtensa-esp-elf/bin/ld.exe: 
.pio/build/custom-st7789-160x128/libc92/FastLED/fx/2d/scale_up.cpp.o: plugin 
needed to handle lto object
C:/Users/phamm/.platformio/packages/toolchain-xtensa-esp-elf/bin/../lib/gcc/xte
nsa-esp-elf/14.2.0/../../../../xtensa-esp-elf/bin/ld.exe: 
.pio/build/custom-st7789-160x128/libc92/FastLED/fx/2d/scale_up.cpp.o and 
.pio/build/custom-st7789-160x128/FrameworkArduinoVariant/variant.cpp.o: 
warning: multiple common of `__gnu_lto_slim'
C:/Users/phamm/.platformio/packages/toolchain-xtensa-esp-elf/bin/../lib/gcc/xte
nsa-esp-elf/14.2.0/../../../../xtensa-esp-elf/bin/ld.exe: 
.pio/build/custom-st7789-160x128/libc92/FastLED/fx/2d/wave.cpp.o: plugin 
needed to handle lto object
C:/Users/phamm/.platformio/packages/toolchain-xtensa-esp-elf/bin/../lib/gcc/xte
nsa-esp-elf/14.2.0/../../../../xtensa-esp-elf/bin/ld.exe: 
.pio/build/custom-st7789-160x128/libc92/FastLED/fx/2d/wave.cpp.o: plugin 
needed to handle lto object
C:/Users/phamm/.platformio/packages/toolchain-xtensa-esp-elf/bin/../lib/gcc/xte
nsa-esp-elf/14.2.0/../../../../xtensa-esp-elf/bin/ld.exe: 
.pio/build/custom-st7789-160x128/libc92/FastLED/fx/2d/wave.cpp.o and 
.pio/build/custom-st7789-160x128/FrameworkArduinoVariant/variant.cpp.o: 
warning: multiple common of `__gnu_lto_slim'
C:/Users/phamm/.platformio/packages/toolchain-xtensa-esp-elf/bin/../lib/gcc/xte
nsa-esp-elf/14.2.0/../../../../xtensa-esp-elf/bin/ld.exe: 
.pio/build/custom-st7789-160x128/libc92/FastLED/fx/detail/fx_layer.cpp.o: 
plugin needed to handle lto object
C:/Users/phamm/.platformio/packages/toolchain-xtensa-esp-elf/bin/../lib/gcc/xte
nsa-esp-elf/14.2.0/../../../../xtensa-esp-elf/bin/ld.exe: 
.pio/build/custom-st7789-160x128/libc92/FastLED/fx/detail/fx_layer.cpp.o: 
plugin needed to handle lto object
C:/Users/phamm/.platformio/packages/toolchain-xtensa-esp-elf/bin/../lib/gcc/xte
nsa-esp-elf/14.2.0/../../../../xtensa-esp-elf/bin/ld.exe: 
.pio/build/custom-st7789-160x128/libc92/FastLED/fx/detail/fx_layer.cpp.o and 
.pio/build/custom-st7789-160x128/FrameworkArduinoVariant/variant.cpp.o: 
warning: multiple common of `__gnu_lto_slim'
C:/Users/phamm/.platformio/packages/toolchain-xtensa-esp-elf/bin/../lib/gcc/xte
nsa-esp-elf/14.2.0/../../../../xtensa-esp-elf/bin/ld.exe: 
.pio/build/custom-st7789-160x128/libc92/FastLED/fx/frame.cpp.o: plugin needed 
to handle lto object
C:/Users/phamm/.platformio/packages/toolchain-xtensa-esp-elf/bin/../lib/gcc/xte
nsa-esp-elf/14.2.0/../../../../xtensa-esp-elf/bin/ld.exe: 
.pio/build/custom-st7789-160x128/libc92/FastLED/fx/frame.cpp.o: plugin needed 
to handle lto object
C:/Users/phamm/.platformio/packages/toolchain-xtensa-esp-elf/bin/../lib/gcc/xte
nsa-esp-elf/14.2.0/../../../../xtensa-esp-elf/bin/ld.exe: 
.pio/build/custom-st7789-160x128/libc92/FastLED/fx/frame.cpp.o and 
.pio/build/custom-st7789-160x128/FrameworkArduinoVariant/variant.cpp.o: 
warning: multiple common of `__gnu_lto_slim'
C:/Users/phamm/.platformio/packages/toolchain-xtensa-esp-elf/bin/../lib/gcc/xte
nsa-esp-elf/14.2.0/../../../../xtensa-esp-elf/bin/ld.exe: 
.pio/build/custom-st7789-160x128/libc92/FastLED/fx/fx_engine.cpp.o: plugin 
needed to handle lto object
C:/Users/phamm/.platformio/packages/toolchain-xtensa-esp-elf/bin/../lib/gcc/xte
nsa-esp-elf/14.2.0/../../../../xtensa-esp-elf/bin/ld.exe: 
.pio/build/custom-st7789-160x128/libc92/FastLED/fx/fx_engine.cpp.o: plugin 
needed to handle lto object
C:/Users/phamm/.platformio/packages/toolchain-xtensa-esp-elf/bin/../lib/gcc/xte
nsa-esp-elf/14.2.0/../../../../xtensa-esp-elf/bin/ld.exe: 
.pio/build/custom-st7789-160x128/libc92/FastLED/fx/fx_engine.cpp.o and 
.pio/build/custom-st7789-160x128/FrameworkArduinoVariant/variant.cpp.o: 
warning: multiple common of `__gnu_lto_slim'
C:/Users/phamm/.platformio/packages/toolchain-xtensa-esp-elf/bin/../lib/gcc/xte
nsa-esp-elf/14.2.0/../../../../xtensa-esp-elf/bin/ld.exe: 
.pio/build/custom-st7789-160x128/libc92/FastLED/fx/time.cpp.o: plugin needed 
to handle lto object
C:/Users/phamm/.platformio/packages/toolchain-xtensa-esp-elf/bin/../lib/gcc/xte
nsa-esp-elf/14.2.0/../../../../xtensa-esp-elf/bin/ld.exe: 
.pio/build/custom-st7789-160x128/libc92/FastLED/fx/time.cpp.o: plugin needed 
to handle lto object
C:/Users/phamm/.platformio/packages/toolchain-xtensa-esp-elf/bin/../lib/gcc/xte
nsa-esp-elf/14.2.0/../../../../xtensa-esp-elf/bin/ld.exe: 
.pio/build/custom-st7789-160x128/libc92/FastLED/fx/time.cpp.o and 
.pio/build/custom-st7789-160x128/FrameworkArduinoVariant/variant.cpp.o: 
warning: multiple common of `__gnu_lto_slim'
C:/Users/phamm/.platformio/packages/toolchain-xtensa-esp-elf/bin/../lib/gcc/xte
nsa-esp-elf/14.2.0/../../../../xtensa-esp-elf/bin/ld.exe: 
.pio/build/custom-st7789-160x128/libc92/FastLED/fx/video.cpp.o: plugin needed 
to handle lto object
C:/Users/phamm/.platformio/packages/toolchain-xtensa-esp-elf/bin/../lib/gcc/xte
nsa-esp-elf/14.2.0/../../../../xtensa-esp-elf/bin/ld.exe: 
.pio/build/custom-st7789-160x128/libc92/FastLED/fx/video.cpp.o: plugin needed 
to handle lto object
C:/Users/phamm/.platformio/packages/toolchain-xtensa-esp-elf/bin/../lib/gcc/xte
nsa-esp-elf/14.2.0/../../../../xtensa-esp-elf/bin/ld.exe: 
.pio/build/custom-st7789-160x128/libc92/FastLED/fx/video.cpp.o and 
.pio/build/custom-st7789-160x128/FrameworkArduinoVariant/variant.cpp.o: 
warning: multiple common of `__gnu_lto_slim'
C:/Users/phamm/.platformio/packages/toolchain-xtensa-esp-elf/bin/../lib/gcc/xte
nsa-esp-elf/14.2.0/../../../../xtensa-esp-elf/bin/ld.exe: .pio/build/custom-st7
789-160x128/libc92/FastLED/fx/video/frame_interpolator.cpp.o: plugin needed to 
handle lto object
C:/Users/phamm/.platformio/packages/toolchain-xtensa-esp-elf/bin/../lib/gcc/xte
nsa-esp-elf/14.2.0/../../../../xtensa-esp-elf/bin/ld.exe: .pio/build/custom-st7
789-160x128/libc92/FastLED/fx/video/frame_interpolator.cpp.o: plugin needed to 
handle lto object
C:/Users/phamm/.platformio/packages/toolchain-xtensa-esp-elf/bin/../lib/gcc/xte
nsa-esp-elf/14.2.0/../../../../xtensa-esp-elf/bin/ld.exe: .pio/build/custom-st7
789-160x128/libc92/FastLED/fx/video/frame_interpolator.cpp.o and 
.pio/build/custom-st7789-160x128/FrameworkArduinoVariant/variant.cpp.o: 
warning: multiple common of `__gnu_lto_slim'
C:/Users/phamm/.platformio/packages/toolchain-xtensa-esp-elf/bin/../lib/gcc/xte
nsa-esp-elf/14.2.0/../../../../xtensa-esp-elf/bin/ld.exe: 
.pio/build/custom-st7789-160x128/libc92/FastLED/fx/video/frame_tracker.cpp.o: 
plugin needed to handle lto object
C:/Users/phamm/.platformio/packages/toolchain-xtensa-esp-elf/bin/../lib/gcc/xte
nsa-esp-elf/14.2.0/../../../../xtensa-esp-elf/bin/ld.exe: 
.pio/build/custom-st7789-160x128/libc92/FastLED/fx/video/frame_tracker.cpp.o: 
plugin needed to handle lto object
C:/Users/phamm/.platformio/packages/toolchain-xtensa-esp-elf/bin/../lib/gcc/xte
nsa-esp-elf/14.2.0/../../../../xtensa-esp-elf/bin/ld.exe: 
.pio/build/custom-st7789-160x128/libc92/FastLED/fx/video/frame_tracker.cpp.o 
and .pio/build/custom-st7789-160x128/FrameworkArduinoVariant/variant.cpp.o: 
warning: multiple common of `__gnu_lto_slim'
C:/Users/phamm/.platformio/packages/toolchain-xtensa-esp-elf/bin/../lib/gcc/xte
nsa-esp-elf/14.2.0/../../../../xtensa-esp-elf/bin/ld.exe: 
.pio/build/custom-st7789-160x128/libc92/FastLED/fx/video/pixel_stream.cpp.o: 
plugin needed to handle lto object
C:/Users/phamm/.platformio/packages/toolchain-xtensa-esp-elf/bin/../lib/gcc/xte
nsa-esp-elf/14.2.0/../../../../xtensa-esp-elf/bin/ld.exe: 
.pio/build/custom-st7789-160x128/libc92/FastLED/fx/video/pixel_stream.cpp.o: 
plugin needed to handle lto object
C:/Users/phamm/.platformio/packages/toolchain-xtensa-esp-elf/bin/../lib/gcc/xte
nsa-esp-elf/14.2.0/../../../../xtensa-esp-elf/bin/ld.exe: 
.pio/build/custom-st7789-160x128/libc92/FastLED/fx/video/pixel_stream.cpp.o 
and .pio/build/custom-st7789-160x128/FrameworkArduinoVariant/variant.cpp.o: 
warning: multiple common of `__gnu_lto_slim'
C:/Users/phamm/.platformio/packages/toolchain-xtensa-esp-elf/bin/../lib/gcc/xte
nsa-esp-elf/14.2.0/../../../../xtensa-esp-elf/bin/ld.exe: 
.pio/build/custom-st7789-160x128/libc92/FastLED/fx/video/video_impl.cpp.o: 
plugin needed to handle lto object
C:/Users/phamm/.platformio/packages/toolchain-xtensa-esp-elf/bin/../lib/gcc/xte
nsa-esp-elf/14.2.0/../../../../xtensa-esp-elf/bin/ld.exe: 
.pio/build/custom-st7789-160x128/libc92/FastLED/fx/video/video_impl.cpp.o: 
plugin needed to handle lto object
C:/Users/phamm/.platformio/packages/toolchain-xtensa-esp-elf/bin/../lib/gcc/xte
nsa-esp-elf/14.2.0/../../../../xtensa-esp-elf/bin/ld.exe: 
.pio/build/custom-st7789-160x128/libc92/FastLED/fx/video/video_impl.cpp.o and 
.pio/build/custom-st7789-160x128/FrameworkArduinoVariant/variant.cpp.o: 
warning: multiple common of `__gnu_lto_slim'
C:/Users/phamm/.platformio/packages/toolchain-xtensa-esp-elf/bin/../lib/gcc/xte
nsa-esp-elf/14.2.0/../../../../xtensa-esp-elf/bin/ld.exe: 
.pio/build/custom-st7789-160x128/libc92/FastLED/hsv2rgb.cpp.o: plugin needed 
to handle lto object
C:/Users/phamm/.platformio/packages/toolchain-xtensa-esp-elf/bin/../lib/gcc/xte
nsa-esp-elf/14.2.0/../../../../xtensa-esp-elf/bin/ld.exe: 
.pio/build/custom-st7789-160x128/libc92/FastLED/hsv2rgb.cpp.o: plugin needed 
to handle lto object
C:/Users/phamm/.platformio/packages/toolchain-xtensa-esp-elf/bin/../lib/gcc/xte
nsa-esp-elf/14.2.0/../../../../xtensa-esp-elf/bin/ld.exe: 
.pio/build/custom-st7789-160x128/libc92/FastLED/hsv2rgb.cpp.o and 
.pio/build/custom-st7789-160x128/FrameworkArduinoVariant/variant.cpp.o: 
warning: multiple common of `__gnu_lto_slim'
C:/Users/phamm/.platformio/packages/toolchain-xtensa-esp-elf/bin/../lib/gcc/xte
nsa-esp-elf/14.2.0/../../../../xtensa-esp-elf/bin/ld.exe: 
.pio/build/custom-st7789-160x128/libc92/FastLED/lib8tion.cpp.o: plugin needed 
to handle lto object
C:/Users/phamm/.platformio/packages/toolchain-xtensa-esp-elf/bin/../lib/gcc/xte
nsa-esp-elf/14.2.0/../../../../xtensa-esp-elf/bin/ld.exe: 
.pio/build/custom-st7789-160x128/libc92/FastLED/lib8tion.cpp.o: plugin needed 
to handle lto object
C:/Users/phamm/.platformio/packages/toolchain-xtensa-esp-elf/bin/../lib/gcc/xte
nsa-esp-elf/14.2.0/../../../../xtensa-esp-elf/bin/ld.exe: 
.pio/build/custom-st7789-160x128/libc92/FastLED/lib8tion.cpp.o and 
.pio/build/custom-st7789-160x128/FrameworkArduinoVariant/variant.cpp.o: 
warning: multiple common of `__gnu_lto_slim'
C:/Users/phamm/.platformio/packages/toolchain-xtensa-esp-elf/bin/../lib/gcc/xte
nsa-esp-elf/14.2.0/../../../../xtensa-esp-elf/bin/ld.exe: 
.pio/build/custom-st7789-160x128/libc92/FastLED/noise.cpp.o: plugin needed to 
handle lto object
C:/Users/phamm/.platformio/packages/toolchain-xtensa-esp-elf/bin/../lib/gcc/xte
nsa-esp-elf/14.2.0/../../../../xtensa-esp-elf/bin/ld.exe: 
.pio/build/custom-st7789-160x128/libc92/FastLED/noise.cpp.o: plugin needed to 
handle lto object
C:/Users/phamm/.platformio/packages/toolchain-xtensa-esp-elf/bin/../lib/gcc/xte
nsa-esp-elf/14.2.0/../../../../xtensa-esp-elf/bin/ld.exe: 
.pio/build/custom-st7789-160x128/libc92/FastLED/noise.cpp.o and 
.pio/build/custom-st7789-160x128/FrameworkArduinoVariant/variant.cpp.o: 
warning: multiple common of `__gnu_lto_slim'
C:/Users/phamm/.platformio/packages/toolchain-xtensa-esp-elf/bin/../lib/gcc/xte
nsa-esp-elf/14.2.0/../../../../xtensa-esp-elf/bin/ld.exe: 
.pio/build/custom-st7789-160x128/libc92/FastLED/platforms.cpp.o: plugin needed 
to handle lto object
C:/Users/phamm/.platformio/packages/toolchain-xtensa-esp-elf/bin/../lib/gcc/xte
nsa-esp-elf/14.2.0/../../../../xtensa-esp-elf/bin/ld.exe: 
.pio/build/custom-st7789-160x128/libc92/FastLED/platforms.cpp.o: plugin needed 
to handle lto object
C:/Users/phamm/.platformio/packages/toolchain-xtensa-esp-elf/bin/../lib/gcc/xte
nsa-esp-elf/14.2.0/../../../../xtensa-esp-elf/bin/ld.exe: 
.pio/build/custom-st7789-160x128/libc92/FastLED/platforms.cpp.o and 
.pio/build/custom-st7789-160x128/FrameworkArduinoVariant/variant.cpp.o: 
warning: multiple common of `__gnu_lto_slim'
C:/Users/phamm/.platformio/packages/toolchain-xtensa-esp-elf/bin/../lib/gcc/xte
nsa-esp-elf/14.2.0/../../../../xtensa-esp-elf/bin/ld.exe: .pio/build/custom-st7
789-160x128/libc92/FastLED/platforms/adafruit/clockless.cpp.o: plugin needed 
to handle lto object
C:/Users/phamm/.platformio/packages/toolchain-xtensa-esp-elf/bin/../lib/gcc/xte
nsa-esp-elf/14.2.0/../../../../xtensa-esp-elf/bin/ld.exe: .pio/build/custom-st7
789-160x128/libc92/FastLED/platforms/adafruit/clockless.cpp.o: plugin needed 
to handle lto object
C:/Users/phamm/.platformio/packages/toolchain-xtensa-esp-elf/bin/../lib/gcc/xte
nsa-esp-elf/14.2.0/../../../../xtensa-esp-elf/bin/ld.exe: .pio/build/custom-st7
789-160x128/libc92/FastLED/platforms/adafruit/clockless.cpp.o and 
.pio/build/custom-st7789-160x128/FrameworkArduinoVariant/variant.cpp.o: 
warning: multiple common of `__gnu_lto_slim'
C:/Users/phamm/.platformio/packages/toolchain-xtensa-esp-elf/bin/../lib/gcc/xte
nsa-esp-elf/14.2.0/../../../../xtensa-esp-elf/bin/ld.exe: .pio/build/custom-st7
789-160x128/libc92/FastLED/platforms/arm/k20/clockless_objectfled.cpp.o: 
plugin needed to handle lto object
C:/Users/phamm/.platformio/packages/toolchain-xtensa-esp-elf/bin/../lib/gcc/xte
nsa-esp-elf/14.2.0/../../../../xtensa-esp-elf/bin/ld.exe: .pio/build/custom-st7
789-160x128/libc92/FastLED/platforms/arm/k20/clockless_objectfled.cpp.o: 
plugin needed to handle lto object
C:/Users/phamm/.platformio/packages/toolchain-xtensa-esp-elf/bin/../lib/gcc/xte
nsa-esp-elf/14.2.0/../../../../xtensa-esp-elf/bin/ld.exe: .pio/build/custom-st7
789-160x128/libc92/FastLED/platforms/arm/k20/clockless_objectfled.cpp.o and 
.pio/build/custom-st7789-160x128/FrameworkArduinoVariant/variant.cpp.o: 
warning: multiple common of `__gnu_lto_slim'
C:/Users/phamm/.platformio/packages/toolchain-xtensa-esp-elf/bin/../lib/gcc/xte
nsa-esp-elf/14.2.0/../../../../xtensa-esp-elf/bin/ld.exe: .pio/build/custom-st7
789-160x128/libc92/FastLED/platforms/arm/mgm240/fastpin_arm_mgm240.cpp.o: 
plugin needed to handle lto object
C:/Users/phamm/.platformio/packages/toolchain-xtensa-esp-elf/bin/../lib/gcc/xte
nsa-esp-elf/14.2.0/../../../../xtensa-esp-elf/bin/ld.exe: .pio/build/custom-st7
789-160x128/libc92/FastLED/platforms/arm/mgm240/fastpin_arm_mgm240.cpp.o: 
plugin needed to handle lto object
C:/Users/phamm/.platformio/packages/toolchain-xtensa-esp-elf/bin/../lib/gcc/xte
nsa-esp-elf/14.2.0/../../../../xtensa-esp-elf/bin/ld.exe: .pio/build/custom-st7
789-160x128/libc92/FastLED/platforms/arm/mgm240/fastpin_arm_mgm240.cpp.o and 
.pio/build/custom-st7789-160x128/FrameworkArduinoVariant/variant.cpp.o: 
warning: multiple common of `__gnu_lto_slim'
C:/Users/phamm/.platformio/packages/toolchain-xtensa-esp-elf/bin/../lib/gcc/xte
nsa-esp-elf/14.2.0/../../../../xtensa-esp-elf/bin/ld.exe: 
.pio/build/custom-st7789-160x128/libc92/FastLED/platforms/compile_test.cpp.o: 
plugin needed to handle lto object
C:/Users/phamm/.platformio/packages/toolchain-xtensa-esp-elf/bin/../lib/gcc/xte
nsa-esp-elf/14.2.0/../../../../xtensa-esp-elf/bin/ld.exe: 
.pio/build/custom-st7789-160x128/libc92/FastLED/platforms/compile_test.cpp.o: 
plugin needed to handle lto object
C:/Users/phamm/.platformio/packages/toolchain-xtensa-esp-elf/bin/../lib/gcc/xte
nsa-esp-elf/14.2.0/../../../../xtensa-esp-elf/bin/ld.exe: 
.pio/build/custom-st7789-160x128/libc92/FastLED/platforms/compile_test.cpp.o 
and .pio/build/custom-st7789-160x128/FrameworkArduinoVariant/variant.cpp.o: 
warning: multiple common of `__gnu_lto_slim'
C:/Users/phamm/.platformio/packages/toolchain-xtensa-esp-elf/bin/../lib/gcc/xte
nsa-esp-elf/14.2.0/../../../../xtensa-esp-elf/bin/ld.exe: .pio/build/custom-st7
789-160x128/libc92/FastLED/platforms/esp/32/audio/audio.cpp.o: plugin needed 
to handle lto object
C:/Users/phamm/.platformio/packages/toolchain-xtensa-esp-elf/bin/../lib/gcc/xte
nsa-esp-elf/14.2.0/../../../../xtensa-esp-elf/bin/ld.exe: .pio/build/custom-st7
789-160x128/libc92/FastLED/platforms/esp/32/audio/audio.cpp.o: plugin needed 
to handle lto object
C:/Users/phamm/.platformio/packages/toolchain-xtensa-esp-elf/bin/../lib/gcc/xte
nsa-esp-elf/14.2.0/../../../../xtensa-esp-elf/bin/ld.exe: .pio/build/custom-st7
789-160x128/libc92/FastLED/platforms/esp/32/audio/audio.cpp.o and 
.pio/build/custom-st7789-160x128/FrameworkArduinoVariant/variant.cpp.o: 
warning: multiple common of `__gnu_lto_slim'
C:/Users/phamm/.platformio/packages/toolchain-xtensa-esp-elf/bin/../lib/gcc/xte
nsa-esp-elf/14.2.0/../../../../xtensa-esp-elf/bin/ld.exe: .pio/build/custom-st7
789-160x128/libc92/FastLED/platforms/esp/32/audio/sound_util.cpp.o: plugin 
needed to handle lto object
C:/Users/phamm/.platformio/packages/toolchain-xtensa-esp-elf/bin/../lib/gcc/xte
nsa-esp-elf/14.2.0/../../../../xtensa-esp-elf/bin/ld.exe: .pio/build/custom-st7
789-160x128/libc92/FastLED/platforms/esp/32/audio/sound_util.cpp.o: plugin 
needed to handle lto object
C:/Users/phamm/.platformio/packages/toolchain-xtensa-esp-elf/bin/../lib/gcc/xte
nsa-esp-elf/14.2.0/../../../../xtensa-esp-elf/bin/ld.exe: .pio/build/custom-st7
789-160x128/libc92/FastLED/platforms/esp/32/audio/sound_util.cpp.o and 
.pio/build/custom-st7789-160x128/FrameworkArduinoVariant/variant.cpp.o: 
warning: multiple common of `__gnu_lto_slim'
C:/Users/phamm/.platformio/packages/toolchain-xtensa-esp-elf/bin/../lib/gcc/xte
nsa-esp-elf/14.2.0/../../../../xtensa-esp-elf/bin/ld.exe: .pio/build/custom-st7
789-160x128/libc92/FastLED/platforms/esp/32/clockless_i2s_esp32s3.cpp.o: 
plugin needed to handle lto object
C:/Users/phamm/.platformio/packages/toolchain-xtensa-esp-elf/bin/../lib/gcc/xte
nsa-esp-elf/14.2.0/../../../../xtensa-esp-elf/bin/ld.exe: .pio/build/custom-st7
789-160x128/libc92/FastLED/platforms/esp/32/clockless_i2s_esp32s3.cpp.o: 
plugin needed to handle lto object
C:/Users/phamm/.platformio/packages/toolchain-xtensa-esp-elf/bin/../lib/gcc/xte
nsa-esp-elf/14.2.0/../../../../xtensa-esp-elf/bin/ld.exe: .pio/build/custom-st7
789-160x128/libc92/FastLED/platforms/esp/32/clockless_i2s_esp32s3.cpp.o and 
.pio/build/custom-st7789-160x128/FrameworkArduinoVariant/variant.cpp.o: 
warning: multiple common of `__gnu_lto_slim'
C:/Users/phamm/.platformio/packages/toolchain-xtensa-esp-elf/bin/../lib/gcc/xte
nsa-esp-elf/14.2.0/../../../../xtensa-esp-elf/bin/ld.exe: .pio/build/custom-st7
789-160x128/libc92/FastLED/platforms/esp/32/i2s/i2s_esp32dev.cpp.o: plugin 
needed to handle lto object
C:/Users/phamm/.platformio/packages/toolchain-xtensa-esp-elf/bin/../lib/gcc/xte
nsa-esp-elf/14.2.0/../../../../xtensa-esp-elf/bin/ld.exe: .pio/build/custom-st7
789-160x128/libc92/FastLED/platforms/esp/32/i2s/i2s_esp32dev.cpp.o: plugin 
needed to handle lto object
C:/Users/phamm/.platformio/packages/toolchain-xtensa-esp-elf/bin/../lib/gcc/xte
nsa-esp-elf/14.2.0/../../../../xtensa-esp-elf/bin/ld.exe: .pio/build/custom-st7
789-160x128/libc92/FastLED/platforms/esp/32/i2s/i2s_esp32dev.cpp.o and 
.pio/build/custom-st7789-160x128/FrameworkArduinoVariant/variant.cpp.o: 
warning: multiple common of `__gnu_lto_slim'
C:/Users/phamm/.platformio/packages/toolchain-xtensa-esp-elf/bin/../lib/gcc/xte
nsa-esp-elf/14.2.0/../../../../xtensa-esp-elf/bin/ld.exe: .pio/build/custom-st7
789-160x128/libc92/FastLED/platforms/esp/32/rmt_4/idf4_rmt.cpp.o: plugin 
needed to handle lto object
C:/Users/phamm/.platformio/packages/toolchain-xtensa-esp-elf/bin/../lib/gcc/xte
nsa-esp-elf/14.2.0/../../../../xtensa-esp-elf/bin/ld.exe: .pio/build/custom-st7
789-160x128/libc92/FastLED/platforms/esp/32/rmt_4/idf4_rmt.cpp.o: plugin 
needed to handle lto object
C:/Users/phamm/.platformio/packages/toolchain-xtensa-esp-elf/bin/../lib/gcc/xte
nsa-esp-elf/14.2.0/../../../../xtensa-esp-elf/bin/ld.exe: .pio/build/custom-st7
789-160x128/libc92/FastLED/platforms/esp/32/rmt_4/idf4_rmt.cpp.o and 
.pio/build/custom-st7789-160x128/FrameworkArduinoVariant/variant.cpp.o: 
warning: multiple common of `__gnu_lto_slim'
C:/Users/phamm/.platformio/packages/toolchain-xtensa-esp-elf/bin/../lib/gcc/xte
nsa-esp-elf/14.2.0/../../../../xtensa-esp-elf/bin/ld.exe: .pio/build/custom-st7
789-160x128/libc92/FastLED/platforms/esp/32/rmt_4/idf4_rmt_impl.cpp.o: plugin 
needed to handle lto object
C:/Users/phamm/.platformio/packages/toolchain-xtensa-esp-elf/bin/../lib/gcc/xte
nsa-esp-elf/14.2.0/../../../../xtensa-esp-elf/bin/ld.exe: .pio/build/custom-st7
789-160x128/libc92/FastLED/platforms/esp/32/rmt_4/idf4_rmt_impl.cpp.o: plugin 
needed to handle lto object
C:/Users/phamm/.platformio/packages/toolchain-xtensa-esp-elf/bin/../lib/gcc/xte
nsa-esp-elf/14.2.0/../../../../xtensa-esp-elf/bin/ld.exe: .pio/build/custom-st7
789-160x128/libc92/FastLED/platforms/esp/32/rmt_4/idf4_rmt_impl.cpp.o and 
.pio/build/custom-st7789-160x128/FrameworkArduinoVariant/variant.cpp.o: 
warning: multiple common of `__gnu_lto_slim'
C:/Users/phamm/.platformio/packages/toolchain-xtensa-esp-elf/bin/../lib/gcc/xte
nsa-esp-elf/14.2.0/../../../../xtensa-esp-elf/bin/ld.exe: .pio/build/custom-st7
789-160x128/libc92/FastLED/platforms/esp/32/rmt_5/idf5_rmt.cpp.o: plugin 
needed to handle lto object
C:/Users/phamm/.platformio/packages/toolchain-xtensa-esp-elf/bin/../lib/gcc/xte
nsa-esp-elf/14.2.0/../../../../xtensa-esp-elf/bin/ld.exe: .pio/build/custom-st7
789-160x128/libc92/FastLED/platforms/esp/32/rmt_5/idf5_rmt.cpp.o: plugin 
needed to handle lto object
C:/Users/phamm/.platformio/packages/toolchain-xtensa-esp-elf/bin/../lib/gcc/xte
nsa-esp-elf/14.2.0/../../../../xtensa-esp-elf/bin/ld.exe: .pio/build/custom-st7
789-160x128/libc92/FastLED/platforms/esp/32/rmt_5/idf5_rmt.cpp.o and 
.pio/build/custom-st7789-160x128/FrameworkArduinoVariant/variant.cpp.o: 
warning: multiple common of `__gnu_lto_slim'
C:/Users/phamm/.platformio/packages/toolchain-xtensa-esp-elf/bin/../lib/gcc/xte
nsa-esp-elf/14.2.0/../../../../xtensa-esp-elf/bin/ld.exe: .pio/build/custom-st7
789-160x128/libc92/FastLED/platforms/esp/32/rmt_5/strip_rmt.cpp.o: plugin 
needed to handle lto object
C:/Users/phamm/.platformio/packages/toolchain-xtensa-esp-elf/bin/../lib/gcc/xte
nsa-esp-elf/14.2.0/../../../../xtensa-esp-elf/bin/ld.exe: .pio/build/custom-st7
789-160x128/libc92/FastLED/platforms/esp/32/rmt_5/strip_rmt.cpp.o: plugin 
needed to handle lto object
C:/Users/phamm/.platformio/packages/toolchain-xtensa-esp-elf/bin/../lib/gcc/xte
nsa-esp-elf/14.2.0/../../../../xtensa-esp-elf/bin/ld.exe: .pio/build/custom-st7
789-160x128/libc92/FastLED/platforms/esp/32/rmt_5/strip_rmt.cpp.o and 
.pio/build/custom-st7789-160x128/FrameworkArduinoVariant/variant.cpp.o: 
warning: multiple common of `__gnu_lto_slim'
C:/Users/phamm/.platformio/packages/toolchain-xtensa-esp-elf/bin/../lib/gcc/xte
nsa-esp-elf/14.2.0/../../../../xtensa-esp-elf/bin/ld.exe: .pio/build/custom-st7
789-160x128/libc92/FastLED/platforms/esp/32/spi_ws2812/strip_spi.cpp.o: plugin 
needed to handle lto object
C:/Users/phamm/.platformio/packages/toolchain-xtensa-esp-elf/bin/../lib/gcc/xte
nsa-esp-elf/14.2.0/../../../../xtensa-esp-elf/bin/ld.exe: .pio/build/custom-st7
789-160x128/libc92/FastLED/platforms/esp/32/spi_ws2812/strip_spi.cpp.o: plugin 
needed to handle lto object
C:/Users/phamm/.platformio/packages/toolchain-xtensa-esp-elf/bin/../lib/gcc/xte
nsa-esp-elf/14.2.0/../../../../xtensa-esp-elf/bin/ld.exe: .pio/build/custom-st7
789-160x128/libc92/FastLED/platforms/esp/32/spi_ws2812/strip_spi.cpp.o and 
.pio/build/custom-st7789-160x128/FrameworkArduinoVariant/variant.cpp.o: 
warning: multiple common of `__gnu_lto_slim'
C:/Users/phamm/.platformio/packages/toolchain-xtensa-esp-elf/bin/../lib/gcc/xte
nsa-esp-elf/14.2.0/../../../../xtensa-esp-elf/bin/ld.exe: 
.pio/build/custom-st7789-160x128/libc92/FastLED/platforms/stub/Arduino.cpp.o: 
plugin needed to handle lto object
C:/Users/phamm/.platformio/packages/toolchain-xtensa-esp-elf/bin/../lib/gcc/xte
nsa-esp-elf/14.2.0/../../../../xtensa-esp-elf/bin/ld.exe: 
.pio/build/custom-st7789-160x128/libc92/FastLED/platforms/stub/Arduino.cpp.o: 
plugin needed to handle lto object
C:/Users/phamm/.platformio/packages/toolchain-xtensa-esp-elf/bin/../lib/gcc/xte
nsa-esp-elf/14.2.0/../../../../xtensa-esp-elf/bin/ld.exe: 
.pio/build/custom-st7789-160x128/libc92/FastLED/platforms/stub/Arduino.cpp.o 
and .pio/build/custom-st7789-160x128/FrameworkArduinoVariant/variant.cpp.o: 
warning: multiple common of `__gnu_lto_slim'
C:/Users/phamm/.platformio/packages/toolchain-xtensa-esp-elf/bin/../lib/gcc/xte
nsa-esp-elf/14.2.0/../../../../xtensa-esp-elf/bin/ld.exe: .pio/build/custom-st7
789-160x128/libc92/FastLED/platforms/stub/led_sysdefs_stub.cpp.o: plugin 
needed to handle lto object
C:/Users/phamm/.platformio/packages/toolchain-xtensa-esp-elf/bin/../lib/gcc/xte
nsa-esp-elf/14.2.0/../../../../xtensa-esp-elf/bin/ld.exe: .pio/build/custom-st7
789-160x128/libc92/FastLED/platforms/stub/led_sysdefs_stub.cpp.o: plugin 
needed to handle lto object
C:/Users/phamm/.platformio/packages/toolchain-xtensa-esp-elf/bin/../lib/gcc/xte
nsa-esp-elf/14.2.0/../../../../xtensa-esp-elf/bin/ld.exe: .pio/build/custom-st7
789-160x128/libc92/FastLED/platforms/stub/led_sysdefs_stub.cpp.o and 
.pio/build/custom-st7789-160x128/FrameworkArduinoVariant/variant.cpp.o: 
warning: multiple common of `__gnu_lto_slim'
C:/Users/phamm/.platformio/packages/toolchain-xtensa-esp-elf/bin/../lib/gcc/xte
nsa-esp-elf/14.2.0/../../../../xtensa-esp-elf/bin/ld.exe: .pio/build/custom-st7
789-160x128/libc92/FastLED/platforms/stub/time_stub.cpp.o: plugin needed to 
handle lto object
C:/Users/phamm/.platformio/packages/toolchain-xtensa-esp-elf/bin/../lib/gcc/xte
nsa-esp-elf/14.2.0/../../../../xtensa-esp-elf/bin/ld.exe: .pio/build/custom-st7
789-160x128/libc92/FastLED/platforms/stub/time_stub.cpp.o: plugin needed to 
handle lto object
C:/Users/phamm/.platformio/packages/toolchain-xtensa-esp-elf/bin/../lib/gcc/xte
nsa-esp-elf/14.2.0/../../../../xtensa-esp-elf/bin/ld.exe: 
.pio/build/custom-st7789-160x128/libc92/FastLED/platforms/stub/time_stub.cpp.o 
and .pio/build/custom-st7789-160x128/FrameworkArduinoVariant/variant.cpp.o: 
warning: multiple common of `__gnu_lto_slim'
C:/Users/phamm/.platformio/packages/toolchain-xtensa-esp-elf/bin/../lib/gcc/xte
nsa-esp-elf/14.2.0/../../../../xtensa-esp-elf/bin/ld.exe: .pio/build/custom-st7
789-160x128/libc92/FastLED/platforms/wasm/active_strip_data.cpp.o: plugin 
needed to handle lto object
C:/Users/phamm/.platformio/packages/toolchain-xtensa-esp-elf/bin/../lib/gcc/xte
nsa-esp-elf/14.2.0/../../../../xtensa-esp-elf/bin/ld.exe: .pio/build/custom-st7
789-160x128/libc92/FastLED/platforms/wasm/active_strip_data.cpp.o: plugin 
needed to handle lto object
C:/Users/phamm/.platformio/packages/toolchain-xtensa-esp-elf/bin/../lib/gcc/xte
nsa-esp-elf/14.2.0/../../../../xtensa-esp-elf/bin/ld.exe: .pio/build/custom-st7
789-160x128/libc92/FastLED/platforms/wasm/active_strip_data.cpp.o and 
.pio/build/custom-st7789-160x128/FrameworkArduinoVariant/variant.cpp.o: 
warning: multiple common of `__gnu_lto_slim'
C:/Users/phamm/.platformio/packages/toolchain-xtensa-esp-elf/bin/../lib/gcc/xte
nsa-esp-elf/14.2.0/../../../../xtensa-esp-elf/bin/ld.exe: .pio/build/custom-st7
789-160x128/libc92/FastLED/platforms/wasm/engine_listener.cpp.o: plugin needed 
to handle lto object
C:/Users/phamm/.platformio/packages/toolchain-xtensa-esp-elf/bin/../lib/gcc/xte
nsa-esp-elf/14.2.0/../../../../xtensa-esp-elf/bin/ld.exe: .pio/build/custom-st7
789-160x128/libc92/FastLED/platforms/wasm/engine_listener.cpp.o: plugin needed 
to handle lto object
C:/Users/phamm/.platformio/packages/toolchain-xtensa-esp-elf/bin/../lib/gcc/xte
nsa-esp-elf/14.2.0/../../../../xtensa-esp-elf/bin/ld.exe: .pio/build/custom-st7
789-160x128/libc92/FastLED/platforms/wasm/engine_listener.cpp.o and 
.pio/build/custom-st7789-160x128/FrameworkArduinoVariant/variant.cpp.o: 
warning: multiple common of `__gnu_lto_slim'
C:/Users/phamm/.platformio/packages/toolchain-xtensa-esp-elf/bin/../lib/gcc/xte
nsa-esp-elf/14.2.0/../../../../xtensa-esp-elf/bin/ld.exe: .pio/build/custom-st7
789-160x128/libc92/FastLED/platforms/wasm/entry_point.cpp.o: plugin needed to 
handle lto object
C:/Users/phamm/.platformio/packages/toolchain-xtensa-esp-elf/bin/../lib/gcc/xte
nsa-esp-elf/14.2.0/../../../../xtensa-esp-elf/bin/ld.exe: .pio/build/custom-st7
789-160x128/libc92/FastLED/platforms/wasm/entry_point.cpp.o: plugin needed to 
handle lto object
C:/Users/phamm/.platformio/packages/toolchain-xtensa-esp-elf/bin/../lib/gcc/xte
nsa-esp-elf/14.2.0/../../../../xtensa-esp-elf/bin/ld.exe: .pio/build/custom-st7
789-160x128/libc92/FastLED/platforms/wasm/entry_point.cpp.o and 
.pio/build/custom-st7789-160x128/FrameworkArduinoVariant/variant.cpp.o: 
warning: multiple common of `__gnu_lto_slim'
C:/Users/phamm/.platformio/packages/toolchain-xtensa-esp-elf/bin/../lib/gcc/xte
nsa-esp-elf/14.2.0/../../../../xtensa-esp-elf/bin/ld.exe: .pio/build/custom-st7
789-160x128/libc92/FastLED/platforms/wasm/fastspi_wasm.cpp.o: plugin needed to 
handle lto object
C:/Users/phamm/.platformio/packages/toolchain-xtensa-esp-elf/bin/../lib/gcc/xte
nsa-esp-elf/14.2.0/../../../../xtensa-esp-elf/bin/ld.exe: .pio/build/custom-st7
789-160x128/libc92/FastLED/platforms/wasm/fastspi_wasm.cpp.o: plugin needed to 
handle lto object
C:/Users/phamm/.platformio/packages/toolchain-xtensa-esp-elf/bin/../lib/gcc/xte
nsa-esp-elf/14.2.0/../../../../xtensa-esp-elf/bin/ld.exe: .pio/build/custom-st7
789-160x128/libc92/FastLED/platforms/wasm/fastspi_wasm.cpp.o and 
.pio/build/custom-st7789-160x128/FrameworkArduinoVariant/variant.cpp.o: 
warning: multiple common of `__gnu_lto_slim'
C:/Users/phamm/.platformio/packages/toolchain-xtensa-esp-elf/bin/../lib/gcc/xte
nsa-esp-elf/14.2.0/../../../../xtensa-esp-elf/bin/ld.exe: 
.pio/build/custom-st7789-160x128/libc92/FastLED/platforms/wasm/fs_wasm.cpp.o: 
plugin needed to handle lto object
C:/Users/phamm/.platformio/packages/toolchain-xtensa-esp-elf/bin/../lib/gcc/xte
nsa-esp-elf/14.2.0/../../../../xtensa-esp-elf/bin/ld.exe: 
.pio/build/custom-st7789-160x128/libc92/FastLED/platforms/wasm/fs_wasm.cpp.o: 
plugin needed to handle lto object
C:/Users/phamm/.platformio/packages/toolchain-xtensa-esp-elf/bin/../lib/gcc/xte
nsa-esp-elf/14.2.0/../../../../xtensa-esp-elf/bin/ld.exe: 
.pio/build/custom-st7789-160x128/libc92/FastLED/platforms/wasm/fs_wasm.cpp.o 
and .pio/build/custom-st7789-160x128/FrameworkArduinoVariant/variant.cpp.o: 
warning: multiple common of `__gnu_lto_slim'
C:/Users/phamm/.platformio/packages/toolchain-xtensa-esp-elf/bin/../lib/gcc/xte
nsa-esp-elf/14.2.0/../../../../xtensa-esp-elf/bin/ld.exe: 
.pio/build/custom-st7789-160x128/libc92/FastLED/platforms/wasm/js.cpp.o: 
plugin needed to handle lto object
C:/Users/phamm/.platformio/packages/toolchain-xtensa-esp-elf/bin/../lib/gcc/xte
nsa-esp-elf/14.2.0/../../../../xtensa-esp-elf/bin/ld.exe: 
.pio/build/custom-st7789-160x128/libc92/FastLED/platforms/wasm/js.cpp.o: 
plugin needed to handle lto object
C:/Users/phamm/.platformio/packages/toolchain-xtensa-esp-elf/bin/../lib/gcc/xte
nsa-esp-elf/14.2.0/../../../../xtensa-esp-elf/bin/ld.exe: 
.pio/build/custom-st7789-160x128/libc92/FastLED/platforms/wasm/js.cpp.o and 
.pio/build/custom-st7789-160x128/FrameworkArduinoVariant/variant.cpp.o: 
warning: multiple common of `__gnu_lto_slim'
C:/Users/phamm/.platformio/packages/toolchain-xtensa-esp-elf/bin/../lib/gcc/xte
nsa-esp-elf/14.2.0/../../../../xtensa-esp-elf/bin/ld.exe: .pio/build/custom-st7
789-160x128/libc92/FastLED/platforms/wasm/js_bindings.cpp.o: plugin needed to 
handle lto object
C:/Users/phamm/.platformio/packages/toolchain-xtensa-esp-elf/bin/../lib/gcc/xte
nsa-esp-elf/14.2.0/../../../../xtensa-esp-elf/bin/ld.exe: .pio/build/custom-st7
789-160x128/libc92/FastLED/platforms/wasm/js_bindings.cpp.o: plugin needed to 
handle lto object
C:/Users/phamm/.platformio/packages/toolchain-xtensa-esp-elf/bin/../lib/gcc/xte
nsa-esp-elf/14.2.0/../../../../xtensa-esp-elf/bin/ld.exe: .pio/build/custom-st7
789-160x128/libc92/FastLED/platforms/wasm/js_bindings.cpp.o and 
.pio/build/custom-st7789-160x128/FrameworkArduinoVariant/variant.cpp.o: 
warning: multiple common of `__gnu_lto_slim'
C:/Users/phamm/.platformio/packages/toolchain-xtensa-esp-elf/bin/../lib/gcc/xte
nsa-esp-elf/14.2.0/../../../../xtensa-esp-elf/bin/ld.exe: 
.pio/build/custom-st7789-160x128/libc92/FastLED/platforms/wasm/js_fetch.cpp.o: 
plugin needed to handle lto object
C:/Users/phamm/.platformio/packages/toolchain-xtensa-esp-elf/bin/../lib/gcc/xte
nsa-esp-elf/14.2.0/../../../../xtensa-esp-elf/bin/ld.exe: 
.pio/build/custom-st7789-160x128/libc92/FastLED/platforms/wasm/js_fetch.cpp.o: 
plugin needed to handle lto object
C:/Users/phamm/.platformio/packages/toolchain-xtensa-esp-elf/bin/../lib/gcc/xte
nsa-esp-elf/14.2.0/../../../../xtensa-esp-elf/bin/ld.exe: 
.pio/build/custom-st7789-160x128/libc92/FastLED/platforms/wasm/js_fetch.cpp.o 
and .pio/build/custom-st7789-160x128/FrameworkArduinoVariant/variant.cpp.o: 
warning: multiple common of `__gnu_lto_slim'
C:/Users/phamm/.platformio/packages/toolchain-xtensa-esp-elf/bin/../lib/gcc/xte
nsa-esp-elf/14.2.0/../../../../xtensa-esp-elf/bin/ld.exe: 
.pio/build/custom-st7789-160x128/libc92/FastLED/platforms/wasm/timer.cpp.o: 
plugin needed to handle lto object
C:/Users/phamm/.platformio/packages/toolchain-xtensa-esp-elf/bin/../lib/gcc/xte
nsa-esp-elf/14.2.0/../../../../xtensa-esp-elf/bin/ld.exe: 
.pio/build/custom-st7789-160x128/libc92/FastLED/platforms/wasm/timer.cpp.o: 
plugin needed to handle lto object
C:/Users/phamm/.platformio/packages/toolchain-xtensa-esp-elf/bin/../lib/gcc/xte
nsa-esp-elf/14.2.0/../../../../xtensa-esp-elf/bin/ld.exe: 
.pio/build/custom-st7789-160x128/libc92/FastLED/platforms/wasm/timer.cpp.o and 
.pio/build/custom-st7789-160x128/FrameworkArduinoVariant/variant.cpp.o: 
warning: multiple common of `__gnu_lto_slim'
C:/Users/phamm/.platformio/packages/toolchain-xtensa-esp-elf/bin/../lib/gcc/xte
nsa-esp-elf/14.2.0/../../../../xtensa-esp-elf/bin/ld.exe: 
.pio/build/custom-st7789-160x128/libc92/FastLED/platforms/wasm/ui.cpp.o: 
plugin needed to handle lto object
C:/Users/phamm/.platformio/packages/toolchain-xtensa-esp-elf/bin/../lib/gcc/xte
nsa-esp-elf/14.2.0/../../../../xtensa-esp-elf/bin/ld.exe: 
.pio/build/custom-st7789-160x128/libc92/FastLED/platforms/wasm/ui.cpp.o: 
plugin needed to handle lto object
C:/Users/phamm/.platformio/packages/toolchain-xtensa-esp-elf/bin/../lib/gcc/xte
nsa-esp-elf/14.2.0/../../../../xtensa-esp-elf/bin/ld.exe: 
.pio/build/custom-st7789-160x128/libc92/FastLED/platforms/wasm/ui.cpp.o and 
.pio/build/custom-st7789-160x128/FrameworkArduinoVariant/variant.cpp.o: 
warning: multiple common of `__gnu_lto_slim'
C:/Users/phamm/.platformio/packages/toolchain-xtensa-esp-elf/bin/../lib/gcc/xte
nsa-esp-elf/14.2.0/../../../../xtensa-esp-elf/bin/ld.exe: 
.pio/build/custom-st7789-160x128/libc92/FastLED/power_mgt.cpp.o: plugin needed 
to handle lto object
C:/Users/phamm/.platformio/packages/toolchain-xtensa-esp-elf/bin/../lib/gcc/xte
nsa-esp-elf/14.2.0/../../../../xtensa-esp-elf/bin/ld.exe: 
.pio/build/custom-st7789-160x128/libc92/FastLED/power_mgt.cpp.o: plugin needed 
to handle lto object
C:/Users/phamm/.platformio/packages/toolchain-xtensa-esp-elf/bin/../lib/gcc/xte
nsa-esp-elf/14.2.0/../../../../xtensa-esp-elf/bin/ld.exe: 
.pio/build/custom-st7789-160x128/libc92/FastLED/power_mgt.cpp.o and 
.pio/build/custom-st7789-160x128/FrameworkArduinoVariant/variant.cpp.o: 
warning: multiple common of `__gnu_lto_slim'
C:/Users/phamm/.platformio/packages/toolchain-xtensa-esp-elf/bin/../lib/gcc/xte
nsa-esp-elf/14.2.0/../../../../xtensa-esp-elf/bin/ld.exe: 
.pio/build/custom-st7789-160x128/libc92/FastLED/sensors/button.cpp.o: plugin 
needed to handle lto object
C:/Users/phamm/.platformio/packages/toolchain-xtensa-esp-elf/bin/../lib/gcc/xte
nsa-esp-elf/14.2.0/../../../../xtensa-esp-elf/bin/ld.exe: 
.pio/build/custom-st7789-160x128/libc92/FastLED/sensors/button.cpp.o: plugin 
needed to handle lto object
C:/Users/phamm/.platformio/packages/toolchain-xtensa-esp-elf/bin/../lib/gcc/xte
nsa-esp-elf/14.2.0/../../../../xtensa-esp-elf/bin/ld.exe: 
.pio/build/custom-st7789-160x128/libc92/FastLED/sensors/button.cpp.o and 
.pio/build/custom-st7789-160x128/FrameworkArduinoVariant/variant.cpp.o: 
warning: multiple common of `__gnu_lto_slim'
C:/Users/phamm/.platformio/packages/toolchain-xtensa-esp-elf/bin/../lib/gcc/xte
nsa-esp-elf/14.2.0/../../../../xtensa-esp-elf/bin/ld.exe: 
.pio/build/custom-st7789-160x128/libc92/FastLED/sensors/digital_pin.cpp.o: 
plugin needed to handle lto object
C:/Users/phamm/.platformio/packages/toolchain-xtensa-esp-elf/bin/../lib/gcc/xte
nsa-esp-elf/14.2.0/../../../../xtensa-esp-elf/bin/ld.exe: 
.pio/build/custom-st7789-160x128/libc92/FastLED/sensors/digital_pin.cpp.o: 
plugin needed to handle lto object
C:/Users/phamm/.platformio/packages/toolchain-xtensa-esp-elf/bin/../lib/gcc/xte
nsa-esp-elf/14.2.0/../../../../xtensa-esp-elf/bin/ld.exe: 
.pio/build/custom-st7789-160x128/libc92/FastLED/sensors/digital_pin.cpp.o and 
.pio/build/custom-st7789-160x128/FrameworkArduinoVariant/variant.cpp.o: 
warning: multiple common of `__gnu_lto_slim'
C:/Users/phamm/.platformio/packages/toolchain-xtensa-esp-elf/bin/../lib/gcc/xte
nsa-esp-elf/14.2.0/../../../../xtensa-esp-elf/bin/ld.exe: 
.pio/build/custom-st7789-160x128/libc92/FastLED/sensors/pir.cpp.o: plugin 
needed to handle lto object
C:/Users/phamm/.platformio/packages/toolchain-xtensa-esp-elf/bin/../lib/gcc/xte
nsa-esp-elf/14.2.0/../../../../xtensa-esp-elf/bin/ld.exe: 
.pio/build/custom-st7789-160x128/libc92/FastLED/sensors/pir.cpp.o: plugin 
needed to handle lto object
C:/Users/phamm/.platformio/packages/toolchain-xtensa-esp-elf/bin/../lib/gcc/xte
nsa-esp-elf/14.2.0/../../../../xtensa-esp-elf/bin/ld.exe: 
.pio/build/custom-st7789-160x128/libc92/FastLED/sensors/pir.cpp.o and 
.pio/build/custom-st7789-160x128/FrameworkArduinoVariant/variant.cpp.o: 
warning: multiple common of `__gnu_lto_slim'
C:/Users/phamm/.platformio/packages/toolchain-xtensa-esp-elf/bin/../lib/gcc/xte
nsa-esp-elf/14.2.0/../../../../xtensa-esp-elf/bin/ld.exe: 
.pio/build/custom-st7789-160x128/libc92/FastLED/simplex.cpp.o: plugin needed 
to handle lto object
C:/Users/phamm/.platformio/packages/toolchain-xtensa-esp-elf/bin/../lib/gcc/xte
nsa-esp-elf/14.2.0/../../../../xtensa-esp-elf/bin/ld.exe: 
.pio/build/custom-st7789-160x128/libc92/FastLED/simplex.cpp.o: plugin needed 
to handle lto object
C:/Users/phamm/.platformio/packages/toolchain-xtensa-esp-elf/bin/../lib/gcc/xte
nsa-esp-elf/14.2.0/../../../../xtensa-esp-elf/bin/ld.exe: 
.pio/build/custom-st7789-160x128/libc92/FastLED/simplex.cpp.o and 
.pio/build/custom-st7789-160x128/FrameworkArduinoVariant/variant.cpp.o: 
warning: multiple common of `__gnu_lto_slim'
C:/Users/phamm/.platformio/packages/toolchain-xtensa-esp-elf/bin/../lib/gcc/xte
nsa-esp-elf/14.2.0/../../../../xtensa-esp-elf/bin/ld.exe: .pio/build/custom-st7
789-160x128/libc92/FastLED/third_party/cq_kernel/cq_kernel.cpp.o: plugin 
needed to handle lto object
C:/Users/phamm/.platformio/packages/toolchain-xtensa-esp-elf/bin/../lib/gcc/xte
nsa-esp-elf/14.2.0/../../../../xtensa-esp-elf/bin/ld.exe: .pio/build/custom-st7
789-160x128/libc92/FastLED/third_party/cq_kernel/cq_kernel.cpp.o: plugin 
needed to handle lto object
C:/Users/phamm/.platformio/packages/toolchain-xtensa-esp-elf/bin/../lib/gcc/xte
nsa-esp-elf/14.2.0/../../../../xtensa-esp-elf/bin/ld.exe: .pio/build/custom-st7
789-160x128/libc92/FastLED/third_party/cq_kernel/cq_kernel.cpp.o and 
.pio/build/custom-st7789-160x128/FrameworkArduinoVariant/variant.cpp.o: 
warning: multiple common of `__gnu_lto_slim'
C:/Users/phamm/.platformio/packages/toolchain-xtensa-esp-elf/bin/../lib/gcc/xte
nsa-esp-elf/14.2.0/../../../../xtensa-esp-elf/bin/ld.exe: .pio/build/custom-st7
789-160x128/libc92/FastLED/third_party/cq_kernel/kiss_fft.cpp.o: plugin needed 
to handle lto object
C:/Users/phamm/.platformio/packages/toolchain-xtensa-esp-elf/bin/../lib/gcc/xte
nsa-esp-elf/14.2.0/../../../../xtensa-esp-elf/bin/ld.exe: .pio/build/custom-st7
789-160x128/libc92/FastLED/third_party/cq_kernel/kiss_fft.cpp.o: plugin needed 
to handle lto object
C:/Users/phamm/.platformio/packages/toolchain-xtensa-esp-elf/bin/../lib/gcc/xte
nsa-esp-elf/14.2.0/../../../../xtensa-esp-elf/bin/ld.exe: .pio/build/custom-st7
789-160x128/libc92/FastLED/third_party/cq_kernel/kiss_fft.cpp.o and 
.pio/build/custom-st7789-160x128/FrameworkArduinoVariant/variant.cpp.o: 
warning: multiple common of `__gnu_lto_slim'
C:/Users/phamm/.platformio/packages/toolchain-xtensa-esp-elf/bin/../lib/gcc/xte
nsa-esp-elf/14.2.0/../../../../xtensa-esp-elf/bin/ld.exe: .pio/build/custom-st7
789-160x128/libc92/FastLED/third_party/cq_kernel/kiss_fftr.cpp.o: plugin 
needed to handle lto object
C:/Users/phamm/.platformio/packages/toolchain-xtensa-esp-elf/bin/../lib/gcc/xte
nsa-esp-elf/14.2.0/../../../../xtensa-esp-elf/bin/ld.exe: .pio/build/custom-st7
789-160x128/libc92/FastLED/third_party/cq_kernel/kiss_fftr.cpp.o: plugin 
needed to handle lto object
C:/Users/phamm/.platformio/packages/toolchain-xtensa-esp-elf/bin/../lib/gcc/xte
nsa-esp-elf/14.2.0/../../../../xtensa-esp-elf/bin/ld.exe: .pio/build/custom-st7
789-160x128/libc92/FastLED/third_party/cq_kernel/kiss_fftr.cpp.o and 
.pio/build/custom-st7789-160x128/FrameworkArduinoVariant/variant.cpp.o: 
warning: multiple common of `__gnu_lto_slim'
C:/Users/phamm/.platformio/packages/toolchain-xtensa-esp-elf/bin/../lib/gcc/xte
nsa-esp-elf/14.2.0/../../../../xtensa-esp-elf/bin/ld.exe: .pio/build/custom-st7
789-160x128/libc92/FastLED/third_party/espressif/led_strip/src/led_strip_api.c.
o: plugin needed to handle lto object
C:/Users/phamm/.platformio/packages/toolchain-xtensa-esp-elf/bin/../lib/gcc/xte
nsa-esp-elf/14.2.0/../../../../xtensa-esp-elf/bin/ld.exe: .pio/build/custom-st7
789-160x128/libc92/FastLED/third_party/espressif/led_strip/src/led_strip_api.c.
o: plugin needed to handle lto object
C:/Users/phamm/.platformio/packages/toolchain-xtensa-esp-elf/bin/../lib/gcc/xte
nsa-esp-elf/14.2.0/../../../../xtensa-esp-elf/bin/ld.exe: .pio/build/custom-st7
789-160x128/libc92/FastLED/third_party/espressif/led_strip/src/led_strip_api.c.
o and .pio/build/custom-st7789-160x128/FrameworkArduinoVariant/variant.cpp.o: 
warning: multiple common of `__gnu_lto_slim'
C:/Users/phamm/.platformio/packages/toolchain-xtensa-esp-elf/bin/../lib/gcc/xte
nsa-esp-elf/14.2.0/../../../../xtensa-esp-elf/bin/ld.exe: .pio/build/custom-st7
789-160x128/libc92/FastLED/third_party/espressif/led_strip/src/led_strip_rmt_de
v.c.o: plugin needed to handle lto object
C:/Users/phamm/.platformio/packages/toolchain-xtensa-esp-elf/bin/../lib/gcc/xte
nsa-esp-elf/14.2.0/../../../../xtensa-esp-elf/bin/ld.exe: .pio/build/custom-st7
789-160x128/libc92/FastLED/third_party/espressif/led_strip/src/led_strip_rmt_de
v.c.o: plugin needed to handle lto object
C:/Users/phamm/.platformio/packages/toolchain-xtensa-esp-elf/bin/../lib/gcc/xte
nsa-esp-elf/14.2.0/../../../../xtensa-esp-elf/bin/ld.exe: .pio/build/custom-st7
789-160x128/libc92/FastLED/third_party/espressif/led_strip/src/led_strip_rmt_de
v.c.o and 
.pio/build/custom-st7789-160x128/FrameworkArduinoVariant/variant.cpp.o: 
warning: multiple common of `__gnu_lto_slim'
C:/Users/phamm/.platformio/packages/toolchain-xtensa-esp-elf/bin/../lib/gcc/xte
nsa-esp-elf/14.2.0/../../../../xtensa-esp-elf/bin/ld.exe: .pio/build/custom-st7
789-160x128/libc92/FastLED/third_party/espressif/led_strip/src/led_strip_rmt_en
coder.c.o: plugin needed to handle lto object
C:/Users/phamm/.platformio/packages/toolchain-xtensa-esp-elf/bin/../lib/gcc/xte
nsa-esp-elf/14.2.0/../../../../xtensa-esp-elf/bin/ld.exe: .pio/build/custom-st7
789-160x128/libc92/FastLED/third_party/espressif/led_strip/src/led_strip_rmt_en
coder.c.o: plugin needed to handle lto object
C:/Users/phamm/.platformio/packages/toolchain-xtensa-esp-elf/bin/../lib/gcc/xte
nsa-esp-elf/14.2.0/../../../../xtensa-esp-elf/bin/ld.exe: .pio/build/custom-st7
789-160x128/libc92/FastLED/third_party/espressif/led_strip/src/led_strip_rmt_en
coder.c.o and 
.pio/build/custom-st7789-160x128/FrameworkArduinoVariant/variant.cpp.o: 
warning: multiple common of `__gnu_lto_slim'
C:/Users/phamm/.platformio/packages/toolchain-xtensa-esp-elf/bin/../lib/gcc/xte
nsa-esp-elf/14.2.0/../../../../xtensa-esp-elf/bin/ld.exe: .pio/build/custom-st7
789-160x128/libc92/FastLED/third_party/espressif/led_strip/src/led_strip_spi_de
v.c.o: plugin needed to handle lto object
C:/Users/phamm/.platformio/packages/toolchain-xtensa-esp-elf/bin/../lib/gcc/xte
nsa-esp-elf/14.2.0/../../../../xtensa-esp-elf/bin/ld.exe: .pio/build/custom-st7
789-160x128/libc92/FastLED/third_party/espressif/led_strip/src/led_strip_spi_de
v.c.o: plugin needed to handle lto object
C:/Users/phamm/.platformio/packages/toolchain-xtensa-esp-elf/bin/../lib/gcc/xte
nsa-esp-elf/14.2.0/../../../../xtensa-esp-elf/bin/ld.exe: .pio/build/custom-st7
789-160x128/libc92/FastLED/third_party/espressif/led_strip/src/led_strip_spi_de
v.c.o and 
.pio/build/custom-st7789-160x128/FrameworkArduinoVariant/variant.cpp.o: 
warning: multiple common of `__gnu_lto_slim'
C:/Users/phamm/.platformio/packages/toolchain-xtensa-esp-elf/bin/../lib/gcc/xte
nsa-esp-elf/14.2.0/../../../../xtensa-esp-elf/bin/ld.exe: .pio/build/custom-st7
789-160x128/libc92/FastLED/third_party/object_fled/src/OjectFLED.cpp.o: plugin 
needed to handle lto object
C:/Users/phamm/.platformio/packages/toolchain-xtensa-esp-elf/bin/../lib/gcc/xte
nsa-esp-elf/14.2.0/../../../../xtensa-esp-elf/bin/ld.exe: .pio/build/custom-st7
789-160x128/libc92/FastLED/third_party/object_fled/src/OjectFLED.cpp.o: plugin 
needed to handle lto object
C:/Users/phamm/.platformio/packages/toolchain-xtensa-esp-elf/bin/../lib/gcc/xte
nsa-esp-elf/14.2.0/../../../../xtensa-esp-elf/bin/ld.exe: .pio/build/custom-st7
789-160x128/libc92/FastLED/third_party/object_fled/src/OjectFLED.cpp.o and 
.pio/build/custom-st7789-160x128/FrameworkArduinoVariant/variant.cpp.o: 
warning: multiple common of `__gnu_lto_slim'
C:/Users/phamm/.platformio/packages/toolchain-xtensa-esp-elf/bin/../lib/gcc/xte
nsa-esp-elf/14.2.0/../../../../xtensa-esp-elf/bin/ld.exe: 
.pio/build/custom-st7789-160x128/libc92/FastLED/transpose8x1_noinline.cpp.o: 
plugin needed to handle lto object
C:/Users/phamm/.platformio/packages/toolchain-xtensa-esp-elf/bin/../lib/gcc/xte
nsa-esp-elf/14.2.0/../../../../xtensa-esp-elf/bin/ld.exe: 
.pio/build/custom-st7789-160x128/libc92/FastLED/transpose8x1_noinline.cpp.o: 
plugin needed to handle lto object
C:/Users/phamm/.platformio/packages/toolchain-xtensa-esp-elf/bin/../lib/gcc/xte
nsa-esp-elf/14.2.0/../../../../xtensa-esp-elf/bin/ld.exe: 
.pio/build/custom-st7789-160x128/libc92/FastLED/transpose8x1_noinline.cpp.o 
and .pio/build/custom-st7789-160x128/FrameworkArduinoVariant/variant.cpp.o: 
warning: multiple common of `__gnu_lto_slim'
C:/Users/phamm/.platformio/packages/toolchain-xtensa-esp-elf/bin/../lib/gcc/xte
nsa-esp-elf/14.2.0/../../../../xtensa-esp-elf/bin/ld.exe: 
.pio/build/custom-st7789-160x128/libc92/FastLED/wiring.cpp.o: plugin needed to 
handle lto object
C:/Users/phamm/.platformio/packages/toolchain-xtensa-esp-elf/bin/../lib/gcc/xte
nsa-esp-elf/14.2.0/../../../../xtensa-esp-elf/bin/ld.exe: 
.pio/build/custom-st7789-160x128/libc92/FastLED/wiring.cpp.o: plugin needed to 
handle lto object
C:/Users/phamm/.platformio/packages/toolchain-xtensa-esp-elf/bin/../lib/gcc/xte
nsa-esp-elf/14.2.0/../../../../xtensa-esp-elf/bin/ld.exe: 
.pio/build/custom-st7789-160x128/libc92/FastLED/wiring.cpp.o and 
.pio/build/custom-st7789-160x128/FrameworkArduinoVariant/variant.cpp.o: 
warning: multiple common of `__gnu_lto_slim'
C:/Users/phamm/.platformio/packages/toolchain-xtensa-esp-elf/bin/../lib/gcc/xte
nsa-esp-elf/14.2.0/../../../../xtensa-esp-elf/bin/ld.exe: 
.pio/build/custom-st7789-160x128/libc34/RadioLib/Hal.cpp.o: plugin needed to 
handle lto object
C:/Users/phamm/.platformio/packages/toolchain-xtensa-esp-elf/bin/../lib/gcc/xte
nsa-esp-elf/14.2.0/../../../../xtensa-esp-elf/bin/ld.exe: 
.pio/build/custom-st7789-160x128/libc34/RadioLib/Hal.cpp.o: plugin needed to 
handle lto object
C:/Users/phamm/.platformio/packages/toolchain-xtensa-esp-elf/bin/../lib/gcc/xte
nsa-esp-elf/14.2.0/../../../../xtensa-esp-elf/bin/ld.exe: 
.pio/build/custom-st7789-160x128/libc34/RadioLib/Hal.cpp.o and 
.pio/build/custom-st7789-160x128/FrameworkArduinoVariant/variant.cpp.o: 
warning: multiple common of `__gnu_lto_slim'
C:/Users/phamm/.platformio/packages/toolchain-xtensa-esp-elf/bin/../lib/gcc/xte
nsa-esp-elf/14.2.0/../../../../xtensa-esp-elf/bin/ld.exe: 
.pio/build/custom-st7789-160x128/libc34/RadioLib/Module.cpp.o: plugin needed 
to handle lto object
C:/Users/phamm/.platformio/packages/toolchain-xtensa-esp-elf/bin/../lib/gcc/xte
nsa-esp-elf/14.2.0/../../../../xtensa-esp-elf/bin/ld.exe: 
.pio/build/custom-st7789-160x128/libc34/RadioLib/Module.cpp.o: plugin needed 
to handle lto object
C:/Users/phamm/.platformio/packages/toolchain-xtensa-esp-elf/bin/../lib/gcc/xte
nsa-esp-elf/14.2.0/../../../../xtensa-esp-elf/bin/ld.exe: 
.pio/build/custom-st7789-160x128/libc34/RadioLib/Module.cpp.o and 
.pio/build/custom-st7789-160x128/FrameworkArduinoVariant/variant.cpp.o: 
warning: multiple common of `__gnu_lto_slim'
C:/Users/phamm/.platformio/packages/toolchain-xtensa-esp-elf/bin/../lib/gcc/xte
nsa-esp-elf/14.2.0/../../../../xtensa-esp-elf/bin/ld.exe: 
.pio/build/custom-st7789-160x128/libc34/RadioLib/hal/Arduino/ArduinoHal.cpp.o: 
plugin needed to handle lto object
C:/Users/phamm/.platformio/packages/toolchain-xtensa-esp-elf/bin/../lib/gcc/xte
nsa-esp-elf/14.2.0/../../../../xtensa-esp-elf/bin/ld.exe: 
.pio/build/custom-st7789-160x128/libc34/RadioLib/hal/Arduino/ArduinoHal.cpp.o: 
plugin needed to handle lto object
C:/Users/phamm/.platformio/packages/toolchain-xtensa-esp-elf/bin/../lib/gcc/xte
nsa-esp-elf/14.2.0/../../../../xtensa-esp-elf/bin/ld.exe: 
.pio/build/custom-st7789-160x128/libc34/RadioLib/hal/Arduino/ArduinoHal.cpp.o 
and .pio/build/custom-st7789-160x128/FrameworkArduinoVariant/variant.cpp.o: 
warning: multiple common of `__gnu_lto_slim'
C:/Users/phamm/.platformio/packages/toolchain-xtensa-esp-elf/bin/../lib/gcc/xte
nsa-esp-elf/14.2.0/../../../../xtensa-esp-elf/bin/ld.exe: 
.pio/build/custom-st7789-160x128/libc34/RadioLib/hal/RPiPico/PicoHal.cpp.o: 
plugin needed to handle lto object
C:/Users/phamm/.platformio/packages/toolchain-xtensa-esp-elf/bin/../lib/gcc/xte
nsa-esp-elf/14.2.0/../../../../xtensa-esp-elf/bin/ld.exe: 
.pio/build/custom-st7789-160x128/libc34/RadioLib/hal/RPiPico/PicoHal.cpp.o: 
plugin needed to handle lto object
C:/Users/phamm/.platformio/packages/toolchain-xtensa-esp-elf/bin/../lib/gcc/xte
nsa-esp-elf/14.2.0/../../../../xtensa-esp-elf/bin/ld.exe: 
.pio/build/custom-st7789-160x128/libc34/RadioLib/hal/RPiPico/PicoHal.cpp.o and 
.pio/build/custom-st7789-160x128/FrameworkArduinoVariant/variant.cpp.o: 
warning: multiple common of `__gnu_lto_slim'
C:/Users/phamm/.platformio/packages/toolchain-xtensa-esp-elf/bin/../lib/gcc/xte
nsa-esp-elf/14.2.0/../../../../xtensa-esp-elf/bin/ld.exe: 
.pio/build/custom-st7789-160x128/libc34/RadioLib/modules/CC1101/CC1101.cpp.o: 
plugin needed to handle lto object
C:/Users/phamm/.platformio/packages/toolchain-xtensa-esp-elf/bin/../lib/gcc/xte
nsa-esp-elf/14.2.0/../../../../xtensa-esp-elf/bin/ld.exe: 
.pio/build/custom-st7789-160x128/libc34/RadioLib/modules/CC1101/CC1101.cpp.o: 
plugin needed to handle lto object
C:/Users/phamm/.platformio/packages/toolchain-xtensa-esp-elf/bin/../lib/gcc/xte
nsa-esp-elf/14.2.0/../../../../xtensa-esp-elf/bin/ld.exe: 
.pio/build/custom-st7789-160x128/libc34/RadioLib/modules/CC1101/CC1101.cpp.o 
and .pio/build/custom-st7789-160x128/FrameworkArduinoVariant/variant.cpp.o: 
warning: multiple common of `__gnu_lto_slim'
C:/Users/phamm/.platformio/packages/toolchain-xtensa-esp-elf/bin/../lib/gcc/xte
nsa-esp-elf/14.2.0/../../../../xtensa-esp-elf/bin/ld.exe: 
.pio/build/custom-st7789-160x128/libc34/RadioLib/modules/LLCC68/LLCC68.cpp.o: 
plugin needed to handle lto object
C:/Users/phamm/.platformio/packages/toolchain-xtensa-esp-elf/bin/../lib/gcc/xte
nsa-esp-elf/14.2.0/../../../../xtensa-esp-elf/bin/ld.exe: 
.pio/build/custom-st7789-160x128/libc34/RadioLib/modules/LLCC68/LLCC68.cpp.o: 
plugin needed to handle lto object
C:/Users/phamm/.platformio/packages/toolchain-xtensa-esp-elf/bin/../lib/gcc/xte
nsa-esp-elf/14.2.0/../../../../xtensa-esp-elf/bin/ld.exe: 
.pio/build/custom-st7789-160x128/libc34/RadioLib/modules/LLCC68/LLCC68.cpp.o 
and .pio/build/custom-st7789-160x128/FrameworkArduinoVariant/variant.cpp.o: 
warning: multiple common of `__gnu_lto_slim'
C:/Users/phamm/.platformio/packages/toolchain-xtensa-esp-elf/bin/../lib/gcc/xte
nsa-esp-elf/14.2.0/../../../../xtensa-esp-elf/bin/ld.exe: 
.pio/build/custom-st7789-160x128/libc34/RadioLib/modules/LR11x0/LR1110.cpp.o: 
plugin needed to handle lto object
C:/Users/phamm/.platformio/packages/toolchain-xtensa-esp-elf/bin/../lib/gcc/xte
nsa-esp-elf/14.2.0/../../../../xtensa-esp-elf/bin/ld.exe: 
.pio/build/custom-st7789-160x128/libc34/RadioLib/modules/LR11x0/LR1110.cpp.o: 
plugin needed to handle lto object
C:/Users/phamm/.platformio/packages/toolchain-xtensa-esp-elf/bin/../lib/gcc/xte
nsa-esp-elf/14.2.0/../../../../xtensa-esp-elf/bin/ld.exe: 
.pio/build/custom-st7789-160x128/libc34/RadioLib/modules/LR11x0/LR1110.cpp.o 
and .pio/build/custom-st7789-160x128/FrameworkArduinoVariant/variant.cpp.o: 
warning: multiple common of `__gnu_lto_slim'
C:/Users/phamm/.platformio/packages/toolchain-xtensa-esp-elf/bin/../lib/gcc/xte
nsa-esp-elf/14.2.0/../../../../xtensa-esp-elf/bin/ld.exe: 
.pio/build/custom-st7789-160x128/libc34/RadioLib/modules/LR11x0/LR1120.cpp.o: 
plugin needed to handle lto object
C:/Users/phamm/.platformio/packages/toolchain-xtensa-esp-elf/bin/../lib/gcc/xte
nsa-esp-elf/14.2.0/../../../../xtensa-esp-elf/bin/ld.exe: 
.pio/build/custom-st7789-160x128/libc34/RadioLib/modules/LR11x0/LR1120.cpp.o: 
plugin needed to handle lto object
C:/Users/phamm/.platformio/packages/toolchain-xtensa-esp-elf/bin/../lib/gcc/xte
nsa-esp-elf/14.2.0/../../../../xtensa-esp-elf/bin/ld.exe: 
.pio/build/custom-st7789-160x128/libc34/RadioLib/modules/LR11x0/LR1120.cpp.o 
and .pio/build/custom-st7789-160x128/FrameworkArduinoVariant/variant.cpp.o: 
warning: multiple common of `__gnu_lto_slim'
C:/Users/phamm/.platformio/packages/toolchain-xtensa-esp-elf/bin/../lib/gcc/xte
nsa-esp-elf/14.2.0/../../../../xtensa-esp-elf/bin/ld.exe: 
.pio/build/custom-st7789-160x128/libc34/RadioLib/modules/LR11x0/LR1121.cpp.o: 
plugin needed to handle lto object
C:/Users/phamm/.platformio/packages/toolchain-xtensa-esp-elf/bin/../lib/gcc/xte
nsa-esp-elf/14.2.0/../../../../xtensa-esp-elf/bin/ld.exe: 
.pio/build/custom-st7789-160x128/libc34/RadioLib/modules/LR11x0/LR1121.cpp.o: 
plugin needed to handle lto object
C:/Users/phamm/.platformio/packages/toolchain-xtensa-esp-elf/bin/../lib/gcc/xte
nsa-esp-elf/14.2.0/../../../../xtensa-esp-elf/bin/ld.exe: 
.pio/build/custom-st7789-160x128/libc34/RadioLib/modules/LR11x0/LR1121.cpp.o 
and .pio/build/custom-st7789-160x128/FrameworkArduinoVariant/variant.cpp.o: 
warning: multiple common of `__gnu_lto_slim'
C:/Users/phamm/.platformio/packages/toolchain-xtensa-esp-elf/bin/../lib/gcc/xte
nsa-esp-elf/14.2.0/../../../../xtensa-esp-elf/bin/ld.exe: 
.pio/build/custom-st7789-160x128/libc34/RadioLib/modules/LR11x0/LR11x0.cpp.o: 
plugin needed to handle lto object
C:/Users/phamm/.platformio/packages/toolchain-xtensa-esp-elf/bin/../lib/gcc/xte
nsa-esp-elf/14.2.0/../../../../xtensa-esp-elf/bin/ld.exe: 
.pio/build/custom-st7789-160x128/libc34/RadioLib/modules/LR11x0/LR11x0.cpp.o: 
plugin needed to handle lto object
C:/Users/phamm/.platformio/packages/toolchain-xtensa-esp-elf/bin/../lib/gcc/xte
nsa-esp-elf/14.2.0/../../../../xtensa-esp-elf/bin/ld.exe: 
.pio/build/custom-st7789-160x128/libc34/RadioLib/modules/LR11x0/LR11x0.cpp.o 
and .pio/build/custom-st7789-160x128/FrameworkArduinoVariant/variant.cpp.o: 
warning: multiple common of `__gnu_lto_slim'
C:/Users/phamm/.platformio/packages/toolchain-xtensa-esp-elf/bin/../lib/gcc/xte
nsa-esp-elf/14.2.0/../../../../xtensa-esp-elf/bin/ld.exe: .pio/build/custom-st7
789-160x128/libc34/RadioLib/modules/LR11x0/LR11x0_commands.cpp.o: plugin 
needed to handle lto object
C:/Users/phamm/.platformio/packages/toolchain-xtensa-esp-elf/bin/../lib/gcc/xte
nsa-esp-elf/14.2.0/../../../../xtensa-esp-elf/bin/ld.exe: .pio/build/custom-st7
789-160x128/libc34/RadioLib/modules/LR11x0/LR11x0_commands.cpp.o: plugin 
needed to handle lto object
C:/Users/phamm/.platformio/packages/toolchain-xtensa-esp-elf/bin/../lib/gcc/xte
nsa-esp-elf/14.2.0/../../../../xtensa-esp-elf/bin/ld.exe: .pio/build/custom-st7
789-160x128/libc34/RadioLib/modules/LR11x0/LR11x0_commands.cpp.o and 
.pio/build/custom-st7789-160x128/FrameworkArduinoVariant/variant.cpp.o: 
warning: multiple common of `__gnu_lto_slim'
C:/Users/phamm/.platformio/packages/toolchain-xtensa-esp-elf/bin/../lib/gcc/xte
nsa-esp-elf/14.2.0/../../../../xtensa-esp-elf/bin/ld.exe: .pio/build/custom-st7
789-160x128/libc34/RadioLib/modules/LR11x0/LR11x0_crypto.cpp.o: plugin needed 
to handle lto object
C:/Users/phamm/.platformio/packages/toolchain-xtensa-esp-elf/bin/../lib/gcc/xte
nsa-esp-elf/14.2.0/../../../../xtensa-esp-elf/bin/ld.exe: .pio/build/custom-st7
789-160x128/libc34/RadioLib/modules/LR11x0/LR11x0_crypto.cpp.o: plugin needed 
to handle lto object
C:/Users/phamm/.platformio/packages/toolchain-xtensa-esp-elf/bin/../lib/gcc/xte
nsa-esp-elf/14.2.0/../../../../xtensa-esp-elf/bin/ld.exe: .pio/build/custom-st7
789-160x128/libc34/RadioLib/modules/LR11x0/LR11x0_crypto.cpp.o and 
.pio/build/custom-st7789-160x128/FrameworkArduinoVariant/variant.cpp.o: 
warning: multiple common of `__gnu_lto_slim'
C:/Users/phamm/.platformio/packages/toolchain-xtensa-esp-elf/bin/../lib/gcc/xte
nsa-esp-elf/14.2.0/../../../../xtensa-esp-elf/bin/ld.exe: .pio/build/custom-st7
789-160x128/libc34/RadioLib/modules/LR11x0/LR11x0_gnss.cpp.o: plugin needed to 
handle lto object
C:/Users/phamm/.platformio/packages/toolchain-xtensa-esp-elf/bin/../lib/gcc/xte
nsa-esp-elf/14.2.0/../../../../xtensa-esp-elf/bin/ld.exe: .pio/build/custom-st7
789-160x128/libc34/RadioLib/modules/LR11x0/LR11x0_gnss.cpp.o: plugin needed to 
handle lto object
C:/Users/phamm/.platformio/packages/toolchain-xtensa-esp-elf/bin/../lib/gcc/xte
nsa-esp-elf/14.2.0/../../../../xtensa-esp-elf/bin/ld.exe: .pio/build/custom-st7
789-160x128/libc34/RadioLib/modules/LR11x0/LR11x0_gnss.cpp.o and 
.pio/build/custom-st7789-160x128/FrameworkArduinoVariant/variant.cpp.o: 
warning: multiple common of `__gnu_lto_slim'
C:/Users/phamm/.platformio/packages/toolchain-xtensa-esp-elf/bin/../lib/gcc/xte
nsa-esp-elf/14.2.0/../../../../xtensa-esp-elf/bin/ld.exe: .pio/build/custom-st7
789-160x128/libc34/RadioLib/modules/LR11x0/LR11x0_wifi.cpp.o: plugin needed to 
handle lto object
C:/Users/phamm/.platformio/packages/toolchain-xtensa-esp-elf/bin/../lib/gcc/xte
nsa-esp-elf/14.2.0/../../../../xtensa-esp-elf/bin/ld.exe: .pio/build/custom-st7
789-160x128/libc34/RadioLib/modules/LR11x0/LR11x0_wifi.cpp.o: plugin needed to 
handle lto object
C:/Users/phamm/.platformio/packages/toolchain-xtensa-esp-elf/bin/../lib/gcc/xte
nsa-esp-elf/14.2.0/../../../../xtensa-esp-elf/bin/ld.exe: .pio/build/custom-st7
789-160x128/libc34/RadioLib/modules/LR11x0/LR11x0_wifi.cpp.o and 
.pio/build/custom-st7789-160x128/FrameworkArduinoVariant/variant.cpp.o: 
warning: multiple common of `__gnu_lto_slim'
C:/Users/phamm/.platformio/packages/toolchain-xtensa-esp-elf/bin/../lib/gcc/xte
nsa-esp-elf/14.2.0/../../../../xtensa-esp-elf/bin/ld.exe: .pio/build/custom-st7
789-160x128/libc34/RadioLib/modules/LR11x0/LR_common.cpp.o: plugin needed to 
handle lto object
C:/Users/phamm/.platformio/packages/toolchain-xtensa-esp-elf/bin/../lib/gcc/xte
nsa-esp-elf/14.2.0/../../../../xtensa-esp-elf/bin/ld.exe: .pio/build/custom-st7
789-160x128/libc34/RadioLib/modules/LR11x0/LR_common.cpp.o: plugin needed to 
handle lto object
C:/Users/phamm/.platformio/packages/toolchain-xtensa-esp-elf/bin/../lib/gcc/xte
nsa-esp-elf/14.2.0/../../../../xtensa-esp-elf/bin/ld.exe: .pio/build/custom-st7
789-160x128/libc34/RadioLib/modules/LR11x0/LR_common.cpp.o and 
.pio/build/custom-st7789-160x128/FrameworkArduinoVariant/variant.cpp.o: 
warning: multiple common of `__gnu_lto_slim'
C:/Users/phamm/.platformio/packages/toolchain-xtensa-esp-elf/bin/../lib/gcc/xte
nsa-esp-elf/14.2.0/../../../../xtensa-esp-elf/bin/ld.exe: 
.pio/build/custom-st7789-160x128/libc34/RadioLib/modules/LR2021/LR2021.cpp.o: 
plugin needed to handle lto object
C:/Users/phamm/.platformio/packages/toolchain-xtensa-esp-elf/bin/../lib/gcc/xte
nsa-esp-elf/14.2.0/../../../../xtensa-esp-elf/bin/ld.exe: 
.pio/build/custom-st7789-160x128/libc34/RadioLib/modules/LR2021/LR2021.cpp.o: 
plugin needed to handle lto object
C:/Users/phamm/.platformio/packages/toolchain-xtensa-esp-elf/bin/../lib/gcc/xte
nsa-esp-elf/14.2.0/../../../../xtensa-esp-elf/bin/ld.exe: 
.pio/build/custom-st7789-160x128/libc34/RadioLib/modules/LR2021/LR2021.cpp.o 
and .pio/build/custom-st7789-160x128/FrameworkArduinoVariant/variant.cpp.o: 
warning: multiple common of `__gnu_lto_slim'
C:/Users/phamm/.platformio/packages/toolchain-xtensa-esp-elf/bin/../lib/gcc/xte
nsa-esp-elf/14.2.0/../../../../xtensa-esp-elf/bin/ld.exe: .pio/build/custom-st7
789-160x128/libc34/RadioLib/modules/LR2021/LR2021_cmds_chip_control.cpp.o: 
plugin needed to handle lto object
C:/Users/phamm/.platformio/packages/toolchain-xtensa-esp-elf/bin/../lib/gcc/xte
nsa-esp-elf/14.2.0/../../../../xtensa-esp-elf/bin/ld.exe: .pio/build/custom-st7
789-160x128/libc34/RadioLib/modules/LR2021/LR2021_cmds_chip_control.cpp.o: 
plugin needed to handle lto object
C:/Users/phamm/.platformio/packages/toolchain-xtensa-esp-elf/bin/../lib/gcc/xte
nsa-esp-elf/14.2.0/../../../../xtensa-esp-elf/bin/ld.exe: .pio/build/custom-st7
789-160x128/libc34/RadioLib/modules/LR2021/LR2021_cmds_chip_control.cpp.o and 
.pio/build/custom-st7789-160x128/FrameworkArduinoVariant/variant.cpp.o: 
warning: multiple common of `__gnu_lto_slim'
C:/Users/phamm/.platformio/packages/toolchain-xtensa-esp-elf/bin/../lib/gcc/xte
nsa-esp-elf/14.2.0/../../../../xtensa-esp-elf/bin/ld.exe: .pio/build/custom-st7
789-160x128/libc34/RadioLib/modules/LR2021/LR2021_cmds_flrc.cpp.o: plugin 
needed to handle lto object
C:/Users/phamm/.platformio/packages/toolchain-xtensa-esp-elf/bin/../lib/gcc/xte
nsa-esp-elf/14.2.0/../../../../xtensa-esp-elf/bin/ld.exe: .pio/build/custom-st7
789-160x128/libc34/RadioLib/modules/LR2021/LR2021_cmds_flrc.cpp.o: plugin 
needed to handle lto object
C:/Users/phamm/.platformio/packages/toolchain-xtensa-esp-elf/bin/../lib/gcc/xte
nsa-esp-elf/14.2.0/../../../../xtensa-esp-elf/bin/ld.exe: .pio/build/custom-st7
789-160x128/libc34/RadioLib/modules/LR2021/LR2021_cmds_flrc.cpp.o and 
.pio/build/custom-st7789-160x128/FrameworkArduinoVariant/variant.cpp.o: 
warning: multiple common of `__gnu_lto_slim'
C:/Users/phamm/.platformio/packages/toolchain-xtensa-esp-elf/bin/../lib/gcc/xte
nsa-esp-elf/14.2.0/../../../../xtensa-esp-elf/bin/ld.exe: .pio/build/custom-st7
789-160x128/libc34/RadioLib/modules/LR2021/LR2021_cmds_gfsk.cpp.o: plugin 
needed to handle lto object
C:/Users/phamm/.platformio/packages/toolchain-xtensa-esp-elf/bin/../lib/gcc/xte
nsa-esp-elf/14.2.0/../../../../xtensa-esp-elf/bin/ld.exe: .pio/build/custom-st7
789-160x128/libc34/RadioLib/modules/LR2021/LR2021_cmds_gfsk.cpp.o: plugin 
needed to handle lto object
C:/Users/phamm/.platformio/packages/toolchain-xtensa-esp-elf/bin/../lib/gcc/xte
nsa-esp-elf/14.2.0/../../../../xtensa-esp-elf/bin/ld.exe: .pio/build/custom-st7
789-160x128/libc34/RadioLib/modules/LR2021/LR2021_cmds_gfsk.cpp.o and 
.pio/build/custom-st7789-160x128/FrameworkArduinoVariant/variant.cpp.o: 
warning: multiple common of `__gnu_lto_slim'
C:/Users/phamm/.platformio/packages/toolchain-xtensa-esp-elf/bin/../lib/gcc/xte
nsa-esp-elf/14.2.0/../../../../xtensa-esp-elf/bin/ld.exe: .pio/build/custom-st7
789-160x128/libc34/RadioLib/modules/LR2021/LR2021_cmds_lora.cpp.o: plugin 
needed to handle lto object
C:/Users/phamm/.platformio/packages/toolchain-xtensa-esp-elf/bin/../lib/gcc/xte
nsa-esp-elf/14.2.0/../../../../xtensa-esp-elf/bin/ld.exe: .pio/build/custom-st7
789-160x128/libc34/RadioLib/modules/LR2021/LR2021_cmds_lora.cpp.o: plugin 
needed to handle lto object
C:/Users/phamm/.platformio/packages/toolchain-xtensa-esp-elf/bin/../lib/gcc/xte
nsa-esp-elf/14.2.0/../../../../xtensa-esp-elf/bin/ld.exe: .pio/build/custom-st7
789-160x128/libc34/RadioLib/modules/LR2021/LR2021_cmds_lora.cpp.o and 
.pio/build/custom-st7789-160x128/FrameworkArduinoVariant/variant.cpp.o: 
warning: multiple common of `__gnu_lto_slim'
C:/Users/phamm/.platformio/packages/toolchain-xtensa-esp-elf/bin/../lib/gcc/xte
nsa-esp-elf/14.2.0/../../../../xtensa-esp-elf/bin/ld.exe: .pio/build/custom-st7
789-160x128/libc34/RadioLib/modules/LR2021/LR2021_cmds_misc.cpp.o: plugin 
needed to handle lto object
C:/Users/phamm/.platformio/packages/toolchain-xtensa-esp-elf/bin/../lib/gcc/xte
nsa-esp-elf/14.2.0/../../../../xtensa-esp-elf/bin/ld.exe: .pio/build/custom-st7
789-160x128/libc34/RadioLib/modules/LR2021/LR2021_cmds_misc.cpp.o: plugin 
needed to handle lto object
C:/Users/phamm/.platformio/packages/toolchain-xtensa-esp-elf/bin/../lib/gcc/xte
nsa-esp-elf/14.2.0/../../../../xtensa-esp-elf/bin/ld.exe: .pio/build/custom-st7
789-160x128/libc34/RadioLib/modules/LR2021/LR2021_cmds_misc.cpp.o and 
.pio/build/custom-st7789-160x128/FrameworkArduinoVariant/variant.cpp.o: 
warning: multiple common of `__gnu_lto_slim'
C:/Users/phamm/.platformio/packages/toolchain-xtensa-esp-elf/bin/../lib/gcc/xte
nsa-esp-elf/14.2.0/../../../../xtensa-esp-elf/bin/ld.exe: .pio/build/custom-st7
789-160x128/libc34/RadioLib/modules/LR2021/LR2021_cmds_ook.cpp.o: plugin 
needed to handle lto object
C:/Users/phamm/.platformio/packages/toolchain-xtensa-esp-elf/bin/../lib/gcc/xte
nsa-esp-elf/14.2.0/../../../../xtensa-esp-elf/bin/ld.exe: .pio/build/custom-st7
789-160x128/libc34/RadioLib/modules/LR2021/LR2021_cmds_ook.cpp.o: plugin 
needed to handle lto object
C:/Users/phamm/.platformio/packages/toolchain-xtensa-esp-elf/bin/../lib/gcc/xte
nsa-esp-elf/14.2.0/../../../../xtensa-esp-elf/bin/ld.exe: .pio/build/custom-st7
789-160x128/libc34/RadioLib/modules/LR2021/LR2021_cmds_ook.cpp.o and 
.pio/build/custom-st7789-160x128/FrameworkArduinoVariant/variant.cpp.o: 
warning: multiple common of `__gnu_lto_slim'
C:/Users/phamm/.platformio/packages/toolchain-xtensa-esp-elf/bin/../lib/gcc/xte
nsa-esp-elf/14.2.0/../../../../xtensa-esp-elf/bin/ld.exe: .pio/build/custom-st7
789-160x128/libc34/RadioLib/modules/LR2021/LR2021_cmds_oqpsk.cpp.o: plugin 
needed to handle lto object
C:/Users/phamm/.platformio/packages/toolchain-xtensa-esp-elf/bin/../lib/gcc/xte
nsa-esp-elf/14.2.0/../../../../xtensa-esp-elf/bin/ld.exe: .pio/build/custom-st7
789-160x128/libc34/RadioLib/modules/LR2021/LR2021_cmds_oqpsk.cpp.o: plugin 
needed to handle lto object
C:/Users/phamm/.platformio/packages/toolchain-xtensa-esp-elf/bin/../lib/gcc/xte
nsa-esp-elf/14.2.0/../../../../xtensa-esp-elf/bin/ld.exe: .pio/build/custom-st7
789-160x128/libc34/RadioLib/modules/LR2021/LR2021_cmds_oqpsk.cpp.o and 
.pio/build/custom-st7789-160x128/FrameworkArduinoVariant/variant.cpp.o: 
warning: multiple common of `__gnu_lto_slim'
C:/Users/phamm/.platformio/packages/toolchain-xtensa-esp-elf/bin/../lib/gcc/xte
nsa-esp-elf/14.2.0/../../../../xtensa-esp-elf/bin/ld.exe: .pio/build/custom-st7
789-160x128/libc34/RadioLib/modules/LR2021/LR2021_cmds_radio.cpp.o: plugin 
needed to handle lto object
C:/Users/phamm/.platformio/packages/toolchain-xtensa-esp-elf/bin/../lib/gcc/xte
nsa-esp-elf/14.2.0/../../../../xtensa-esp-elf/bin/ld.exe: .pio/build/custom-st7
789-160x128/libc34/RadioLib/modules/LR2021/LR2021_cmds_radio.cpp.o: plugin 
needed to handle lto object
C:/Users/phamm/.platformio/packages/toolchain-xtensa-esp-elf/bin/../lib/gcc/xte
nsa-esp-elf/14.2.0/../../../../xtensa-esp-elf/bin/ld.exe: .pio/build/custom-st7
789-160x128/libc34/RadioLib/modules/LR2021/LR2021_cmds_radio.cpp.o and 
.pio/build/custom-st7789-160x128/FrameworkArduinoVariant/variant.cpp.o: 
warning: multiple common of `__gnu_lto_slim'
C:/Users/phamm/.platformio/packages/toolchain-xtensa-esp-elf/bin/../lib/gcc/xte
nsa-esp-elf/14.2.0/../../../../xtensa-esp-elf/bin/ld.exe: .pio/build/custom-st7
789-160x128/libc34/RadioLib/modules/LR2021/LR2021_cmds_ranging.cpp.o: plugin 
needed to handle lto object
C:/Users/phamm/.platformio/packages/toolchain-xtensa-esp-elf/bin/../lib/gcc/xte
nsa-esp-elf/14.2.0/../../../../xtensa-esp-elf/bin/ld.exe: .pio/build/custom-st7
789-160x128/libc34/RadioLib/modules/LR2021/LR2021_cmds_ranging.cpp.o: plugin 
needed to handle lto object
C:/Users/phamm/.platformio/packages/toolchain-xtensa-esp-elf/bin/../lib/gcc/xte
nsa-esp-elf/14.2.0/../../../../xtensa-esp-elf/bin/ld.exe: .pio/build/custom-st7
789-160x128/libc34/RadioLib/modules/LR2021/LR2021_cmds_ranging.cpp.o and 
.pio/build/custom-st7789-160x128/FrameworkArduinoVariant/variant.cpp.o: 
warning: multiple common of `__gnu_lto_slim'
C:/Users/phamm/.platformio/packages/toolchain-xtensa-esp-elf/bin/../lib/gcc/xte
nsa-esp-elf/14.2.0/../../../../xtensa-esp-elf/bin/ld.exe: .pio/build/custom-st7
789-160x128/libc34/RadioLib/modules/LR2021/LR2021_config.cpp.o: plugin needed 
to handle lto object
C:/Users/phamm/.platformio/packages/toolchain-xtensa-esp-elf/bin/../lib/gcc/xte
nsa-esp-elf/14.2.0/../../../../xtensa-esp-elf/bin/ld.exe: .pio/build/custom-st7
789-160x128/libc34/RadioLib/modules/LR2021/LR2021_config.cpp.o: plugin needed 
to handle lto object
C:/Users/phamm/.platformio/packages/toolchain-xtensa-esp-elf/bin/../lib/gcc/xte
nsa-esp-elf/14.2.0/../../../../xtensa-esp-elf/bin/ld.exe: .pio/build/custom-st7
789-160x128/libc34/RadioLib/modules/LR2021/LR2021_config.cpp.o and 
.pio/build/custom-st7789-160x128/FrameworkArduinoVariant/variant.cpp.o: 
warning: multiple common of `__gnu_lto_slim'
C:/Users/phamm/.platformio/packages/toolchain-xtensa-esp-elf/bin/../lib/gcc/xte
nsa-esp-elf/14.2.0/../../../../xtensa-esp-elf/bin/ld.exe: 
.pio/build/custom-st7789-160x128/libc34/RadioLib/modules/RF69/RF69.cpp.o: 
plugin needed to handle lto object
C:/Users/phamm/.platformio/packages/toolchain-xtensa-esp-elf/bin/../lib/gcc/xte
nsa-esp-elf/14.2.0/../../../../xtensa-esp-elf/bin/ld.exe: 
.pio/build/custom-st7789-160x128/libc34/RadioLib/modules/RF69/RF69.cpp.o: 
plugin needed to handle lto object
C:/Users/phamm/.platformio/packages/toolchain-xtensa-esp-elf/bin/../lib/gcc/xte
nsa-esp-elf/14.2.0/../../../../xtensa-esp-elf/bin/ld.exe: 
.pio/build/custom-st7789-160x128/libc34/RadioLib/modules/RF69/RF69.cpp.o and 
.pio/build/custom-st7789-160x128/FrameworkArduinoVariant/variant.cpp.o: 
warning: multiple common of `__gnu_lto_slim'
C:/Users/phamm/.platformio/packages/toolchain-xtensa-esp-elf/bin/../lib/gcc/xte
nsa-esp-elf/14.2.0/../../../../xtensa-esp-elf/bin/ld.exe: 
.pio/build/custom-st7789-160x128/libc34/RadioLib/modules/SX123x/SX1231.cpp.o: 
plugin needed to handle lto object
C:/Users/phamm/.platformio/packages/toolchain-xtensa-esp-elf/bin/../lib/gcc/xte
nsa-esp-elf/14.2.0/../../../../xtensa-esp-elf/bin/ld.exe: 
.pio/build/custom-st7789-160x128/libc34/RadioLib/modules/SX123x/SX1231.cpp.o: 
plugin needed to handle lto object
C:/Users/phamm/.platformio/packages/toolchain-xtensa-esp-elf/bin/../lib/gcc/xte
nsa-esp-elf/14.2.0/../../../../xtensa-esp-elf/bin/ld.exe: 
.pio/build/custom-st7789-160x128/libc34/RadioLib/modules/SX123x/SX1231.cpp.o 
and .pio/build/custom-st7789-160x128/FrameworkArduinoVariant/variant.cpp.o: 
warning: multiple common of `__gnu_lto_slim'
C:/Users/phamm/.platformio/packages/toolchain-xtensa-esp-elf/bin/../lib/gcc/xte
nsa-esp-elf/14.2.0/../../../../xtensa-esp-elf/bin/ld.exe: 
.pio/build/custom-st7789-160x128/libc34/RadioLib/modules/SX123x/SX1233.cpp.o: 
plugin needed to handle lto object
C:/Users/phamm/.platformio/packages/toolchain-xtensa-esp-elf/bin/../lib/gcc/xte
nsa-esp-elf/14.2.0/../../../../xtensa-esp-elf/bin/ld.exe: 
.pio/build/custom-st7789-160x128/libc34/RadioLib/modules/SX123x/SX1233.cpp.o: 
plugin needed to handle lto object
C:/Users/phamm/.platformio/packages/toolchain-xtensa-esp-elf/bin/../lib/gcc/xte
nsa-esp-elf/14.2.0/../../../../xtensa-esp-elf/bin/ld.exe: 
.pio/build/custom-st7789-160x128/libc34/RadioLib/modules/SX123x/SX1233.cpp.o 
and .pio/build/custom-st7789-160x128/FrameworkArduinoVariant/variant.cpp.o: 
warning: multiple common of `__gnu_lto_slim'
C:/Users/phamm/.platformio/packages/toolchain-xtensa-esp-elf/bin/../lib/gcc/xte
nsa-esp-elf/14.2.0/../../../../xtensa-esp-elf/bin/ld.exe: .pio/build/custom-st7
789-160x128/libc34/RadioLib/modules/SX126x/STM32WLx.cpp.o: plugin needed to 
handle lto object
C:/Users/phamm/.platformio/packages/toolchain-xtensa-esp-elf/bin/../lib/gcc/xte
nsa-esp-elf/14.2.0/../../../../xtensa-esp-elf/bin/ld.exe: .pio/build/custom-st7
789-160x128/libc34/RadioLib/modules/SX126x/STM32WLx.cpp.o: plugin needed to 
handle lto object
C:/Users/phamm/.platformio/packages/toolchain-xtensa-esp-elf/bin/../lib/gcc/xte
nsa-esp-elf/14.2.0/../../../../xtensa-esp-elf/bin/ld.exe: 
.pio/build/custom-st7789-160x128/libc34/RadioLib/modules/SX126x/STM32WLx.cpp.o 
and .pio/build/custom-st7789-160x128/FrameworkArduinoVariant/variant.cpp.o: 
warning: multiple common of `__gnu_lto_slim'
C:/Users/phamm/.platformio/packages/toolchain-xtensa-esp-elf/bin/../lib/gcc/xte
nsa-esp-elf/14.2.0/../../../../xtensa-esp-elf/bin/ld.exe: .pio/build/custom-st7
789-160x128/libc34/RadioLib/modules/SX126x/STM32WLx_Module.cpp.o: plugin 
needed to handle lto object
C:/Users/phamm/.platformio/packages/toolchain-xtensa-esp-elf/bin/../lib/gcc/xte
nsa-esp-elf/14.2.0/../../../../xtensa-esp-elf/bin/ld.exe: .pio/build/custom-st7
789-160x128/libc34/RadioLib/modules/SX126x/STM32WLx_Module.cpp.o: plugin 
needed to handle lto object
C:/Users/phamm/.platformio/packages/toolchain-xtensa-esp-elf/bin/../lib/gcc/xte
nsa-esp-elf/14.2.0/../../../../xtensa-esp-elf/bin/ld.exe: .pio/build/custom-st7
789-160x128/libc34/RadioLib/modules/SX126x/STM32WLx_Module.cpp.o and 
.pio/build/custom-st7789-160x128/FrameworkArduinoVariant/variant.cpp.o: 
warning: multiple common of `__gnu_lto_slim'
C:/Users/phamm/.platformio/packages/toolchain-xtensa-esp-elf/bin/../lib/gcc/xte
nsa-esp-elf/14.2.0/../../../../xtensa-esp-elf/bin/ld.exe: 
.pio/build/custom-st7789-160x128/libc34/RadioLib/modules/SX126x/SX1261.cpp.o: 
plugin needed to handle lto object
C:/Users/phamm/.platformio/packages/toolchain-xtensa-esp-elf/bin/../lib/gcc/xte
nsa-esp-elf/14.2.0/../../../../xtensa-esp-elf/bin/ld.exe: 
.pio/build/custom-st7789-160x128/libc34/RadioLib/modules/SX126x/SX1261.cpp.o: 
plugin needed to handle lto object
C:/Users/phamm/.platformio/packages/toolchain-xtensa-esp-elf/bin/../lib/gcc/xte
nsa-esp-elf/14.2.0/../../../../xtensa-esp-elf/bin/ld.exe: 
.pio/build/custom-st7789-160x128/libc34/RadioLib/modules/SX126x/SX1261.cpp.o 
and .pio/build/custom-st7789-160x128/FrameworkArduinoVariant/variant.cpp.o: 
warning: multiple common of `__gnu_lto_slim'
C:/Users/phamm/.platformio/packages/toolchain-xtensa-esp-elf/bin/../lib/gcc/xte
nsa-esp-elf/14.2.0/../../../../xtensa-esp-elf/bin/ld.exe: 
.pio/build/custom-st7789-160x128/libc34/RadioLib/modules/SX126x/SX1262.cpp.o: 
plugin needed to handle lto object
C:/Users/phamm/.platformio/packages/toolchain-xtensa-esp-elf/bin/../lib/gcc/xte
nsa-esp-elf/14.2.0/../../../../xtensa-esp-elf/bin/ld.exe: 
.pio/build/custom-st7789-160x128/libc34/RadioLib/modules/SX126x/SX1262.cpp.o: 
plugin needed to handle lto object
C:/Users/phamm/.platformio/packages/toolchain-xtensa-esp-elf/bin/../lib/gcc/xte
nsa-esp-elf/14.2.0/../../../../xtensa-esp-elf/bin/ld.exe: 
.pio/build/custom-st7789-160x128/libc34/RadioLib/modules/SX126x/SX1262.cpp.o 
and .pio/build/custom-st7789-160x128/FrameworkArduinoVariant/variant.cpp.o: 
warning: multiple common of `__gnu_lto_slim'
C:/Users/phamm/.platformio/packages/toolchain-xtensa-esp-elf/bin/../lib/gcc/xte
nsa-esp-elf/14.2.0/../../../../xtensa-esp-elf/bin/ld.exe: 
.pio/build/custom-st7789-160x128/libc34/RadioLib/modules/SX126x/SX1268.cpp.o: 
plugin needed to handle lto object
C:/Users/phamm/.platformio/packages/toolchain-xtensa-esp-elf/bin/../lib/gcc/xte
nsa-esp-elf/14.2.0/../../../../xtensa-esp-elf/bin/ld.exe: 
.pio/build/custom-st7789-160x128/libc34/RadioLib/modules/SX126x/SX1268.cpp.o: 
plugin needed to handle lto object
C:/Users/phamm/.platformio/packages/toolchain-xtensa-esp-elf/bin/../lib/gcc/xte
nsa-esp-elf/14.2.0/../../../../xtensa-esp-elf/bin/ld.exe: 
.pio/build/custom-st7789-160x128/libc34/RadioLib/modules/SX126x/SX1268.cpp.o 
and .pio/build/custom-st7789-160x128/FrameworkArduinoVariant/variant.cpp.o: 
warning: multiple common of `__gnu_lto_slim'
C:/Users/phamm/.platformio/packages/toolchain-xtensa-esp-elf/bin/../lib/gcc/xte
nsa-esp-elf/14.2.0/../../../../xtensa-esp-elf/bin/ld.exe: 
.pio/build/custom-st7789-160x128/libc34/RadioLib/modules/SX126x/SX126x.cpp.o: 
plugin needed to handle lto object
C:/Users/phamm/.platformio/packages/toolchain-xtensa-esp-elf/bin/../lib/gcc/xte
nsa-esp-elf/14.2.0/../../../../xtensa-esp-elf/bin/ld.exe: 
.pio/build/custom-st7789-160x128/libc34/RadioLib/modules/SX126x/SX126x.cpp.o: 
plugin needed to handle lto object
C:/Users/phamm/.platformio/packages/toolchain-xtensa-esp-elf/bin/../lib/gcc/xte
nsa-esp-elf/14.2.0/../../../../xtensa-esp-elf/bin/ld.exe: 
.pio/build/custom-st7789-160x128/libc34/RadioLib/modules/SX126x/SX126x.cpp.o 
and .pio/build/custom-st7789-160x128/FrameworkArduinoVariant/variant.cpp.o: 
warning: multiple common of `__gnu_lto_slim'
C:/Users/phamm/.platformio/packages/toolchain-xtensa-esp-elf/bin/../lib/gcc/xte
nsa-esp-elf/14.2.0/../../../../xtensa-esp-elf/bin/ld.exe: .pio/build/custom-st7
789-160x128/libc34/RadioLib/modules/SX126x/SX126x_LR_FHSS.cpp.o: plugin needed 
to handle lto object
C:/Users/phamm/.platformio/packages/toolchain-xtensa-esp-elf/bin/../lib/gcc/xte
nsa-esp-elf/14.2.0/../../../../xtensa-esp-elf/bin/ld.exe: .pio/build/custom-st7
789-160x128/libc34/RadioLib/modules/SX126x/SX126x_LR_FHSS.cpp.o: plugin needed 
to handle lto object
C:/Users/phamm/.platformio/packages/toolchain-xtensa-esp-elf/bin/../lib/gcc/xte
nsa-esp-elf/14.2.0/../../../../xtensa-esp-elf/bin/ld.exe: .pio/build/custom-st7
789-160x128/libc34/RadioLib/modules/SX126x/SX126x_LR_FHSS.cpp.o and 
.pio/build/custom-st7789-160x128/FrameworkArduinoVariant/variant.cpp.o: 
warning: multiple common of `__gnu_lto_slim'
C:/Users/phamm/.platformio/packages/toolchain-xtensa-esp-elf/bin/../lib/gcc/xte
nsa-esp-elf/14.2.0/../../../../xtensa-esp-elf/bin/ld.exe: .pio/build/custom-st7
789-160x128/libc34/RadioLib/modules/SX126x/SX126x_commands.cpp.o: plugin 
needed to handle lto object
C:/Users/phamm/.platformio/packages/toolchain-xtensa-esp-elf/bin/../lib/gcc/xte
nsa-esp-elf/14.2.0/../../../../xtensa-esp-elf/bin/ld.exe: .pio/build/custom-st7
789-160x128/libc34/RadioLib/modules/SX126x/SX126x_commands.cpp.o: plugin 
needed to handle lto object
C:/Users/phamm/.platformio/packages/toolchain-xtensa-esp-elf/bin/../lib/gcc/xte
nsa-esp-elf/14.2.0/../../../../xtensa-esp-elf/bin/ld.exe: .pio/build/custom-st7
789-160x128/libc34/RadioLib/modules/SX126x/SX126x_commands.cpp.o and 
.pio/build/custom-st7789-160x128/FrameworkArduinoVariant/variant.cpp.o: 
warning: multiple common of `__gnu_lto_slim'
C:/Users/phamm/.platformio/packages/toolchain-xtensa-esp-elf/bin/../lib/gcc/xte
nsa-esp-elf/14.2.0/../../../../xtensa-esp-elf/bin/ld.exe: .pio/build/custom-st7
789-160x128/libc34/RadioLib/modules/SX126x/SX126x_config.cpp.o: plugin needed 
to handle lto object
C:/Users/phamm/.platformio/packages/toolchain-xtensa-esp-elf/bin/../lib/gcc/xte
nsa-esp-elf/14.2.0/../../../../xtensa-esp-elf/bin/ld.exe: .pio/build/custom-st7
789-160x128/libc34/RadioLib/modules/SX126x/SX126x_config.cpp.o: plugin needed 
to handle lto object
C:/Users/phamm/.platformio/packages/toolchain-xtensa-esp-elf/bin/../lib/gcc/xte
nsa-esp-elf/14.2.0/../../../../xtensa-esp-elf/bin/ld.exe: .pio/build/custom-st7
789-160x128/libc34/RadioLib/modules/SX126x/SX126x_config.cpp.o and 
.pio/build/custom-st7789-160x128/FrameworkArduinoVariant/variant.cpp.o: 
warning: multiple common of `__gnu_lto_slim'
C:/Users/phamm/.platformio/packages/toolchain-xtensa-esp-elf/bin/../lib/gcc/xte
nsa-esp-elf/14.2.0/../../../../xtensa-esp-elf/bin/ld.exe: 
.pio/build/custom-st7789-160x128/libc34/RadioLib/modules/SX127x/SX1272.cpp.o: 
plugin needed to handle lto object
C:/Users/phamm/.platformio/packages/toolchain-xtensa-esp-elf/bin/../lib/gcc/xte
nsa-esp-elf/14.2.0/../../../../xtensa-esp-elf/bin/ld.exe: 
.pio/build/custom-st7789-160x128/libc34/RadioLib/modules/SX127x/SX1272.cpp.o: 
plugin needed to handle lto object
C:/Users/phamm/.platformio/packages/toolchain-xtensa-esp-elf/bin/../lib/gcc/xte
nsa-esp-elf/14.2.0/../../../../xtensa-esp-elf/bin/ld.exe: 
.pio/build/custom-st7789-160x128/libc34/RadioLib/modules/SX127x/SX1272.cpp.o 
and .pio/build/custom-st7789-160x128/FrameworkArduinoVariant/variant.cpp.o: 
warning: multiple common of `__gnu_lto_slim'
C:/Users/phamm/.platformio/packages/toolchain-xtensa-esp-elf/bin/../lib/gcc/xte
nsa-esp-elf/14.2.0/../../../../xtensa-esp-elf/bin/ld.exe: 
.pio/build/custom-st7789-160x128/libc34/RadioLib/modules/SX127x/SX1273.cpp.o: 
plugin needed to handle lto object
C:/Users/phamm/.platformio/packages/toolchain-xtensa-esp-elf/bin/../lib/gcc/xte
nsa-esp-elf/14.2.0/../../../../xtensa-esp-elf/bin/ld.exe: 
.pio/build/custom-st7789-160x128/libc34/RadioLib/modules/SX127x/SX1273.cpp.o: 
plugin needed to handle lto object
C:/Users/phamm/.platformio/packages/toolchain-xtensa-esp-elf/bin/../lib/gcc/xte
nsa-esp-elf/14.2.0/../../../../xtensa-esp-elf/bin/ld.exe: 
.pio/build/custom-st7789-160x128/libc34/RadioLib/modules/SX127x/SX1273.cpp.o 
and .pio/build/custom-st7789-160x128/FrameworkArduinoVariant/variant.cpp.o: 
warning: multiple common of `__gnu_lto_slim'
C:/Users/phamm/.platformio/packages/toolchain-xtensa-esp-elf/bin/../lib/gcc/xte
nsa-esp-elf/14.2.0/../../../../xtensa-esp-elf/bin/ld.exe: 
.pio/build/custom-st7789-160x128/libc34/RadioLib/modules/SX127x/SX1276.cpp.o: 
plugin needed to handle lto object
C:/Users/phamm/.platformio/packages/toolchain-xtensa-esp-elf/bin/../lib/gcc/xte
nsa-esp-elf/14.2.0/../../../../xtensa-esp-elf/bin/ld.exe: 
.pio/build/custom-st7789-160x128/libc34/RadioLib/modules/SX127x/SX1276.cpp.o: 
plugin needed to handle lto object
C:/Users/phamm/.platformio/packages/toolchain-xtensa-esp-elf/bin/../lib/gcc/xte
nsa-esp-elf/14.2.0/../../../../xtensa-esp-elf/bin/ld.exe: 
.pio/build/custom-st7789-160x128/libc34/RadioLib/modules/SX127x/SX1276.cpp.o 
and .pio/build/custom-st7789-160x128/FrameworkArduinoVariant/variant.cpp.o: 
warning: multiple common of `__gnu_lto_slim'
C:/Users/phamm/.platformio/packages/toolchain-xtensa-esp-elf/bin/../lib/gcc/xte
nsa-esp-elf/14.2.0/../../../../xtensa-esp-elf/bin/ld.exe: 
.pio/build/custom-st7789-160x128/libc34/RadioLib/modules/SX127x/SX1277.cpp.o: 
plugin needed to handle lto object
C:/Users/phamm/.platformio/packages/toolchain-xtensa-esp-elf/bin/../lib/gcc/xte
nsa-esp-elf/14.2.0/../../../../xtensa-esp-elf/bin/ld.exe: 
.pio/build/custom-st7789-160x128/libc34/RadioLib/modules/SX127x/SX1277.cpp.o: 
plugin needed to handle lto object
C:/Users/phamm/.platformio/packages/toolchain-xtensa-esp-elf/bin/../lib/gcc/xte
nsa-esp-elf/14.2.0/../../../../xtensa-esp-elf/bin/ld.exe: 
.pio/build/custom-st7789-160x128/libc34/RadioLib/modules/SX127x/SX1277.cpp.o 
and .pio/build/custom-st7789-160x128/FrameworkArduinoVariant/variant.cpp.o: 
warning: multiple common of `__gnu_lto_slim'
C:/Users/phamm/.platformio/packages/toolchain-xtensa-esp-elf/bin/../lib/gcc/xte
nsa-esp-elf/14.2.0/../../../../xtensa-esp-elf/bin/ld.exe: 
.pio/build/custom-st7789-160x128/libc34/RadioLib/modules/SX127x/SX1278.cpp.o: 
plugin needed to handle lto object
C:/Users/phamm/.platformio/packages/toolchain-xtensa-esp-elf/bin/../lib/gcc/xte
nsa-esp-elf/14.2.0/../../../../xtensa-esp-elf/bin/ld.exe: 
.pio/build/custom-st7789-160x128/libc34/RadioLib/modules/SX127x/SX1278.cpp.o: 
plugin needed to handle lto object
C:/Users/phamm/.platformio/packages/toolchain-xtensa-esp-elf/bin/../lib/gcc/xte
nsa-esp-elf/14.2.0/../../../../xtensa-esp-elf/bin/ld.exe: 
.pio/build/custom-st7789-160x128/libc34/RadioLib/modules/SX127x/SX1278.cpp.o 
and .pio/build/custom-st7789-160x128/FrameworkArduinoVariant/variant.cpp.o: 
warning: multiple common of `__gnu_lto_slim'
C:/Users/phamm/.platformio/packages/toolchain-xtensa-esp-elf/bin/../lib/gcc/xte
nsa-esp-elf/14.2.0/../../../../xtensa-esp-elf/bin/ld.exe: 
.pio/build/custom-st7789-160x128/libc34/RadioLib/modules/SX127x/SX1279.cpp.o: 
plugin needed to handle lto object
C:/Users/phamm/.platformio/packages/toolchain-xtensa-esp-elf/bin/../lib/gcc/xte
nsa-esp-elf/14.2.0/../../../../xtensa-esp-elf/bin/ld.exe: 
.pio/build/custom-st7789-160x128/libc34/RadioLib/modules/SX127x/SX1279.cpp.o: 
plugin needed to handle lto object
C:/Users/phamm/.platformio/packages/toolchain-xtensa-esp-elf/bin/../lib/gcc/xte
nsa-esp-elf/14.2.0/../../../../xtensa-esp-elf/bin/ld.exe: 
.pio/build/custom-st7789-160x128/libc34/RadioLib/modules/SX127x/SX1279.cpp.o 
and .pio/build/custom-st7789-160x128/FrameworkArduinoVariant/variant.cpp.o: 
warning: multiple common of `__gnu_lto_slim'
C:/Users/phamm/.platformio/packages/toolchain-xtensa-esp-elf/bin/../lib/gcc/xte
nsa-esp-elf/14.2.0/../../../../xtensa-esp-elf/bin/ld.exe: 
.pio/build/custom-st7789-160x128/libc34/RadioLib/modules/SX127x/SX127x.cpp.o: 
plugin needed to handle lto object
C:/Users/phamm/.platformio/packages/toolchain-xtensa-esp-elf/bin/../lib/gcc/xte
nsa-esp-elf/14.2.0/../../../../xtensa-esp-elf/bin/ld.exe: 
.pio/build/custom-st7789-160x128/libc34/RadioLib/modules/SX127x/SX127x.cpp.o: 
plugin needed to handle lto object
C:/Users/phamm/.platformio/packages/toolchain-xtensa-esp-elf/bin/../lib/gcc/xte
nsa-esp-elf/14.2.0/../../../../xtensa-esp-elf/bin/ld.exe: 
.pio/build/custom-st7789-160x128/libc34/RadioLib/modules/SX127x/SX127x.cpp.o 
and .pio/build/custom-st7789-160x128/FrameworkArduinoVariant/variant.cpp.o: 
warning: multiple common of `__gnu_lto_slim'
C:/Users/phamm/.platformio/packages/toolchain-xtensa-esp-elf/bin/../lib/gcc/xte
nsa-esp-elf/14.2.0/../../../../xtensa-esp-elf/bin/ld.exe: 
.pio/build/custom-st7789-160x128/libc34/RadioLib/modules/SX128x/SX1280.cpp.o: 
plugin needed to handle lto object
C:/Users/phamm/.platformio/packages/toolchain-xtensa-esp-elf/bin/../lib/gcc/xte
nsa-esp-elf/14.2.0/../../../../xtensa-esp-elf/bin/ld.exe: 
.pio/build/custom-st7789-160x128/libc34/RadioLib/modules/SX128x/SX1280.cpp.o: 
plugin needed to handle lto object
C:/Users/phamm/.platformio/packages/toolchain-xtensa-esp-elf/bin/../lib/gcc/xte
nsa-esp-elf/14.2.0/../../../../xtensa-esp-elf/bin/ld.exe: 
.pio/build/custom-st7789-160x128/libc34/RadioLib/modules/SX128x/SX1280.cpp.o 
and .pio/build/custom-st7789-160x128/FrameworkArduinoVariant/variant.cpp.o: 
warning: multiple common of `__gnu_lto_slim'
C:/Users/phamm/.platformio/packages/toolchain-xtensa-esp-elf/bin/../lib/gcc/xte
nsa-esp-elf/14.2.0/../../../../xtensa-esp-elf/bin/ld.exe: 
.pio/build/custom-st7789-160x128/libc34/RadioLib/modules/SX128x/SX1281.cpp.o: 
plugin needed to handle lto object
C:/Users/phamm/.platformio/packages/toolchain-xtensa-esp-elf/bin/../lib/gcc/xte
nsa-esp-elf/14.2.0/../../../../xtensa-esp-elf/bin/ld.exe: 
.pio/build/custom-st7789-160x128/libc34/RadioLib/modules/SX128x/SX1281.cpp.o: 
plugin needed to handle lto object
C:/Users/phamm/.platformio/packages/toolchain-xtensa-esp-elf/bin/../lib/gcc/xte
nsa-esp-elf/14.2.0/../../../../xtensa-esp-elf/bin/ld.exe: 
.pio/build/custom-st7789-160x128/libc34/RadioLib/modules/SX128x/SX1281.cpp.o 
and .pio/build/custom-st7789-160x128/FrameworkArduinoVariant/variant.cpp.o: 
warning: multiple common of `__gnu_lto_slim'
C:/Users/phamm/.platformio/packages/toolchain-xtensa-esp-elf/bin/../lib/gcc/xte
nsa-esp-elf/14.2.0/../../../../xtensa-esp-elf/bin/ld.exe: 
.pio/build/custom-st7789-160x128/libc34/RadioLib/modules/SX128x/SX1282.cpp.o: 
plugin needed to handle lto object
C:/Users/phamm/.platformio/packages/toolchain-xtensa-esp-elf/bin/../lib/gcc/xte
nsa-esp-elf/14.2.0/../../../../xtensa-esp-elf/bin/ld.exe: 
.pio/build/custom-st7789-160x128/libc34/RadioLib/modules/SX128x/SX1282.cpp.o: 
plugin needed to handle lto object
C:/Users/phamm/.platformio/packages/toolchain-xtensa-esp-elf/bin/../lib/gcc/xte
nsa-esp-elf/14.2.0/../../../../xtensa-esp-elf/bin/ld.exe: 
.pio/build/custom-st7789-160x128/libc34/RadioLib/modules/SX128x/SX1282.cpp.o 
and .pio/build/custom-st7789-160x128/FrameworkArduinoVariant/variant.cpp.o: 
warning: multiple common of `__gnu_lto_slim'
C:/Users/phamm/.platformio/packages/toolchain-xtensa-esp-elf/bin/../lib/gcc/xte
nsa-esp-elf/14.2.0/../../../../xtensa-esp-elf/bin/ld.exe: 
.pio/build/custom-st7789-160x128/libc34/RadioLib/modules/SX128x/SX128x.cpp.o: 
plugin needed to handle lto object
C:/Users/phamm/.platformio/packages/toolchain-xtensa-esp-elf/bin/../lib/gcc/xte
nsa-esp-elf/14.2.0/../../../../xtensa-esp-elf/bin/ld.exe: 
.pio/build/custom-st7789-160x128/libc34/RadioLib/modules/SX128x/SX128x.cpp.o: 
plugin needed to handle lto object
C:/Users/phamm/.platformio/packages/toolchain-xtensa-esp-elf/bin/../lib/gcc/xte
nsa-esp-elf/14.2.0/../../../../xtensa-esp-elf/bin/ld.exe: 
.pio/build/custom-st7789-160x128/libc34/RadioLib/modules/SX128x/SX128x.cpp.o 
and .pio/build/custom-st7789-160x128/FrameworkArduinoVariant/variant.cpp.o: 
warning: multiple common of `__gnu_lto_slim'
C:/Users/phamm/.platformio/packages/toolchain-xtensa-esp-elf/bin/../lib/gcc/xte
nsa-esp-elf/14.2.0/../../../../xtensa-esp-elf/bin/ld.exe: 
.pio/build/custom-st7789-160x128/libc34/RadioLib/modules/Si443x/Si4430.cpp.o: 
plugin needed to handle lto object
C:/Users/phamm/.platformio/packages/toolchain-xtensa-esp-elf/bin/../lib/gcc/xte
nsa-esp-elf/14.2.0/../../../../xtensa-esp-elf/bin/ld.exe: 
.pio/build/custom-st7789-160x128/libc34/RadioLib/modules/Si443x/Si4430.cpp.o: 
plugin needed to handle lto object
C:/Users/phamm/.platformio/packages/toolchain-xtensa-esp-elf/bin/../lib/gcc/xte
nsa-esp-elf/14.2.0/../../../../xtensa-esp-elf/bin/ld.exe: 
.pio/build/custom-st7789-160x128/libc34/RadioLib/modules/Si443x/Si4430.cpp.o 
and .pio/build/custom-st7789-160x128/FrameworkArduinoVariant/variant.cpp.o: 
warning: multiple common of `__gnu_lto_slim'
C:/Users/phamm/.platformio/packages/toolchain-xtensa-esp-elf/bin/../lib/gcc/xte
nsa-esp-elf/14.2.0/../../../../xtensa-esp-elf/bin/ld.exe: 
.pio/build/custom-st7789-160x128/libc34/RadioLib/modules/Si443x/Si4431.cpp.o: 
plugin needed to handle lto object
C:/Users/phamm/.platformio/packages/toolchain-xtensa-esp-elf/bin/../lib/gcc/xte
nsa-esp-elf/14.2.0/../../../../xtensa-esp-elf/bin/ld.exe: 
.pio/build/custom-st7789-160x128/libc34/RadioLib/modules/Si443x/Si4431.cpp.o: 
plugin needed to handle lto object
C:/Users/phamm/.platformio/packages/toolchain-xtensa-esp-elf/bin/../lib/gcc/xte
nsa-esp-elf/14.2.0/../../../../xtensa-esp-elf/bin/ld.exe: 
.pio/build/custom-st7789-160x128/libc34/RadioLib/modules/Si443x/Si4431.cpp.o 
and .pio/build/custom-st7789-160x128/FrameworkArduinoVariant/variant.cpp.o: 
warning: multiple common of `__gnu_lto_slim'
C:/Users/phamm/.platformio/packages/toolchain-xtensa-esp-elf/bin/../lib/gcc/xte
nsa-esp-elf/14.2.0/../../../../xtensa-esp-elf/bin/ld.exe: 
.pio/build/custom-st7789-160x128/libc34/RadioLib/modules/Si443x/Si4432.cpp.o: 
plugin needed to handle lto object
C:/Users/phamm/.platformio/packages/toolchain-xtensa-esp-elf/bin/../lib/gcc/xte
nsa-esp-elf/14.2.0/../../../../xtensa-esp-elf/bin/ld.exe: 
.pio/build/custom-st7789-160x128/libc34/RadioLib/modules/Si443x/Si4432.cpp.o: 
plugin needed to handle lto object
C:/Users/phamm/.platformio/packages/toolchain-xtensa-esp-elf/bin/../lib/gcc/xte
nsa-esp-elf/14.2.0/../../../../xtensa-esp-elf/bin/ld.exe: 
.pio/build/custom-st7789-160x128/libc34/RadioLib/modules/Si443x/Si4432.cpp.o 
and .pio/build/custom-st7789-160x128/FrameworkArduinoVariant/variant.cpp.o: 
warning: multiple common of `__gnu_lto_slim'
C:/Users/phamm/.platformio/packages/toolchain-xtensa-esp-elf/bin/../lib/gcc/xte
nsa-esp-elf/14.2.0/../../../../xtensa-esp-elf/bin/ld.exe: 
.pio/build/custom-st7789-160x128/libc34/RadioLib/modules/Si443x/Si443x.cpp.o: 
plugin needed to handle lto object
C:/Users/phamm/.platformio/packages/toolchain-xtensa-esp-elf/bin/../lib/gcc/xte
nsa-esp-elf/14.2.0/../../../../xtensa-esp-elf/bin/ld.exe: 
.pio/build/custom-st7789-160x128/libc34/RadioLib/modules/Si443x/Si443x.cpp.o: 
plugin needed to handle lto object
C:/Users/phamm/.platformio/packages/toolchain-xtensa-esp-elf/bin/../lib/gcc/xte
nsa-esp-elf/14.2.0/../../../../xtensa-esp-elf/bin/ld.exe: 
.pio/build/custom-st7789-160x128/libc34/RadioLib/modules/Si443x/Si443x.cpp.o 
and .pio/build/custom-st7789-160x128/FrameworkArduinoVariant/variant.cpp.o: 
warning: multiple common of `__gnu_lto_slim'
C:/Users/phamm/.platformio/packages/toolchain-xtensa-esp-elf/bin/../lib/gcc/xte
nsa-esp-elf/14.2.0/../../../../xtensa-esp-elf/bin/ld.exe: 
.pio/build/custom-st7789-160x128/libc34/RadioLib/modules/nRF24/nRF24.cpp.o: 
plugin needed to handle lto object
C:/Users/phamm/.platformio/packages/toolchain-xtensa-esp-elf/bin/../lib/gcc/xte
nsa-esp-elf/14.2.0/../../../../xtensa-esp-elf/bin/ld.exe: 
.pio/build/custom-st7789-160x128/libc34/RadioLib/modules/nRF24/nRF24.cpp.o: 
plugin needed to handle lto object
C:/Users/phamm/.platformio/packages/toolchain-xtensa-esp-elf/bin/../lib/gcc/xte
nsa-esp-elf/14.2.0/../../../../xtensa-esp-elf/bin/ld.exe: 
.pio/build/custom-st7789-160x128/libc34/RadioLib/modules/nRF24/nRF24.cpp.o and 
.pio/build/custom-st7789-160x128/FrameworkArduinoVariant/variant.cpp.o: 
warning: multiple common of `__gnu_lto_slim'
C:/Users/phamm/.platformio/packages/toolchain-xtensa-esp-elf/bin/../lib/gcc/xte
nsa-esp-elf/14.2.0/../../../../xtensa-esp-elf/bin/ld.exe: 
.pio/build/custom-st7789-160x128/libc34/RadioLib/protocols/ADSB/ADSB.cpp.o: 
plugin needed to handle lto object
C:/Users/phamm/.platformio/packages/toolchain-xtensa-esp-elf/bin/../lib/gcc/xte
nsa-esp-elf/14.2.0/../../../../xtensa-esp-elf/bin/ld.exe: 
.pio/build/custom-st7789-160x128/libc34/RadioLib/protocols/ADSB/ADSB.cpp.o: 
plugin needed to handle lto object
C:/Users/phamm/.platformio/packages/toolchain-xtensa-esp-elf/bin/../lib/gcc/xte
nsa-esp-elf/14.2.0/../../../../xtensa-esp-elf/bin/ld.exe: 
.pio/build/custom-st7789-160x128/libc34/RadioLib/protocols/ADSB/ADSB.cpp.o and 
.pio/build/custom-st7789-160x128/FrameworkArduinoVariant/variant.cpp.o: 
warning: multiple common of `__gnu_lto_slim'
C:/Users/phamm/.platformio/packages/toolchain-xtensa-esp-elf/bin/../lib/gcc/xte
nsa-esp-elf/14.2.0/../../../../xtensa-esp-elf/bin/ld.exe: 
.pio/build/custom-st7789-160x128/libc34/RadioLib/protocols/AFSK/AFSK.cpp.o: 
plugin needed to handle lto object
C:/Users/phamm/.platformio/packages/toolchain-xtensa-esp-elf/bin/../lib/gcc/xte
nsa-esp-elf/14.2.0/../../../../xtensa-esp-elf/bin/ld.exe: 
.pio/build/custom-st7789-160x128/libc34/RadioLib/protocols/AFSK/AFSK.cpp.o: 
plugin needed to handle lto object
C:/Users/phamm/.platformio/packages/toolchain-xtensa-esp-elf/bin/../lib/gcc/xte
nsa-esp-elf/14.2.0/../../../../xtensa-esp-elf/bin/ld.exe: 
.pio/build/custom-st7789-160x128/libc34/RadioLib/protocols/AFSK/AFSK.cpp.o and 
.pio/build/custom-st7789-160x128/FrameworkArduinoVariant/variant.cpp.o: 
warning: multiple common of `__gnu_lto_slim'
C:/Users/phamm/.platformio/packages/toolchain-xtensa-esp-elf/bin/../lib/gcc/xte
nsa-esp-elf/14.2.0/../../../../xtensa-esp-elf/bin/ld.exe: 
.pio/build/custom-st7789-160x128/libc34/RadioLib/protocols/APRS/APRS.cpp.o: 
plugin needed to handle lto object
C:/Users/phamm/.platformio/packages/toolchain-xtensa-esp-elf/bin/../lib/gcc/xte
nsa-esp-elf/14.2.0/../../../../xtensa-esp-elf/bin/ld.exe: 
.pio/build/custom-st7789-160x128/libc34/RadioLib/protocols/APRS/APRS.cpp.o: 
plugin needed to handle lto object
C:/Users/phamm/.platformio/packages/toolchain-xtensa-esp-elf/bin/../lib/gcc/xte
nsa-esp-elf/14.2.0/../../../../xtensa-esp-elf/bin/ld.exe: 
.pio/build/custom-st7789-160x128/libc34/RadioLib/protocols/APRS/APRS.cpp.o and 
.pio/build/custom-st7789-160x128/FrameworkArduinoVariant/variant.cpp.o: 
warning: multiple common of `__gnu_lto_slim'
C:/Users/phamm/.platformio/packages/toolchain-xtensa-esp-elf/bin/../lib/gcc/xte
nsa-esp-elf/14.2.0/../../../../xtensa-esp-elf/bin/ld.exe: 
.pio/build/custom-st7789-160x128/libc34/RadioLib/protocols/AX25/AX25.cpp.o: 
plugin needed to handle lto object
C:/Users/phamm/.platformio/packages/toolchain-xtensa-esp-elf/bin/../lib/gcc/xte
nsa-esp-elf/14.2.0/../../../../xtensa-esp-elf/bin/ld.exe: 
.pio/build/custom-st7789-160x128/libc34/RadioLib/protocols/AX25/AX25.cpp.o: 
plugin needed to handle lto object
C:/Users/phamm/.platformio/packages/toolchain-xtensa-esp-elf/bin/../lib/gcc/xte
nsa-esp-elf/14.2.0/../../../../xtensa-esp-elf/bin/ld.exe: 
.pio/build/custom-st7789-160x128/libc34/RadioLib/protocols/AX25/AX25.cpp.o and 
.pio/build/custom-st7789-160x128/FrameworkArduinoVariant/variant.cpp.o: 
warning: multiple common of `__gnu_lto_slim'
C:/Users/phamm/.platformio/packages/toolchain-xtensa-esp-elf/bin/../lib/gcc/xte
nsa-esp-elf/14.2.0/../../../../xtensa-esp-elf/bin/ld.exe: .pio/build/custom-st7
789-160x128/libc34/RadioLib/protocols/BellModem/BellModem.cpp.o: plugin needed 
to handle lto object
C:/Users/phamm/.platformio/packages/toolchain-xtensa-esp-elf/bin/../lib/gcc/xte
nsa-esp-elf/14.2.0/../../../../xtensa-esp-elf/bin/ld.exe: .pio/build/custom-st7
789-160x128/libc34/RadioLib/protocols/BellModem/BellModem.cpp.o: plugin needed 
to handle lto object
C:/Users/phamm/.platformio/packages/toolchain-xtensa-esp-elf/bin/../lib/gcc/xte
nsa-esp-elf/14.2.0/../../../../xtensa-esp-elf/bin/ld.exe: .pio/build/custom-st7
789-160x128/libc34/RadioLib/protocols/BellModem/BellModem.cpp.o and 
.pio/build/custom-st7789-160x128/FrameworkArduinoVariant/variant.cpp.o: 
warning: multiple common of `__gnu_lto_slim'
C:/Users/phamm/.platformio/packages/toolchain-xtensa-esp-elf/bin/../lib/gcc/xte
nsa-esp-elf/14.2.0/../../../../xtensa-esp-elf/bin/ld.exe: .pio/build/custom-st7
789-160x128/libc34/RadioLib/protocols/ExternalRadio/ExternalRadio.cpp.o: 
plugin needed to handle lto object
C:/Users/phamm/.platformio/packages/toolchain-xtensa-esp-elf/bin/../lib/gcc/xte
nsa-esp-elf/14.2.0/../../../../xtensa-esp-elf/bin/ld.exe: .pio/build/custom-st7
789-160x128/libc34/RadioLib/protocols/ExternalRadio/ExternalRadio.cpp.o: 
plugin needed to handle lto object
C:/Users/phamm/.platformio/packages/toolchain-xtensa-esp-elf/bin/../lib/gcc/xte
nsa-esp-elf/14.2.0/../../../../xtensa-esp-elf/bin/ld.exe: .pio/build/custom-st7
789-160x128/libc34/RadioLib/protocols/ExternalRadio/ExternalRadio.cpp.o and 
.pio/build/custom-st7789-160x128/FrameworkArduinoVariant/variant.cpp.o: 
warning: multiple common of `__gnu_lto_slim'
C:/Users/phamm/.platformio/packages/toolchain-xtensa-esp-elf/bin/../lib/gcc/xte
nsa-esp-elf/14.2.0/../../../../xtensa-esp-elf/bin/ld.exe: 
.pio/build/custom-st7789-160x128/libc34/RadioLib/protocols/FSK4/FSK4.cpp.o: 
plugin needed to handle lto object
C:/Users/phamm/.platformio/packages/toolchain-xtensa-esp-elf/bin/../lib/gcc/xte
nsa-esp-elf/14.2.0/../../../../xtensa-esp-elf/bin/ld.exe: 
.pio/build/custom-st7789-160x128/libc34/RadioLib/protocols/FSK4/FSK4.cpp.o: 
plugin needed to handle lto object
C:/Users/phamm/.platformio/packages/toolchain-xtensa-esp-elf/bin/../lib/gcc/xte
nsa-esp-elf/14.2.0/../../../../xtensa-esp-elf/bin/ld.exe: 
.pio/build/custom-st7789-160x128/libc34/RadioLib/protocols/FSK4/FSK4.cpp.o and 
.pio/build/custom-st7789-160x128/FrameworkArduinoVariant/variant.cpp.o: 
warning: multiple common of `__gnu_lto_slim'
C:/Users/phamm/.platformio/packages/toolchain-xtensa-esp-elf/bin/../lib/gcc/xte
nsa-esp-elf/14.2.0/../../../../xtensa-esp-elf/bin/ld.exe: .pio/build/custom-st7
789-160x128/libc34/RadioLib/protocols/Hellschreiber/Hellschreiber.cpp.o: 
plugin needed to handle lto object
C:/Users/phamm/.platformio/packages/toolchain-xtensa-esp-elf/bin/../lib/gcc/xte
nsa-esp-elf/14.2.0/../../../../xtensa-esp-elf/bin/ld.exe: .pio/build/custom-st7
789-160x128/libc34/RadioLib/protocols/Hellschreiber/Hellschreiber.cpp.o: 
plugin needed to handle lto object
C:/Users/phamm/.platformio/packages/toolchain-xtensa-esp-elf/bin/../lib/gcc/xte
nsa-esp-elf/14.2.0/../../../../xtensa-esp-elf/bin/ld.exe: .pio/build/custom-st7
789-160x128/libc34/RadioLib/protocols/Hellschreiber/Hellschreiber.cpp.o and 
.pio/build/custom-st7789-160x128/FrameworkArduinoVariant/variant.cpp.o: 
warning: multiple common of `__gnu_lto_slim'
C:/Users/phamm/.platformio/packages/toolchain-xtensa-esp-elf/bin/../lib/gcc/xte
nsa-esp-elf/14.2.0/../../../../xtensa-esp-elf/bin/ld.exe: .pio/build/custom-st7
789-160x128/libc34/RadioLib/protocols/LoRaWAN/LoRaWAN.cpp.o: plugin needed to 
handle lto object
C:/Users/phamm/.platformio/packages/toolchain-xtensa-esp-elf/bin/../lib/gcc/xte
nsa-esp-elf/14.2.0/../../../../xtensa-esp-elf/bin/ld.exe: .pio/build/custom-st7
789-160x128/libc34/RadioLib/protocols/LoRaWAN/LoRaWAN.cpp.o: plugin needed to 
handle lto object
C:/Users/phamm/.platformio/packages/toolchain-xtensa-esp-elf/bin/../lib/gcc/xte
nsa-esp-elf/14.2.0/../../../../xtensa-esp-elf/bin/ld.exe: .pio/build/custom-st7
789-160x128/libc34/RadioLib/protocols/LoRaWAN/LoRaWAN.cpp.o and 
.pio/build/custom-st7789-160x128/FrameworkArduinoVariant/variant.cpp.o: 
warning: multiple common of `__gnu_lto_slim'
C:/Users/phamm/.platformio/packages/toolchain-xtensa-esp-elf/bin/../lib/gcc/xte
nsa-esp-elf/14.2.0/../../../../xtensa-esp-elf/bin/ld.exe: .pio/build/custom-st7
789-160x128/libc34/RadioLib/protocols/LoRaWAN/LoRaWANBands.cpp.o: plugin 
needed to handle lto object
C:/Users/phamm/.platformio/packages/toolchain-xtensa-esp-elf/bin/../lib/gcc/xte
nsa-esp-elf/14.2.0/../../../../xtensa-esp-elf/bin/ld.exe: .pio/build/custom-st7
789-160x128/libc34/RadioLib/protocols/LoRaWAN/LoRaWANBands.cpp.o: plugin 
needed to handle lto object
C:/Users/phamm/.platformio/packages/toolchain-xtensa-esp-elf/bin/../lib/gcc/xte
nsa-esp-elf/14.2.0/../../../../xtensa-esp-elf/bin/ld.exe: .pio/build/custom-st7
789-160x128/libc34/RadioLib/protocols/LoRaWAN/LoRaWANBands.cpp.o and 
.pio/build/custom-st7789-160x128/FrameworkArduinoVariant/variant.cpp.o: 
warning: multiple common of `__gnu_lto_slim'
C:/Users/phamm/.platformio/packages/toolchain-xtensa-esp-elf/bin/../lib/gcc/xte
nsa-esp-elf/14.2.0/../../../../xtensa-esp-elf/bin/ld.exe: 
.pio/build/custom-st7789-160x128/libc34/RadioLib/protocols/Morse/Morse.cpp.o: 
plugin needed to handle lto object
C:/Users/phamm/.platformio/packages/toolchain-xtensa-esp-elf/bin/../lib/gcc/xte
nsa-esp-elf/14.2.0/../../../../xtensa-esp-elf/bin/ld.exe: 
.pio/build/custom-st7789-160x128/libc34/RadioLib/protocols/Morse/Morse.cpp.o: 
plugin needed to handle lto object
C:/Users/phamm/.platformio/packages/toolchain-xtensa-esp-elf/bin/../lib/gcc/xte
nsa-esp-elf/14.2.0/../../../../xtensa-esp-elf/bin/ld.exe: 
.pio/build/custom-st7789-160x128/libc34/RadioLib/protocols/Morse/Morse.cpp.o 
and .pio/build/custom-st7789-160x128/FrameworkArduinoVariant/variant.cpp.o: 
warning: multiple common of `__gnu_lto_slim'
C:/Users/phamm/.platformio/packages/toolchain-xtensa-esp-elf/bin/../lib/gcc/xte
nsa-esp-elf/14.2.0/../../../../xtensa-esp-elf/bin/ld.exe: 
.pio/build/custom-st7789-160x128/libc34/RadioLib/protocols/Pager/Pager.cpp.o: 
plugin needed to handle lto object
C:/Users/phamm/.platformio/packages/toolchain-xtensa-esp-elf/bin/../lib/gcc/xte
nsa-esp-elf/14.2.0/../../../../xtensa-esp-elf/bin/ld.exe: 
.pio/build/custom-st7789-160x128/libc34/RadioLib/protocols/Pager/Pager.cpp.o: 
plugin needed to handle lto object
C:/Users/phamm/.platformio/packages/toolchain-xtensa-esp-elf/bin/../lib/gcc/xte
nsa-esp-elf/14.2.0/../../../../xtensa-esp-elf/bin/ld.exe: 
.pio/build/custom-st7789-160x128/libc34/RadioLib/protocols/Pager/Pager.cpp.o 
and .pio/build/custom-st7789-160x128/FrameworkArduinoVariant/variant.cpp.o: 
warning: multiple common of `__gnu_lto_slim'
C:/Users/phamm/.platformio/packages/toolchain-xtensa-esp-elf/bin/../lib/gcc/xte
nsa-esp-elf/14.2.0/../../../../xtensa-esp-elf/bin/ld.exe: .pio/build/custom-st7
789-160x128/libc34/RadioLib/protocols/PhysicalLayer/PhysicalLayer.cpp.o: 
plugin needed to handle lto object
C:/Users/phamm/.platformio/packages/toolchain-xtensa-esp-elf/bin/../lib/gcc/xte
nsa-esp-elf/14.2.0/../../../../xtensa-esp-elf/bin/ld.exe: .pio/build/custom-st7
789-160x128/libc34/RadioLib/protocols/PhysicalLayer/PhysicalLayer.cpp.o: 
plugin needed to handle lto object
C:/Users/phamm/.platformio/packages/toolchain-xtensa-esp-elf/bin/../lib/gcc/xte
nsa-esp-elf/14.2.0/../../../../xtensa-esp-elf/bin/ld.exe: .pio/build/custom-st7
789-160x128/libc34/RadioLib/protocols/PhysicalLayer/PhysicalLayer.cpp.o and 
.pio/build/custom-st7789-160x128/FrameworkArduinoVariant/variant.cpp.o: 
warning: multiple common of `__gnu_lto_slim'
C:/Users/phamm/.platformio/packages/toolchain-xtensa-esp-elf/bin/../lib/gcc/xte
nsa-esp-elf/14.2.0/../../../../xtensa-esp-elf/bin/ld.exe: .pio/build/custom-st7
789-160x128/libc34/RadioLib/protocols/Print/ITA2String.cpp.o: plugin needed to 
handle lto object
C:/Users/phamm/.platformio/packages/toolchain-xtensa-esp-elf/bin/../lib/gcc/xte
nsa-esp-elf/14.2.0/../../../../xtensa-esp-elf/bin/ld.exe: .pio/build/custom-st7
789-160x128/libc34/RadioLib/protocols/Print/ITA2String.cpp.o: plugin needed to 
handle lto object
C:/Users/phamm/.platformio/packages/toolchain-xtensa-esp-elf/bin/../lib/gcc/xte
nsa-esp-elf/14.2.0/../../../../xtensa-esp-elf/bin/ld.exe: .pio/build/custom-st7
789-160x128/libc34/RadioLib/protocols/Print/ITA2String.cpp.o and 
.pio/build/custom-st7789-160x128/FrameworkArduinoVariant/variant.cpp.o: 
warning: multiple common of `__gnu_lto_slim'
C:/Users/phamm/.platformio/packages/toolchain-xtensa-esp-elf/bin/../lib/gcc/xte
nsa-esp-elf/14.2.0/../../../../xtensa-esp-elf/bin/ld.exe: 
.pio/build/custom-st7789-160x128/libc34/RadioLib/protocols/Print/Print.cpp.o: 
plugin needed to handle lto object
C:/Users/phamm/.platformio/packages/toolchain-xtensa-esp-elf/bin/../lib/gcc/xte
nsa-esp-elf/14.2.0/../../../../xtensa-esp-elf/bin/ld.exe: 
.pio/build/custom-st7789-160x128/libc34/RadioLib/protocols/Print/Print.cpp.o: 
plugin needed to handle lto object
C:/Users/phamm/.platformio/packages/toolchain-xtensa-esp-elf/bin/../lib/gcc/xte
nsa-esp-elf/14.2.0/../../../../xtensa-esp-elf/bin/ld.exe: 
.pio/build/custom-st7789-160x128/libc34/RadioLib/protocols/Print/Print.cpp.o 
and .pio/build/custom-st7789-160x128/FrameworkArduinoVariant/variant.cpp.o: 
warning: multiple common of `__gnu_lto_slim'
C:/Users/phamm/.platformio/packages/toolchain-xtensa-esp-elf/bin/../lib/gcc/xte
nsa-esp-elf/14.2.0/../../../../xtensa-esp-elf/bin/ld.exe: 
.pio/build/custom-st7789-160x128/libc34/RadioLib/protocols/RTTY/RTTY.cpp.o: 
plugin needed to handle lto object
C:/Users/phamm/.platformio/packages/toolchain-xtensa-esp-elf/bin/../lib/gcc/xte
nsa-esp-elf/14.2.0/../../../../xtensa-esp-elf/bin/ld.exe: 
.pio/build/custom-st7789-160x128/libc34/RadioLib/protocols/RTTY/RTTY.cpp.o: 
plugin needed to handle lto object
C:/Users/phamm/.platformio/packages/toolchain-xtensa-esp-elf/bin/../lib/gcc/xte
nsa-esp-elf/14.2.0/../../../../xtensa-esp-elf/bin/ld.exe: 
.pio/build/custom-st7789-160x128/libc34/RadioLib/protocols/RTTY/RTTY.cpp.o and 
.pio/build/custom-st7789-160x128/FrameworkArduinoVariant/variant.cpp.o: 
warning: multiple common of `__gnu_lto_slim'
C:/Users/phamm/.platformio/packages/toolchain-xtensa-esp-elf/bin/../lib/gcc/xte
nsa-esp-elf/14.2.0/../../../../xtensa-esp-elf/bin/ld.exe: 
.pio/build/custom-st7789-160x128/libc34/RadioLib/protocols/SSTV/SSTV.cpp.o: 
plugin needed to handle lto object
C:/Users/phamm/.platformio/packages/toolchain-xtensa-esp-elf/bin/../lib/gcc/xte
nsa-esp-elf/14.2.0/../../../../xtensa-esp-elf/bin/ld.exe: 
.pio/build/custom-st7789-160x128/libc34/RadioLib/protocols/SSTV/SSTV.cpp.o: 
plugin needed to handle lto object
C:/Users/phamm/.platformio/packages/toolchain-xtensa-esp-elf/bin/../lib/gcc/xte
nsa-esp-elf/14.2.0/../../../../xtensa-esp-elf/bin/ld.exe: 
.pio/build/custom-st7789-160x128/libc34/RadioLib/protocols/SSTV/SSTV.cpp.o and 
.pio/build/custom-st7789-160x128/FrameworkArduinoVariant/variant.cpp.o: 
warning: multiple common of `__gnu_lto_slim'
C:/Users/phamm/.platformio/packages/toolchain-xtensa-esp-elf/bin/../lib/gcc/xte
nsa-esp-elf/14.2.0/../../../../xtensa-esp-elf/bin/ld.exe: 
.pio/build/custom-st7789-160x128/libc34/RadioLib/utils/CRC.cpp.o: plugin 
needed to handle lto object
C:/Users/phamm/.platformio/packages/toolchain-xtensa-esp-elf/bin/../lib/gcc/xte
nsa-esp-elf/14.2.0/../../../../xtensa-esp-elf/bin/ld.exe: 
.pio/build/custom-st7789-160x128/libc34/RadioLib/utils/CRC.cpp.o: plugin 
needed to handle lto object
C:/Users/phamm/.platformio/packages/toolchain-xtensa-esp-elf/bin/../lib/gcc/xte
nsa-esp-elf/14.2.0/../../../../xtensa-esp-elf/bin/ld.exe: 
.pio/build/custom-st7789-160x128/libc34/RadioLib/utils/CRC.cpp.o and 
.pio/build/custom-st7789-160x128/FrameworkArduinoVariant/variant.cpp.o: 
warning: multiple common of `__gnu_lto_slim'
C:/Users/phamm/.platformio/packages/toolchain-xtensa-esp-elf/bin/../lib/gcc/xte
nsa-esp-elf/14.2.0/../../../../xtensa-esp-elf/bin/ld.exe: 
.pio/build/custom-st7789-160x128/libc34/RadioLib/utils/Cryptography.cpp.o: 
plugin needed to handle lto object
C:/Users/phamm/.platformio/packages/toolchain-xtensa-esp-elf/bin/../lib/gcc/xte
nsa-esp-elf/14.2.0/../../../../xtensa-esp-elf/bin/ld.exe: 
.pio/build/custom-st7789-160x128/libc34/RadioLib/utils/Cryptography.cpp.o: 
plugin needed to handle lto object
C:/Users/phamm/.platformio/packages/toolchain-xtensa-esp-elf/bin/../lib/gcc/xte
nsa-esp-elf/14.2.0/../../../../xtensa-esp-elf/bin/ld.exe: 
.pio/build/custom-st7789-160x128/libc34/RadioLib/utils/Cryptography.cpp.o and 
.pio/build/custom-st7789-160x128/FrameworkArduinoVariant/variant.cpp.o: 
warning: multiple common of `__gnu_lto_slim'
C:/Users/phamm/.platformio/packages/toolchain-xtensa-esp-elf/bin/../lib/gcc/xte
nsa-esp-elf/14.2.0/../../../../xtensa-esp-elf/bin/ld.exe: 
.pio/build/custom-st7789-160x128/libc34/RadioLib/utils/FEC.cpp.o: plugin 
needed to handle lto object
C:/Users/phamm/.platformio/packages/toolchain-xtensa-esp-elf/bin/../lib/gcc/xte
nsa-esp-elf/14.2.0/../../../../xtensa-esp-elf/bin/ld.exe: 
.pio/build/custom-st7789-160x128/libc34/RadioLib/utils/FEC.cpp.o: plugin 
needed to handle lto object
C:/Users/phamm/.platformio/packages/toolchain-xtensa-esp-elf/bin/../lib/gcc/xte
nsa-esp-elf/14.2.0/../../../../xtensa-esp-elf/bin/ld.exe: 
.pio/build/custom-st7789-160x128/libc34/RadioLib/utils/FEC.cpp.o and 
.pio/build/custom-st7789-160x128/FrameworkArduinoVariant/variant.cpp.o: 
warning: multiple common of `__gnu_lto_slim'
C:/Users/phamm/.platformio/packages/toolchain-xtensa-esp-elf/bin/../lib/gcc/xte
nsa-esp-elf/14.2.0/../../../../xtensa-esp-elf/bin/ld.exe: 
.pio/build/custom-st7789-160x128/libc34/RadioLib/utils/Utils.cpp.o: plugin 
needed to handle lto object
C:/Users/phamm/.platformio/packages/toolchain-xtensa-esp-elf/bin/../lib/gcc/xte
nsa-esp-elf/14.2.0/../../../../xtensa-esp-elf/bin/ld.exe: 
.pio/build/custom-st7789-160x128/libc34/RadioLib/utils/Utils.cpp.o: plugin 
needed to handle lto object
C:/Users/phamm/.platformio/packages/toolchain-xtensa-esp-elf/bin/../lib/gcc/xte
nsa-esp-elf/14.2.0/../../../../xtensa-esp-elf/bin/ld.exe: 
.pio/build/custom-st7789-160x128/libc34/RadioLib/utils/Utils.cpp.o and 
.pio/build/custom-st7789-160x128/FrameworkArduinoVariant/variant.cpp.o: 
warning: multiple common of `__gnu_lto_slim'
C:/Users/phamm/.platformio/packages/toolchain-xtensa-esp-elf/bin/../lib/gcc/xte
nsa-esp-elf/14.2.0/../../../../xtensa-esp-elf/bin/ld.exe: 
.pio/build/custom-st7789-160x128/libb1d/Ethernet/ETH.cpp.o: plugin needed to 
handle lto object
C:/Users/phamm/.platformio/packages/toolchain-xtensa-esp-elf/bin/../lib/gcc/xte
nsa-esp-elf/14.2.0/../../../../xtensa-esp-elf/bin/ld.exe: 
.pio/build/custom-st7789-160x128/libb1d/Ethernet/ETH.cpp.o: plugin needed to 
handle lto object
C:/Users/phamm/.platformio/packages/toolchain-xtensa-esp-elf/bin/../lib/gcc/xte
nsa-esp-elf/14.2.0/../../../../xtensa-esp-elf/bin/ld.exe: 
.pio/build/custom-st7789-160x128/libb1d/Ethernet/ETH.cpp.o and 
.pio/build/custom-st7789-160x128/FrameworkArduinoVariant/variant.cpp.o: 
warning: multiple common of `__gnu_lto_slim'
C:/Users/phamm/.platformio/packages/toolchain-xtensa-esp-elf/bin/../lib/gcc/xte
nsa-esp-elf/14.2.0/../../../../xtensa-esp-elf/bin/ld.exe: 
.pio/build/custom-st7789-160x128/lib5af/Bad_Usb_Lib/BleKeyboard.cpp.o: plugin 
needed to handle lto object
C:/Users/phamm/.platformio/packages/toolchain-xtensa-esp-elf/bin/../lib/gcc/xte
nsa-esp-elf/14.2.0/../../../../xtensa-esp-elf/bin/ld.exe: 
.pio/build/custom-st7789-160x128/lib5af/Bad_Usb_Lib/BleKeyboard.cpp.o: plugin 
needed to handle lto object
C:/Users/phamm/.platformio/packages/toolchain-xtensa-esp-elf/bin/../lib/gcc/xte
nsa-esp-elf/14.2.0/../../../../xtensa-esp-elf/bin/ld.exe: 
.pio/build/custom-st7789-160x128/lib5af/Bad_Usb_Lib/BleKeyboard.cpp.o and 
.pio/build/custom-st7789-160x128/FrameworkArduinoVariant/variant.cpp.o: 
warning: multiple common of `__gnu_lto_slim'
C:/Users/phamm/.platformio/packages/toolchain-xtensa-esp-elf/bin/../lib/gcc/xte
nsa-esp-elf/14.2.0/../../../../xtensa-esp-elf/bin/ld.exe: 
.pio/build/custom-st7789-160x128/lib5af/Bad_Usb_Lib/CH9329_Keyboard.cpp.o: 
plugin needed to handle lto object
C:/Users/phamm/.platformio/packages/toolchain-xtensa-esp-elf/bin/../lib/gcc/xte
nsa-esp-elf/14.2.0/../../../../xtensa-esp-elf/bin/ld.exe: 
.pio/build/custom-st7789-160x128/lib5af/Bad_Usb_Lib/CH9329_Keyboard.cpp.o: 
plugin needed to handle lto object
C:/Users/phamm/.platformio/packages/toolchain-xtensa-esp-elf/bin/../lib/gcc/xte
nsa-esp-elf/14.2.0/../../../../xtensa-esp-elf/bin/ld.exe: 
.pio/build/custom-st7789-160x128/lib5af/Bad_Usb_Lib/CH9329_Keyboard.cpp.o and 
.pio/build/custom-st7789-160x128/FrameworkArduinoVariant/variant.cpp.o: 
warning: multiple common of `__gnu_lto_slim'
C:/Users/phamm/.platformio/packages/toolchain-xtensa-esp-elf/bin/../lib/gcc/xte
nsa-esp-elf/14.2.0/../../../../xtensa-esp-elf/bin/ld.exe: .pio/build/custom-st7
789-160x128/lib5af/Bad_Usb_Lib/KeyboardLayout_da_DK.cpp.o: plugin needed to 
handle lto object
C:/Users/phamm/.platformio/packages/toolchain-xtensa-esp-elf/bin/../lib/gcc/xte
nsa-esp-elf/14.2.0/../../../../xtensa-esp-elf/bin/ld.exe: .pio/build/custom-st7
789-160x128/lib5af/Bad_Usb_Lib/KeyboardLayout_da_DK.cpp.o: plugin needed to 
handle lto object
C:/Users/phamm/.platformio/packages/toolchain-xtensa-esp-elf/bin/../lib/gcc/xte
nsa-esp-elf/14.2.0/../../../../xtensa-esp-elf/bin/ld.exe: 
.pio/build/custom-st7789-160x128/lib5af/Bad_Usb_Lib/KeyboardLayout_da_DK.cpp.o 
and .pio/build/custom-st7789-160x128/FrameworkArduinoVariant/variant.cpp.o: 
warning: multiple common of `__gnu_lto_slim'
C:/Users/phamm/.platformio/packages/toolchain-xtensa-esp-elf/bin/../lib/gcc/xte
nsa-esp-elf/14.2.0/../../../../xtensa-esp-elf/bin/ld.exe: .pio/build/custom-st7
789-160x128/lib5af/Bad_Usb_Lib/KeyboardLayout_de_DE.cpp.o: plugin needed to 
handle lto object
C:/Users/phamm/.platformio/packages/toolchain-xtensa-esp-elf/bin/../lib/gcc/xte
nsa-esp-elf/14.2.0/../../../../xtensa-esp-elf/bin/ld.exe: .pio/build/custom-st7
789-160x128/lib5af/Bad_Usb_Lib/KeyboardLayout_de_DE.cpp.o: plugin needed to 
handle lto object
C:/Users/phamm/.platformio/packages/toolchain-xtensa-esp-elf/bin/../lib/gcc/xte
nsa-esp-elf/14.2.0/../../../../xtensa-esp-elf/bin/ld.exe: 
.pio/build/custom-st7789-160x128/lib5af/Bad_Usb_Lib/KeyboardLayout_de_DE.cpp.o 
and .pio/build/custom-st7789-160x128/FrameworkArduinoVariant/variant.cpp.o: 
warning: multiple common of `__gnu_lto_slim'
C:/Users/phamm/.platformio/packages/toolchain-xtensa-esp-elf/bin/../lib/gcc/xte
nsa-esp-elf/14.2.0/../../../../xtensa-esp-elf/bin/ld.exe: .pio/build/custom-st7
789-160x128/lib5af/Bad_Usb_Lib/KeyboardLayout_en_UK.cpp.o: plugin needed to 
handle lto object
C:/Users/phamm/.platformio/packages/toolchain-xtensa-esp-elf/bin/../lib/gcc/xte
nsa-esp-elf/14.2.0/../../../../xtensa-esp-elf/bin/ld.exe: .pio/build/custom-st7
789-160x128/lib5af/Bad_Usb_Lib/KeyboardLayout_en_UK.cpp.o: plugin needed to 
handle lto object
C:/Users/phamm/.platformio/packages/toolchain-xtensa-esp-elf/bin/../lib/gcc/xte
nsa-esp-elf/14.2.0/../../../../xtensa-esp-elf/bin/ld.exe: 
.pio/build/custom-st7789-160x128/lib5af/Bad_Usb_Lib/KeyboardLayout_en_UK.cpp.o 
and .pio/build/custom-st7789-160x128/FrameworkArduinoVariant/variant.cpp.o: 
warning: multiple common of `__gnu_lto_slim'
C:/Users/phamm/.platformio/packages/toolchain-xtensa-esp-elf/bin/../lib/gcc/xte
nsa-esp-elf/14.2.0/../../../../xtensa-esp-elf/bin/ld.exe: .pio/build/custom-st7
789-160x128/lib5af/Bad_Usb_Lib/KeyboardLayout_en_US.cpp.o: plugin needed to 
handle lto object
C:/Users/phamm/.platformio/packages/toolchain-xtensa-esp-elf/bin/../lib/gcc/xte
nsa-esp-elf/14.2.0/../../../../xtensa-esp-elf/bin/ld.exe: .pio/build/custom-st7
789-160x128/lib5af/Bad_Usb_Lib/KeyboardLayout_en_US.cpp.o: plugin needed to 
handle lto object
C:/Users/phamm/.platformio/packages/toolchain-xtensa-esp-elf/bin/../lib/gcc/xte
nsa-esp-elf/14.2.0/../../../../xtensa-esp-elf/bin/ld.exe: 
.pio/build/custom-st7789-160x128/lib5af/Bad_Usb_Lib/KeyboardLayout_en_US.cpp.o 
and .pio/build/custom-st7789-160x128/FrameworkArduinoVariant/variant.cpp.o: 
warning: multiple common of `__gnu_lto_slim'
C:/Users/phamm/.platformio/packages/toolchain-xtensa-esp-elf/bin/../lib/gcc/xte
nsa-esp-elf/14.2.0/../../../../xtensa-esp-elf/bin/ld.exe: .pio/build/custom-st7
789-160x128/lib5af/Bad_Usb_Lib/KeyboardLayout_es_ES.cpp.o: plugin needed to 
handle lto object
C:/Users/phamm/.platformio/packages/toolchain-xtensa-esp-elf/bin/../lib/gcc/xte
nsa-esp-elf/14.2.0/../../../../xtensa-esp-elf/bin/ld.exe: .pio/build/custom-st7
789-160x128/lib5af/Bad_Usb_Lib/KeyboardLayout_es_ES.cpp.o: plugin needed to 
handle lto object
C:/Users/phamm/.platformio/packages/toolchain-xtensa-esp-elf/bin/../lib/gcc/xte
nsa-esp-elf/14.2.0/../../../../xtensa-esp-elf/bin/ld.exe: 
.pio/build/custom-st7789-160x128/lib5af/Bad_Usb_Lib/KeyboardLayout_es_ES.cpp.o 
and .pio/build/custom-st7789-160x128/FrameworkArduinoVariant/variant.cpp.o: 
warning: multiple common of `__gnu_lto_slim'
C:/Users/phamm/.platformio/packages/toolchain-xtensa-esp-elf/bin/../lib/gcc/xte
nsa-esp-elf/14.2.0/../../../../xtensa-esp-elf/bin/ld.exe: .pio/build/custom-st7
789-160x128/lib5af/Bad_Usb_Lib/KeyboardLayout_fr_FR.cpp.o: plugin needed to 
handle lto object
C:/Users/phamm/.platformio/packages/toolchain-xtensa-esp-elf/bin/../lib/gcc/xte
nsa-esp-elf/14.2.0/../../../../xtensa-esp-elf/bin/ld.exe: .pio/build/custom-st7
789-160x128/lib5af/Bad_Usb_Lib/KeyboardLayout_fr_FR.cpp.o: plugin needed to 
handle lto object
C:/Users/phamm/.platformio/packages/toolchain-xtensa-esp-elf/bin/../lib/gcc/xte
nsa-esp-elf/14.2.0/../../../../xtensa-esp-elf/bin/ld.exe: 
.pio/build/custom-st7789-160x128/lib5af/Bad_Usb_Lib/KeyboardLayout_fr_FR.cpp.o 
and .pio/build/custom-st7789-160x128/FrameworkArduinoVariant/variant.cpp.o: 
warning: multiple common of `__gnu_lto_slim'
C:/Users/phamm/.platformio/packages/toolchain-xtensa-esp-elf/bin/../lib/gcc/xte
nsa-esp-elf/14.2.0/../../../../xtensa-esp-elf/bin/ld.exe: .pio/build/custom-st7
789-160x128/lib5af/Bad_Usb_Lib/KeyboardLayout_hu_HU.cpp.o: plugin needed to 
handle lto object
C:/Users/phamm/.platformio/packages/toolchain-xtensa-esp-elf/bin/../lib/gcc/xte
nsa-esp-elf/14.2.0/../../../../xtensa-esp-elf/bin/ld.exe: .pio/build/custom-st7
789-160x128/lib5af/Bad_Usb_Lib/KeyboardLayout_hu_HU.cpp.o: plugin needed to 
handle lto object
C:/Users/phamm/.platformio/packages/toolchain-xtensa-esp-elf/bin/../lib/gcc/xte
nsa-esp-elf/14.2.0/../../../../xtensa-esp-elf/bin/ld.exe: 
.pio/build/custom-st7789-160x128/lib5af/Bad_Usb_Lib/KeyboardLayout_hu_HU.cpp.o 
and .pio/build/custom-st7789-160x128/FrameworkArduinoVariant/variant.cpp.o: 
warning: multiple common of `__gnu_lto_slim'
C:/Users/phamm/.platformio/packages/toolchain-xtensa-esp-elf/bin/../lib/gcc/xte
nsa-esp-elf/14.2.0/../../../../xtensa-esp-elf/bin/ld.exe: .pio/build/custom-st7
789-160x128/lib5af/Bad_Usb_Lib/KeyboardLayout_it_IT.cpp.o: plugin needed to 
handle lto object
C:/Users/phamm/.platformio/packages/toolchain-xtensa-esp-elf/bin/../lib/gcc/xte
nsa-esp-elf/14.2.0/../../../../xtensa-esp-elf/bin/ld.exe: .pio/build/custom-st7
789-160x128/lib5af/Bad_Usb_Lib/KeyboardLayout_it_IT.cpp.o: plugin needed to 
handle lto object
C:/Users/phamm/.platformio/packages/toolchain-xtensa-esp-elf/bin/../lib/gcc/xte
nsa-esp-elf/14.2.0/../../../../xtensa-esp-elf/bin/ld.exe: 
.pio/build/custom-st7789-160x128/lib5af/Bad_Usb_Lib/KeyboardLayout_it_IT.cpp.o 
and .pio/build/custom-st7789-160x128/FrameworkArduinoVariant/variant.cpp.o: 
warning: multiple common of `__gnu_lto_slim'
C:/Users/phamm/.platformio/packages/toolchain-xtensa-esp-elf/bin/../lib/gcc/xte
nsa-esp-elf/14.2.0/../../../../xtensa-esp-elf/bin/ld.exe: .pio/build/custom-st7
789-160x128/lib5af/Bad_Usb_Lib/KeyboardLayout_pt_BR.cpp.o: plugin needed to 
handle lto object
C:/Users/phamm/.platformio/packages/toolchain-xtensa-esp-elf/bin/../lib/gcc/xte
nsa-esp-elf/14.2.0/../../../../xtensa-esp-elf/bin/ld.exe: .pio/build/custom-st7
789-160x128/lib5af/Bad_Usb_Lib/KeyboardLayout_pt_BR.cpp.o: plugin needed to 
handle lto object
C:/Users/phamm/.platformio/packages/toolchain-xtensa-esp-elf/bin/../lib/gcc/xte
nsa-esp-elf/14.2.0/../../../../xtensa-esp-elf/bin/ld.exe: 
.pio/build/custom-st7789-160x128/lib5af/Bad_Usb_Lib/KeyboardLayout_pt_BR.cpp.o 
and .pio/build/custom-st7789-160x128/FrameworkArduinoVariant/variant.cpp.o: 
warning: multiple common of `__gnu_lto_slim'
C:/Users/phamm/.platformio/packages/toolchain-xtensa-esp-elf/bin/../lib/gcc/xte
nsa-esp-elf/14.2.0/../../../../xtensa-esp-elf/bin/ld.exe: .pio/build/custom-st7
789-160x128/lib5af/Bad_Usb_Lib/KeyboardLayout_pt_PT.cpp.o: plugin needed to 
handle lto object
C:/Users/phamm/.platformio/packages/toolchain-xtensa-esp-elf/bin/../lib/gcc/xte
nsa-esp-elf/14.2.0/../../../../xtensa-esp-elf/bin/ld.exe: .pio/build/custom-st7
789-160x128/lib5af/Bad_Usb_Lib/KeyboardLayout_pt_PT.cpp.o: plugin needed to 
handle lto object
C:/Users/phamm/.platformio/packages/toolchain-xtensa-esp-elf/bin/../lib/gcc/xte
nsa-esp-elf/14.2.0/../../../../xtensa-esp-elf/bin/ld.exe: 
.pio/build/custom-st7789-160x128/lib5af/Bad_Usb_Lib/KeyboardLayout_pt_PT.cpp.o 
and .pio/build/custom-st7789-160x128/FrameworkArduinoVariant/variant.cpp.o: 
warning: multiple common of `__gnu_lto_slim'
C:/Users/phamm/.platformio/packages/toolchain-xtensa-esp-elf/bin/../lib/gcc/xte
nsa-esp-elf/14.2.0/../../../../xtensa-esp-elf/bin/ld.exe: .pio/build/custom-st7
789-160x128/lib5af/Bad_Usb_Lib/KeyboardLayout_si_SI.cpp.o: plugin needed to 
handle lto object
C:/Users/phamm/.platformio/packages/toolchain-xtensa-esp-elf/bin/../lib/gcc/xte
nsa-esp-elf/14.2.0/../../../../xtensa-esp-elf/bin/ld.exe: .pio/build/custom-st7
789-160x128/lib5af/Bad_Usb_Lib/KeyboardLayout_si_SI.cpp.o: plugin needed to 
handle lto object
C:/Users/phamm/.platformio/packages/toolchain-xtensa-esp-elf/bin/../lib/gcc/xte
nsa-esp-elf/14.2.0/../../../../xtensa-esp-elf/bin/ld.exe: 
.pio/build/custom-st7789-160x128/lib5af/Bad_Usb_Lib/KeyboardLayout_si_SI.cpp.o 
and .pio/build/custom-st7789-160x128/FrameworkArduinoVariant/variant.cpp.o: 
warning: multiple common of `__gnu_lto_slim'
C:/Users/phamm/.platformio/packages/toolchain-xtensa-esp-elf/bin/../lib/gcc/xte
nsa-esp-elf/14.2.0/../../../../xtensa-esp-elf/bin/ld.exe: .pio/build/custom-st7
789-160x128/lib5af/Bad_Usb_Lib/KeyboardLayout_sv_SE.cpp.o: plugin needed to 
handle lto object
C:/Users/phamm/.platformio/packages/toolchain-xtensa-esp-elf/bin/../lib/gcc/xte
nsa-esp-elf/14.2.0/../../../../xtensa-esp-elf/bin/ld.exe: .pio/build/custom-st7
789-160x128/lib5af/Bad_Usb_Lib/KeyboardLayout_sv_SE.cpp.o: plugin needed to 
handle lto object
C:/Users/phamm/.platformio/packages/toolchain-xtensa-esp-elf/bin/../lib/gcc/xte
nsa-esp-elf/14.2.0/../../../../xtensa-esp-elf/bin/ld.exe: 
.pio/build/custom-st7789-160x128/lib5af/Bad_Usb_Lib/KeyboardLayout_sv_SE.cpp.o 
and .pio/build/custom-st7789-160x128/FrameworkArduinoVariant/variant.cpp.o: 
warning: multiple common of `__gnu_lto_slim'
C:/Users/phamm/.platformio/packages/toolchain-xtensa-esp-elf/bin/../lib/gcc/xte
nsa-esp-elf/14.2.0/../../../../xtensa-esp-elf/bin/ld.exe: .pio/build/custom-st7
789-160x128/lib5af/Bad_Usb_Lib/KeyboardLayout_tr_TR.cpp.o: plugin needed to 
handle lto object
C:/Users/phamm/.platformio/packages/toolchain-xtensa-esp-elf/bin/../lib/gcc/xte
nsa-esp-elf/14.2.0/../../../../xtensa-esp-elf/bin/ld.exe: .pio/build/custom-st7
789-160x128/lib5af/Bad_Usb_Lib/KeyboardLayout_tr_TR.cpp.o: plugin needed to 
handle lto object
C:/Users/phamm/.platformio/packages/toolchain-xtensa-esp-elf/bin/../lib/gcc/xte
nsa-esp-elf/14.2.0/../../../../xtensa-esp-elf/bin/ld.exe: 
.pio/build/custom-st7789-160x128/lib5af/Bad_Usb_Lib/KeyboardLayout_tr_TR.cpp.o 
and .pio/build/custom-st7789-160x128/FrameworkArduinoVariant/variant.cpp.o: 
warning: multiple common of `__gnu_lto_slim'
C:/Users/phamm/.platformio/packages/toolchain-xtensa-esp-elf/bin/../lib/gcc/xte
nsa-esp-elf/14.2.0/../../../../xtensa-esp-elf/bin/ld.exe: 
.pio/build/custom-st7789-160x128/lib5af/Bad_Usb_Lib/USBHID.cpp.o: plugin 
needed to handle lto object
C:/Users/phamm/.platformio/packages/toolchain-xtensa-esp-elf/bin/../lib/gcc/xte
nsa-esp-elf/14.2.0/../../../../xtensa-esp-elf/bin/ld.exe: 
.pio/build/custom-st7789-160x128/lib5af/Bad_Usb_Lib/USBHID.cpp.o: plugin 
needed to handle lto object
C:/Users/phamm/.platformio/packages/toolchain-xtensa-esp-elf/bin/../lib/gcc/xte
nsa-esp-elf/14.2.0/../../../../xtensa-esp-elf/bin/ld.exe: 
.pio/build/custom-st7789-160x128/lib5af/Bad_Usb_Lib/USBHID.cpp.o and 
.pio/build/custom-st7789-160x128/FrameworkArduinoVariant/variant.cpp.o: 
warning: multiple common of `__gnu_lto_slim'
C:/Users/phamm/.platformio/packages/toolchain-xtensa-esp-elf/bin/../lib/gcc/xte
nsa-esp-elf/14.2.0/../../../../xtensa-esp-elf/bin/ld.exe: 
.pio/build/custom-st7789-160x128/lib5af/Bad_Usb_Lib/USBHIDKeyboard.cpp.o: 
plugin needed to handle lto object
C:/Users/phamm/.platformio/packages/toolchain-xtensa-esp-elf/bin/../lib/gcc/xte
nsa-esp-elf/14.2.0/../../../../xtensa-esp-elf/bin/ld.exe: 
.pio/build/custom-st7789-160x128/lib5af/Bad_Usb_Lib/USBHIDKeyboard.cpp.o: 
plugin needed to handle lto object
C:/Users/phamm/.platformio/packages/toolchain-xtensa-esp-elf/bin/../lib/gcc/xte
nsa-esp-elf/14.2.0/../../../../xtensa-esp-elf/bin/ld.exe: 
.pio/build/custom-st7789-160x128/lib5af/Bad_Usb_Lib/USBHIDKeyboard.cpp.o and 
.pio/build/custom-st7789-160x128/FrameworkArduinoVariant/variant.cpp.o: 
warning: multiple common of `__gnu_lto_slim'
C:/Users/phamm/.platformio/packages/toolchain-xtensa-esp-elf/bin/../lib/gcc/xte
nsa-esp-elf/14.2.0/../../../../xtensa-esp-elf/bin/ld.exe: 
.pio/build/custom-st7789-160x128/lib5af/Bad_Usb_Lib/USBHIDMouse.cpp.o: plugin 
needed to handle lto object
C:/Users/phamm/.platformio/packages/toolchain-xtensa-esp-elf/bin/../lib/gcc/xte
nsa-esp-elf/14.2.0/../../../../xtensa-esp-elf/bin/ld.exe: 
.pio/build/custom-st7789-160x128/lib5af/Bad_Usb_Lib/USBHIDMouse.cpp.o: plugin 
needed to handle lto object
C:/Users/phamm/.platformio/packages/toolchain-xtensa-esp-elf/bin/../lib/gcc/xte
nsa-esp-elf/14.2.0/../../../../xtensa-esp-elf/bin/ld.exe: 
.pio/build/custom-st7789-160x128/lib5af/Bad_Usb_Lib/USBHIDMouse.cpp.o and 
.pio/build/custom-st7789-160x128/FrameworkArduinoVariant/variant.cpp.o: 
warning: multiple common of `__gnu_lto_slim'
C:/Users/phamm/.platformio/packages/toolchain-xtensa-esp-elf/bin/../lib/gcc/xte
nsa-esp-elf/14.2.0/../../../../xtensa-esp-elf/bin/ld.exe: 
.pio/build/custom-st7789-160x128/lib2ad/TFT_eSPI_QRcode/frame.c.o: plugin 
needed to handle lto object
C:/Users/phamm/.platformio/packages/toolchain-xtensa-esp-elf/bin/../lib/gcc/xte
nsa-esp-elf/14.2.0/../../../../xtensa-esp-elf/bin/ld.exe: 
.pio/build/custom-st7789-160x128/lib2ad/TFT_eSPI_QRcode/frame.c.o: plugin 
needed to handle lto object
C:/Users/phamm/.platformio/packages/toolchain-xtensa-esp-elf/bin/../lib/gcc/xte
nsa-esp-elf/14.2.0/../../../../xtensa-esp-elf/bin/ld.exe: 
.pio/build/custom-st7789-160x128/lib2ad/TFT_eSPI_QRcode/frame.c.o and 
.pio/build/custom-st7789-160x128/FrameworkArduinoVariant/variant.cpp.o: 
warning: multiple common of `__gnu_lto_slim'
C:/Users/phamm/.platformio/packages/toolchain-xtensa-esp-elf/bin/../lib/gcc/xte
nsa-esp-elf/14.2.0/../../../../xtensa-esp-elf/bin/ld.exe: 
.pio/build/custom-st7789-160x128/lib2ad/TFT_eSPI_QRcode/qrcode.cpp.o: plugin 
needed to handle lto object
C:/Users/phamm/.platformio/packages/toolchain-xtensa-esp-elf/bin/../lib/gcc/xte
nsa-esp-elf/14.2.0/../../../../xtensa-esp-elf/bin/ld.exe: 
.pio/build/custom-st7789-160x128/lib2ad/TFT_eSPI_QRcode/qrcode.cpp.o: plugin 
needed to handle lto object
C:/Users/phamm/.platformio/packages/toolchain-xtensa-esp-elf/bin/../lib/gcc/xte
nsa-esp-elf/14.2.0/../../../../xtensa-esp-elf/bin/ld.exe: 
.pio/build/custom-st7789-160x128/lib2ad/TFT_eSPI_QRcode/qrcode.cpp.o and 
.pio/build/custom-st7789-160x128/FrameworkArduinoVariant/variant.cpp.o: 
warning: multiple common of `__gnu_lto_slim'
C:/Users/phamm/.platformio/packages/toolchain-xtensa-esp-elf/bin/../lib/gcc/xte
nsa-esp-elf/14.2.0/../../../../xtensa-esp-elf/bin/ld.exe: 
.pio/build/custom-st7789-160x128/lib2ad/TFT_eSPI_QRcode/qrencode.c.o: plugin 
needed to handle lto object
C:/Users/phamm/.platformio/packages/toolchain-xtensa-esp-elf/bin/../lib/gcc/xte
nsa-esp-elf/14.2.0/../../../../xtensa-esp-elf/bin/ld.exe: 
.pio/build/custom-st7789-160x128/lib2ad/TFT_eSPI_QRcode/qrencode.c.o: plugin 
needed to handle lto object
C:/Users/phamm/.platformio/packages/toolchain-xtensa-esp-elf/bin/../lib/gcc/xte
nsa-esp-elf/14.2.0/../../../../xtensa-esp-elf/bin/ld.exe: 
.pio/build/custom-st7789-160x128/lib2ad/TFT_eSPI_QRcode/qrencode.c.o and 
.pio/build/custom-st7789-160x128/FrameworkArduinoVariant/variant.cpp.o: 
warning: multiple common of `__gnu_lto_slim'
C:/Users/phamm/.platformio/packages/toolchain-xtensa-esp-elf/bin/../lib/gcc/xte
nsa-esp-elf/14.2.0/../../../../xtensa-esp-elf/bin/ld.exe: 
.pio/build/custom-st7789-160x128/lib020/Preferences/Preferences.cpp.o: plugin 
needed to handle lto object
C:/Users/phamm/.platformio/packages/toolchain-xtensa-esp-elf/bin/../lib/gcc/xte
nsa-esp-elf/14.2.0/../../../../xtensa-esp-elf/bin/ld.exe: 
.pio/build/custom-st7789-160x128/lib020/Preferences/Preferences.cpp.o: plugin 
needed to handle lto object
C:/Users/phamm/.platformio/packages/toolchain-xtensa-esp-elf/bin/../lib/gcc/xte
nsa-esp-elf/14.2.0/../../../../xtensa-esp-elf/bin/ld.exe: 
.pio/build/custom-st7789-160x128/lib020/Preferences/Preferences.cpp.o and 
.pio/build/custom-st7789-160x128/FrameworkArduinoVariant/variant.cpp.o: 
warning: multiple common of `__gnu_lto_slim'
C:/Users/phamm/.platformio/packages/toolchain-xtensa-esp-elf/bin/../lib/gcc/xte
nsa-esp-elf/14.2.0/../../../../xtensa-esp-elf/bin/ld.exe: 
.pio/build/custom-st7789-160x128/liba1a/AsyncUDP/AsyncUDP.cpp.o: plugin needed 
to handle lto object
C:/Users/phamm/.platformio/packages/toolchain-xtensa-esp-elf/bin/../lib/gcc/xte
nsa-esp-elf/14.2.0/../../../../xtensa-esp-elf/bin/ld.exe: 
.pio/build/custom-st7789-160x128/liba1a/AsyncUDP/AsyncUDP.cpp.o: plugin needed 
to handle lto object
C:/Users/phamm/.platformio/packages/toolchain-xtensa-esp-elf/bin/../lib/gcc/xte
nsa-esp-elf/14.2.0/../../../../xtensa-esp-elf/bin/ld.exe: 
.pio/build/custom-st7789-160x128/liba1a/AsyncUDP/AsyncUDP.cpp.o and 
.pio/build/custom-st7789-160x128/FrameworkArduinoVariant/variant.cpp.o: 
warning: multiple common of `__gnu_lto_slim'
C:/Users/phamm/.platformio/packages/toolchain-xtensa-esp-elf/bin/../lib/gcc/xte
nsa-esp-elf/14.2.0/../../../../xtensa-esp-elf/bin/ld.exe: 
.pio/build/custom-st7789-160x128/lib936/DNSServer/DNSServer.cpp.o: plugin 
needed to handle lto object
C:/Users/phamm/.platformio/packages/toolchain-xtensa-esp-elf/bin/../lib/gcc/xte
nsa-esp-elf/14.2.0/../../../../xtensa-esp-elf/bin/ld.exe: 
.pio/build/custom-st7789-160x128/lib936/DNSServer/DNSServer.cpp.o: plugin 
needed to handle lto object
C:/Users/phamm/.platformio/packages/toolchain-xtensa-esp-elf/bin/../lib/gcc/xte
nsa-esp-elf/14.2.0/../../../../xtensa-esp-elf/bin/ld.exe: 
.pio/build/custom-st7789-160x128/lib936/DNSServer/DNSServer.cpp.o and 
.pio/build/custom-st7789-160x128/FrameworkArduinoVariant/variant.cpp.o: 
warning: multiple common of `__gnu_lto_slim'
C:/Users/phamm/.platformio/packages/toolchain-xtensa-esp-elf/bin/../lib/gcc/xte
nsa-esp-elf/14.2.0/../../../../xtensa-esp-elf/bin/ld.exe: 
.pio/build/custom-st7789-160x128/lib0e8/WebServer/Parsing.cpp.o: plugin needed 
to handle lto object
C:/Users/phamm/.platformio/packages/toolchain-xtensa-esp-elf/bin/../lib/gcc/xte
nsa-esp-elf/14.2.0/../../../../xtensa-esp-elf/bin/ld.exe: 
.pio/build/custom-st7789-160x128/lib0e8/WebServer/Parsing.cpp.o: plugin needed 
to handle lto object
C:/Users/phamm/.platformio/packages/toolchain-xtensa-esp-elf/bin/../lib/gcc/xte
nsa-esp-elf/14.2.0/../../../../xtensa-esp-elf/bin/ld.exe: 
.pio/build/custom-st7789-160x128/lib0e8/WebServer/Parsing.cpp.o and 
.pio/build/custom-st7789-160x128/FrameworkArduinoVariant/variant.cpp.o: 
warning: multiple common of `__gnu_lto_slim'
C:/Users/phamm/.platformio/packages/toolchain-xtensa-esp-elf/bin/../lib/gcc/xte
nsa-esp-elf/14.2.0/../../../../xtensa-esp-elf/bin/ld.exe: 
.pio/build/custom-st7789-160x128/lib0e8/WebServer/WebServer.cpp.o: plugin 
needed to handle lto object
C:/Users/phamm/.platformio/packages/toolchain-xtensa-esp-elf/bin/../lib/gcc/xte
nsa-esp-elf/14.2.0/../../../../xtensa-esp-elf/bin/ld.exe: 
.pio/build/custom-st7789-160x128/lib0e8/WebServer/WebServer.cpp.o: plugin 
needed to handle lto object
C:/Users/phamm/.platformio/packages/toolchain-xtensa-esp-elf/bin/../lib/gcc/xte
nsa-esp-elf/14.2.0/../../../../xtensa-esp-elf/bin/ld.exe: 
.pio/build/custom-st7789-160x128/lib0e8/WebServer/WebServer.cpp.o and 
.pio/build/custom-st7789-160x128/FrameworkArduinoVariant/variant.cpp.o: 
warning: multiple common of `__gnu_lto_slim'
C:/Users/phamm/.platformio/packages/toolchain-xtensa-esp-elf/bin/../lib/gcc/xte
nsa-esp-elf/14.2.0/../../../../xtensa-esp-elf/bin/ld.exe: 
.pio/build/custom-st7789-160x128/lib0e8/WebServer/detail/mimetable.cpp.o: 
plugin needed to handle lto object
C:/Users/phamm/.platformio/packages/toolchain-xtensa-esp-elf/bin/../lib/gcc/xte
nsa-esp-elf/14.2.0/../../../../xtensa-esp-elf/bin/ld.exe: 
.pio/build/custom-st7789-160x128/lib0e8/WebServer/detail/mimetable.cpp.o: 
plugin needed to handle lto object
C:/Users/phamm/.platformio/packages/toolchain-xtensa-esp-elf/bin/../lib/gcc/xte
nsa-esp-elf/14.2.0/../../../../xtensa-esp-elf/bin/ld.exe: 
.pio/build/custom-st7789-160x128/lib0e8/WebServer/detail/mimetable.cpp.o and 
.pio/build/custom-st7789-160x128/FrameworkArduinoVariant/variant.cpp.o: 
warning: multiple common of `__gnu_lto_slim'
C:/Users/phamm/.platformio/packages/toolchain-xtensa-esp-elf/bin/../lib/gcc/xte
nsa-esp-elf/14.2.0/../../../../xtensa-esp-elf/bin/ld.exe: .pio/build/custom-st7
789-160x128/lib0e8/WebServer/middleware/AuthenticationMiddleware.cpp.o: plugin 
needed to handle lto object
C:/Users/phamm/.platformio/packages/toolchain-xtensa-esp-elf/bin/../lib/gcc/xte
nsa-esp-elf/14.2.0/../../../../xtensa-esp-elf/bin/ld.exe: .pio/build/custom-st7
789-160x128/lib0e8/WebServer/middleware/AuthenticationMiddleware.cpp.o: plugin 
needed to handle lto object
C:/Users/phamm/.platformio/packages/toolchain-xtensa-esp-elf/bin/../lib/gcc/xte
nsa-esp-elf/14.2.0/../../../../xtensa-esp-elf/bin/ld.exe: .pio/build/custom-st7
789-160x128/lib0e8/WebServer/middleware/AuthenticationMiddleware.cpp.o and 
.pio/build/custom-st7789-160x128/FrameworkArduinoVariant/variant.cpp.o: 
warning: multiple common of `__gnu_lto_slim'
C:/Users/phamm/.platformio/packages/toolchain-xtensa-esp-elf/bin/../lib/gcc/xte
nsa-esp-elf/14.2.0/../../../../xtensa-esp-elf/bin/ld.exe: .pio/build/custom-st7
789-160x128/lib0e8/WebServer/middleware/CorsMiddleware.cpp.o: plugin needed to 
handle lto object
C:/Users/phamm/.platformio/packages/toolchain-xtensa-esp-elf/bin/../lib/gcc/xte
nsa-esp-elf/14.2.0/../../../../xtensa-esp-elf/bin/ld.exe: .pio/build/custom-st7
789-160x128/lib0e8/WebServer/middleware/CorsMiddleware.cpp.o: plugin needed to 
handle lto object
C:/Users/phamm/.platformio/packages/toolchain-xtensa-esp-elf/bin/../lib/gcc/xte
nsa-esp-elf/14.2.0/../../../../xtensa-esp-elf/bin/ld.exe: .pio/build/custom-st7
789-160x128/lib0e8/WebServer/middleware/CorsMiddleware.cpp.o and 
.pio/build/custom-st7789-160x128/FrameworkArduinoVariant/variant.cpp.o: 
warning: multiple common of `__gnu_lto_slim'
C:/Users/phamm/.platformio/packages/toolchain-xtensa-esp-elf/bin/../lib/gcc/xte
nsa-esp-elf/14.2.0/../../../../xtensa-esp-elf/bin/ld.exe: .pio/build/custom-st7
789-160x128/lib0e8/WebServer/middleware/LoggingMiddleware.cpp.o: plugin needed 
to handle lto object
C:/Users/phamm/.platformio/packages/toolchain-xtensa-esp-elf/bin/../lib/gcc/xte
nsa-esp-elf/14.2.0/../../../../xtensa-esp-elf/bin/ld.exe: .pio/build/custom-st7
789-160x128/lib0e8/WebServer/middleware/LoggingMiddleware.cpp.o: plugin needed 
to handle lto object
C:/Users/phamm/.platformio/packages/toolchain-xtensa-esp-elf/bin/../lib/gcc/xte
nsa-esp-elf/14.2.0/../../../../xtensa-esp-elf/bin/ld.exe: .pio/build/custom-st7
789-160x128/lib0e8/WebServer/middleware/LoggingMiddleware.cpp.o and 
.pio/build/custom-st7789-160x128/FrameworkArduinoVariant/variant.cpp.o: 
warning: multiple common of `__gnu_lto_slim'
C:/Users/phamm/.platformio/packages/toolchain-xtensa-esp-elf/bin/../lib/gcc/xte
nsa-esp-elf/14.2.0/../../../../xtensa-esp-elf/bin/ld.exe: .pio/build/custom-st7
789-160x128/lib0e8/WebServer/middleware/MiddlewareChain.cpp.o: plugin needed 
to handle lto object
C:/Users/phamm/.platformio/packages/toolchain-xtensa-esp-elf/bin/../lib/gcc/xte
nsa-esp-elf/14.2.0/../../../../xtensa-esp-elf/bin/ld.exe: .pio/build/custom-st7
789-160x128/lib0e8/WebServer/middleware/MiddlewareChain.cpp.o: plugin needed 
to handle lto object
C:/Users/phamm/.platformio/packages/toolchain-xtensa-esp-elf/bin/../lib/gcc/xte
nsa-esp-elf/14.2.0/../../../../xtensa-esp-elf/bin/ld.exe: .pio/build/custom-st7
789-160x128/lib0e8/WebServer/middleware/MiddlewareChain.cpp.o and 
.pio/build/custom-st7789-160x128/FrameworkArduinoVariant/variant.cpp.o: 
warning: multiple common of `__gnu_lto_slim'
C:/Users/phamm/.platformio/packages/toolchain-xtensa-esp-elf/bin/../lib/gcc/xte
nsa-esp-elf/14.2.0/../../../../xtensa-esp-elf/bin/ld.exe: 
.pio/build/custom-st7789-160x128/libbf4/RTC/cplus_RTC.cpp.o: plugin needed to 
handle lto object
C:/Users/phamm/.platformio/packages/toolchain-xtensa-esp-elf/bin/../lib/gcc/xte
nsa-esp-elf/14.2.0/../../../../xtensa-esp-elf/bin/ld.exe: 
.pio/build/custom-st7789-160x128/libbf4/RTC/cplus_RTC.cpp.o: plugin needed to 
handle lto object
C:/Users/phamm/.platformio/packages/toolchain-xtensa-esp-elf/bin/../lib/gcc/xte
nsa-esp-elf/14.2.0/../../../../xtensa-esp-elf/bin/ld.exe: 
.pio/build/custom-st7789-160x128/libbf4/RTC/cplus_RTC.cpp.o and 
.pio/build/custom-st7789-160x128/FrameworkArduinoVariant/variant.cpp.o: 
warning: multiple common of `__gnu_lto_slim'
C:/Users/phamm/.platformio/packages/toolchain-xtensa-esp-elf/bin/../lib/gcc/xte
nsa-esp-elf/14.2.0/../../../../xtensa-esp-elf/bin/ld.exe: 
.pio/build/custom-st7789-160x128/libbf4/RTC/pcf85063_RTC.cpp.o: plugin needed 
to handle lto object
C:/Users/phamm/.platformio/packages/toolchain-xtensa-esp-elf/bin/../lib/gcc/xte
nsa-esp-elf/14.2.0/../../../../xtensa-esp-elf/bin/ld.exe: 
.pio/build/custom-st7789-160x128/libbf4/RTC/pcf85063_RTC.cpp.o: plugin needed 
to handle lto object
C:/Users/phamm/.platformio/packages/toolchain-xtensa-esp-elf/bin/../lib/gcc/xte
nsa-esp-elf/14.2.0/../../../../xtensa-esp-elf/bin/ld.exe: 
.pio/build/custom-st7789-160x128/libbf4/RTC/pcf85063_RTC.cpp.o and 
.pio/build/custom-st7789-160x128/FrameworkArduinoVariant/variant.cpp.o: 
warning: multiple common of `__gnu_lto_slim'
C:/Users/phamm/.platformio/packages/toolchain-xtensa-esp-elf/bin/../lib/gcc/xte
nsa-esp-elf/14.2.0/../../../../xtensa-esp-elf/bin/ld.exe: 
.pio/build/custom-st7789-160x128/libb04/utility/AXP192.cpp.o: plugin needed to 
handle lto object
C:/Users/phamm/.platformio/packages/toolchain-xtensa-esp-elf/bin/../lib/gcc/xte
nsa-esp-elf/14.2.0/../../../../xtensa-esp-elf/bin/ld.exe: 
.pio/build/custom-st7789-160x128/libb04/utility/AXP192.cpp.o: plugin needed to 
handle lto object
C:/Users/phamm/.platformio/packages/toolchain-xtensa-esp-elf/bin/../lib/gcc/xte
nsa-esp-elf/14.2.0/../../../../xtensa-esp-elf/bin/ld.exe: 
.pio/build/custom-st7789-160x128/libb04/utility/AXP192.cpp.o and 
.pio/build/custom-st7789-160x128/FrameworkArduinoVariant/variant.cpp.o: 
warning: multiple common of `__gnu_lto_slim'
C:/Users/phamm/.platformio/packages/toolchain-xtensa-esp-elf/bin/../lib/gcc/xte
nsa-esp-elf/14.2.0/../../../../xtensa-esp-elf/bin/ld.exe: 
.pio/build/custom-st7789-160x128/libb04/utility/Keyboard.cpp.o: plugin needed 
to handle lto object
C:/Users/phamm/.platformio/packages/toolchain-xtensa-esp-elf/bin/../lib/gcc/xte
nsa-esp-elf/14.2.0/../../../../xtensa-esp-elf/bin/ld.exe: 
.pio/build/custom-st7789-160x128/libb04/utility/Keyboard.cpp.o: plugin needed 
to handle lto object
C:/Users/phamm/.platformio/packages/toolchain-xtensa-esp-elf/bin/../lib/gcc/xte
nsa-esp-elf/14.2.0/../../../../xtensa-esp-elf/bin/ld.exe: 
.pio/build/custom-st7789-160x128/libb04/utility/Keyboard.cpp.o and 
.pio/build/custom-st7789-160x128/FrameworkArduinoVariant/variant.cpp.o: 
warning: multiple common of `__gnu_lto_slim'
C:/Users/phamm/.platformio/packages/toolchain-xtensa-esp-elf/bin/../lib/gcc/xte
nsa-esp-elf/14.2.0/../../../../xtensa-esp-elf/bin/ld.exe: 
.pio/build/custom-st7789-160x128/libb04/utility/bq27220.cpp.o: plugin needed 
to handle lto object
C:/Users/phamm/.platformio/packages/toolchain-xtensa-esp-elf/bin/../lib/gcc/xte
nsa-esp-elf/14.2.0/../../../../xtensa-esp-elf/bin/ld.exe: 
.pio/build/custom-st7789-160x128/libb04/utility/bq27220.cpp.o: plugin needed 
to handle lto object
C:/Users/phamm/.platformio/packages/toolchain-xtensa-esp-elf/bin/../lib/gcc/xte
nsa-esp-elf/14.2.0/../../../../xtensa-esp-elf/bin/ld.exe: 
.pio/build/custom-st7789-160x128/libb04/utility/bq27220.cpp.o and 
.pio/build/custom-st7789-160x128/FrameworkArduinoVariant/variant.cpp.o: 
warning: multiple common of `__gnu_lto_slim'
C:/Users/phamm/.platformio/packages/toolchain-xtensa-esp-elf/bin/../lib/gcc/xte
nsa-esp-elf/14.2.0/../../../../xtensa-esp-elf/bin/ld.exe: 
.pio/build/custom-st7789-160x128/lib922/ESPmDNS/ESPmDNS.cpp.o: plugin needed 
to handle lto object
C:/Users/phamm/.platformio/packages/toolchain-xtensa-esp-elf/bin/../lib/gcc/xte
nsa-esp-elf/14.2.0/../../../../xtensa-esp-elf/bin/ld.exe: 
.pio/build/custom-st7789-160x128/lib922/ESPmDNS/ESPmDNS.cpp.o: plugin needed 
to handle lto object
C:/Users/phamm/.platformio/packages/toolchain-xtensa-esp-elf/bin/../lib/gcc/xte
nsa-esp-elf/14.2.0/../../../../xtensa-esp-elf/bin/ld.exe: 
.pio/build/custom-st7789-160x128/lib922/ESPmDNS/ESPmDNS.cpp.o and 
.pio/build/custom-st7789-160x128/FrameworkArduinoVariant/variant.cpp.o: 
warning: multiple common of `__gnu_lto_slim'
C:/Users/phamm/.platformio/packages/toolchain-xtensa-esp-elf/bin/../lib/gcc/xte
nsa-esp-elf/14.2.0/../../../../xtensa-esp-elf/bin/ld.exe: 
.pio/build/custom-st7789-160x128/lib9db/PN532_SRIX/pn532_srix.cpp.o: plugin 
needed to handle lto object
C:/Users/phamm/.platformio/packages/toolchain-xtensa-esp-elf/bin/../lib/gcc/xte
nsa-esp-elf/14.2.0/../../../../xtensa-esp-elf/bin/ld.exe: 
.pio/build/custom-st7789-160x128/lib9db/PN532_SRIX/pn532_srix.cpp.o: plugin 
needed to handle lto object
C:/Users/phamm/.platformio/packages/toolchain-xtensa-esp-elf/bin/../lib/gcc/xte
nsa-esp-elf/14.2.0/../../../../xtensa-esp-elf/bin/ld.exe: 
.pio/build/custom-st7789-160x128/lib9db/PN532_SRIX/pn532_srix.cpp.o and 
.pio/build/custom-st7789-160x128/FrameworkArduinoVariant/variant.cpp.o: 
warning: multiple common of `__gnu_lto_slim'
C:/Users/phamm/.platformio/packages/toolchain-xtensa-esp-elf/bin/../lib/gcc/xte
nsa-esp-elf/14.2.0/../../../../xtensa-esp-elf/bin/ld.exe: 
.pio/build/custom-st7789-160x128/src/core/app_launcher.cpp.o: plugin needed to 
handle lto object
C:/Users/phamm/.platformio/packages/toolchain-xtensa-esp-elf/bin/../lib/gcc/xte
nsa-esp-elf/14.2.0/../../../../xtensa-esp-elf/bin/ld.exe: 
.pio/build/custom-st7789-160x128/src/core/app_launcher.cpp.o: plugin needed to 
handle lto object
C:/Users/phamm/.platformio/packages/toolchain-xtensa-esp-elf/bin/../lib/gcc/xte
nsa-esp-elf/14.2.0/../../../../xtensa-esp-elf/bin/ld.exe: 
.pio/build/custom-st7789-160x128/src/core/app_launcher.cpp.o and 
.pio/build/custom-st7789-160x128/FrameworkArduinoVariant/variant.cpp.o: 
warning: multiple common of `__gnu_lto_slim'
C:/Users/phamm/.platformio/packages/toolchain-xtensa-esp-elf/bin/../lib/gcc/xte
nsa-esp-elf/14.2.0/../../../../xtensa-esp-elf/bin/ld.exe: 
.pio/build/custom-st7789-160x128/src/core/config.cpp.o: plugin needed to 
handle lto object
C:/Users/phamm/.platformio/packages/toolchain-xtensa-esp-elf/bin/../lib/gcc/xte
nsa-esp-elf/14.2.0/../../../../xtensa-esp-elf/bin/ld.exe: 
.pio/build/custom-st7789-160x128/src/core/config.cpp.o: plugin needed to 
handle lto object
C:/Users/phamm/.platformio/packages/toolchain-xtensa-esp-elf/bin/../lib/gcc/xte
nsa-esp-elf/14.2.0/../../../../xtensa-esp-elf/bin/ld.exe: 
.pio/build/custom-st7789-160x128/src/core/config.cpp.o and 
.pio/build/custom-st7789-160x128/FrameworkArduinoVariant/variant.cpp.o: 
warning: multiple common of `__gnu_lto_slim'
C:/Users/phamm/.platformio/packages/toolchain-xtensa-esp-elf/bin/../lib/gcc/xte
nsa-esp-elf/14.2.0/../../../../xtensa-esp-elf/bin/ld.exe: 
.pio/build/custom-st7789-160x128/src/core/configPins.cpp.o: plugin needed to 
handle lto object
C:/Users/phamm/.platformio/packages/toolchain-xtensa-esp-elf/bin/../lib/gcc/xte
nsa-esp-elf/14.2.0/../../../../xtensa-esp-elf/bin/ld.exe: 
.pio/build/custom-st7789-160x128/src/core/configPins.cpp.o: plugin needed to 
handle lto object
C:/Users/phamm/.platformio/packages/toolchain-xtensa-esp-elf/bin/../lib/gcc/xte
nsa-esp-elf/14.2.0/../../../../xtensa-esp-elf/bin/ld.exe: 
.pio/build/custom-st7789-160x128/src/core/configPins.cpp.o and 
.pio/build/custom-st7789-160x128/FrameworkArduinoVariant/variant.cpp.o: 
warning: multiple common of `__gnu_lto_slim'
C:/Users/phamm/.platformio/packages/toolchain-xtensa-esp-elf/bin/../lib/gcc/xte
nsa-esp-elf/14.2.0/../../../../xtensa-esp-elf/bin/ld.exe: 
.pio/build/custom-st7789-160x128/src/core/connect/esp_connection.cpp.o: plugin 
needed to handle lto object
C:/Users/phamm/.platformio/packages/toolchain-xtensa-esp-elf/bin/../lib/gcc/xte
nsa-esp-elf/14.2.0/../../../../xtensa-esp-elf/bin/ld.exe: 
.pio/build/custom-st7789-160x128/src/core/connect/esp_connection.cpp.o: plugin 
needed to handle lto object
C:/Users/phamm/.platformio/packages/toolchain-xtensa-esp-elf/bin/../lib/gcc/xte
nsa-esp-elf/14.2.0/../../../../xtensa-esp-elf/bin/ld.exe: 
.pio/build/custom-st7789-160x128/src/core/connect/esp_connection.cpp.o and 
.pio/build/custom-st7789-160x128/FrameworkArduinoVariant/variant.cpp.o: 
warning: multiple common of `__gnu_lto_slim'
C:/Users/phamm/.platformio/packages/toolchain-xtensa-esp-elf/bin/../lib/gcc/xte
nsa-esp-elf/14.2.0/../../../../xtensa-esp-elf/bin/ld.exe: 
.pio/build/custom-st7789-160x128/src/core/connect/file_sharing.cpp.o: plugin 
needed to handle lto object
C:/Users/phamm/.platformio/packages/toolchain-xtensa-esp-elf/bin/../lib/gcc/xte
nsa-esp-elf/14.2.0/../../../../xtensa-esp-elf/bin/ld.exe: 
.pio/build/custom-st7789-160x128/src/core/connect/file_sharing.cpp.o: plugin 
needed to handle lto object
C:/Users/phamm/.platformio/packages/toolchain-xtensa-esp-elf/bin/../lib/gcc/xte
nsa-esp-elf/14.2.0/../../../../xtensa-esp-elf/bin/ld.exe: 
.pio/build/custom-st7789-160x128/src/core/connect/file_sharing.cpp.o and 
.pio/build/custom-st7789-160x128/FrameworkArduinoVariant/variant.cpp.o: 
warning: multiple common of `__gnu_lto_slim'
C:/Users/phamm/.platformio/packages/toolchain-xtensa-esp-elf/bin/../lib/gcc/xte
nsa-esp-elf/14.2.0/../../../../xtensa-esp-elf/bin/ld.exe: 
.pio/build/custom-st7789-160x128/src/core/connect/serial_commands.cpp.o: 
plugin needed to handle lto object
C:/Users/phamm/.platformio/packages/toolchain-xtensa-esp-elf/bin/../lib/gcc/xte
nsa-esp-elf/14.2.0/../../../../xtensa-esp-elf/bin/ld.exe: 
.pio/build/custom-st7789-160x128/src/core/connect/serial_commands.cpp.o: 
plugin needed to handle lto object
C:/Users/phamm/.platformio/packages/toolchain-xtensa-esp-elf/bin/../lib/gcc/xte
nsa-esp-elf/14.2.0/../../../../xtensa-esp-elf/bin/ld.exe: 
.pio/build/custom-st7789-160x128/src/core/connect/serial_commands.cpp.o and 
.pio/build/custom-st7789-160x128/FrameworkArduinoVariant/variant.cpp.o: 
warning: multiple common of `__gnu_lto_slim'
C:/Users/phamm/.platformio/packages/toolchain-xtensa-esp-elf/bin/../lib/gcc/xte
nsa-esp-elf/14.2.0/../../../../xtensa-esp-elf/bin/ld.exe: 
.pio/build/custom-st7789-160x128/src/core/display.cpp.o: plugin needed to 
handle lto object
C:/Users/phamm/.platformio/packages/toolchain-xtensa-esp-elf/bin/../lib/gcc/xte
nsa-esp-elf/14.2.0/../../../../xtensa-esp-elf/bin/ld.exe: 
.pio/build/custom-st7789-160x128/src/core/display.cpp.o: plugin needed to 
handle lto object
C:/Users/phamm/.platformio/packages/toolchain-xtensa-esp-elf/bin/../lib/gcc/xte
nsa-esp-elf/14.2.0/../../../../xtensa-esp-elf/bin/ld.exe: 
.pio/build/custom-st7789-160x128/src/core/display.cpp.o and 
.pio/build/custom-st7789-160x128/FrameworkArduinoVariant/variant.cpp.o: 
warning: multiple common of `__gnu_lto_slim'
C:/Users/phamm/.platformio/packages/toolchain-xtensa-esp-elf/bin/../lib/gcc/xte
nsa-esp-elf/14.2.0/../../../../xtensa-esp-elf/bin/ld.exe: 
.pio/build/custom-st7789-160x128/src/core/i2c_finder.cpp.o: plugin needed to 
handle lto object
C:/Users/phamm/.platformio/packages/toolchain-xtensa-esp-elf/bin/../lib/gcc/xte
nsa-esp-elf/14.2.0/../../../../xtensa-esp-elf/bin/ld.exe: 
.pio/build/custom-st7789-160x128/src/core/i2c_finder.cpp.o: plugin needed to 
handle lto object
C:/Users/phamm/.platformio/packages/toolchain-xtensa-esp-elf/bin/../lib/gcc/xte
nsa-esp-elf/14.2.0/../../../../xtensa-esp-elf/bin/ld.exe: 
.pio/build/custom-st7789-160x128/src/core/i2c_finder.cpp.o and 
.pio/build/custom-st7789-160x128/FrameworkArduinoVariant/variant.cpp.o: 
warning: multiple common of `__gnu_lto_slim'
C:/Users/phamm/.platformio/packages/toolchain-xtensa-esp-elf/bin/../lib/gcc/xte
nsa-esp-elf/14.2.0/../../../../xtensa-esp-elf/bin/ld.exe: 
.pio/build/custom-st7789-160x128/src/core/led_control.cpp.o: plugin needed to 
handle lto object
C:/Users/phamm/.platformio/packages/toolchain-xtensa-esp-elf/bin/../lib/gcc/xte
nsa-esp-elf/14.2.0/../../../../xtensa-esp-elf/bin/ld.exe: 
.pio/build/custom-st7789-160x128/src/core/led_control.cpp.o: plugin needed to 
handle lto object
C:/Users/phamm/.platformio/packages/toolchain-xtensa-esp-elf/bin/../lib/gcc/xte
nsa-esp-elf/14.2.0/../../../../xtensa-esp-elf/bin/ld.exe: 
.pio/build/custom-st7789-160x128/src/core/led_control.cpp.o and 
.pio/build/custom-st7789-160x128/FrameworkArduinoVariant/variant.cpp.o: 
warning: multiple common of `__gnu_lto_slim'
C:/Users/phamm/.platformio/packages/toolchain-xtensa-esp-elf/bin/../lib/gcc/xte
nsa-esp-elf/14.2.0/../../../../xtensa-esp-elf/bin/ld.exe: 
.pio/build/custom-st7789-160x128/src/core/main_menu.cpp.o: plugin needed to 
handle lto object
C:/Users/phamm/.platformio/packages/toolchain-xtensa-esp-elf/bin/../lib/gcc/xte
nsa-esp-elf/14.2.0/../../../../xtensa-esp-elf/bin/ld.exe: 
.pio/build/custom-st7789-160x128/src/core/main_menu.cpp.o: plugin needed to 
handle lto object
C:/Users/phamm/.platformio/packages/toolchain-xtensa-esp-elf/bin/../lib/gcc/xte
nsa-esp-elf/14.2.0/../../../../xtensa-esp-elf/bin/ld.exe: 
.pio/build/custom-st7789-160x128/src/core/main_menu.cpp.o and 
.pio/build/custom-st7789-160x128/FrameworkArduinoVariant/variant.cpp.o: 
warning: multiple common of `__gnu_lto_slim'
C:/Users/phamm/.platformio/packages/toolchain-xtensa-esp-elf/bin/../lib/gcc/xte
nsa-esp-elf/14.2.0/../../../../xtensa-esp-elf/bin/ld.exe: 
.pio/build/custom-st7789-160x128/src/core/massStorage.cpp.o: plugin needed to 
handle lto object
C:/Users/phamm/.platformio/packages/toolchain-xtensa-esp-elf/bin/../lib/gcc/xte
nsa-esp-elf/14.2.0/../../../../xtensa-esp-elf/bin/ld.exe: 
.pio/build/custom-st7789-160x128/src/core/massStorage.cpp.o: plugin needed to 
handle lto object
C:/Users/phamm/.platformio/packages/toolchain-xtensa-esp-elf/bin/../lib/gcc/xte
nsa-esp-elf/14.2.0/../../../../xtensa-esp-elf/bin/ld.exe: 
.pio/build/custom-st7789-160x128/src/core/massStorage.cpp.o and 
.pio/build/custom-st7789-160x128/FrameworkArduinoVariant/variant.cpp.o: 
warning: multiple common of `__gnu_lto_slim'
C:/Users/phamm/.platformio/packages/toolchain-xtensa-esp-elf/bin/../lib/gcc/xte
nsa-esp-elf/14.2.0/../../../../xtensa-esp-elf/bin/ld.exe: 
.pio/build/custom-st7789-160x128/src/core/menu_items/AppsMenu.cpp.o: plugin 
needed to handle lto object
C:/Users/phamm/.platformio/packages/toolchain-xtensa-esp-elf/bin/../lib/gcc/xte
nsa-esp-elf/14.2.0/../../../../xtensa-esp-elf/bin/ld.exe: 
.pio/build/custom-st7789-160x128/src/core/menu_items/AppsMenu.cpp.o: plugin 
needed to handle lto object
C:/Users/phamm/.platformio/packages/toolchain-xtensa-esp-elf/bin/../lib/gcc/xte
nsa-esp-elf/14.2.0/../../../../xtensa-esp-elf/bin/ld.exe: 
.pio/build/custom-st7789-160x128/src/core/menu_items/AppsMenu.cpp.o and 
.pio/build/custom-st7789-160x128/FrameworkArduinoVariant/variant.cpp.o: 
warning: multiple common of `__gnu_lto_slim'
C:/Users/phamm/.platformio/packages/toolchain-xtensa-esp-elf/bin/../lib/gcc/xte
nsa-esp-elf/14.2.0/../../../../xtensa-esp-elf/bin/ld.exe: 
.pio/build/custom-st7789-160x128/src/core/menu_items/BleMenu.cpp.o: plugin 
needed to handle lto object
C:/Users/phamm/.platformio/packages/toolchain-xtensa-esp-elf/bin/../lib/gcc/xte
nsa-esp-elf/14.2.0/../../../../xtensa-esp-elf/bin/ld.exe: 
.pio/build/custom-st7789-160x128/src/core/menu_items/BleMenu.cpp.o: plugin 
needed to handle lto object
C:/Users/phamm/.platformio/packages/toolchain-xtensa-esp-elf/bin/../lib/gcc/xte
nsa-esp-elf/14.2.0/../../../../xtensa-esp-elf/bin/ld.exe: 
.pio/build/custom-st7789-160x128/src/core/menu_items/BleMenu.cpp.o and 
.pio/build/custom-st7789-160x128/FrameworkArduinoVariant/variant.cpp.o: 
warning: multiple common of `__gnu_lto_slim'
C:/Users/phamm/.platformio/packages/toolchain-xtensa-esp-elf/bin/../lib/gcc/xte
nsa-esp-elf/14.2.0/../../../../xtensa-esp-elf/bin/ld.exe: 
.pio/build/custom-st7789-160x128/src/core/menu_items/ClockMenu.cpp.o: plugin 
needed to handle lto object
C:/Users/phamm/.platformio/packages/toolchain-xtensa-esp-elf/bin/../lib/gcc/xte
nsa-esp-elf/14.2.0/../../../../xtensa-esp-elf/bin/ld.exe: 
.pio/build/custom-st7789-160x128/src/core/menu_items/ClockMenu.cpp.o: plugin 
needed to handle lto object
C:/Users/phamm/.platformio/packages/toolchain-xtensa-esp-elf/bin/../lib/gcc/xte
nsa-esp-elf/14.2.0/../../../../xtensa-esp-elf/bin/ld.exe: 
.pio/build/custom-st7789-160x128/src/core/menu_items/ClockMenu.cpp.o and 
.pio/build/custom-st7789-160x128/FrameworkArduinoVariant/variant.cpp.o: 
warning: multiple common of `__gnu_lto_slim'
C:/Users/phamm/.platformio/packages/toolchain-xtensa-esp-elf/bin/../lib/gcc/xte
nsa-esp-elf/14.2.0/../../../../xtensa-esp-elf/bin/ld.exe: 
.pio/build/custom-st7789-160x128/src/core/menu_items/ConfigMenu.cpp.o: plugin 
needed to handle lto object
C:/Users/phamm/.platformio/packages/toolchain-xtensa-esp-elf/bin/../lib/gcc/xte
nsa-esp-elf/14.2.0/../../../../xtensa-esp-elf/bin/ld.exe: 
.pio/build/custom-st7789-160x128/src/core/menu_items/ConfigMenu.cpp.o: plugin 
needed to handle lto object
C:/Users/phamm/.platformio/packages/toolchain-xtensa-esp-elf/bin/../lib/gcc/xte
nsa-esp-elf/14.2.0/../../../../xtensa-esp-elf/bin/ld.exe: 
.pio/build/custom-st7789-160x128/src/core/menu_items/ConfigMenu.cpp.o and 
.pio/build/custom-st7789-160x128/FrameworkArduinoVariant/variant.cpp.o: 
warning: multiple common of `__gnu_lto_slim'
C:/Users/phamm/.platformio/packages/toolchain-xtensa-esp-elf/bin/../lib/gcc/xte
nsa-esp-elf/14.2.0/../../../../xtensa-esp-elf/bin/ld.exe: 
.pio/build/custom-st7789-160x128/src/core/menu_items/ConnectMenu.cpp.o: plugin 
needed to handle lto object
C:/Users/phamm/.platformio/packages/toolchain-xtensa-esp-elf/bin/../lib/gcc/xte
nsa-esp-elf/14.2.0/../../../../xtensa-esp-elf/bin/ld.exe: 
.pio/build/custom-st7789-160x128/src/core/menu_items/ConnectMenu.cpp.o: plugin 
needed to handle lto object
C:/Users/phamm/.platformio/packages/toolchain-xtensa-esp-elf/bin/../lib/gcc/xte
nsa-esp-elf/14.2.0/../../../../xtensa-esp-elf/bin/ld.exe: 
.pio/build/custom-st7789-160x128/src/core/menu_items/ConnectMenu.cpp.o and 
.pio/build/custom-st7789-160x128/FrameworkArduinoVariant/variant.cpp.o: 
warning: multiple common of `__gnu_lto_slim'
C:/Users/phamm/.platformio/packages/toolchain-xtensa-esp-elf/bin/../lib/gcc/xte
nsa-esp-elf/14.2.0/../../../../xtensa-esp-elf/bin/ld.exe: 
.pio/build/custom-st7789-160x128/src/core/menu_items/EthernetMenu.cpp.o: 
plugin needed to handle lto object
C:/Users/phamm/.platformio/packages/toolchain-xtensa-esp-elf/bin/../lib/gcc/xte
nsa-esp-elf/14.2.0/../../../../xtensa-esp-elf/bin/ld.exe: 
.pio/build/custom-st7789-160x128/src/core/menu_items/EthernetMenu.cpp.o: 
plugin needed to handle lto object
C:/Users/phamm/.platformio/packages/toolchain-xtensa-esp-elf/bin/../lib/gcc/xte
nsa-esp-elf/14.2.0/../../../../xtensa-esp-elf/bin/ld.exe: 
.pio/build/custom-st7789-160x128/src/core/menu_items/EthernetMenu.cpp.o and 
.pio/build/custom-st7789-160x128/FrameworkArduinoVariant/variant.cpp.o: 
warning: multiple common of `__gnu_lto_slim'
C:/Users/phamm/.platformio/packages/toolchain-xtensa-esp-elf/bin/../lib/gcc/xte
nsa-esp-elf/14.2.0/../../../../xtensa-esp-elf/bin/ld.exe: 
.pio/build/custom-st7789-160x128/src/core/menu_items/FMMenu.cpp.o: plugin 
needed to handle lto object
C:/Users/phamm/.platformio/packages/toolchain-xtensa-esp-elf/bin/../lib/gcc/xte
nsa-esp-elf/14.2.0/../../../../xtensa-esp-elf/bin/ld.exe: 
.pio/build/custom-st7789-160x128/src/core/menu_items/FMMenu.cpp.o: plugin 
needed to handle lto object
C:/Users/phamm/.platformio/packages/toolchain-xtensa-esp-elf/bin/../lib/gcc/xte
nsa-esp-elf/14.2.0/../../../../xtensa-esp-elf/bin/ld.exe: 
.pio/build/custom-st7789-160x128/src/core/menu_items/FMMenu.cpp.o and 
.pio/build/custom-st7789-160x128/FrameworkArduinoVariant/variant.cpp.o: 
warning: multiple common of `__gnu_lto_slim'
C:/Users/phamm/.platformio/packages/toolchain-xtensa-esp-elf/bin/../lib/gcc/xte
nsa-esp-elf/14.2.0/../../../../xtensa-esp-elf/bin/ld.exe: 
.pio/build/custom-st7789-160x128/src/core/menu_items/FileMenu.cpp.o: plugin 
needed to handle lto object
C:/Users/phamm/.platformio/packages/toolchain-xtensa-esp-elf/bin/../lib/gcc/xte
nsa-esp-elf/14.2.0/../../../../xtensa-esp-elf/bin/ld.exe: 
.pio/build/custom-st7789-160x128/src/core/menu_items/FileMenu.cpp.o: plugin 
needed to handle lto object
C:/Users/phamm/.platformio/packages/toolchain-xtensa-esp-elf/bin/../lib/gcc/xte
nsa-esp-elf/14.2.0/../../../../xtensa-esp-elf/bin/ld.exe: 
.pio/build/custom-st7789-160x128/src/core/menu_items/FileMenu.cpp.o and 
.pio/build/custom-st7789-160x128/FrameworkArduinoVariant/variant.cpp.o: 
warning: multiple common of `__gnu_lto_slim'
C:/Users/phamm/.platformio/packages/toolchain-xtensa-esp-elf/bin/../lib/gcc/xte
nsa-esp-elf/14.2.0/../../../../xtensa-esp-elf/bin/ld.exe: 
.pio/build/custom-st7789-160x128/src/core/menu_items/GpsMenu.cpp.o: plugin 
needed to handle lto object
C:/Users/phamm/.platformio/packages/toolchain-xtensa-esp-elf/bin/../lib/gcc/xte
nsa-esp-elf/14.2.0/../../../../xtensa-esp-elf/bin/ld.exe: 
.pio/build/custom-st7789-160x128/src/core/menu_items/GpsMenu.cpp.o: plugin 
needed to handle lto object
C:/Users/phamm/.platformio/packages/toolchain-xtensa-esp-elf/bin/../lib/gcc/xte
nsa-esp-elf/14.2.0/../../../../xtensa-esp-elf/bin/ld.exe: 
.pio/build/custom-st7789-160x128/src/core/menu_items/GpsMenu.cpp.o and 
.pio/build/custom-st7789-160x128/FrameworkArduinoVariant/variant.cpp.o: 
warning: multiple common of `__gnu_lto_slim'
C:/Users/phamm/.platformio/packages/toolchain-xtensa-esp-elf/bin/../lib/gcc/xte
nsa-esp-elf/14.2.0/../../../../xtensa-esp-elf/bin/ld.exe: 
.pio/build/custom-st7789-160x128/src/core/menu_items/IRMenu.cpp.o: plugin 
needed to handle lto object
C:/Users/phamm/.platformio/packages/toolchain-xtensa-esp-elf/bin/../lib/gcc/xte
nsa-esp-elf/14.2.0/../../../../xtensa-esp-elf/bin/ld.exe: 
.pio/build/custom-st7789-160x128/src/core/menu_items/IRMenu.cpp.o: plugin 
needed to handle lto object
C:/Users/phamm/.platformio/packages/toolchain-xtensa-esp-elf/bin/../lib/gcc/xte
nsa-esp-elf/14.2.0/../../../../xtensa-esp-elf/bin/ld.exe: 
.pio/build/custom-st7789-160x128/src/core/menu_items/IRMenu.cpp.o and 
.pio/build/custom-st7789-160x128/FrameworkArduinoVariant/variant.cpp.o: 
warning: multiple common of `__gnu_lto_slim'
C:/Users/phamm/.platformio/packages/toolchain-xtensa-esp-elf/bin/../lib/gcc/xte
nsa-esp-elf/14.2.0/../../../../xtensa-esp-elf/bin/ld.exe: 
.pio/build/custom-st7789-160x128/src/core/menu_items/LoRaMenu.cpp.o: plugin 
needed to handle lto object
C:/Users/phamm/.platformio/packages/toolchain-xtensa-esp-elf/bin/../lib/gcc/xte
nsa-esp-elf/14.2.0/../../../../xtensa-esp-elf/bin/ld.exe: 
.pio/build/custom-st7789-160x128/src/core/menu_items/LoRaMenu.cpp.o: plugin 
needed to handle lto object
C:/Users/phamm/.platformio/packages/toolchain-xtensa-esp-elf/bin/../lib/gcc/xte
nsa-esp-elf/14.2.0/../../../../xtensa-esp-elf/bin/ld.exe: 
.pio/build/custom-st7789-160x128/src/core/menu_items/LoRaMenu.cpp.o and 
.pio/build/custom-st7789-160x128/FrameworkArduinoVariant/variant.cpp.o: 
warning: multiple common of `__gnu_lto_slim'
C:/Users/phamm/.platformio/packages/toolchain-xtensa-esp-elf/bin/../lib/gcc/xte
nsa-esp-elf/14.2.0/../../../../xtensa-esp-elf/bin/ld.exe: 
.pio/build/custom-st7789-160x128/src/core/menu_items/NRF24.cpp.o: plugin 
needed to handle lto object
C:/Users/phamm/.platformio/packages/toolchain-xtensa-esp-elf/bin/../lib/gcc/xte
nsa-esp-elf/14.2.0/../../../../xtensa-esp-elf/bin/ld.exe: 
.pio/build/custom-st7789-160x128/src/core/menu_items/NRF24.cpp.o: plugin 
needed to handle lto object
C:/Users/phamm/.platformio/packages/toolchain-xtensa-esp-elf/bin/../lib/gcc/xte
nsa-esp-elf/14.2.0/../../../../xtensa-esp-elf/bin/ld.exe: 
.pio/build/custom-st7789-160x128/src/core/menu_items/NRF24.cpp.o and 
.pio/build/custom-st7789-160x128/FrameworkArduinoVariant/variant.cpp.o: 
warning: multiple common of `__gnu_lto_slim'
C:/Users/phamm/.platformio/packages/toolchain-xtensa-esp-elf/bin/../lib/gcc/xte
nsa-esp-elf/14.2.0/../../../../xtensa-esp-elf/bin/ld.exe: 
.pio/build/custom-st7789-160x128/src/core/menu_items/OthersMenu.cpp.o: plugin 
needed to handle lto object
C:/Users/phamm/.platformio/packages/toolchain-xtensa-esp-elf/bin/../lib/gcc/xte
nsa-esp-elf/14.2.0/../../../../xtensa-esp-elf/bin/ld.exe: 
.pio/build/custom-st7789-160x128/src/core/menu_items/OthersMenu.cpp.o: plugin 
needed to handle lto object
C:/Users/phamm/.platformio/packages/toolchain-xtensa-esp-elf/bin/../lib/gcc/xte
nsa-esp-elf/14.2.0/../../../../xtensa-esp-elf/bin/ld.exe: 
.pio/build/custom-st7789-160x128/src/core/menu_items/OthersMenu.cpp.o and 
.pio/build/custom-st7789-160x128/FrameworkArduinoVariant/variant.cpp.o: 
warning: multiple common of `__gnu_lto_slim'
C:/Users/phamm/.platformio/packages/toolchain-xtensa-esp-elf/bin/../lib/gcc/xte
nsa-esp-elf/14.2.0/../../../../xtensa-esp-elf/bin/ld.exe: 
.pio/build/custom-st7789-160x128/src/core/menu_items/RFIDMenu.cpp.o: plugin 
needed to handle lto object
C:/Users/phamm/.platformio/packages/toolchain-xtensa-esp-elf/bin/../lib/gcc/xte
nsa-esp-elf/14.2.0/../../../../xtensa-esp-elf/bin/ld.exe: 
.pio/build/custom-st7789-160x128/src/core/menu_items/RFIDMenu.cpp.o: plugin 
needed to handle lto object
C:/Users/phamm/.platformio/packages/toolchain-xtensa-esp-elf/bin/../lib/gcc/xte
nsa-esp-elf/14.2.0/../../../../xtensa-esp-elf/bin/ld.exe: 
.pio/build/custom-st7789-160x128/src/core/menu_items/RFIDMenu.cpp.o and 
.pio/build/custom-st7789-160x128/FrameworkArduinoVariant/variant.cpp.o: 
warning: multiple common of `__gnu_lto_slim'
C:/Users/phamm/.platformio/packages/toolchain-xtensa-esp-elf/bin/../lib/gcc/xte
nsa-esp-elf/14.2.0/../../../../xtensa-esp-elf/bin/ld.exe: 
.pio/build/custom-st7789-160x128/src/core/menu_items/RFMenu.cpp.o: plugin 
needed to handle lto object
C:/Users/phamm/.platformio/packages/toolchain-xtensa-esp-elf/bin/../lib/gcc/xte
nsa-esp-elf/14.2.0/../../../../xtensa-esp-elf/bin/ld.exe: 
.pio/build/custom-st7789-160x128/src/core/menu_items/RFMenu.cpp.o: plugin 
needed to handle lto object
C:/Users/phamm/.platformio/packages/toolchain-xtensa-esp-elf/bin/../lib/gcc/xte
nsa-esp-elf/14.2.0/../../../../xtensa-esp-elf/bin/ld.exe: 
.pio/build/custom-st7789-160x128/src/core/menu_items/RFMenu.cpp.o and 
.pio/build/custom-st7789-160x128/FrameworkArduinoVariant/variant.cpp.o: 
warning: multiple common of `__gnu_lto_slim'
C:/Users/phamm/.platformio/packages/toolchain-xtensa-esp-elf/bin/../lib/gcc/xte
nsa-esp-elf/14.2.0/../../../../xtensa-esp-elf/bin/ld.exe: 
.pio/build/custom-st7789-160x128/src/core/menu_items/ScriptsMenu.cpp.o: plugin 
needed to handle lto object
C:/Users/phamm/.platformio/packages/toolchain-xtensa-esp-elf/bin/../lib/gcc/xte
nsa-esp-elf/14.2.0/../../../../xtensa-esp-elf/bin/ld.exe: 
.pio/build/custom-st7789-160x128/src/core/menu_items/ScriptsMenu.cpp.o: plugin 
needed to handle lto object
C:/Users/phamm/.platformio/packages/toolchain-xtensa-esp-elf/bin/../lib/gcc/xte
nsa-esp-elf/14.2.0/../../../../xtensa-esp-elf/bin/ld.exe: 
.pio/build/custom-st7789-160x128/src/core/menu_items/ScriptsMenu.cpp.o and 
.pio/build/custom-st7789-160x128/FrameworkArduinoVariant/variant.cpp.o: 
warning: multiple common of `__gnu_lto_slim'
C:/Users/phamm/.platformio/packages/toolchain-xtensa-esp-elf/bin/../lib/gcc/xte
nsa-esp-elf/14.2.0/../../../../xtensa-esp-elf/bin/ld.exe: 
.pio/build/custom-st7789-160x128/src/core/menu_items/WifiMenu.cpp.o: plugin 
needed to handle lto object
C:/Users/phamm/.platformio/packages/toolchain-xtensa-esp-elf/bin/../lib/gcc/xte
nsa-esp-elf/14.2.0/../../../../xtensa-esp-elf/bin/ld.exe: 
.pio/build/custom-st7789-160x128/src/core/menu_items/WifiMenu.cpp.o: plugin 
needed to handle lto object
C:/Users/phamm/.platformio/packages/toolchain-xtensa-esp-elf/bin/../lib/gcc/xte
nsa-esp-elf/14.2.0/../../../../xtensa-esp-elf/bin/ld.exe: 
.pio/build/custom-st7789-160x128/src/core/menu_items/WifiMenu.cpp.o and 
.pio/build/custom-st7789-160x128/FrameworkArduinoVariant/variant.cpp.o: 
warning: multiple common of `__gnu_lto_slim'
C:/Users/phamm/.platformio/packages/toolchain-xtensa-esp-elf/bin/../lib/gcc/xte
nsa-esp-elf/14.2.0/../../../../xtensa-esp-elf/bin/ld.exe: 
.pio/build/custom-st7789-160x128/src/core/mifare_keys_manager.cpp.o: plugin 
needed to handle lto object
C:/Users/phamm/.platformio/packages/toolchain-xtensa-esp-elf/bin/../lib/gcc/xte
nsa-esp-elf/14.2.0/../../../../xtensa-esp-elf/bin/ld.exe: 
.pio/build/custom-st7789-160x128/src/core/mifare_keys_manager.cpp.o: plugin 
needed to handle lto object
C:/Users/phamm/.platformio/packages/toolchain-xtensa-esp-elf/bin/../lib/gcc/xte
nsa-esp-elf/14.2.0/../../../../xtensa-esp-elf/bin/ld.exe: 
.pio/build/custom-st7789-160x128/src/core/mifare_keys_manager.cpp.o and 
.pio/build/custom-st7789-160x128/FrameworkArduinoVariant/variant.cpp.o: 
warning: multiple common of `__gnu_lto_slim'
C:/Users/phamm/.platformio/packages/toolchain-xtensa-esp-elf/bin/../lib/gcc/xte
nsa-esp-elf/14.2.0/../../../../xtensa-esp-elf/bin/ld.exe: 
.pio/build/custom-st7789-160x128/src/core/mykeyboard.cpp.o: plugin needed to 
handle lto object
C:/Users/phamm/.platformio/packages/toolchain-xtensa-esp-elf/bin/../lib/gcc/xte
nsa-esp-elf/14.2.0/../../../../xtensa-esp-elf/bin/ld.exe: 
.pio/build/custom-st7789-160x128/src/core/mykeyboard.cpp.o: plugin needed to 
handle lto object
C:/Users/phamm/.platformio/packages/toolchain-xtensa-esp-elf/bin/../lib/gcc/xte
nsa-esp-elf/14.2.0/../../../../xtensa-esp-elf/bin/ld.exe: 
.pio/build/custom-st7789-160x128/src/core/mykeyboard.cpp.o and 
.pio/build/custom-st7789-160x128/FrameworkArduinoVariant/variant.cpp.o: 
warning: multiple common of `__gnu_lto_slim'
C:/Users/phamm/.platformio/packages/toolchain-xtensa-esp-elf/bin/../lib/gcc/xte
nsa-esp-elf/14.2.0/../../../../xtensa-esp-elf/bin/ld.exe: 
.pio/build/custom-st7789-160x128/src/core/net_utils.cpp.o: plugin needed to 
handle lto object
C:/Users/phamm/.platformio/packages/toolchain-xtensa-esp-elf/bin/../lib/gcc/xte
nsa-esp-elf/14.2.0/../../../../xtensa-esp-elf/bin/ld.exe: 
.pio/build/custom-st7789-160x128/src/core/net_utils.cpp.o: plugin needed to 
handle lto object
C:/Users/phamm/.platformio/packages/toolchain-xtensa-esp-elf/bin/../lib/gcc/xte
nsa-esp-elf/14.2.0/../../../../xtensa-esp-elf/bin/ld.exe: 
.pio/build/custom-st7789-160x128/src/core/net_utils.cpp.o and 
.pio/build/custom-st7789-160x128/FrameworkArduinoVariant/variant.cpp.o: 
warning: multiple common of `__gnu_lto_slim'
C:/Users/phamm/.platformio/packages/toolchain-xtensa-esp-elf/bin/../lib/gcc/xte
nsa-esp-elf/14.2.0/../../../../xtensa-esp-elf/bin/ld.exe: 
.pio/build/custom-st7789-160x128/src/core/passwords.cpp.o: plugin needed to 
handle lto object
C:/Users/phamm/.platformio/packages/toolchain-xtensa-esp-elf/bin/../lib/gcc/xte
nsa-esp-elf/14.2.0/../../../../xtensa-esp-elf/bin/ld.exe: 
.pio/build/custom-st7789-160x128/src/core/passwords.cpp.o: plugin needed to 
handle lto object
C:/Users/phamm/.platformio/packages/toolchain-xtensa-esp-elf/bin/../lib/gcc/xte
nsa-esp-elf/14.2.0/../../../../xtensa-esp-elf/bin/ld.exe: 
.pio/build/custom-st7789-160x128/src/core/passwords.cpp.o and 
.pio/build/custom-st7789-160x128/FrameworkArduinoVariant/variant.cpp.o: 
warning: multiple common of `__gnu_lto_slim'
C:/Users/phamm/.platformio/packages/toolchain-xtensa-esp-elf/bin/../lib/gcc/xte
nsa-esp-elf/14.2.0/../../../../xtensa-esp-elf/bin/ld.exe: 
.pio/build/custom-st7789-160x128/src/core/powerSave.cpp.o: plugin needed to 
handle lto object
C:/Users/phamm/.platformio/packages/toolchain-xtensa-esp-elf/bin/../lib/gcc/xte
nsa-esp-elf/14.2.0/../../../../xtensa-esp-elf/bin/ld.exe: 
.pio/build/custom-st7789-160x128/src/core/powerSave.cpp.o: plugin needed to 
handle lto object
C:/Users/phamm/.platformio/packages/toolchain-xtensa-esp-elf/bin/../lib/gcc/xte
nsa-esp-elf/14.2.0/../../../../xtensa-esp-elf/bin/ld.exe: 
.pio/build/custom-st7789-160x128/src/core/powerSave.cpp.o and 
.pio/build/custom-st7789-160x128/FrameworkArduinoVariant/variant.cpp.o: 
warning: multiple common of `__gnu_lto_slim'
C:/Users/phamm/.platformio/packages/toolchain-xtensa-esp-elf/bin/../lib/gcc/xte
nsa-esp-elf/14.2.0/../../../../xtensa-esp-elf/bin/ld.exe: 
.pio/build/custom-st7789-160x128/src/core/scrollableTextArea.cpp.o: plugin 
needed to handle lto object
C:/Users/phamm/.platformio/packages/toolchain-xtensa-esp-elf/bin/../lib/gcc/xte
nsa-esp-elf/14.2.0/../../../../xtensa-esp-elf/bin/ld.exe: 
.pio/build/custom-st7789-160x128/src/core/scrollableTextArea.cpp.o: plugin 
needed to handle lto object
C:/Users/phamm/.platformio/packages/toolchain-xtensa-esp-elf/bin/../lib/gcc/xte
nsa-esp-elf/14.2.0/../../../../xtensa-esp-elf/bin/ld.exe: 
.pio/build/custom-st7789-160x128/src/core/scrollableTextArea.cpp.o and 
.pio/build/custom-st7789-160x128/FrameworkArduinoVariant/variant.cpp.o: 
warning: multiple common of `__gnu_lto_slim'
C:/Users/phamm/.platformio/packages/toolchain-xtensa-esp-elf/bin/../lib/gcc/xte
nsa-esp-elf/14.2.0/../../../../xtensa-esp-elf/bin/ld.exe: 
.pio/build/custom-st7789-160x128/src/core/sd_functions.cpp.o: plugin needed to 
handle lto object
C:/Users/phamm/.platformio/packages/toolchain-xtensa-esp-elf/bin/../lib/gcc/xte
nsa-esp-elf/14.2.0/../../../../xtensa-esp-elf/bin/ld.exe: 
.pio/build/custom-st7789-160x128/src/core/sd_functions.cpp.o: plugin needed to 
handle lto object
C:/Users/phamm/.platformio/packages/toolchain-xtensa-esp-elf/bin/../lib/gcc/xte
nsa-esp-elf/14.2.0/../../../../xtensa-esp-elf/bin/ld.exe: 
.pio/build/custom-st7789-160x128/src/core/sd_functions.cpp.o and 
.pio/build/custom-st7789-160x128/FrameworkArduinoVariant/variant.cpp.o: 
warning: multiple common of `__gnu_lto_slim'
C:/Users/phamm/.platformio/packages/toolchain-xtensa-esp-elf/bin/../lib/gcc/xte
nsa-esp-elf/14.2.0/../../../../xtensa-esp-elf/bin/ld.exe: .pio/build/custom-st7
789-160x128/src/core/serial_commands/badusb_commands.cpp.o: plugin needed to 
handle lto object
C:/Users/phamm/.platformio/packages/toolchain-xtensa-esp-elf/bin/../lib/gcc/xte
nsa-esp-elf/14.2.0/../../../../xtensa-esp-elf/bin/ld.exe: .pio/build/custom-st7
789-160x128/src/core/serial_commands/badusb_commands.cpp.o: plugin needed to 
handle lto object
C:/Users/phamm/.platformio/packages/toolchain-xtensa-esp-elf/bin/../lib/gcc/xte
nsa-esp-elf/14.2.0/../../../../xtensa-esp-elf/bin/ld.exe: .pio/build/custom-st7
789-160x128/src/core/serial_commands/badusb_commands.cpp.o and 
.pio/build/custom-st7789-160x128/FrameworkArduinoVariant/variant.cpp.o: 
warning: multiple common of `__gnu_lto_slim'
C:/Users/phamm/.platformio/packages/toolchain-xtensa-esp-elf/bin/../lib/gcc/xte
nsa-esp-elf/14.2.0/../../../../xtensa-esp-elf/bin/ld.exe: 
.pio/build/custom-st7789-160x128/src/core/serial_commands/cli.cpp.o: plugin 
needed to handle lto object
C:/Users/phamm/.platformio/packages/toolchain-xtensa-esp-elf/bin/../lib/gcc/xte
nsa-esp-elf/14.2.0/../../../../xtensa-esp-elf/bin/ld.exe: 
.pio/build/custom-st7789-160x128/src/core/serial_commands/cli.cpp.o: plugin 
needed to handle lto object
C:/Users/phamm/.platformio/packages/toolchain-xtensa-esp-elf/bin/../lib/gcc/xte
nsa-esp-elf/14.2.0/../../../../xtensa-esp-elf/bin/ld.exe: 
.pio/build/custom-st7789-160x128/src/core/serial_commands/cli.cpp.o and 
.pio/build/custom-st7789-160x128/FrameworkArduinoVariant/variant.cpp.o: 
warning: multiple common of `__gnu_lto_slim'
C:/Users/phamm/.platformio/packages/toolchain-xtensa-esp-elf/bin/../lib/gcc/xte
nsa-esp-elf/14.2.0/../../../../xtensa-esp-elf/bin/ld.exe: .pio/build/custom-st7
789-160x128/src/core/serial_commands/crypto_commands.cpp.o: plugin needed to 
handle lto object
C:/Users/phamm/.platformio/packages/toolchain-xtensa-esp-elf/bin/../lib/gcc/xte
nsa-esp-elf/14.2.0/../../../../xtensa-esp-elf/bin/ld.exe: .pio/build/custom-st7
789-160x128/src/core/serial_commands/crypto_commands.cpp.o: plugin needed to 
handle lto object
C:/Users/phamm/.platformio/packages/toolchain-xtensa-esp-elf/bin/../lib/gcc/xte
nsa-esp-elf/14.2.0/../../../../xtensa-esp-elf/bin/ld.exe: .pio/build/custom-st7
789-160x128/src/core/serial_commands/crypto_commands.cpp.o and 
.pio/build/custom-st7789-160x128/FrameworkArduinoVariant/variant.cpp.o: 
warning: multiple common of `__gnu_lto_slim'
C:/Users/phamm/.platformio/packages/toolchain-xtensa-esp-elf/bin/../lib/gcc/xte
nsa-esp-elf/14.2.0/../../../../xtensa-esp-elf/bin/ld.exe: 
.pio/build/custom-st7789-160x128/src/core/serial_commands/gpio_commands.cpp.o: 
plugin needed to handle lto object
C:/Users/phamm/.platformio/packages/toolchain-xtensa-esp-elf/bin/../lib/gcc/xte
nsa-esp-elf/14.2.0/../../../../xtensa-esp-elf/bin/ld.exe: 
.pio/build/custom-st7789-160x128/src/core/serial_commands/gpio_commands.cpp.o: 
plugin needed to handle lto object
C:/Users/phamm/.platformio/packages/toolchain-xtensa-esp-elf/bin/../lib/gcc/xte
nsa-esp-elf/14.2.0/../../../../xtensa-esp-elf/bin/ld.exe: 
.pio/build/custom-st7789-160x128/src/core/serial_commands/gpio_commands.cpp.o 
and .pio/build/custom-st7789-160x128/FrameworkArduinoVariant/variant.cpp.o: 
warning: multiple common of `__gnu_lto_slim'
C:/Users/phamm/.platformio/packages/toolchain-xtensa-esp-elf/bin/../lib/gcc/xte
nsa-esp-elf/14.2.0/../../../../xtensa-esp-elf/bin/ld.exe: 
.pio/build/custom-st7789-160x128/src/core/serial_commands/helpers.cpp.o: 
plugin needed to handle lto object
C:/Users/phamm/.platformio/packages/toolchain-xtensa-esp-elf/bin/../lib/gcc/xte
nsa-esp-elf/14.2.0/../../../../xtensa-esp-elf/bin/ld.exe: 
.pio/build/custom-st7789-160x128/src/core/serial_commands/helpers.cpp.o: 
plugin needed to handle lto object
C:/Users/phamm/.platformio/packages/toolchain-xtensa-esp-elf/bin/../lib/gcc/xte
nsa-esp-elf/14.2.0/../../../../xtensa-esp-elf/bin/ld.exe: 
.pio/build/custom-st7789-160x128/src/core/serial_commands/helpers.cpp.o and 
.pio/build/custom-st7789-160x128/FrameworkArduinoVariant/variant.cpp.o: 
warning: multiple common of `__gnu_lto_slim'
C:/Users/phamm/.platformio/packages/toolchain-xtensa-esp-elf/bin/../lib/gcc/xte
nsa-esp-elf/14.2.0/../../../../xtensa-esp-elf/bin/ld.exe: .pio/build/custom-st7
789-160x128/src/core/serial_commands/interpreter_commands.cpp.o: plugin needed 
to handle lto object
C:/Users/phamm/.platformio/packages/toolchain-xtensa-esp-elf/bin/../lib/gcc/xte
nsa-esp-elf/14.2.0/../../../../xtensa-esp-elf/bin/ld.exe: .pio/build/custom-st7
789-160x128/src/core/serial_commands/interpreter_commands.cpp.o: plugin needed 
to handle lto object
C:/Users/phamm/.platformio/packages/toolchain-xtensa-esp-elf/bin/../lib/gcc/xte
nsa-esp-elf/14.2.0/../../../../xtensa-esp-elf/bin/ld.exe: .pio/build/custom-st7
789-160x128/src/core/serial_commands/interpreter_commands.cpp.o and 
.pio/build/custom-st7789-160x128/FrameworkArduinoVariant/variant.cpp.o: 
warning: multiple common of `__gnu_lto_slim'
C:/Users/phamm/.platformio/packages/toolchain-xtensa-esp-elf/bin/../lib/gcc/xte
nsa-esp-elf/14.2.0/../../../../xtensa-esp-elf/bin/ld.exe: 
.pio/build/custom-st7789-160x128/src/core/serial_commands/ir_commands.cpp.o: 
plugin needed to handle lto object
C:/Users/phamm/.platformio/packages/toolchain-xtensa-esp-elf/bin/../lib/gcc/xte
nsa-esp-elf/14.2.0/../../../../xtensa-esp-elf/bin/ld.exe: 
.pio/build/custom-st7789-160x128/src/core/serial_commands/ir_commands.cpp.o: 
plugin needed to handle lto object
C:/Users/phamm/.platformio/packages/toolchain-xtensa-esp-elf/bin/../lib/gcc/xte
nsa-esp-elf/14.2.0/../../../../xtensa-esp-elf/bin/ld.exe: 
.pio/build/custom-st7789-160x128/src/core/serial_commands/ir_commands.cpp.o 
and .pio/build/custom-st7789-160x128/FrameworkArduinoVariant/variant.cpp.o: 
warning: multiple common of `__gnu_lto_slim'
C:/Users/phamm/.platformio/packages/toolchain-xtensa-esp-elf/bin/../lib/gcc/xte
nsa-esp-elf/14.2.0/../../../../xtensa-esp-elf/bin/ld.exe: .pio/build/custom-st7
789-160x128/src/core/serial_commands/power_commands.cpp.o: plugin needed to 
handle lto object
C:/Users/phamm/.platformio/packages/toolchain-xtensa-esp-elf/bin/../lib/gcc/xte
nsa-esp-elf/14.2.0/../../../../xtensa-esp-elf/bin/ld.exe: .pio/build/custom-st7
789-160x128/src/core/serial_commands/power_commands.cpp.o: plugin needed to 
handle lto object
C:/Users/phamm/.platformio/packages/toolchain-xtensa-esp-elf/bin/../lib/gcc/xte
nsa-esp-elf/14.2.0/../../../../xtensa-esp-elf/bin/ld.exe: 
.pio/build/custom-st7789-160x128/src/core/serial_commands/power_commands.cpp.o 
and .pio/build/custom-st7789-160x128/FrameworkArduinoVariant/variant.cpp.o: 
warning: multiple common of `__gnu_lto_slim'
C:/Users/phamm/.platformio/packages/toolchain-xtensa-esp-elf/bin/../lib/gcc/xte
nsa-esp-elf/14.2.0/../../../../xtensa-esp-elf/bin/ld.exe: 
.pio/build/custom-st7789-160x128/src/core/serial_commands/rf_commands.cpp.o: 
plugin needed to handle lto object
C:/Users/phamm/.platformio/packages/toolchain-xtensa-esp-elf/bin/../lib/gcc/xte
nsa-esp-elf/14.2.0/../../../../xtensa-esp-elf/bin/ld.exe: 
.pio/build/custom-st7789-160x128/src/core/serial_commands/rf_commands.cpp.o: 
plugin needed to handle lto object
C:/Users/phamm/.platformio/packages/toolchain-xtensa-esp-elf/bin/../lib/gcc/xte
nsa-esp-elf/14.2.0/../../../../xtensa-esp-elf/bin/ld.exe: 
.pio/build/custom-st7789-160x128/src/core/serial_commands/rf_commands.cpp.o 
and .pio/build/custom-st7789-160x128/FrameworkArduinoVariant/variant.cpp.o: 
warning: multiple common of `__gnu_lto_slim'
C:/Users/phamm/.platformio/packages/toolchain-xtensa-esp-elf/bin/../lib/gcc/xte
nsa-esp-elf/14.2.0/../../../../xtensa-esp-elf/bin/ld.exe: .pio/build/custom-st7
789-160x128/src/core/serial_commands/screen_commands.cpp.o: plugin needed to 
handle lto object
C:/Users/phamm/.platformio/packages/toolchain-xtensa-esp-elf/bin/../lib/gcc/xte
nsa-esp-elf/14.2.0/../../../../xtensa-esp-elf/bin/ld.exe: .pio/build/custom-st7
789-160x128/src/core/serial_commands/screen_commands.cpp.o: plugin needed to 
handle lto object
C:/Users/phamm/.platformio/packages/toolchain-xtensa-esp-elf/bin/../lib/gcc/xte
nsa-esp-elf/14.2.0/../../../../xtensa-esp-elf/bin/ld.exe: .pio/build/custom-st7
789-160x128/src/core/serial_commands/screen_commands.cpp.o and 
.pio/build/custom-st7789-160x128/FrameworkArduinoVariant/variant.cpp.o: 
warning: multiple common of `__gnu_lto_slim'
C:/Users/phamm/.platformio/packages/toolchain-xtensa-esp-elf/bin/../lib/gcc/xte
nsa-esp-elf/14.2.0/../../../../xtensa-esp-elf/bin/ld.exe: .pio/build/custom-st7
789-160x128/src/core/serial_commands/settings_commands.cpp.o: plugin needed to 
handle lto object
C:/Users/phamm/.platformio/packages/toolchain-xtensa-esp-elf/bin/../lib/gcc/xte
nsa-esp-elf/14.2.0/../../../../xtensa-esp-elf/bin/ld.exe: .pio/build/custom-st7
789-160x128/src/core/serial_commands/settings_commands.cpp.o: plugin needed to 
handle lto object
C:/Users/phamm/.platformio/packages/toolchain-xtensa-esp-elf/bin/../lib/gcc/xte
nsa-esp-elf/14.2.0/../../../../xtensa-esp-elf/bin/ld.exe: .pio/build/custom-st7
789-160x128/src/core/serial_commands/settings_commands.cpp.o and 
.pio/build/custom-st7789-160x128/FrameworkArduinoVariant/variant.cpp.o: 
warning: multiple common of `__gnu_lto_slim'
C:/Users/phamm/.platformio/packages/toolchain-xtensa-esp-elf/bin/../lib/gcc/xte
nsa-esp-elf/14.2.0/../../../../xtensa-esp-elf/bin/ld.exe: .pio/build/custom-st7
789-160x128/src/core/serial_commands/sound_commands.cpp.o: plugin needed to 
handle lto object
C:/Users/phamm/.platformio/packages/toolchain-xtensa-esp-elf/bin/../lib/gcc/xte
nsa-esp-elf/14.2.0/../../../../xtensa-esp-elf/bin/ld.exe: .pio/build/custom-st7
789-160x128/src/core/serial_commands/sound_commands.cpp.o: plugin needed to 
handle lto object
C:/Users/phamm/.platformio/packages/toolchain-xtensa-esp-elf/bin/../lib/gcc/xte
nsa-esp-elf/14.2.0/../../../../xtensa-esp-elf/bin/ld.exe: 
.pio/build/custom-st7789-160x128/src/core/serial_commands/sound_commands.cpp.o 
and .pio/build/custom-st7789-160x128/FrameworkArduinoVariant/variant.cpp.o: 
warning: multiple common of `__gnu_lto_slim'
C:/Users/phamm/.platformio/packages/toolchain-xtensa-esp-elf/bin/../lib/gcc/xte
nsa-esp-elf/14.2.0/../../../../xtensa-esp-elf/bin/ld.exe: .pio/build/custom-st7
789-160x128/src/core/serial_commands/storage_commands.cpp.o: plugin needed to 
handle lto object
C:/Users/phamm/.platformio/packages/toolchain-xtensa-esp-elf/bin/../lib/gcc/xte
nsa-esp-elf/14.2.0/../../../../xtensa-esp-elf/bin/ld.exe: .pio/build/custom-st7
789-160x128/src/core/serial_commands/storage_commands.cpp.o: plugin needed to 
handle lto object
C:/Users/phamm/.platformio/packages/toolchain-xtensa-esp-elf/bin/../lib/gcc/xte
nsa-esp-elf/14.2.0/../../../../xtensa-esp-elf/bin/ld.exe: .pio/build/custom-st7
789-160x128/src/core/serial_commands/storage_commands.cpp.o and 
.pio/build/custom-st7789-160x128/FrameworkArduinoVariant/variant.cpp.o: 
warning: multiple common of `__gnu_lto_slim'
C:/Users/phamm/.platformio/packages/toolchain-xtensa-esp-elf/bin/../lib/gcc/xte
nsa-esp-elf/14.2.0/../../../../xtensa-esp-elf/bin/ld.exe: 
.pio/build/custom-st7789-160x128/src/core/serial_commands/util_commands.cpp.o: 
plugin needed to handle lto object
C:/Users/phamm/.platformio/packages/toolchain-xtensa-esp-elf/bin/../lib/gcc/xte
nsa-esp-elf/14.2.0/../../../../xtensa-esp-elf/bin/ld.exe: 
.pio/build/custom-st7789-160x128/src/core/serial_commands/util_commands.cpp.o: 
plugin needed to handle lto object
C:/Users/phamm/.platformio/packages/toolchain-xtensa-esp-elf/bin/../lib/gcc/xte
nsa-esp-elf/14.2.0/../../../../xtensa-esp-elf/bin/ld.exe: 
.pio/build/custom-st7789-160x128/src/core/serial_commands/util_commands.cpp.o 
and .pio/build/custom-st7789-160x128/FrameworkArduinoVariant/variant.cpp.o: 
warning: multiple common of `__gnu_lto_slim'
C:/Users/phamm/.platformio/packages/toolchain-xtensa-esp-elf/bin/../lib/gcc/xte
nsa-esp-elf/14.2.0/../../../../xtensa-esp-elf/bin/ld.exe: 
.pio/build/custom-st7789-160x128/src/core/serial_commands/wifi_commands.cpp.o: 
plugin needed to handle lto object
C:/Users/phamm/.platformio/packages/toolchain-xtensa-esp-elf/bin/../lib/gcc/xte
nsa-esp-elf/14.2.0/../../../../xtensa-esp-elf/bin/ld.exe: 
.pio/build/custom-st7789-160x128/src/core/serial_commands/wifi_commands.cpp.o: 
plugin needed to handle lto object
C:/Users/phamm/.platformio/packages/toolchain-xtensa-esp-elf/bin/../lib/gcc/xte
nsa-esp-elf/14.2.0/../../../../xtensa-esp-elf/bin/ld.exe: 
.pio/build/custom-st7789-160x128/src/core/serial_commands/wifi_commands.cpp.o 
and .pio/build/custom-st7789-160x128/FrameworkArduinoVariant/variant.cpp.o: 
warning: multiple common of `__gnu_lto_slim'
C:/Users/phamm/.platformio/packages/toolchain-xtensa-esp-elf/bin/../lib/gcc/xte
nsa-esp-elf/14.2.0/../../../../xtensa-esp-elf/bin/ld.exe: 
.pio/build/custom-st7789-160x128/src/core/serialcmds.cpp.o: plugin needed to 
handle lto object
C:/Users/phamm/.platformio/packages/toolchain-xtensa-esp-elf/bin/../lib/gcc/xte
nsa-esp-elf/14.2.0/../../../../xtensa-esp-elf/bin/ld.exe: 
.pio/build/custom-st7789-160x128/src/core/serialcmds.cpp.o: plugin needed to 
handle lto object
C:/Users/phamm/.platformio/packages/toolchain-xtensa-esp-elf/bin/../lib/gcc/xte
nsa-esp-elf/14.2.0/../../../../xtensa-esp-elf/bin/ld.exe: 
.pio/build/custom-st7789-160x128/src/core/serialcmds.cpp.o and 
.pio/build/custom-st7789-160x128/FrameworkArduinoVariant/variant.cpp.o: 
warning: multiple common of `__gnu_lto_slim'
C:/Users/phamm/.platformio/packages/toolchain-xtensa-esp-elf/bin/../lib/gcc/xte
nsa-esp-elf/14.2.0/../../../../xtensa-esp-elf/bin/ld.exe: 
.pio/build/custom-st7789-160x128/src/core/settings.cpp.o: plugin needed to 
handle lto object
C:/Users/phamm/.platformio/packages/toolchain-xtensa-esp-elf/bin/../lib/gcc/xte
nsa-esp-elf/14.2.0/../../../../xtensa-esp-elf/bin/ld.exe: 
.pio/build/custom-st7789-160x128/src/core/settings.cpp.o: plugin needed to 
handle lto object
C:/Users/phamm/.platformio/packages/toolchain-xtensa-esp-elf/bin/../lib/gcc/xte
nsa-esp-elf/14.2.0/../../../../xtensa-esp-elf/bin/ld.exe: 
.pio/build/custom-st7789-160x128/src/core/settings.cpp.o and 
.pio/build/custom-st7789-160x128/FrameworkArduinoVariant/variant.cpp.o: 
warning: multiple common of `__gnu_lto_slim'
C:/Users/phamm/.platformio/packages/toolchain-xtensa-esp-elf/bin/../lib/gcc/xte
nsa-esp-elf/14.2.0/../../../../xtensa-esp-elf/bin/ld.exe: 
.pio/build/custom-st7789-160x128/src/core/startup_app.cpp.o: plugin needed to 
handle lto object
C:/Users/phamm/.platformio/packages/toolchain-xtensa-esp-elf/bin/../lib/gcc/xte
nsa-esp-elf/14.2.0/../../../../xtensa-esp-elf/bin/ld.exe: 
.pio/build/custom-st7789-160x128/src/core/startup_app.cpp.o: plugin needed to 
handle lto object
C:/Users/phamm/.platformio/packages/toolchain-xtensa-esp-elf/bin/../lib/gcc/xte
nsa-esp-elf/14.2.0/../../../../xtensa-esp-elf/bin/ld.exe: 
.pio/build/custom-st7789-160x128/src/core/startup_app.cpp.o and 
.pio/build/custom-st7789-160x128/FrameworkArduinoVariant/variant.cpp.o: 
warning: multiple common of `__gnu_lto_slim'
C:/Users/phamm/.platformio/packages/toolchain-xtensa-esp-elf/bin/../lib/gcc/xte
nsa-esp-elf/14.2.0/../../../../xtensa-esp-elf/bin/ld.exe: 
.pio/build/custom-st7789-160x128/src/core/tftLogger/tftLogger.cpp.o: plugin 
needed to handle lto object
C:/Users/phamm/.platformio/packages/toolchain-xtensa-esp-elf/bin/../lib/gcc/xte
nsa-esp-elf/14.2.0/../../../../xtensa-esp-elf/bin/ld.exe: 
.pio/build/custom-st7789-160x128/src/core/tftLogger/tftLogger.cpp.o: plugin 
needed to handle lto object
C:/Users/phamm/.platformio/packages/toolchain-xtensa-esp-elf/bin/../lib/gcc/xte
nsa-esp-elf/14.2.0/../../../../xtensa-esp-elf/bin/ld.exe: 
.pio/build/custom-st7789-160x128/src/core/tftLogger/tftLogger.cpp.o and 
.pio/build/custom-st7789-160x128/FrameworkArduinoVariant/variant.cpp.o: 
warning: multiple common of `__gnu_lto_slim'
C:/Users/phamm/.platformio/packages/toolchain-xtensa-esp-elf/bin/../lib/gcc/xte
nsa-esp-elf/14.2.0/../../../../xtensa-esp-elf/bin/ld.exe: 
.pio/build/custom-st7789-160x128/src/core/theme.cpp.o: plugin needed to handle 
lto object
C:/Users/phamm/.platformio/packages/toolchain-xtensa-esp-elf/bin/../lib/gcc/xte
nsa-esp-elf/14.2.0/../../../../xtensa-esp-elf/bin/ld.exe: 
.pio/build/custom-st7789-160x128/src/core/theme.cpp.o: plugin needed to handle 
lto object
C:/Users/phamm/.platformio/packages/toolchain-xtensa-esp-elf/bin/../lib/gcc/xte
nsa-esp-elf/14.2.0/../../../../xtensa-esp-elf/bin/ld.exe: 
.pio/build/custom-st7789-160x128/src/core/theme.cpp.o and 
.pio/build/custom-st7789-160x128/FrameworkArduinoVariant/variant.cpp.o: 
warning: multiple common of `__gnu_lto_slim'
C:/Users/phamm/.platformio/packages/toolchain-xtensa-esp-elf/bin/../lib/gcc/xte
nsa-esp-elf/14.2.0/../../../../xtensa-esp-elf/bin/ld.exe: 
.pio/build/custom-st7789-160x128/src/core/type_convertion.cpp.o: plugin needed 
to handle lto object
C:/Users/phamm/.platformio/packages/toolchain-xtensa-esp-elf/bin/../lib/gcc/xte
nsa-esp-elf/14.2.0/../../../../xtensa-esp-elf/bin/ld.exe: 
.pio/build/custom-st7789-160x128/src/core/type_convertion.cpp.o: plugin needed 
to handle lto object
C:/Users/phamm/.platformio/packages/toolchain-xtensa-esp-elf/bin/../lib/gcc/xte
nsa-esp-elf/14.2.0/../../../../xtensa-esp-elf/bin/ld.exe: 
.pio/build/custom-st7789-160x128/src/core/type_convertion.cpp.o and 
.pio/build/custom-st7789-160x128/FrameworkArduinoVariant/variant.cpp.o: 
warning: multiple common of `__gnu_lto_slim'
C:/Users/phamm/.platformio/packages/toolchain-xtensa-esp-elf/bin/../lib/gcc/xte
nsa-esp-elf/14.2.0/../../../../xtensa-esp-elf/bin/ld.exe: 
.pio/build/custom-st7789-160x128/src/core/utils.cpp.o: plugin needed to handle 
lto object
C:/Users/phamm/.platformio/packages/toolchain-xtensa-esp-elf/bin/../lib/gcc/xte
nsa-esp-elf/14.2.0/../../../../xtensa-esp-elf/bin/ld.exe: 
.pio/build/custom-st7789-160x128/src/core/utils.cpp.o: plugin needed to handle 
lto object
C:/Users/phamm/.platformio/packages/toolchain-xtensa-esp-elf/bin/../lib/gcc/xte
nsa-esp-elf/14.2.0/../../../../xtensa-esp-elf/bin/ld.exe: 
.pio/build/custom-st7789-160x128/src/core/utils.cpp.o and 
.pio/build/custom-st7789-160x128/FrameworkArduinoVariant/variant.cpp.o: 
warning: multiple common of `__gnu_lto_slim'
C:/Users/phamm/.platformio/packages/toolchain-xtensa-esp-elf/bin/../lib/gcc/xte
nsa-esp-elf/14.2.0/../../../../xtensa-esp-elf/bin/ld.exe: 
.pio/build/custom-st7789-160x128/src/core/wifi/webInterface.cpp.o: plugin 
needed to handle lto object
C:/Users/phamm/.platformio/packages/toolchain-xtensa-esp-elf/bin/../lib/gcc/xte
nsa-esp-elf/14.2.0/../../../../xtensa-esp-elf/bin/ld.exe: 
.pio/build/custom-st7789-160x128/src/core/wifi/webInterface.cpp.o: plugin 
needed to handle lto object
C:/Users/phamm/.platformio/packages/toolchain-xtensa-esp-elf/bin/../lib/gcc/xte
nsa-esp-elf/14.2.0/../../../../xtensa-esp-elf/bin/ld.exe: 
.pio/build/custom-st7789-160x128/src/core/wifi/webInterface.cpp.o and 
.pio/build/custom-st7789-160x128/FrameworkArduinoVariant/variant.cpp.o: 
warning: multiple common of `__gnu_lto_slim'
C:/Users/phamm/.platformio/packages/toolchain-xtensa-esp-elf/bin/../lib/gcc/xte
nsa-esp-elf/14.2.0/../../../../xtensa-esp-elf/bin/ld.exe: 
.pio/build/custom-st7789-160x128/src/core/wifi/wg.cpp.o: plugin needed to 
handle lto object
C:/Users/phamm/.platformio/packages/toolchain-xtensa-esp-elf/bin/../lib/gcc/xte
nsa-esp-elf/14.2.0/../../../../xtensa-esp-elf/bin/ld.exe: 
.pio/build/custom-st7789-160x128/src/core/wifi/wg.cpp.o: plugin needed to 
handle lto object
C:/Users/phamm/.platformio/packages/toolchain-xtensa-esp-elf/bin/../lib/gcc/xte
nsa-esp-elf/14.2.0/../../../../xtensa-esp-elf/bin/ld.exe: 
.pio/build/custom-st7789-160x128/src/core/wifi/wg.cpp.o and 
.pio/build/custom-st7789-160x128/FrameworkArduinoVariant/variant.cpp.o: 
warning: multiple common of `__gnu_lto_slim'
C:/Users/phamm/.platformio/packages/toolchain-xtensa-esp-elf/bin/../lib/gcc/xte
nsa-esp-elf/14.2.0/../../../../xtensa-esp-elf/bin/ld.exe: 
.pio/build/custom-st7789-160x128/src/core/wifi/wifi_common.cpp.o: plugin 
needed to handle lto object
C:/Users/phamm/.platformio/packages/toolchain-xtensa-esp-elf/bin/../lib/gcc/xte
nsa-esp-elf/14.2.0/../../../../xtensa-esp-elf/bin/ld.exe: 
.pio/build/custom-st7789-160x128/src/core/wifi/wifi_common.cpp.o: plugin 
needed to handle lto object
C:/Users/phamm/.platformio/packages/toolchain-xtensa-esp-elf/bin/../lib/gcc/xte
nsa-esp-elf/14.2.0/../../../../xtensa-esp-elf/bin/ld.exe: 
.pio/build/custom-st7789-160x128/src/core/wifi/wifi_common.cpp.o and 
.pio/build/custom-st7789-160x128/FrameworkArduinoVariant/variant.cpp.o: 
warning: multiple common of `__gnu_lto_slim'
C:/Users/phamm/.platformio/packages/toolchain-xtensa-esp-elf/bin/../lib/gcc/xte
nsa-esp-elf/14.2.0/../../../../xtensa-esp-elf/bin/ld.exe: 
.pio/build/custom-st7789-160x128/src/core/wifi/wifi_mac.cpp.o: plugin needed 
to handle lto object
C:/Users/phamm/.platformio/packages/toolchain-xtensa-esp-elf/bin/../lib/gcc/xte
nsa-esp-elf/14.2.0/../../../../xtensa-esp-elf/bin/ld.exe: 
.pio/build/custom-st7789-160x128/src/core/wifi/wifi_mac.cpp.o: plugin needed 
to handle lto object
C:/Users/phamm/.platformio/packages/toolchain-xtensa-esp-elf/bin/../lib/gcc/xte
nsa-esp-elf/14.2.0/../../../../xtensa-esp-elf/bin/ld.exe: 
.pio/build/custom-st7789-160x128/src/core/wifi/wifi_mac.cpp.o and 
.pio/build/custom-st7789-160x128/FrameworkArduinoVariant/variant.cpp.o: 
warning: multiple common of `__gnu_lto_slim'
C:/Users/phamm/.platformio/packages/toolchain-xtensa-esp-elf/bin/../lib/gcc/xte
nsa-esp-elf/14.2.0/../../../../xtensa-esp-elf/bin/ld.exe: 
.pio/build/custom-st7789-160x128/src/main.cpp.o: plugin needed to handle lto 
object
C:/Users/phamm/.platformio/packages/toolchain-xtensa-esp-elf/bin/../lib/gcc/xte
nsa-esp-elf/14.2.0/../../../../xtensa-esp-elf/bin/ld.exe: 
.pio/build/custom-st7789-160x128/src/main.cpp.o: plugin needed to handle lto 
object
C:/Users/phamm/.platformio/packages/toolchain-xtensa-esp-elf/bin/../lib/gcc/xte
nsa-esp-elf/14.2.0/../../../../xtensa-esp-elf/bin/ld.exe: 
.pio/build/custom-st7789-160x128/src/main.cpp.o and 
.pio/build/custom-st7789-160x128/FrameworkArduinoVariant/variant.cpp.o: 
warning: multiple common of `__gnu_lto_slim'
C:/Users/phamm/.platformio/packages/toolchain-xtensa-esp-elf/bin/../lib/gcc/xte
nsa-esp-elf/14.2.0/../../../../xtensa-esp-elf/bin/ld.exe: 
.pio/build/custom-st7789-160x128/src/modules/NRF24/nrf_common.cpp.o: plugin 
needed to handle lto object
C:/Users/phamm/.platformio/packages/toolchain-xtensa-esp-elf/bin/../lib/gcc/xte
nsa-esp-elf/14.2.0/../../../../xtensa-esp-elf/bin/ld.exe: 
.pio/build/custom-st7789-160x128/src/modules/NRF24/nrf_common.cpp.o: plugin 
needed to handle lto object
C:/Users/phamm/.platformio/packages/toolchain-xtensa-esp-elf/bin/../lib/gcc/xte
nsa-esp-elf/14.2.0/../../../../xtensa-esp-elf/bin/ld.exe: 
.pio/build/custom-st7789-160x128/src/modules/NRF24/nrf_common.cpp.o and 
.pio/build/custom-st7789-160x128/FrameworkArduinoVariant/variant.cpp.o: 
warning: multiple common of `__gnu_lto_slim'
C:/Users/phamm/.platformio/packages/toolchain-xtensa-esp-elf/bin/../lib/gcc/xte
nsa-esp-elf/14.2.0/../../../../xtensa-esp-elf/bin/ld.exe: 
.pio/build/custom-st7789-160x128/src/modules/NRF24/nrf_jammer.cpp.o: plugin 
needed to handle lto object
C:/Users/phamm/.platformio/packages/toolchain-xtensa-esp-elf/bin/../lib/gcc/xte
nsa-esp-elf/14.2.0/../../../../xtensa-esp-elf/bin/ld.exe: 
.pio/build/custom-st7789-160x128/src/modules/NRF24/nrf_jammer.cpp.o: plugin 
needed to handle lto object
C:/Users/phamm/.platformio/packages/toolchain-xtensa-esp-elf/bin/../lib/gcc/xte
nsa-esp-elf/14.2.0/../../../../xtensa-esp-elf/bin/ld.exe: 
.pio/build/custom-st7789-160x128/src/modules/NRF24/nrf_jammer.cpp.o and 
.pio/build/custom-st7789-160x128/FrameworkArduinoVariant/variant.cpp.o: 
warning: multiple common of `__gnu_lto_slim'
C:/Users/phamm/.platformio/packages/toolchain-xtensa-esp-elf/bin/../lib/gcc/xte
nsa-esp-elf/14.2.0/../../../../xtensa-esp-elf/bin/ld.exe: 
.pio/build/custom-st7789-160x128/src/modules/NRF24/nrf_jammer_api.cpp.o: 
plugin needed to handle lto object
C:/Users/phamm/.platformio/packages/toolchain-xtensa-esp-elf/bin/../lib/gcc/xte
nsa-esp-elf/14.2.0/../../../../xtensa-esp-elf/bin/ld.exe: 
.pio/build/custom-st7789-160x128/src/modules/NRF24/nrf_jammer_api.cpp.o: 
plugin needed to handle lto object
C:/Users/phamm/.platformio/packages/toolchain-xtensa-esp-elf/bin/../lib/gcc/xte
nsa-esp-elf/14.2.0/../../../../xtensa-esp-elf/bin/ld.exe: 
.pio/build/custom-st7789-160x128/src/modules/NRF24/nrf_jammer_api.cpp.o and 
.pio/build/custom-st7789-160x128/FrameworkArduinoVariant/variant.cpp.o: 
warning: multiple common of `__gnu_lto_slim'
C:/Users/phamm/.platformio/packages/toolchain-xtensa-esp-elf/bin/../lib/gcc/xte
nsa-esp-elf/14.2.0/../../../../xtensa-esp-elf/bin/ld.exe: 
.pio/build/custom-st7789-160x128/src/modules/NRF24/nrf_mousejack.cpp.o: plugin 
needed to handle lto object
C:/Users/phamm/.platformio/packages/toolchain-xtensa-esp-elf/bin/../lib/gcc/xte
nsa-esp-elf/14.2.0/../../../../xtensa-esp-elf/bin/ld.exe: 
.pio/build/custom-st7789-160x128/src/modules/NRF24/nrf_mousejack.cpp.o: plugin 
needed to handle lto object
C:/Users/phamm/.platformio/packages/toolchain-xtensa-esp-elf/bin/../lib/gcc/xte
nsa-esp-elf/14.2.0/../../../../xtensa-esp-elf/bin/ld.exe: 
.pio/build/custom-st7789-160x128/src/modules/NRF24/nrf_mousejack.cpp.o and 
.pio/build/custom-st7789-160x128/FrameworkArduinoVariant/variant.cpp.o: 
warning: multiple common of `__gnu_lto_slim'
C:/Users/phamm/.platformio/packages/toolchain-xtensa-esp-elf/bin/../lib/gcc/xte
nsa-esp-elf/14.2.0/../../../../xtensa-esp-elf/bin/ld.exe: 
.pio/build/custom-st7789-160x128/src/modules/NRF24/nrf_spectrum.cpp.o: plugin 
needed to handle lto object
C:/Users/phamm/.platformio/packages/toolchain-xtensa-esp-elf/bin/../lib/gcc/xte
nsa-esp-elf/14.2.0/../../../../xtensa-esp-elf/bin/ld.exe: 
.pio/build/custom-st7789-160x128/src/modules/NRF24/nrf_spectrum.cpp.o: plugin 
needed to handle lto object
C:/Users/phamm/.platformio/packages/toolchain-xtensa-esp-elf/bin/../lib/gcc/xte
nsa-esp-elf/14.2.0/../../../../xtensa-esp-elf/bin/ld.exe: 
.pio/build/custom-st7789-160x128/src/modules/NRF24/nrf_spectrum.cpp.o and 
.pio/build/custom-st7789-160x128/FrameworkArduinoVariant/variant.cpp.o: 
warning: multiple common of `__gnu_lto_slim'
C:/Users/phamm/.platformio/packages/toolchain-xtensa-esp-elf/bin/../lib/gcc/xte
nsa-esp-elf/14.2.0/../../../../xtensa-esp-elf/bin/ld.exe: 
.pio/build/custom-st7789-160x128/src/modules/badusb_ble/ducky_typer.cpp.o: 
plugin needed to handle lto object
C:/Users/phamm/.platformio/packages/toolchain-xtensa-esp-elf/bin/../lib/gcc/xte
nsa-esp-elf/14.2.0/../../../../xtensa-esp-elf/bin/ld.exe: 
.pio/build/custom-st7789-160x128/src/modules/badusb_ble/ducky_typer.cpp.o: 
plugin needed to handle lto object
C:/Users/phamm/.platformio/packages/toolchain-xtensa-esp-elf/bin/../lib/gcc/xte
nsa-esp-elf/14.2.0/../../../../xtensa-esp-elf/bin/ld.exe: 
.pio/build/custom-st7789-160x128/src/modules/badusb_ble/ducky_typer.cpp.o and 
.pio/build/custom-st7789-160x128/FrameworkArduinoVariant/variant.cpp.o: 
warning: multiple common of `__gnu_lto_slim'
C:/Users/phamm/.platformio/packages/toolchain-xtensa-esp-elf/bin/../lib/gcc/xte
nsa-esp-elf/14.2.0/../../../../xtensa-esp-elf/bin/ld.exe: 
.pio/build/custom-st7789-160x128/src/modules/bjs_interpreter/audio_js.cpp.o: 
plugin needed to handle lto object
C:/Users/phamm/.platformio/packages/toolchain-xtensa-esp-elf/bin/../lib/gcc/xte
nsa-esp-elf/14.2.0/../../../../xtensa-esp-elf/bin/ld.exe: 
.pio/build/custom-st7789-160x128/src/modules/bjs_interpreter/audio_js.cpp.o: 
plugin needed to handle lto object
C:/Users/phamm/.platformio/packages/toolchain-xtensa-esp-elf/bin/../lib/gcc/xte
nsa-esp-elf/14.2.0/../../../../xtensa-esp-elf/bin/ld.exe: 
.pio/build/custom-st7789-160x128/src/modules/bjs_interpreter/audio_js.cpp.o 
and .pio/build/custom-st7789-160x128/FrameworkArduinoVariant/variant.cpp.o: 
warning: multiple common of `__gnu_lto_slim'
C:/Users/phamm/.platformio/packages/toolchain-xtensa-esp-elf/bin/../lib/gcc/xte
nsa-esp-elf/14.2.0/../../../../xtensa-esp-elf/bin/ld.exe: 
.pio/build/custom-st7789-160x128/src/modules/bjs_interpreter/badusb_js.cpp.o: 
plugin needed to handle lto object
C:/Users/phamm/.platformio/packages/toolchain-xtensa-esp-elf/bin/../lib/gcc/xte
nsa-esp-elf/14.2.0/../../../../xtensa-esp-elf/bin/ld.exe: 
.pio/build/custom-st7789-160x128/src/modules/bjs_interpreter/badusb_js.cpp.o: 
plugin needed to handle lto object
C:/Users/phamm/.platformio/packages/toolchain-xtensa-esp-elf/bin/../lib/gcc/xte
nsa-esp-elf/14.2.0/../../../../xtensa-esp-elf/bin/ld.exe: 
.pio/build/custom-st7789-160x128/src/modules/bjs_interpreter/badusb_js.cpp.o 
and .pio/build/custom-st7789-160x128/FrameworkArduinoVariant/variant.cpp.o: 
warning: multiple common of `__gnu_lto_slim'
C:/Users/phamm/.platformio/packages/toolchain-xtensa-esp-elf/bin/../lib/gcc/xte
nsa-esp-elf/14.2.0/../../../../xtensa-esp-elf/bin/ld.exe: 
.pio/build/custom-st7789-160x128/src/modules/bjs_interpreter/ble_js.cpp.o: 
plugin needed to handle lto object
C:/Users/phamm/.platformio/packages/toolchain-xtensa-esp-elf/bin/../lib/gcc/xte
nsa-esp-elf/14.2.0/../../../../xtensa-esp-elf/bin/ld.exe: 
.pio/build/custom-st7789-160x128/src/modules/bjs_interpreter/ble_js.cpp.o: 
plugin needed to handle lto object
C:/Users/phamm/.platformio/packages/toolchain-xtensa-esp-elf/bin/../lib/gcc/xte
nsa-esp-elf/14.2.0/../../../../xtensa-esp-elf/bin/ld.exe: 
.pio/build/custom-st7789-160x128/src/modules/bjs_interpreter/ble_js.cpp.o and 
.pio/build/custom-st7789-160x128/FrameworkArduinoVariant/variant.cpp.o: 
warning: multiple common of `__gnu_lto_slim'
C:/Users/phamm/.platformio/packages/toolchain-xtensa-esp-elf/bin/../lib/gcc/xte
nsa-esp-elf/14.2.0/../../../../xtensa-esp-elf/bin/ld.exe: 
.pio/build/custom-st7789-160x128/src/modules/bjs_interpreter/buffer_js.cpp.o: 
plugin needed to handle lto object
C:/Users/phamm/.platformio/packages/toolchain-xtensa-esp-elf/bin/../lib/gcc/xte
nsa-esp-elf/14.2.0/../../../../xtensa-esp-elf/bin/ld.exe: 
.pio/build/custom-st7789-160x128/src/modules/bjs_interpreter/buffer_js.cpp.o: 
plugin needed to handle lto object
C:/Users/phamm/.platformio/packages/toolchain-xtensa-esp-elf/bin/../lib/gcc/xte
nsa-esp-elf/14.2.0/../../../../xtensa-esp-elf/bin/ld.exe: 
.pio/build/custom-st7789-160x128/src/modules/bjs_interpreter/buffer_js.cpp.o 
and .pio/build/custom-st7789-160x128/FrameworkArduinoVariant/variant.cpp.o: 
warning: multiple common of `__gnu_lto_slim'
C:/Users/phamm/.platformio/packages/toolchain-xtensa-esp-elf/bin/../lib/gcc/xte
nsa-esp-elf/14.2.0/../../../../xtensa-esp-elf/bin/ld.exe: 
.pio/build/custom-st7789-160x128/src/modules/bjs_interpreter/device_js.cpp.o: 
plugin needed to handle lto object
C:/Users/phamm/.platformio/packages/toolchain-xtensa-esp-elf/bin/../lib/gcc/xte
nsa-esp-elf/14.2.0/../../../../xtensa-esp-elf/bin/ld.exe: 
.pio/build/custom-st7789-160x128/src/modules/bjs_interpreter/device_js.cpp.o: 
plugin needed to handle lto object
C:/Users/phamm/.platformio/packages/toolchain-xtensa-esp-elf/bin/../lib/gcc/xte
nsa-esp-elf/14.2.0/../../../../xtensa-esp-elf/bin/ld.exe: 
.pio/build/custom-st7789-160x128/src/modules/bjs_interpreter/device_js.cpp.o 
and .pio/build/custom-st7789-160x128/FrameworkArduinoVariant/variant.cpp.o: 
warning: multiple common of `__gnu_lto_slim'
C:/Users/phamm/.platformio/packages/toolchain-xtensa-esp-elf/bin/../lib/gcc/xte
nsa-esp-elf/14.2.0/../../../../xtensa-esp-elf/bin/ld.exe: 
.pio/build/custom-st7789-160x128/src/modules/bjs_interpreter/dialog_js.cpp.o: 
plugin needed to handle lto object
C:/Users/phamm/.platformio/packages/toolchain-xtensa-esp-elf/bin/../lib/gcc/xte
nsa-esp-elf/14.2.0/../../../../xtensa-esp-elf/bin/ld.exe: 
.pio/build/custom-st7789-160x128/src/modules/bjs_interpreter/dialog_js.cpp.o: 
plugin needed to handle lto object
C:/Users/phamm/.platformio/packages/toolchain-xtensa-esp-elf/bin/../lib/gcc/xte
nsa-esp-elf/14.2.0/../../../../xtensa-esp-elf/bin/ld.exe: 
.pio/build/custom-st7789-160x128/src/modules/bjs_interpreter/dialog_js.cpp.o 
and .pio/build/custom-st7789-160x128/FrameworkArduinoVariant/variant.cpp.o: 
warning: multiple common of `__gnu_lto_slim'
C:/Users/phamm/.platformio/packages/toolchain-xtensa-esp-elf/bin/../lib/gcc/xte
nsa-esp-elf/14.2.0/../../../../xtensa-esp-elf/bin/ld.exe: 
.pio/build/custom-st7789-160x128/src/modules/bjs_interpreter/display_js.cpp.o: 
plugin needed to handle lto object
C:/Users/phamm/.platformio/packages/toolchain-xtensa-esp-elf/bin/../lib/gcc/xte
nsa-esp-elf/14.2.0/../../../../xtensa-esp-elf/bin/ld.exe: 
.pio/build/custom-st7789-160x128/src/modules/bjs_interpreter/display_js.cpp.o: 
plugin needed to handle lto object
C:/Users/phamm/.platformio/packages/toolchain-xtensa-esp-elf/bin/../lib/gcc/xte
nsa-esp-elf/14.2.0/../../../../xtensa-esp-elf/bin/ld.exe: 
.pio/build/custom-st7789-160x128/src/modules/bjs_interpreter/display_js.cpp.o 
and .pio/build/custom-st7789-160x128/FrameworkArduinoVariant/variant.cpp.o: 
warning: multiple common of `__gnu_lto_slim'
C:/Users/phamm/.platformio/packages/toolchain-xtensa-esp-elf/bin/../lib/gcc/xte
nsa-esp-elf/14.2.0/../../../../xtensa-esp-elf/bin/ld.exe: 
.pio/build/custom-st7789-160x128/src/modules/bjs_interpreter/globals_js.cpp.o: 
plugin needed to handle lto object
C:/Users/phamm/.platformio/packages/toolchain-xtensa-esp-elf/bin/../lib/gcc/xte
nsa-esp-elf/14.2.0/../../../../xtensa-esp-elf/bin/ld.exe: 
.pio/build/custom-st7789-160x128/src/modules/bjs_interpreter/globals_js.cpp.o: 
plugin needed to handle lto object
C:/Users/phamm/.platformio/packages/toolchain-xtensa-esp-elf/bin/../lib/gcc/xte
nsa-esp-elf/14.2.0/../../../../xtensa-esp-elf/bin/ld.exe: 
.pio/build/custom-st7789-160x128/src/modules/bjs_interpreter/globals_js.cpp.o 
and .pio/build/custom-st7789-160x128/FrameworkArduinoVariant/variant.cpp.o: 
warning: multiple common of `__gnu_lto_slim'
C:/Users/phamm/.platformio/packages/toolchain-xtensa-esp-elf/bin/../lib/gcc/xte
nsa-esp-elf/14.2.0/../../../../xtensa-esp-elf/bin/ld.exe: 
.pio/build/custom-st7789-160x128/src/modules/bjs_interpreter/gpio_js.cpp.o: 
plugin needed to handle lto object
C:/Users/phamm/.platformio/packages/toolchain-xtensa-esp-elf/bin/../lib/gcc/xte
nsa-esp-elf/14.2.0/../../../../xtensa-esp-elf/bin/ld.exe: 
.pio/build/custom-st7789-160x128/src/modules/bjs_interpreter/gpio_js.cpp.o: 
plugin needed to handle lto object
C:/Users/phamm/.platformio/packages/toolchain-xtensa-esp-elf/bin/../lib/gcc/xte
nsa-esp-elf/14.2.0/../../../../xtensa-esp-elf/bin/ld.exe: 
.pio/build/custom-st7789-160x128/src/modules/bjs_interpreter/gpio_js.cpp.o and 
.pio/build/custom-st7789-160x128/FrameworkArduinoVariant/variant.cpp.o: 
warning: multiple common of `__gnu_lto_slim'
C:/Users/phamm/.platformio/packages/toolchain-xtensa-esp-elf/bin/../lib/gcc/xte
nsa-esp-elf/14.2.0/../../../../xtensa-esp-elf/bin/ld.exe: 
.pio/build/custom-st7789-160x128/src/modules/bjs_interpreter/helpers_js.cpp.o: 
plugin needed to handle lto object
C:/Users/phamm/.platformio/packages/toolchain-xtensa-esp-elf/bin/../lib/gcc/xte
nsa-esp-elf/14.2.0/../../../../xtensa-esp-elf/bin/ld.exe: 
.pio/build/custom-st7789-160x128/src/modules/bjs_interpreter/helpers_js.cpp.o: 
plugin needed to handle lto object
C:/Users/phamm/.platformio/packages/toolchain-xtensa-esp-elf/bin/../lib/gcc/xte
nsa-esp-elf/14.2.0/../../../../xtensa-esp-elf/bin/ld.exe: 
.pio/build/custom-st7789-160x128/src/modules/bjs_interpreter/helpers_js.cpp.o 
and .pio/build/custom-st7789-160x128/FrameworkArduinoVariant/variant.cpp.o: 
warning: multiple common of `__gnu_lto_slim'
C:/Users/phamm/.platformio/packages/toolchain-xtensa-esp-elf/bin/../lib/gcc/xte
nsa-esp-elf/14.2.0/../../../../xtensa-esp-elf/bin/ld.exe: 
.pio/build/custom-st7789-160x128/src/modules/bjs_interpreter/i2c_js.cpp.o: 
plugin needed to handle lto object
C:/Users/phamm/.platformio/packages/toolchain-xtensa-esp-elf/bin/../lib/gcc/xte
nsa-esp-elf/14.2.0/../../../../xtensa-esp-elf/bin/ld.exe: 
.pio/build/custom-st7789-160x128/src/modules/bjs_interpreter/i2c_js.cpp.o: 
plugin needed to handle lto object
C:/Users/phamm/.platformio/packages/toolchain-xtensa-esp-elf/bin/../lib/gcc/xte
nsa-esp-elf/14.2.0/../../../../xtensa-esp-elf/bin/ld.exe: 
.pio/build/custom-st7789-160x128/src/modules/bjs_interpreter/i2c_js.cpp.o and 
.pio/build/custom-st7789-160x128/FrameworkArduinoVariant/variant.cpp.o: 
warning: multiple common of `__gnu_lto_slim'
C:/Users/phamm/.platformio/packages/toolchain-xtensa-esp-elf/bin/../lib/gcc/xte
nsa-esp-elf/14.2.0/../../../../xtensa-esp-elf/bin/ld.exe: .pio/build/custom-st7
789-160x128/src/modules/bjs_interpreter/interpreter.cpp.o: plugin needed to 
handle lto object
C:/Users/phamm/.platformio/packages/toolchain-xtensa-esp-elf/bin/../lib/gcc/xte
nsa-esp-elf/14.2.0/../../../../xtensa-esp-elf/bin/ld.exe: .pio/build/custom-st7
789-160x128/src/modules/bjs_interpreter/interpreter.cpp.o: plugin needed to 
handle lto object
C:/Users/phamm/.platformio/packages/toolchain-xtensa-esp-elf/bin/../lib/gcc/xte
nsa-esp-elf/14.2.0/../../../../xtensa-esp-elf/bin/ld.exe: 
.pio/build/custom-st7789-160x128/src/modules/bjs_interpreter/interpreter.cpp.o 
and .pio/build/custom-st7789-160x128/FrameworkArduinoVariant/variant.cpp.o: 
warning: multiple common of `__gnu_lto_slim'
C:/Users/phamm/.platformio/packages/toolchain-xtensa-esp-elf/bin/../lib/gcc/xte
nsa-esp-elf/14.2.0/../../../../xtensa-esp-elf/bin/ld.exe: 
.pio/build/custom-st7789-160x128/src/modules/bjs_interpreter/ir_js.cpp.o: 
plugin needed to handle lto object
C:/Users/phamm/.platformio/packages/toolchain-xtensa-esp-elf/bin/../lib/gcc/xte
nsa-esp-elf/14.2.0/../../../../xtensa-esp-elf/bin/ld.exe: 
.pio/build/custom-st7789-160x128/src/modules/bjs_interpreter/ir_js.cpp.o: 
plugin needed to handle lto object
C:/Users/phamm/.platformio/packages/toolchain-xtensa-esp-elf/bin/../lib/gcc/xte
nsa-esp-elf/14.2.0/../../../../xtensa-esp-elf/bin/ld.exe: 
.pio/build/custom-st7789-160x128/src/modules/bjs_interpreter/ir_js.cpp.o and 
.pio/build/custom-st7789-160x128/FrameworkArduinoVariant/variant.cpp.o: 
warning: multiple common of `__gnu_lto_slim'
C:/Users/phamm/.platformio/packages/toolchain-xtensa-esp-elf/bin/../lib/gcc/xte
nsa-esp-elf/14.2.0/../../../../xtensa-esp-elf/bin/ld.exe: .pio/build/custom-st7
789-160x128/src/modules/bjs_interpreter/keyboard_js.cpp.o: plugin needed to 
handle lto object
C:/Users/phamm/.platformio/packages/toolchain-xtensa-esp-elf/bin/../lib/gcc/xte
nsa-esp-elf/14.2.0/../../../../xtensa-esp-elf/bin/ld.exe: .pio/build/custom-st7
789-160x128/src/modules/bjs_interpreter/keyboard_js.cpp.o: plugin needed to 
handle lto object
C:/Users/phamm/.platformio/packages/toolchain-xtensa-esp-elf/bin/../lib/gcc/xte
nsa-esp-elf/14.2.0/../../../../xtensa-esp-elf/bin/ld.exe: 
.pio/build/custom-st7789-160x128/src/modules/bjs_interpreter/keyboard_js.cpp.o 
and .pio/build/custom-st7789-160x128/FrameworkArduinoVariant/variant.cpp.o: 
warning: multiple common of `__gnu_lto_slim'
C:/Users/phamm/.platformio/packages/toolchain-xtensa-esp-elf/bin/../lib/gcc/xte
nsa-esp-elf/14.2.0/../../../../xtensa-esp-elf/bin/ld.exe: 
.pio/build/custom-st7789-160x128/src/modules/bjs_interpreter/led_js.cpp.o: 
plugin needed to handle lto object
C:/Users/phamm/.platformio/packages/toolchain-xtensa-esp-elf/bin/../lib/gcc/xte
nsa-esp-elf/14.2.0/../../../../xtensa-esp-elf/bin/ld.exe: 
.pio/build/custom-st7789-160x128/src/modules/bjs_interpreter/led_js.cpp.o: 
plugin needed to handle lto object
C:/Users/phamm/.platformio/packages/toolchain-xtensa-esp-elf/bin/../lib/gcc/xte
nsa-esp-elf/14.2.0/../../../../xtensa-esp-elf/bin/ld.exe: 
.pio/build/custom-st7789-160x128/src/modules/bjs_interpreter/led_js.cpp.o and 
.pio/build/custom-st7789-160x128/FrameworkArduinoVariant/variant.cpp.o: 
warning: multiple common of `__gnu_lto_slim'
C:/Users/phamm/.platformio/packages/toolchain-xtensa-esp-elf/bin/../lib/gcc/xte
nsa-esp-elf/14.2.0/../../../../xtensa-esp-elf/bin/ld.exe: 
.pio/build/custom-st7789-160x128/src/modules/bjs_interpreter/math_js.cpp.o: 
plugin needed to handle lto object
C:/Users/phamm/.platformio/packages/toolchain-xtensa-esp-elf/bin/../lib/gcc/xte
nsa-esp-elf/14.2.0/../../../../xtensa-esp-elf/bin/ld.exe: 
.pio/build/custom-st7789-160x128/src/modules/bjs_interpreter/math_js.cpp.o: 
plugin needed to handle lto object
C:/Users/phamm/.platformio/packages/toolchain-xtensa-esp-elf/bin/../lib/gcc/xte
nsa-esp-elf/14.2.0/../../../../xtensa-esp-elf/bin/ld.exe: 
.pio/build/custom-st7789-160x128/src/modules/bjs_interpreter/math_js.cpp.o and 
.pio/build/custom-st7789-160x128/FrameworkArduinoVariant/variant.cpp.o: 
warning: multiple common of `__gnu_lto_slim'
C:/Users/phamm/.platformio/packages/toolchain-xtensa-esp-elf/bin/../lib/gcc/xte
nsa-esp-elf/14.2.0/../../../../xtensa-esp-elf/bin/ld.exe: 
.pio/build/custom-st7789-160x128/src/modules/bjs_interpreter/menu_js.cpp.o: 
plugin needed to handle lto object
C:/Users/phamm/.platformio/packages/toolchain-xtensa-esp-elf/bin/../lib/gcc/xte
nsa-esp-elf/14.2.0/../../../../xtensa-esp-elf/bin/ld.exe: 
.pio/build/custom-st7789-160x128/src/modules/bjs_interpreter/menu_js.cpp.o: 
plugin needed to handle lto object
C:/Users/phamm/.platformio/packages/toolchain-xtensa-esp-elf/bin/../lib/gcc/xte
nsa-esp-elf/14.2.0/../../../../xtensa-esp-elf/bin/ld.exe: 
.pio/build/custom-st7789-160x128/src/modules/bjs_interpreter/menu_js.cpp.o and 
.pio/build/custom-st7789-160x128/FrameworkArduinoVariant/variant.cpp.o: 
warning: multiple common of `__gnu_lto_slim'
C:/Users/phamm/.platformio/packages/toolchain-xtensa-esp-elf/bin/../lib/gcc/xte
nsa-esp-elf/14.2.0/../../../../xtensa-esp-elf/bin/ld.exe: 
.pio/build/custom-st7789-160x128/src/modules/bjs_interpreter/mic_js.cpp.o: 
plugin needed to handle lto object
C:/Users/phamm/.platformio/packages/toolchain-xtensa-esp-elf/bin/../lib/gcc/xte
nsa-esp-elf/14.2.0/../../../../xtensa-esp-elf/bin/ld.exe: 
.pio/build/custom-st7789-160x128/src/modules/bjs_interpreter/mic_js.cpp.o: 
plugin needed to handle lto object
C:/Users/phamm/.platformio/packages/toolchain-xtensa-esp-elf/bin/../lib/gcc/xte
nsa-esp-elf/14.2.0/../../../../xtensa-esp-elf/bin/ld.exe: 
.pio/build/custom-st7789-160x128/src/modules/bjs_interpreter/mic_js.cpp.o and 
.pio/build/custom-st7789-160x128/FrameworkArduinoVariant/variant.cpp.o: 
warning: multiple common of `__gnu_lto_slim'
C:/Users/phamm/.platformio/packages/toolchain-xtensa-esp-elf/bin/../lib/gcc/xte
nsa-esp-elf/14.2.0/../../../../xtensa-esp-elf/bin/ld.exe: .pio/build/custom-st7
789-160x128/src/modules/bjs_interpreter/notification_js.cpp.o: plugin needed 
to handle lto object
C:/Users/phamm/.platformio/packages/toolchain-xtensa-esp-elf/bin/../lib/gcc/xte
nsa-esp-elf/14.2.0/../../../../xtensa-esp-elf/bin/ld.exe: .pio/build/custom-st7
789-160x128/src/modules/bjs_interpreter/notification_js.cpp.o: plugin needed 
to handle lto object
C:/Users/phamm/.platformio/packages/toolchain-xtensa-esp-elf/bin/../lib/gcc/xte
nsa-esp-elf/14.2.0/../../../../xtensa-esp-elf/bin/ld.exe: .pio/build/custom-st7
789-160x128/src/modules/bjs_interpreter/notification_js.cpp.o and 
.pio/build/custom-st7789-160x128/FrameworkArduinoVariant/variant.cpp.o: 
warning: multiple common of `__gnu_lto_slim'
C:/Users/phamm/.platformio/packages/toolchain-xtensa-esp-elf/bin/../lib/gcc/xte
nsa-esp-elf/14.2.0/../../../../xtensa-esp-elf/bin/ld.exe: 
.pio/build/custom-st7789-160x128/src/modules/bjs_interpreter/nrf24_js.cpp.o: 
plugin needed to handle lto object
C:/Users/phamm/.platformio/packages/toolchain-xtensa-esp-elf/bin/../lib/gcc/xte
nsa-esp-elf/14.2.0/../../../../xtensa-esp-elf/bin/ld.exe: 
.pio/build/custom-st7789-160x128/src/modules/bjs_interpreter/nrf24_js.cpp.o: 
plugin needed to handle lto object
C:/Users/phamm/.platformio/packages/toolchain-xtensa-esp-elf/bin/../lib/gcc/xte
nsa-esp-elf/14.2.0/../../../../xtensa-esp-elf/bin/ld.exe: 
.pio/build/custom-st7789-160x128/src/modules/bjs_interpreter/nrf24_js.cpp.o 
and .pio/build/custom-st7789-160x128/FrameworkArduinoVariant/variant.cpp.o: 
warning: multiple common of `__gnu_lto_slim'
C:/Users/phamm/.platformio/packages/toolchain-xtensa-esp-elf/bin/../lib/gcc/xte
nsa-esp-elf/14.2.0/../../../../xtensa-esp-elf/bin/ld.exe: 
.pio/build/custom-st7789-160x128/src/modules/bjs_interpreter/rfid_js.cpp.o: 
plugin needed to handle lto object
C:/Users/phamm/.platformio/packages/toolchain-xtensa-esp-elf/bin/../lib/gcc/xte
nsa-esp-elf/14.2.0/../../../../xtensa-esp-elf/bin/ld.exe: 
.pio/build/custom-st7789-160x128/src/modules/bjs_interpreter/rfid_js.cpp.o: 
plugin needed to handle lto object
C:/Users/phamm/.platformio/packages/toolchain-xtensa-esp-elf/bin/../lib/gcc/xte
nsa-esp-elf/14.2.0/../../../../xtensa-esp-elf/bin/ld.exe: 
.pio/build/custom-st7789-160x128/src/modules/bjs_interpreter/rfid_js.cpp.o and 
.pio/build/custom-st7789-160x128/FrameworkArduinoVariant/variant.cpp.o: 
warning: multiple common of `__gnu_lto_slim'
C:/Users/phamm/.platformio/packages/toolchain-xtensa-esp-elf/bin/../lib/gcc/xte
nsa-esp-elf/14.2.0/../../../../xtensa-esp-elf/bin/ld.exe: 
.pio/build/custom-st7789-160x128/src/modules/bjs_interpreter/runtime_js.cpp.o: 
plugin needed to handle lto object
C:/Users/phamm/.platformio/packages/toolchain-xtensa-esp-elf/bin/../lib/gcc/xte
nsa-esp-elf/14.2.0/../../../../xtensa-esp-elf/bin/ld.exe: 
.pio/build/custom-st7789-160x128/src/modules/bjs_interpreter/runtime_js.cpp.o: 
plugin needed to handle lto object
C:/Users/phamm/.platformio/packages/toolchain-xtensa-esp-elf/bin/../lib/gcc/xte
nsa-esp-elf/14.2.0/../../../../xtensa-esp-elf/bin/ld.exe: 
.pio/build/custom-st7789-160x128/src/modules/bjs_interpreter/runtime_js.cpp.o 
and .pio/build/custom-st7789-160x128/FrameworkArduinoVariant/variant.cpp.o: 
warning: multiple common of `__gnu_lto_slim'
C:/Users/phamm/.platformio/packages/toolchain-xtensa-esp-elf/bin/../lib/gcc/xte
nsa-esp-elf/14.2.0/../../../../xtensa-esp-elf/bin/ld.exe: 
.pio/build/custom-st7789-160x128/src/modules/bjs_interpreter/serial_js.cpp.o: 
plugin needed to handle lto object
C:/Users/phamm/.platformio/packages/toolchain-xtensa-esp-elf/bin/../lib/gcc/xte
nsa-esp-elf/14.2.0/../../../../xtensa-esp-elf/bin/ld.exe: 
.pio/build/custom-st7789-160x128/src/modules/bjs_interpreter/serial_js.cpp.o: 
plugin needed to handle lto object
C:/Users/phamm/.platformio/packages/toolchain-xtensa-esp-elf/bin/../lib/gcc/xte
nsa-esp-elf/14.2.0/../../../../xtensa-esp-elf/bin/ld.exe: 
.pio/build/custom-st7789-160x128/src/modules/bjs_interpreter/serial_js.cpp.o 
and .pio/build/custom-st7789-160x128/FrameworkArduinoVariant/variant.cpp.o: 
warning: multiple common of `__gnu_lto_slim'
C:/Users/phamm/.platformio/packages/toolchain-xtensa-esp-elf/bin/../lib/gcc/xte
nsa-esp-elf/14.2.0/../../../../xtensa-esp-elf/bin/ld.exe: 
.pio/build/custom-st7789-160x128/src/modules/bjs_interpreter/storage_js.cpp.o: 
plugin needed to handle lto object
C:/Users/phamm/.platformio/packages/toolchain-xtensa-esp-elf/bin/../lib/gcc/xte
nsa-esp-elf/14.2.0/../../../../xtensa-esp-elf/bin/ld.exe: 
.pio/build/custom-st7789-160x128/src/modules/bjs_interpreter/storage_js.cpp.o: 
plugin needed to handle lto object
C:/Users/phamm/.platformio/packages/toolchain-xtensa-esp-elf/bin/../lib/gcc/xte
nsa-esp-elf/14.2.0/../../../../xtensa-esp-elf/bin/ld.exe: 
.pio/build/custom-st7789-160x128/src/modules/bjs_interpreter/storage_js.cpp.o 
and .pio/build/custom-st7789-160x128/FrameworkArduinoVariant/variant.cpp.o: 
warning: multiple common of `__gnu_lto_slim'
C:/Users/phamm/.platformio/packages/toolchain-xtensa-esp-elf/bin/../lib/gcc/xte
nsa-esp-elf/14.2.0/../../../../xtensa-esp-elf/bin/ld.exe: 
.pio/build/custom-st7789-160x128/src/modules/bjs_interpreter/subghz_js.cpp.o: 
plugin needed to handle lto object
C:/Users/phamm/.platformio/packages/toolchain-xtensa-esp-elf/bin/../lib/gcc/xte
nsa-esp-elf/14.2.0/../../../../xtensa-esp-elf/bin/ld.exe: 
.pio/build/custom-st7789-160x128/src/modules/bjs_interpreter/subghz_js.cpp.o: 
plugin needed to handle lto object
C:/Users/phamm/.platformio/packages/toolchain-xtensa-esp-elf/bin/../lib/gcc/xte
nsa-esp-elf/14.2.0/../../../../xtensa-esp-elf/bin/ld.exe: 
.pio/build/custom-st7789-160x128/src/modules/bjs_interpreter/subghz_js.cpp.o 
and .pio/build/custom-st7789-160x128/FrameworkArduinoVariant/variant.cpp.o: 
warning: multiple common of `__gnu_lto_slim'
C:/Users/phamm/.platformio/packages/toolchain-xtensa-esp-elf/bin/../lib/gcc/xte
nsa-esp-elf/14.2.0/../../../../xtensa-esp-elf/bin/ld.exe: 
.pio/build/custom-st7789-160x128/src/modules/bjs_interpreter/wifi_js.cpp.o: 
plugin needed to handle lto object
C:/Users/phamm/.platformio/packages/toolchain-xtensa-esp-elf/bin/../lib/gcc/xte
nsa-esp-elf/14.2.0/../../../../xtensa-esp-elf/bin/ld.exe: 
.pio/build/custom-st7789-160x128/src/modules/bjs_interpreter/wifi_js.cpp.o: 
plugin needed to handle lto object
C:/Users/phamm/.platformio/packages/toolchain-xtensa-esp-elf/bin/../lib/gcc/xte
nsa-esp-elf/14.2.0/../../../../xtensa-esp-elf/bin/ld.exe: 
.pio/build/custom-st7789-160x128/src/modules/bjs_interpreter/wifi_js.cpp.o and 
.pio/build/custom-st7789-160x128/FrameworkArduinoVariant/variant.cpp.o: 
warning: multiple common of `__gnu_lto_slim'
C:/Users/phamm/.platformio/packages/toolchain-xtensa-esp-elf/bin/../lib/gcc/xte
nsa-esp-elf/14.2.0/../../../../xtensa-esp-elf/bin/ld.exe: 
.pio/build/custom-st7789-160x128/src/modules/ble/BLE_Suite.cpp.o: plugin 
needed to handle lto object
C:/Users/phamm/.platformio/packages/toolchain-xtensa-esp-elf/bin/../lib/gcc/xte
nsa-esp-elf/14.2.0/../../../../xtensa-esp-elf/bin/ld.exe: 
.pio/build/custom-st7789-160x128/src/modules/ble/BLE_Suite.cpp.o: plugin 
needed to handle lto object
C:/Users/phamm/.platformio/packages/toolchain-xtensa-esp-elf/bin/../lib/gcc/xte
nsa-esp-elf/14.2.0/../../../../xtensa-esp-elf/bin/ld.exe: 
.pio/build/custom-st7789-160x128/src/modules/ble/BLE_Suite.cpp.o and 
.pio/build/custom-st7789-160x128/FrameworkArduinoVariant/variant.cpp.o: 
warning: multiple common of `__gnu_lto_slim'
C:/Users/phamm/.platformio/packages/toolchain-xtensa-esp-elf/bin/../lib/gcc/xte
nsa-esp-elf/14.2.0/../../../../xtensa-esp-elf/bin/ld.exe: 
.pio/build/custom-st7789-160x128/src/modules/ble/HFP_Exploit.cpp.o: plugin 
needed to handle lto object
C:/Users/phamm/.platformio/packages/toolchain-xtensa-esp-elf/bin/../lib/gcc/xte
nsa-esp-elf/14.2.0/../../../../xtensa-esp-elf/bin/ld.exe: 
.pio/build/custom-st7789-160x128/src/modules/ble/HFP_Exploit.cpp.o: plugin 
needed to handle lto object
C:/Users/phamm/.platformio/packages/toolchain-xtensa-esp-elf/bin/../lib/gcc/xte
nsa-esp-elf/14.2.0/../../../../xtensa-esp-elf/bin/ld.exe: 
.pio/build/custom-st7789-160x128/src/modules/ble/HFP_Exploit.cpp.o and 
.pio/build/custom-st7789-160x128/FrameworkArduinoVariant/variant.cpp.o: 
warning: multiple common of `__gnu_lto_slim'
C:/Users/phamm/.platformio/packages/toolchain-xtensa-esp-elf/bin/../lib/gcc/xte
nsa-esp-elf/14.2.0/../../../../xtensa-esp-elf/bin/ld.exe: 
.pio/build/custom-st7789-160x128/src/modules/ble/apple_spam.cpp.o: plugin 
needed to handle lto object
C:/Users/phamm/.platformio/packages/toolchain-xtensa-esp-elf/bin/../lib/gcc/xte
nsa-esp-elf/14.2.0/../../../../xtensa-esp-elf/bin/ld.exe: 
.pio/build/custom-st7789-160x128/src/modules/ble/apple_spam.cpp.o: plugin 
needed to handle lto object
C:/Users/phamm/.platformio/packages/toolchain-xtensa-esp-elf/bin/../lib/gcc/xte
nsa-esp-elf/14.2.0/../../../../xtensa-esp-elf/bin/ld.exe: 
.pio/build/custom-st7789-160x128/src/modules/ble/apple_spam.cpp.o and 
.pio/build/custom-st7789-160x128/FrameworkArduinoVariant/variant.cpp.o: 
warning: multiple common of `__gnu_lto_slim'
C:/Users/phamm/.platformio/packages/toolchain-xtensa-esp-elf/bin/../lib/gcc/xte
nsa-esp-elf/14.2.0/../../../../xtensa-esp-elf/bin/ld.exe: 
.pio/build/custom-st7789-160x128/src/modules/ble/ble_common.cpp.o: plugin 
needed to handle lto object
C:/Users/phamm/.platformio/packages/toolchain-xtensa-esp-elf/bin/../lib/gcc/xte
nsa-esp-elf/14.2.0/../../../../xtensa-esp-elf/bin/ld.exe: 
.pio/build/custom-st7789-160x128/src/modules/ble/ble_common.cpp.o: plugin 
needed to handle lto object
C:/Users/phamm/.platformio/packages/toolchain-xtensa-esp-elf/bin/../lib/gcc/xte
nsa-esp-elf/14.2.0/../../../../xtensa-esp-elf/bin/ld.exe: 
.pio/build/custom-st7789-160x128/src/modules/ble/ble_common.cpp.o and 
.pio/build/custom-st7789-160x128/FrameworkArduinoVariant/variant.cpp.o: 
warning: multiple common of `__gnu_lto_slim'
C:/Users/phamm/.platformio/packages/toolchain-xtensa-esp-elf/bin/../lib/gcc/xte
nsa-esp-elf/14.2.0/../../../../xtensa-esp-elf/bin/ld.exe: 
.pio/build/custom-st7789-160x128/src/modules/ble/ble_ninebot.cpp.o: plugin 
needed to handle lto object
C:/Users/phamm/.platformio/packages/toolchain-xtensa-esp-elf/bin/../lib/gcc/xte
nsa-esp-elf/14.2.0/../../../../xtensa-esp-elf/bin/ld.exe: 
.pio/build/custom-st7789-160x128/src/modules/ble/ble_ninebot.cpp.o: plugin 
needed to handle lto object
C:/Users/phamm/.platformio/packages/toolchain-xtensa-esp-elf/bin/../lib/gcc/xte
nsa-esp-elf/14.2.0/../../../../xtensa-esp-elf/bin/ld.exe: 
.pio/build/custom-st7789-160x128/src/modules/ble/ble_ninebot.cpp.o and 
.pio/build/custom-st7789-160x128/FrameworkArduinoVariant/variant.cpp.o: 
warning: multiple common of `__gnu_lto_slim'
C:/Users/phamm/.platformio/packages/toolchain-xtensa-esp-elf/bin/../lib/gcc/xte
nsa-esp-elf/14.2.0/../../../../xtensa-esp-elf/bin/ld.exe: 
.pio/build/custom-st7789-160x128/src/modules/ble/ble_spam.cpp.o: plugin needed 
to handle lto object
C:/Users/phamm/.platformio/packages/toolchain-xtensa-esp-elf/bin/../lib/gcc/xte
nsa-esp-elf/14.2.0/../../../../xtensa-esp-elf/bin/ld.exe: 
.pio/build/custom-st7789-160x128/src/modules/ble/ble_spam.cpp.o: plugin needed 
to handle lto object
C:/Users/phamm/.platformio/packages/toolchain-xtensa-esp-elf/bin/../lib/gcc/xte
nsa-esp-elf/14.2.0/../../../../xtensa-esp-elf/bin/ld.exe: 
.pio/build/custom-st7789-160x128/src/modules/ble/ble_spam.cpp.o and 
.pio/build/custom-st7789-160x128/FrameworkArduinoVariant/variant.cpp.o: 
warning: multiple common of `__gnu_lto_slim'
C:/Users/phamm/.platformio/packages/toolchain-xtensa-esp-elf/bin/../lib/gcc/xte
nsa-esp-elf/14.2.0/../../../../xtensa-esp-elf/bin/ld.exe: 
.pio/build/custom-st7789-160x128/src/modules/ble/fastpair_crypto.cpp.o: plugin 
needed to handle lto object
C:/Users/phamm/.platformio/packages/toolchain-xtensa-esp-elf/bin/../lib/gcc/xte
nsa-esp-elf/14.2.0/../../../../xtensa-esp-elf/bin/ld.exe: 
.pio/build/custom-st7789-160x128/src/modules/ble/fastpair_crypto.cpp.o: plugin 
needed to handle lto object
C:/Users/phamm/.platformio/packages/toolchain-xtensa-esp-elf/bin/../lib/gcc/xte
nsa-esp-elf/14.2.0/../../../../xtensa-esp-elf/bin/ld.exe: 
.pio/build/custom-st7789-160x128/src/modules/ble/fastpair_crypto.cpp.o and 
.pio/build/custom-st7789-160x128/FrameworkArduinoVariant/variant.cpp.o: 
warning: multiple common of `__gnu_lto_slim'
C:/Users/phamm/.platformio/packages/toolchain-xtensa-esp-elf/bin/../lib/gcc/xte
nsa-esp-elf/14.2.0/../../../../xtensa-esp-elf/bin/ld.exe: 
.pio/build/custom-st7789-160x128/src/modules/ble_api/ble_api.cpp.o: plugin 
needed to handle lto object
C:/Users/phamm/.platformio/packages/toolchain-xtensa-esp-elf/bin/../lib/gcc/xte
nsa-esp-elf/14.2.0/../../../../xtensa-esp-elf/bin/ld.exe: 
.pio/build/custom-st7789-160x128/src/modules/ble_api/ble_api.cpp.o: plugin 
needed to handle lto object
C:/Users/phamm/.platformio/packages/toolchain-xtensa-esp-elf/bin/../lib/gcc/xte
nsa-esp-elf/14.2.0/../../../../xtensa-esp-elf/bin/ld.exe: 
.pio/build/custom-st7789-160x128/src/modules/ble_api/ble_api.cpp.o and 
.pio/build/custom-st7789-160x128/FrameworkArduinoVariant/variant.cpp.o: 
warning: multiple common of `__gnu_lto_slim'
C:/Users/phamm/.platformio/packages/toolchain-xtensa-esp-elf/bin/../lib/gcc/xte
nsa-esp-elf/14.2.0/../../../../xtensa-esp-elf/bin/ld.exe: .pio/build/custom-st7
789-160x128/src/modules/ble_api/services/BLESerialService.cpp.o: plugin needed 
to handle lto object
C:/Users/phamm/.platformio/packages/toolchain-xtensa-esp-elf/bin/../lib/gcc/xte
nsa-esp-elf/14.2.0/../../../../xtensa-esp-elf/bin/ld.exe: .pio/build/custom-st7
789-160x128/src/modules/ble_api/services/BLESerialService.cpp.o: plugin needed 
to handle lto object
C:/Users/phamm/.platformio/packages/toolchain-xtensa-esp-elf/bin/../lib/gcc/xte
nsa-esp-elf/14.2.0/../../../../xtensa-esp-elf/bin/ld.exe: .pio/build/custom-st7
789-160x128/src/modules/ble_api/services/BLESerialService.cpp.o and 
.pio/build/custom-st7789-160x128/FrameworkArduinoVariant/variant.cpp.o: 
warning: multiple common of `__gnu_lto_slim'
C:/Users/phamm/.platformio/packages/toolchain-xtensa-esp-elf/bin/../lib/gcc/xte
nsa-esp-elf/14.2.0/../../../../xtensa-esp-elf/bin/ld.exe: .pio/build/custom-st7
789-160x128/src/modules/ble_api/services/BatteryService.cpp.o: plugin needed 
to handle lto object
C:/Users/phamm/.platformio/packages/toolchain-xtensa-esp-elf/bin/../lib/gcc/xte
nsa-esp-elf/14.2.0/../../../../xtensa-esp-elf/bin/ld.exe: .pio/build/custom-st7
789-160x128/src/modules/ble_api/services/BatteryService.cpp.o: plugin needed 
to handle lto object
C:/Users/phamm/.platformio/packages/toolchain-xtensa-esp-elf/bin/../lib/gcc/xte
nsa-esp-elf/14.2.0/../../../../xtensa-esp-elf/bin/ld.exe: .pio/build/custom-st7
789-160x128/src/modules/ble_api/services/BatteryService.cpp.o and 
.pio/build/custom-st7789-160x128/FrameworkArduinoVariant/variant.cpp.o: 
warning: multiple common of `__gnu_lto_slim'
C:/Users/phamm/.platformio/packages/toolchain-xtensa-esp-elf/bin/../lib/gcc/xte
nsa-esp-elf/14.2.0/../../../../xtensa-esp-elf/bin/ld.exe: 
.pio/build/custom-st7789-160x128/src/modules/ethernet/ARPScanner.cpp.o: plugin 
needed to handle lto object
C:/Users/phamm/.platformio/packages/toolchain-xtensa-esp-elf/bin/../lib/gcc/xte
nsa-esp-elf/14.2.0/../../../../xtensa-esp-elf/bin/ld.exe: 
.pio/build/custom-st7789-160x128/src/modules/ethernet/ARPScanner.cpp.o: plugin 
needed to handle lto object
C:/Users/phamm/.platformio/packages/toolchain-xtensa-esp-elf/bin/../lib/gcc/xte
nsa-esp-elf/14.2.0/../../../../xtensa-esp-elf/bin/ld.exe: 
.pio/build/custom-st7789-160x128/src/modules/ethernet/ARPScanner.cpp.o and 
.pio/build/custom-st7789-160x128/FrameworkArduinoVariant/variant.cpp.o: 
warning: multiple common of `__gnu_lto_slim'
C:/Users/phamm/.platformio/packages/toolchain-xtensa-esp-elf/bin/../lib/gcc/xte
nsa-esp-elf/14.2.0/../../../../xtensa-esp-elf/bin/ld.exe: 
.pio/build/custom-st7789-160x128/src/modules/ethernet/ARPSpoofer.cpp.o: plugin 
needed to handle lto object
C:/Users/phamm/.platformio/packages/toolchain-xtensa-esp-elf/bin/../lib/gcc/xte
nsa-esp-elf/14.2.0/../../../../xtensa-esp-elf/bin/ld.exe: 
.pio/build/custom-st7789-160x128/src/modules/ethernet/ARPSpoofer.cpp.o: plugin 
needed to handle lto object
C:/Users/phamm/.platformio/packages/toolchain-xtensa-esp-elf/bin/../lib/gcc/xte
nsa-esp-elf/14.2.0/../../../../xtensa-esp-elf/bin/ld.exe: 
.pio/build/custom-st7789-160x128/src/modules/ethernet/ARPSpoofer.cpp.o and 
.pio/build/custom-st7789-160x128/FrameworkArduinoVariant/variant.cpp.o: 
warning: multiple common of `__gnu_lto_slim'
C:/Users/phamm/.platformio/packages/toolchain-xtensa-esp-elf/bin/../lib/gcc/xte
nsa-esp-elf/14.2.0/../../../../xtensa-esp-elf/bin/ld.exe: 
.pio/build/custom-st7789-160x128/src/modules/ethernet/ARPoisoner.cpp.o: plugin 
needed to handle lto object
C:/Users/phamm/.platformio/packages/toolchain-xtensa-esp-elf/bin/../lib/gcc/xte
nsa-esp-elf/14.2.0/../../../../xtensa-esp-elf/bin/ld.exe: 
.pio/build/custom-st7789-160x128/src/modules/ethernet/ARPoisoner.cpp.o: plugin 
needed to handle lto object
C:/Users/phamm/.platformio/packages/toolchain-xtensa-esp-elf/bin/../lib/gcc/xte
nsa-esp-elf/14.2.0/../../../../xtensa-esp-elf/bin/ld.exe: 
.pio/build/custom-st7789-160x128/src/modules/ethernet/ARPoisoner.cpp.o and 
.pio/build/custom-st7789-160x128/FrameworkArduinoVariant/variant.cpp.o: 
warning: multiple common of `__gnu_lto_slim'
C:/Users/phamm/.platformio/packages/toolchain-xtensa-esp-elf/bin/../lib/gcc/xte
nsa-esp-elf/14.2.0/../../../../xtensa-esp-elf/bin/ld.exe: 
.pio/build/custom-st7789-160x128/src/modules/ethernet/DHCPStarvation.cpp.o: 
plugin needed to handle lto object
C:/Users/phamm/.platformio/packages/toolchain-xtensa-esp-elf/bin/../lib/gcc/xte
nsa-esp-elf/14.2.0/../../../../xtensa-esp-elf/bin/ld.exe: 
.pio/build/custom-st7789-160x128/src/modules/ethernet/DHCPStarvation.cpp.o: 
plugin needed to handle lto object
C:/Users/phamm/.platformio/packages/toolchain-xtensa-esp-elf/bin/../lib/gcc/xte
nsa-esp-elf/14.2.0/../../../../xtensa-esp-elf/bin/ld.exe: 
.pio/build/custom-st7789-160x128/src/modules/ethernet/DHCPStarvation.cpp.o and 
.pio/build/custom-st7789-160x128/FrameworkArduinoVariant/variant.cpp.o: 
warning: multiple common of `__gnu_lto_slim'
C:/Users/phamm/.platformio/packages/toolchain-xtensa-esp-elf/bin/../lib/gcc/xte
nsa-esp-elf/14.2.0/../../../../xtensa-esp-elf/bin/ld.exe: .pio/build/custom-st7
789-160x128/src/modules/ethernet/ESPNetifEthernetClient.cpp.o: plugin needed 
to handle lto object
C:/Users/phamm/.platformio/packages/toolchain-xtensa-esp-elf/bin/../lib/gcc/xte
nsa-esp-elf/14.2.0/../../../../xtensa-esp-elf/bin/ld.exe: .pio/build/custom-st7
789-160x128/src/modules/ethernet/ESPNetifEthernetClient.cpp.o: plugin needed 
to handle lto object
C:/Users/phamm/.platformio/packages/toolchain-xtensa-esp-elf/bin/../lib/gcc/xte
nsa-esp-elf/14.2.0/../../../../xtensa-esp-elf/bin/ld.exe: .pio/build/custom-st7
789-160x128/src/modules/ethernet/ESPNetifEthernetClient.cpp.o and 
.pio/build/custom-st7789-160x128/FrameworkArduinoVariant/variant.cpp.o: 
warning: multiple common of `__gnu_lto_slim'
C:/Users/phamm/.platformio/packages/toolchain-xtensa-esp-elf/bin/../lib/gcc/xte
nsa-esp-elf/14.2.0/../../../../xtensa-esp-elf/bin/ld.exe: 
.pio/build/custom-st7789-160x128/src/modules/ethernet/EthernetHelper.cpp.o: 
plugin needed to handle lto object
C:/Users/phamm/.platformio/packages/toolchain-xtensa-esp-elf/bin/../lib/gcc/xte
nsa-esp-elf/14.2.0/../../../../xtensa-esp-elf/bin/ld.exe: 
.pio/build/custom-st7789-160x128/src/modules/ethernet/EthernetHelper.cpp.o: 
plugin needed to handle lto object
C:/Users/phamm/.platformio/packages/toolchain-xtensa-esp-elf/bin/../lib/gcc/xte
nsa-esp-elf/14.2.0/../../../../xtensa-esp-elf/bin/ld.exe: 
.pio/build/custom-st7789-160x128/src/modules/ethernet/EthernetHelper.cpp.o and 
.pio/build/custom-st7789-160x128/FrameworkArduinoVariant/variant.cpp.o: 
warning: multiple common of `__gnu_lto_slim'
C:/Users/phamm/.platformio/packages/toolchain-xtensa-esp-elf/bin/../lib/gcc/xte
nsa-esp-elf/14.2.0/../../../../xtensa-esp-elf/bin/ld.exe: 
.pio/build/custom-st7789-160x128/src/modules/ethernet/HostInfo.cpp.o: plugin 
needed to handle lto object
C:/Users/phamm/.platformio/packages/toolchain-xtensa-esp-elf/bin/../lib/gcc/xte
nsa-esp-elf/14.2.0/../../../../xtensa-esp-elf/bin/ld.exe: 
.pio/build/custom-st7789-160x128/src/modules/ethernet/HostInfo.cpp.o: plugin 
needed to handle lto object
C:/Users/phamm/.platformio/packages/toolchain-xtensa-esp-elf/bin/../lib/gcc/xte
nsa-esp-elf/14.2.0/../../../../xtensa-esp-elf/bin/ld.exe: 
.pio/build/custom-st7789-160x128/src/modules/ethernet/HostInfo.cpp.o and 
.pio/build/custom-st7789-160x128/FrameworkArduinoVariant/variant.cpp.o: 
warning: multiple common of `__gnu_lto_slim'
C:/Users/phamm/.platformio/packages/toolchain-xtensa-esp-elf/bin/../lib/gcc/xte
nsa-esp-elf/14.2.0/../../../../xtensa-esp-elf/bin/ld.exe: 
.pio/build/custom-st7789-160x128/src/modules/ethernet/MACFlooding.cpp.o: 
plugin needed to handle lto object
C:/Users/phamm/.platformio/packages/toolchain-xtensa-esp-elf/bin/../lib/gcc/xte
nsa-esp-elf/14.2.0/../../../../xtensa-esp-elf/bin/ld.exe: 
.pio/build/custom-st7789-160x128/src/modules/ethernet/MACFlooding.cpp.o: 
plugin needed to handle lto object
C:/Users/phamm/.platformio/packages/toolchain-xtensa-esp-elf/bin/../lib/gcc/xte
nsa-esp-elf/14.2.0/../../../../xtensa-esp-elf/bin/ld.exe: 
.pio/build/custom-st7789-160x128/src/modules/ethernet/MACFlooding.cpp.o and 
.pio/build/custom-st7789-160x128/FrameworkArduinoVariant/variant.cpp.o: 
warning: multiple common of `__gnu_lto_slim'
C:/Users/phamm/.platformio/packages/toolchain-xtensa-esp-elf/bin/../lib/gcc/xte
nsa-esp-elf/14.2.0/../../../../xtensa-esp-elf/bin/ld.exe: 
.pio/build/custom-st7789-160x128/src/modules/fm/fm.cpp.o: plugin needed to 
handle lto object
C:/Users/phamm/.platformio/packages/toolchain-xtensa-esp-elf/bin/../lib/gcc/xte
nsa-esp-elf/14.2.0/../../../../xtensa-esp-elf/bin/ld.exe: 
.pio/build/custom-st7789-160x128/src/modules/fm/fm.cpp.o: plugin needed to 
handle lto object
C:/Users/phamm/.platformio/packages/toolchain-xtensa-esp-elf/bin/../lib/gcc/xte
nsa-esp-elf/14.2.0/../../../../xtensa-esp-elf/bin/ld.exe: 
.pio/build/custom-st7789-160x128/src/modules/fm/fm.cpp.o and 
.pio/build/custom-st7789-160x128/FrameworkArduinoVariant/variant.cpp.o: 
warning: multiple common of `__gnu_lto_slim'
C:/Users/phamm/.platformio/packages/toolchain-xtensa-esp-elf/bin/../lib/gcc/xte
nsa-esp-elf/14.2.0/../../../../xtensa-esp-elf/bin/ld.exe: 
.pio/build/custom-st7789-160x128/src/modules/lora/LoRaRF.cpp.o: plugin needed 
to handle lto object
C:/Users/phamm/.platformio/packages/toolchain-xtensa-esp-elf/bin/../lib/gcc/xte
nsa-esp-elf/14.2.0/../../../../xtensa-esp-elf/bin/ld.exe: 
.pio/build/custom-st7789-160x128/src/modules/lora/LoRaRF.cpp.o: plugin needed 
to handle lto object
C:/Users/phamm/.platformio/packages/toolchain-xtensa-esp-elf/bin/../lib/gcc/xte
nsa-esp-elf/14.2.0/../../../../xtensa-esp-elf/bin/ld.exe: 
.pio/build/custom-st7789-160x128/src/modules/lora/LoRaRF.cpp.o and 
.pio/build/custom-st7789-160x128/FrameworkArduinoVariant/variant.cpp.o: 
warning: multiple common of `__gnu_lto_slim'
C:/Users/phamm/.platformio/packages/toolchain-xtensa-esp-elf/bin/../lib/gcc/xte
nsa-esp-elf/14.2.0/../../../../xtensa-esp-elf/bin/ld.exe: 
.pio/build/custom-st7789-160x128/src/modules/others/audio.cpp.o: plugin needed 
to handle lto object
C:/Users/phamm/.platformio/packages/toolchain-xtensa-esp-elf/bin/../lib/gcc/xte
nsa-esp-elf/14.2.0/../../../../xtensa-esp-elf/bin/ld.exe: 
.pio/build/custom-st7789-160x128/src/modules/others/audio.cpp.o: plugin needed 
to handle lto object
C:/Users/phamm/.platformio/packages/toolchain-xtensa-esp-elf/bin/../lib/gcc/xte
nsa-esp-elf/14.2.0/../../../../xtensa-esp-elf/bin/ld.exe: 
.pio/build/custom-st7789-160x128/src/modules/others/audio.cpp.o and 
.pio/build/custom-st7789-160x128/FrameworkArduinoVariant/variant.cpp.o: 
warning: multiple common of `__gnu_lto_slim'
C:/Users/phamm/.platformio/packages/toolchain-xtensa-esp-elf/bin/../lib/gcc/xte
nsa-esp-elf/14.2.0/../../../../xtensa-esp-elf/bin/ld.exe: 
.pio/build/custom-st7789-160x128/src/modules/others/audio_player.cpp.o: plugin 
needed to handle lto object
C:/Users/phamm/.platformio/packages/toolchain-xtensa-esp-elf/bin/../lib/gcc/xte
nsa-esp-elf/14.2.0/../../../../xtensa-esp-elf/bin/ld.exe: 
.pio/build/custom-st7789-160x128/src/modules/others/audio_player.cpp.o: plugin 
needed to handle lto object
C:/Users/phamm/.platformio/packages/toolchain-xtensa-esp-elf/bin/../lib/gcc/xte
nsa-esp-elf/14.2.0/../../../../xtensa-esp-elf/bin/ld.exe: 
.pio/build/custom-st7789-160x128/src/modules/others/audio_player.cpp.o and 
.pio/build/custom-st7789-160x128/FrameworkArduinoVariant/variant.cpp.o: 
warning: multiple common of `__gnu_lto_slim'
C:/Users/phamm/.platformio/packages/toolchain-xtensa-esp-elf/bin/../lib/gcc/xte
nsa-esp-elf/14.2.0/../../../../xtensa-esp-elf/bin/ld.exe: 
.pio/build/custom-st7789-160x128/src/modules/others/clicker.cpp.o: plugin 
needed to handle lto object
C:/Users/phamm/.platformio/packages/toolchain-xtensa-esp-elf/bin/../lib/gcc/xte
nsa-esp-elf/14.2.0/../../../../xtensa-esp-elf/bin/ld.exe: 
.pio/build/custom-st7789-160x128/src/modules/others/clicker.cpp.o: plugin 
needed to handle lto object
C:/Users/phamm/.platformio/packages/toolchain-xtensa-esp-elf/bin/../lib/gcc/xte
nsa-esp-elf/14.2.0/../../../../xtensa-esp-elf/bin/ld.exe: 
.pio/build/custom-st7789-160x128/src/modules/others/clicker.cpp.o and 
.pio/build/custom-st7789-160x128/FrameworkArduinoVariant/variant.cpp.o: 
warning: multiple common of `__gnu_lto_slim'
C:/Users/phamm/.platformio/packages/toolchain-xtensa-esp-elf/bin/../lib/gcc/xte
nsa-esp-elf/14.2.0/../../../../xtensa-esp-elf/bin/ld.exe: 
.pio/build/custom-st7789-160x128/src/modules/others/ibutton.cpp.o: plugin 
needed to handle lto object
C:/Users/phamm/.platformio/packages/toolchain-xtensa-esp-elf/bin/../lib/gcc/xte
nsa-esp-elf/14.2.0/../../../../xtensa-esp-elf/bin/ld.exe: 
.pio/build/custom-st7789-160x128/src/modules/others/ibutton.cpp.o: plugin 
needed to handle lto object
C:/Users/phamm/.platformio/packages/toolchain-xtensa-esp-elf/bin/../lib/gcc/xte
nsa-esp-elf/14.2.0/../../../../xtensa-esp-elf/bin/ld.exe: 
.pio/build/custom-st7789-160x128/src/modules/others/ibutton.cpp.o and 
.pio/build/custom-st7789-160x128/FrameworkArduinoVariant/variant.cpp.o: 
warning: multiple common of `__gnu_lto_slim'
C:/Users/phamm/.platformio/packages/toolchain-xtensa-esp-elf/bin/../lib/gcc/xte
nsa-esp-elf/14.2.0/../../../../xtensa-esp-elf/bin/ld.exe: 
.pio/build/custom-st7789-160x128/src/modules/others/mic.cpp.o: plugin needed 
to handle lto object
C:/Users/phamm/.platformio/packages/toolchain-xtensa-esp-elf/bin/../lib/gcc/xte
nsa-esp-elf/14.2.0/../../../../xtensa-esp-elf/bin/ld.exe: 
.pio/build/custom-st7789-160x128/src/modules/others/mic.cpp.o: plugin needed 
to handle lto object
C:/Users/phamm/.platformio/packages/toolchain-xtensa-esp-elf/bin/../lib/gcc/xte
nsa-esp-elf/14.2.0/../../../../xtensa-esp-elf/bin/ld.exe: 
.pio/build/custom-st7789-160x128/src/modules/others/mic.cpp.o and 
.pio/build/custom-st7789-160x128/FrameworkArduinoVariant/variant.cpp.o: 
warning: multiple common of `__gnu_lto_slim'
C:/Users/phamm/.platformio/packages/toolchain-xtensa-esp-elf/bin/../lib/gcc/xte
nsa-esp-elf/14.2.0/../../../../xtensa-esp-elf/bin/ld.exe: 
.pio/build/custom-st7789-160x128/src/modules/others/qrcode_menu.cpp.o: plugin 
needed to handle lto object
C:/Users/phamm/.platformio/packages/toolchain-xtensa-esp-elf/bin/../lib/gcc/xte
nsa-esp-elf/14.2.0/../../../../xtensa-esp-elf/bin/ld.exe: 
.pio/build/custom-st7789-160x128/src/modules/others/qrcode_menu.cpp.o: plugin 
needed to handle lto object
C:/Users/phamm/.platformio/packages/toolchain-xtensa-esp-elf/bin/../lib/gcc/xte
nsa-esp-elf/14.2.0/../../../../xtensa-esp-elf/bin/ld.exe: 
.pio/build/custom-st7789-160x128/src/modules/others/qrcode_menu.cpp.o and 
.pio/build/custom-st7789-160x128/FrameworkArduinoVariant/variant.cpp.o: 
warning: multiple common of `__gnu_lto_slim'
C:/Users/phamm/.platformio/packages/toolchain-xtensa-esp-elf/bin/../lib/gcc/xte
nsa-esp-elf/14.2.0/../../../../xtensa-esp-elf/bin/ld.exe: 
.pio/build/custom-st7789-160x128/src/modules/others/timer.cpp.o: plugin needed 
to handle lto object
C:/Users/phamm/.platformio/packages/toolchain-xtensa-esp-elf/bin/../lib/gcc/xte
nsa-esp-elf/14.2.0/../../../../xtensa-esp-elf/bin/ld.exe: 
.pio/build/custom-st7789-160x128/src/modules/others/timer.cpp.o: plugin needed 
to handle lto object
C:/Users/phamm/.platformio/packages/toolchain-xtensa-esp-elf/bin/../lib/gcc/xte
nsa-esp-elf/14.2.0/../../../../xtensa-esp-elf/bin/ld.exe: 
.pio/build/custom-st7789-160x128/src/modules/others/timer.cpp.o and 
.pio/build/custom-st7789-160x128/FrameworkArduinoVariant/variant.cpp.o: 
warning: multiple common of `__gnu_lto_slim'
C:/Users/phamm/.platformio/packages/toolchain-xtensa-esp-elf/bin/../lib/gcc/xte
nsa-esp-elf/14.2.0/../../../../xtensa-esp-elf/bin/ld.exe: 
.pio/build/custom-st7789-160x128/src/modules/others/tururururu.cpp.o: plugin 
needed to handle lto object
C:/Users/phamm/.platformio/packages/toolchain-xtensa-esp-elf/bin/../lib/gcc/xte
nsa-esp-elf/14.2.0/../../../../xtensa-esp-elf/bin/ld.exe: 
.pio/build/custom-st7789-160x128/src/modules/others/tururururu.cpp.o: plugin 
needed to handle lto object
C:/Users/phamm/.platformio/packages/toolchain-xtensa-esp-elf/bin/../lib/gcc/xte
nsa-esp-elf/14.2.0/../../../../xtensa-esp-elf/bin/ld.exe: 
.pio/build/custom-st7789-160x128/src/modules/others/tururururu.cpp.o and 
.pio/build/custom-st7789-160x128/FrameworkArduinoVariant/variant.cpp.o: 
warning: multiple common of `__gnu_lto_slim'
C:/Users/phamm/.platformio/packages/toolchain-xtensa-esp-elf/bin/../lib/gcc/xte
nsa-esp-elf/14.2.0/../../../../xtensa-esp-elf/bin/ld.exe: 
.pio/build/custom-st7789-160x128/src/modules/others/u2f.cpp.o: plugin needed 
to handle lto object
C:/Users/phamm/.platformio/packages/toolchain-xtensa-esp-elf/bin/../lib/gcc/xte
nsa-esp-elf/14.2.0/../../../../xtensa-esp-elf/bin/ld.exe: 
.pio/build/custom-st7789-160x128/src/modules/others/u2f.cpp.o: plugin needed 
to handle lto object
C:/Users/phamm/.platformio/packages/toolchain-xtensa-esp-elf/bin/../lib/gcc/xte
nsa-esp-elf/14.2.0/../../../../xtensa-esp-elf/bin/ld.exe: 
.pio/build/custom-st7789-160x128/src/modules/others/u2f.cpp.o and 
.pio/build/custom-st7789-160x128/FrameworkArduinoVariant/variant.cpp.o: 
warning: multiple common of `__gnu_lto_slim'
C:/Users/phamm/.platformio/packages/toolchain-xtensa-esp-elf/bin/../lib/gcc/xte
nsa-esp-elf/14.2.0/../../../../xtensa-esp-elf/bin/ld.exe: 
.pio/build/custom-st7789-160x128/src/modules/pwnagotchi/mood.cpp.o: plugin 
needed to handle lto object
C:/Users/phamm/.platformio/packages/toolchain-xtensa-esp-elf/bin/../lib/gcc/xte
nsa-esp-elf/14.2.0/../../../../xtensa-esp-elf/bin/ld.exe: 
.pio/build/custom-st7789-160x128/src/modules/pwnagotchi/mood.cpp.o: plugin 
needed to handle lto object
C:/Users/phamm/.platformio/packages/toolchain-xtensa-esp-elf/bin/../lib/gcc/xte
nsa-esp-elf/14.2.0/../../../../xtensa-esp-elf/bin/ld.exe: 
.pio/build/custom-st7789-160x128/src/modules/pwnagotchi/mood.cpp.o and 
.pio/build/custom-st7789-160x128/FrameworkArduinoVariant/variant.cpp.o: 
warning: multiple common of `__gnu_lto_slim'
C:/Users/phamm/.platformio/packages/toolchain-xtensa-esp-elf/bin/../lib/gcc/xte
nsa-esp-elf/14.2.0/../../../../xtensa-esp-elf/bin/ld.exe: 
.pio/build/custom-st7789-160x128/src/modules/pwnagotchi/pwnagotchi.cpp.o: 
plugin needed to handle lto object
C:/Users/phamm/.platformio/packages/toolchain-xtensa-esp-elf/bin/../lib/gcc/xte
nsa-esp-elf/14.2.0/../../../../xtensa-esp-elf/bin/ld.exe: 
.pio/build/custom-st7789-160x128/src/modules/pwnagotchi/pwnagotchi.cpp.o: 
plugin needed to handle lto object
C:/Users/phamm/.platformio/packages/toolchain-xtensa-esp-elf/bin/../lib/gcc/xte
nsa-esp-elf/14.2.0/../../../../xtensa-esp-elf/bin/ld.exe: 
.pio/build/custom-st7789-160x128/src/modules/pwnagotchi/pwnagotchi.cpp.o and 
.pio/build/custom-st7789-160x128/FrameworkArduinoVariant/variant.cpp.o: 
warning: multiple common of `__gnu_lto_slim'
C:/Users/phamm/.platformio/packages/toolchain-xtensa-esp-elf/bin/../lib/gcc/xte
nsa-esp-elf/14.2.0/../../../../xtensa-esp-elf/bin/ld.exe: 
.pio/build/custom-st7789-160x128/src/modules/pwnagotchi/pwngrid.cpp.o: plugin 
needed to handle lto object
C:/Users/phamm/.platformio/packages/toolchain-xtensa-esp-elf/bin/../lib/gcc/xte
nsa-esp-elf/14.2.0/../../../../xtensa-esp-elf/bin/ld.exe: 
.pio/build/custom-st7789-160x128/src/modules/pwnagotchi/pwngrid.cpp.o: plugin 
needed to handle lto object
C:/Users/phamm/.platformio/packages/toolchain-xtensa-esp-elf/bin/../lib/gcc/xte
nsa-esp-elf/14.2.0/../../../../xtensa-esp-elf/bin/ld.exe: 
.pio/build/custom-st7789-160x128/src/modules/pwnagotchi/pwngrid.cpp.o and 
.pio/build/custom-st7789-160x128/FrameworkArduinoVariant/variant.cpp.o: 
warning: multiple common of `__gnu_lto_slim'
C:/Users/phamm/.platformio/packages/toolchain-xtensa-esp-elf/bin/../lib/gcc/xte
nsa-esp-elf/14.2.0/../../../../xtensa-esp-elf/bin/ld.exe: 
.pio/build/custom-st7789-160x128/src/modules/pwnagotchi/spam.cpp.o: plugin 
needed to handle lto object
C:/Users/phamm/.platformio/packages/toolchain-xtensa-esp-elf/bin/../lib/gcc/xte
nsa-esp-elf/14.2.0/../../../../xtensa-esp-elf/bin/ld.exe: 
.pio/build/custom-st7789-160x128/src/modules/pwnagotchi/spam.cpp.o: plugin 
needed to handle lto object
C:/Users/phamm/.platformio/packages/toolchain-xtensa-esp-elf/bin/../lib/gcc/xte
nsa-esp-elf/14.2.0/../../../../xtensa-esp-elf/bin/ld.exe: 
.pio/build/custom-st7789-160x128/src/modules/pwnagotchi/spam.cpp.o and 
.pio/build/custom-st7789-160x128/FrameworkArduinoVariant/variant.cpp.o: 
warning: multiple common of `__gnu_lto_slim'
C:/Users/phamm/.platformio/packages/toolchain-xtensa-esp-elf/bin/../lib/gcc/xte
nsa-esp-elf/14.2.0/../../../../xtensa-esp-elf/bin/ld.exe: 
.pio/build/custom-st7789-160x128/src/modules/pwnagotchi/ui.cpp.o: plugin 
needed to handle lto object
C:/Users/phamm/.platformio/packages/toolchain-xtensa-esp-elf/bin/../lib/gcc/xte
nsa-esp-elf/14.2.0/../../../../xtensa-esp-elf/bin/ld.exe: 
.pio/build/custom-st7789-160x128/src/modules/pwnagotchi/ui.cpp.o: plugin 
needed to handle lto object
C:/Users/phamm/.platformio/packages/toolchain-xtensa-esp-elf/bin/../lib/gcc/xte
nsa-esp-elf/14.2.0/../../../../xtensa-esp-elf/bin/ld.exe: 
.pio/build/custom-st7789-160x128/src/modules/pwnagotchi/ui.cpp.o and 
.pio/build/custom-st7789-160x128/FrameworkArduinoVariant/variant.cpp.o: 
warning: multiple common of `__gnu_lto_slim'
C:/Users/phamm/.platformio/packages/toolchain-xtensa-esp-elf/bin/../lib/gcc/xte
nsa-esp-elf/14.2.0/../../../../xtensa-esp-elf/bin/ld.exe: 
.pio/build/custom-st7789-160x128/src/modules/reverseShell/reverseShell.cpp.o: 
plugin needed to handle lto object
C:/Users/phamm/.platformio/packages/toolchain-xtensa-esp-elf/bin/../lib/gcc/xte
nsa-esp-elf/14.2.0/../../../../xtensa-esp-elf/bin/ld.exe: 
.pio/build/custom-st7789-160x128/src/modules/reverseShell/reverseShell.cpp.o: 
plugin needed to handle lto object
C:/Users/phamm/.platformio/packages/toolchain-xtensa-esp-elf/bin/../lib/gcc/xte
nsa-esp-elf/14.2.0/../../../../xtensa-esp-elf/bin/ld.exe: 
.pio/build/custom-st7789-160x128/src/modules/reverseShell/reverseShell.cpp.o 
and .pio/build/custom-st7789-160x128/FrameworkArduinoVariant/variant.cpp.o: 
warning: multiple common of `__gnu_lto_slim'
C:/Users/phamm/.platformio/packages/toolchain-xtensa-esp-elf/bin/../lib/gcc/xte
nsa-esp-elf/14.2.0/../../../../xtensa-esp-elf/bin/ld.exe: 
.pio/build/custom-st7789-160x128/src/modules/rf/emit.cpp.o: plugin needed to 
handle lto object
C:/Users/phamm/.platformio/packages/toolchain-xtensa-esp-elf/bin/../lib/gcc/xte
nsa-esp-elf/14.2.0/../../../../xtensa-esp-elf/bin/ld.exe: 
.pio/build/custom-st7789-160x128/src/modules/rf/emit.cpp.o: plugin needed to 
handle lto object
C:/Users/phamm/.platformio/packages/toolchain-xtensa-esp-elf/bin/../lib/gcc/xte
nsa-esp-elf/14.2.0/../../../../xtensa-esp-elf/bin/ld.exe: 
.pio/build/custom-st7789-160x128/src/modules/rf/emit.cpp.o and 
.pio/build/custom-st7789-160x128/FrameworkArduinoVariant/variant.cpp.o: 
warning: multiple common of `__gnu_lto_slim'
C:/Users/phamm/.platformio/packages/toolchain-xtensa-esp-elf/bin/../lib/gcc/xte
nsa-esp-elf/14.2.0/../../../../xtensa-esp-elf/bin/ld.exe: 
.pio/build/custom-st7789-160x128/src/modules/rf/record.cpp.o: plugin needed to 
handle lto object
C:/Users/phamm/.platformio/packages/toolchain-xtensa-esp-elf/bin/../lib/gcc/xte
nsa-esp-elf/14.2.0/../../../../xtensa-esp-elf/bin/ld.exe: 
.pio/build/custom-st7789-160x128/src/modules/rf/record.cpp.o: plugin needed to 
handle lto object
C:/Users/phamm/.platformio/packages/toolchain-xtensa-esp-elf/bin/../lib/gcc/xte
nsa-esp-elf/14.2.0/../../../../xtensa-esp-elf/bin/ld.exe: 
.pio/build/custom-st7789-160x128/src/modules/rf/record.cpp.o and 
.pio/build/custom-st7789-160x128/FrameworkArduinoVariant/variant.cpp.o: 
warning: multiple common of `__gnu_lto_slim'
C:/Users/phamm/.platformio/packages/toolchain-xtensa-esp-elf/bin/../lib/gcc/xte
nsa-esp-elf/14.2.0/../../../../xtensa-esp-elf/bin/ld.exe: 
.pio/build/custom-st7789-160x128/src/modules/rf/rf_bruteforce.cpp.o: plugin 
needed to handle lto object
C:/Users/phamm/.platformio/packages/toolchain-xtensa-esp-elf/bin/../lib/gcc/xte
nsa-esp-elf/14.2.0/../../../../xtensa-esp-elf/bin/ld.exe: 
.pio/build/custom-st7789-160x128/src/modules/rf/rf_bruteforce.cpp.o: plugin 
needed to handle lto object
C:/Users/phamm/.platformio/packages/toolchain-xtensa-esp-elf/bin/../lib/gcc/xte
nsa-esp-elf/14.2.0/../../../../xtensa-esp-elf/bin/ld.exe: 
.pio/build/custom-st7789-160x128/src/modules/rf/rf_bruteforce.cpp.o and 
.pio/build/custom-st7789-160x128/FrameworkArduinoVariant/variant.cpp.o: 
warning: multiple common of `__gnu_lto_slim'
C:/Users/phamm/.platformio/packages/toolchain-xtensa-esp-elf/bin/../lib/gcc/xte
nsa-esp-elf/14.2.0/../../../../xtensa-esp-elf/bin/ld.exe: 
.pio/build/custom-st7789-160x128/src/modules/rf/rf_jammer.cpp.o: plugin needed 
to handle lto object
C:/Users/phamm/.platformio/packages/toolchain-xtensa-esp-elf/bin/../lib/gcc/xte
nsa-esp-elf/14.2.0/../../../../xtensa-esp-elf/bin/ld.exe: 
.pio/build/custom-st7789-160x128/src/modules/rf/rf_jammer.cpp.o: plugin needed 
to handle lto object
C:/Users/phamm/.platformio/packages/toolchain-xtensa-esp-elf/bin/../lib/gcc/xte
nsa-esp-elf/14.2.0/../../../../xtensa-esp-elf/bin/ld.exe: 
.pio/build/custom-st7789-160x128/src/modules/rf/rf_jammer.cpp.o and 
.pio/build/custom-st7789-160x128/FrameworkArduinoVariant/variant.cpp.o: 
warning: multiple common of `__gnu_lto_slim'
C:/Users/phamm/.platformio/packages/toolchain-xtensa-esp-elf/bin/../lib/gcc/xte
nsa-esp-elf/14.2.0/../../../../xtensa-esp-elf/bin/ld.exe: 
.pio/build/custom-st7789-160x128/src/modules/rf/rf_listen.cpp.o: plugin needed 
to handle lto object
C:/Users/phamm/.platformio/packages/toolchain-xtensa-esp-elf/bin/../lib/gcc/xte
nsa-esp-elf/14.2.0/../../../../xtensa-esp-elf/bin/ld.exe: 
.pio/build/custom-st7789-160x128/src/modules/rf/rf_listen.cpp.o: plugin needed 
to handle lto object
C:/Users/phamm/.platformio/packages/toolchain-xtensa-esp-elf/bin/../lib/gcc/xte
nsa-esp-elf/14.2.0/../../../../xtensa-esp-elf/bin/ld.exe: 
.pio/build/custom-st7789-160x128/src/modules/rf/rf_listen.cpp.o and 
.pio/build/custom-st7789-160x128/FrameworkArduinoVariant/variant.cpp.o: 
warning: multiple common of `__gnu_lto_slim'
C:/Users/phamm/.platformio/packages/toolchain-xtensa-esp-elf/bin/../lib/gcc/xte
nsa-esp-elf/14.2.0/../../../../xtensa-esp-elf/bin/ld.exe: 
.pio/build/custom-st7789-160x128/src/modules/rf/rf_scan.cpp.o: plugin needed 
to handle lto object
C:/Users/phamm/.platformio/packages/toolchain-xtensa-esp-elf/bin/../lib/gcc/xte
nsa-esp-elf/14.2.0/../../../../xtensa-esp-elf/bin/ld.exe: 
.pio/build/custom-st7789-160x128/src/modules/rf/rf_scan.cpp.o: plugin needed 
to handle lto object
C:/Users/phamm/.platformio/packages/toolchain-xtensa-esp-elf/bin/../lib/gcc/xte
nsa-esp-elf/14.2.0/../../../../xtensa-esp-elf/bin/ld.exe: 
.pio/build/custom-st7789-160x128/src/modules/rf/rf_scan.cpp.o and 
.pio/build/custom-st7789-160x128/FrameworkArduinoVariant/variant.cpp.o: 
warning: multiple common of `__gnu_lto_slim'
C:/Users/phamm/.platformio/packages/toolchain-xtensa-esp-elf/bin/../lib/gcc/xte
nsa-esp-elf/14.2.0/../../../../xtensa-esp-elf/bin/ld.exe: 
.pio/build/custom-st7789-160x128/src/modules/rf/rf_send.cpp.o: plugin needed 
to handle lto object
C:/Users/phamm/.platformio/packages/toolchain-xtensa-esp-elf/bin/../lib/gcc/xte
nsa-esp-elf/14.2.0/../../../../xtensa-esp-elf/bin/ld.exe: 
.pio/build/custom-st7789-160x128/src/modules/rf/rf_send.cpp.o: plugin needed 
to handle lto object
C:/Users/phamm/.platformio/packages/toolchain-xtensa-esp-elf/bin/../lib/gcc/xte
nsa-esp-elf/14.2.0/../../../../xtensa-esp-elf/bin/ld.exe: 
.pio/build/custom-st7789-160x128/src/modules/rf/rf_send.cpp.o and 
.pio/build/custom-st7789-160x128/FrameworkArduinoVariant/variant.cpp.o: 
warning: multiple common of `__gnu_lto_slim'
C:/Users/phamm/.platformio/packages/toolchain-xtensa-esp-elf/bin/../lib/gcc/xte
nsa-esp-elf/14.2.0/../../../../xtensa-esp-elf/bin/ld.exe: 
.pio/build/custom-st7789-160x128/src/modules/rf/rf_spectrum.cpp.o: plugin 
needed to handle lto object
C:/Users/phamm/.platformio/packages/toolchain-xtensa-esp-elf/bin/../lib/gcc/xte
nsa-esp-elf/14.2.0/../../../../xtensa-esp-elf/bin/ld.exe: 
.pio/build/custom-st7789-160x128/src/modules/rf/rf_spectrum.cpp.o: plugin 
needed to handle lto object
C:/Users/phamm/.platformio/packages/toolchain-xtensa-esp-elf/bin/../lib/gcc/xte
nsa-esp-elf/14.2.0/../../../../xtensa-esp-elf/bin/ld.exe: 
.pio/build/custom-st7789-160x128/src/modules/rf/rf_spectrum.cpp.o and 
.pio/build/custom-st7789-160x128/FrameworkArduinoVariant/variant.cpp.o: 
warning: multiple common of `__gnu_lto_slim'
C:/Users/phamm/.platformio/packages/toolchain-xtensa-esp-elf/bin/../lib/gcc/xte
nsa-esp-elf/14.2.0/../../../../xtensa-esp-elf/bin/ld.exe: 
.pio/build/custom-st7789-160x128/src/modules/rf/rf_utils.cpp.o: plugin needed 
to handle lto object
C:/Users/phamm/.platformio/packages/toolchain-xtensa-esp-elf/bin/../lib/gcc/xte
nsa-esp-elf/14.2.0/../../../../xtensa-esp-elf/bin/ld.exe: 
.pio/build/custom-st7789-160x128/src/modules/rf/rf_utils.cpp.o: plugin needed 
to handle lto object
C:/Users/phamm/.platformio/packages/toolchain-xtensa-esp-elf/bin/../lib/gcc/xte
nsa-esp-elf/14.2.0/../../../../xtensa-esp-elf/bin/ld.exe: 
.pio/build/custom-st7789-160x128/src/modules/rf/rf_utils.cpp.o and 
.pio/build/custom-st7789-160x128/FrameworkArduinoVariant/variant.cpp.o: 
warning: multiple common of `__gnu_lto_slim'
C:/Users/phamm/.platformio/packages/toolchain-xtensa-esp-elf/bin/../lib/gcc/xte
nsa-esp-elf/14.2.0/../../../../xtensa-esp-elf/bin/ld.exe: 
.pio/build/custom-st7789-160x128/src/modules/rf/rf_waterfall.cpp.o: plugin 
needed to handle lto object
C:/Users/phamm/.platformio/packages/toolchain-xtensa-esp-elf/bin/../lib/gcc/xte
nsa-esp-elf/14.2.0/../../../../xtensa-esp-elf/bin/ld.exe: 
.pio/build/custom-st7789-160x128/src/modules/rf/rf_waterfall.cpp.o: plugin 
needed to handle lto object
C:/Users/phamm/.platformio/packages/toolchain-xtensa-esp-elf/bin/../lib/gcc/xte
nsa-esp-elf/14.2.0/../../../../xtensa-esp-elf/bin/ld.exe: 
.pio/build/custom-st7789-160x128/src/modules/rf/rf_waterfall.cpp.o and 
.pio/build/custom-st7789-160x128/FrameworkArduinoVariant/variant.cpp.o: 
warning: multiple common of `__gnu_lto_slim'
C:/Users/phamm/.platformio/packages/toolchain-xtensa-esp-elf/bin/../lib/gcc/xte
nsa-esp-elf/14.2.0/../../../../xtensa-esp-elf/bin/ld.exe: 
.pio/build/custom-st7789-160x128/src/modules/rf/save.cpp.o: plugin needed to 
handle lto object
C:/Users/phamm/.platformio/packages/toolchain-xtensa-esp-elf/bin/../lib/gcc/xte
nsa-esp-elf/14.2.0/../../../../xtensa-esp-elf/bin/ld.exe: 
.pio/build/custom-st7789-160x128/src/modules/rf/save.cpp.o: plugin needed to 
handle lto object
C:/Users/phamm/.platformio/packages/toolchain-xtensa-esp-elf/bin/../lib/gcc/xte
nsa-esp-elf/14.2.0/../../../../xtensa-esp-elf/bin/ld.exe: 
.pio/build/custom-st7789-160x128/src/modules/rf/save.cpp.o and 
.pio/build/custom-st7789-160x128/FrameworkArduinoVariant/variant.cpp.o: 
warning: multiple common of `__gnu_lto_slim'
C:/Users/phamm/.platformio/packages/toolchain-xtensa-esp-elf/bin/../lib/gcc/xte
nsa-esp-elf/14.2.0/../../../../xtensa-esp-elf/bin/ld.exe: 
.pio/build/custom-st7789-160x128/src/modules/rfid/PN532.cpp.o: plugin needed 
to handle lto object
C:/Users/phamm/.platformio/packages/toolchain-xtensa-esp-elf/bin/../lib/gcc/xte
nsa-esp-elf/14.2.0/../../../../xtensa-esp-elf/bin/ld.exe: 
.pio/build/custom-st7789-160x128/src/modules/rfid/PN532.cpp.o: plugin needed 
to handle lto object
C:/Users/phamm/.platformio/packages/toolchain-xtensa-esp-elf/bin/../lib/gcc/xte
nsa-esp-elf/14.2.0/../../../../xtensa-esp-elf/bin/ld.exe: 
.pio/build/custom-st7789-160x128/src/modules/rfid/PN532.cpp.o and 
.pio/build/custom-st7789-160x128/FrameworkArduinoVariant/variant.cpp.o: 
warning: multiple common of `__gnu_lto_slim'
C:/Users/phamm/.platformio/packages/toolchain-xtensa-esp-elf/bin/../lib/gcc/xte
nsa-esp-elf/14.2.0/../../../../xtensa-esp-elf/bin/ld.exe: 
.pio/build/custom-st7789-160x128/src/modules/rfid/PN532KillerTools.cpp.o: 
plugin needed to handle lto object
C:/Users/phamm/.platformio/packages/toolchain-xtensa-esp-elf/bin/../lib/gcc/xte
nsa-esp-elf/14.2.0/../../../../xtensa-esp-elf/bin/ld.exe: 
.pio/build/custom-st7789-160x128/src/modules/rfid/PN532KillerTools.cpp.o: 
plugin needed to handle lto object
C:/Users/phamm/.platformio/packages/toolchain-xtensa-esp-elf/bin/../lib/gcc/xte
nsa-esp-elf/14.2.0/../../../../xtensa-esp-elf/bin/ld.exe: 
.pio/build/custom-st7789-160x128/src/modules/rfid/PN532KillerTools.cpp.o and 
.pio/build/custom-st7789-160x128/FrameworkArduinoVariant/variant.cpp.o: 
warning: multiple common of `__gnu_lto_slim'
C:/Users/phamm/.platformio/packages/toolchain-xtensa-esp-elf/bin/../lib/gcc/xte
nsa-esp-elf/14.2.0/../../../../xtensa-esp-elf/bin/ld.exe: 
.pio/build/custom-st7789-160x128/src/modules/rfid/RFID2.cpp.o: plugin needed 
to handle lto object
C:/Users/phamm/.platformio/packages/toolchain-xtensa-esp-elf/bin/../lib/gcc/xte
nsa-esp-elf/14.2.0/../../../../xtensa-esp-elf/bin/ld.exe: 
.pio/build/custom-st7789-160x128/src/modules/rfid/RFID2.cpp.o: plugin needed 
to handle lto object
C:/Users/phamm/.platformio/packages/toolchain-xtensa-esp-elf/bin/../lib/gcc/xte
nsa-esp-elf/14.2.0/../../../../xtensa-esp-elf/bin/ld.exe: 
.pio/build/custom-st7789-160x128/src/modules/rfid/RFID2.cpp.o and 
.pio/build/custom-st7789-160x128/FrameworkArduinoVariant/variant.cpp.o: 
warning: multiple common of `__gnu_lto_slim'
C:/Users/phamm/.platformio/packages/toolchain-xtensa-esp-elf/bin/../lib/gcc/xte
nsa-esp-elf/14.2.0/../../../../xtensa-esp-elf/bin/ld.exe: 
.pio/build/custom-st7789-160x128/src/modules/rfid/amiibo.cpp.o: plugin needed 
to handle lto object
C:/Users/phamm/.platformio/packages/toolchain-xtensa-esp-elf/bin/../lib/gcc/xte
nsa-esp-elf/14.2.0/../../../../xtensa-esp-elf/bin/ld.exe: 
.pio/build/custom-st7789-160x128/src/modules/rfid/amiibo.cpp.o: plugin needed 
to handle lto object
C:/Users/phamm/.platformio/packages/toolchain-xtensa-esp-elf/bin/../lib/gcc/xte
nsa-esp-elf/14.2.0/../../../../xtensa-esp-elf/bin/ld.exe: 
.pio/build/custom-st7789-160x128/src/modules/rfid/amiibo.cpp.o and 
.pio/build/custom-st7789-160x128/FrameworkArduinoVariant/variant.cpp.o: 
warning: multiple common of `__gnu_lto_slim'
C:/Users/phamm/.platformio/packages/toolchain-xtensa-esp-elf/bin/../lib/gcc/xte
nsa-esp-elf/14.2.0/../../../../xtensa-esp-elf/bin/ld.exe: 
.pio/build/custom-st7789-160x128/src/modules/rfid/apdu.cpp.o: plugin needed to 
handle lto object
C:/Users/phamm/.platformio/packages/toolchain-xtensa-esp-elf/bin/../lib/gcc/xte
nsa-esp-elf/14.2.0/../../../../xtensa-esp-elf/bin/ld.exe: 
.pio/build/custom-st7789-160x128/src/modules/rfid/apdu.cpp.o: plugin needed to 
handle lto object
C:/Users/phamm/.platformio/packages/toolchain-xtensa-esp-elf/bin/../lib/gcc/xte
nsa-esp-elf/14.2.0/../../../../xtensa-esp-elf/bin/ld.exe: 
.pio/build/custom-st7789-160x128/src/modules/rfid/apdu.cpp.o and 
.pio/build/custom-st7789-160x128/FrameworkArduinoVariant/variant.cpp.o: 
warning: multiple common of `__gnu_lto_slim'
C:/Users/phamm/.platformio/packages/toolchain-xtensa-esp-elf/bin/../lib/gcc/xte
nsa-esp-elf/14.2.0/../../../../xtensa-esp-elf/bin/ld.exe: 
.pio/build/custom-st7789-160x128/src/modules/rfid/chameleon.cpp.o: plugin 
needed to handle lto object
C:/Users/phamm/.platformio/packages/toolchain-xtensa-esp-elf/bin/../lib/gcc/xte
nsa-esp-elf/14.2.0/../../../../xtensa-esp-elf/bin/ld.exe: 
.pio/build/custom-st7789-160x128/src/modules/rfid/chameleon.cpp.o: plugin 
needed to handle lto object
C:/Users/phamm/.platformio/packages/toolchain-xtensa-esp-elf/bin/../lib/gcc/xte
nsa-esp-elf/14.2.0/../../../../xtensa-esp-elf/bin/ld.exe: 
.pio/build/custom-st7789-160x128/src/modules/rfid/chameleon.cpp.o and 
.pio/build/custom-st7789-160x128/FrameworkArduinoVariant/variant.cpp.o: 
warning: multiple common of `__gnu_lto_slim'
C:/Users/phamm/.platformio/packages/toolchain-xtensa-esp-elf/bin/../lib/gcc/xte
nsa-esp-elf/14.2.0/../../../../xtensa-esp-elf/bin/ld.exe: 
.pio/build/custom-st7789-160x128/src/modules/rfid/emv_reader.cpp.o: plugin 
needed to handle lto object
C:/Users/phamm/.platformio/packages/toolchain-xtensa-esp-elf/bin/../lib/gcc/xte
nsa-esp-elf/14.2.0/../../../../xtensa-esp-elf/bin/ld.exe: 
.pio/build/custom-st7789-160x128/src/modules/rfid/emv_reader.cpp.o: plugin 
needed to handle lto object
C:/Users/phamm/.platformio/packages/toolchain-xtensa-esp-elf/bin/../lib/gcc/xte
nsa-esp-elf/14.2.0/../../../../xtensa-esp-elf/bin/ld.exe: 
.pio/build/custom-st7789-160x128/src/modules/rfid/emv_reader.cpp.o and 
.pio/build/custom-st7789-160x128/FrameworkArduinoVariant/variant.cpp.o: 
warning: multiple common of `__gnu_lto_slim'
C:/Users/phamm/.platformio/packages/toolchain-xtensa-esp-elf/bin/../lib/gcc/xte
nsa-esp-elf/14.2.0/../../../../xtensa-esp-elf/bin/ld.exe: 
.pio/build/custom-st7789-160x128/src/modules/rfid/pn532ble.cpp.o: plugin 
needed to handle lto object
C:/Users/phamm/.platformio/packages/toolchain-xtensa-esp-elf/bin/../lib/gcc/xte
nsa-esp-elf/14.2.0/../../../../xtensa-esp-elf/bin/ld.exe: 
.pio/build/custom-st7789-160x128/src/modules/rfid/pn532ble.cpp.o: plugin 
needed to handle lto object
C:/Users/phamm/.platformio/packages/toolchain-xtensa-esp-elf/bin/../lib/gcc/xte
nsa-esp-elf/14.2.0/../../../../xtensa-esp-elf/bin/ld.exe: 
.pio/build/custom-st7789-160x128/src/modules/rfid/pn532ble.cpp.o and 
.pio/build/custom-st7789-160x128/FrameworkArduinoVariant/variant.cpp.o: 
warning: multiple common of `__gnu_lto_slim'
C:/Users/phamm/.platformio/packages/toolchain-xtensa-esp-elf/bin/../lib/gcc/xte
nsa-esp-elf/14.2.0/../../../../xtensa-esp-elf/bin/ld.exe: 
.pio/build/custom-st7789-160x128/src/modules/rfid/rfid125.cpp.o: plugin needed 
to handle lto object
C:/Users/phamm/.platformio/packages/toolchain-xtensa-esp-elf/bin/../lib/gcc/xte
nsa-esp-elf/14.2.0/../../../../xtensa-esp-elf/bin/ld.exe: 
.pio/build/custom-st7789-160x128/src/modules/rfid/rfid125.cpp.o: plugin needed 
to handle lto object
C:/Users/phamm/.platformio/packages/toolchain-xtensa-esp-elf/bin/../lib/gcc/xte
nsa-esp-elf/14.2.0/../../../../xtensa-esp-elf/bin/ld.exe: 
.pio/build/custom-st7789-160x128/src/modules/rfid/rfid125.cpp.o and 
.pio/build/custom-st7789-160x128/FrameworkArduinoVariant/variant.cpp.o: 
warning: multiple common of `__gnu_lto_slim'
C:/Users/phamm/.platformio/packages/toolchain-xtensa-esp-elf/bin/../lib/gcc/xte
nsa-esp-elf/14.2.0/../../../../xtensa-esp-elf/bin/ld.exe: 
.pio/build/custom-st7789-160x128/src/modules/rfid/srix_tool.cpp.o: plugin 
needed to handle lto object
C:/Users/phamm/.platformio/packages/toolchain-xtensa-esp-elf/bin/../lib/gcc/xte
nsa-esp-elf/14.2.0/../../../../xtensa-esp-elf/bin/ld.exe: 
.pio/build/custom-st7789-160x128/src/modules/rfid/srix_tool.cpp.o: plugin 
needed to handle lto object
C:/Users/phamm/.platformio/packages/toolchain-xtensa-esp-elf/bin/../lib/gcc/xte
nsa-esp-elf/14.2.0/../../../../xtensa-esp-elf/bin/ld.exe: 
.pio/build/custom-st7789-160x128/src/modules/rfid/srix_tool.cpp.o and 
.pio/build/custom-st7789-160x128/FrameworkArduinoVariant/variant.cpp.o: 
warning: multiple common of `__gnu_lto_slim'
C:/Users/phamm/.platformio/packages/toolchain-xtensa-esp-elf/bin/../lib/gcc/xte
nsa-esp-elf/14.2.0/../../../../xtensa-esp-elf/bin/ld.exe: 
.pio/build/custom-st7789-160x128/src/modules/rfid/tag_o_matic.cpp.o: plugin 
needed to handle lto object
C:/Users/phamm/.platformio/packages/toolchain-xtensa-esp-elf/bin/../lib/gcc/xte
nsa-esp-elf/14.2.0/../../../../xtensa-esp-elf/bin/ld.exe: 
.pio/build/custom-st7789-160x128/src/modules/rfid/tag_o_matic.cpp.o: plugin 
needed to handle lto object
C:/Users/phamm/.platformio/packages/toolchain-xtensa-esp-elf/bin/../lib/gcc/xte
nsa-esp-elf/14.2.0/../../../../xtensa-esp-elf/bin/ld.exe: 
.pio/build/custom-st7789-160x128/src/modules/rfid/tag_o_matic.cpp.o and 
.pio/build/custom-st7789-160x128/FrameworkArduinoVariant/variant.cpp.o: 
warning: multiple common of `__gnu_lto_slim'
C:/Users/phamm/.platformio/packages/toolchain-xtensa-esp-elf/bin/../lib/gcc/xte
nsa-esp-elf/14.2.0/../../../../xtensa-esp-elf/bin/ld.exe: 
.pio/build/custom-st7789-160x128/src/modules/wifi/ap_info.cpp.o: plugin needed 
to handle lto object
C:/Users/phamm/.platformio/packages/toolchain-xtensa-esp-elf/bin/../lib/gcc/xte
nsa-esp-elf/14.2.0/../../../../xtensa-esp-elf/bin/ld.exe: 
.pio/build/custom-st7789-160x128/src/modules/wifi/ap_info.cpp.o: plugin needed 
to handle lto object
C:/Users/phamm/.platformio/packages/toolchain-xtensa-esp-elf/bin/../lib/gcc/xte
nsa-esp-elf/14.2.0/../../../../xtensa-esp-elf/bin/ld.exe: 
.pio/build/custom-st7789-160x128/src/modules/wifi/ap_info.cpp.o and 
.pio/build/custom-st7789-160x128/FrameworkArduinoVariant/variant.cpp.o: 
warning: multiple common of `__gnu_lto_slim'
C:/Users/phamm/.platformio/packages/toolchain-xtensa-esp-elf/bin/../lib/gcc/xte
nsa-esp-elf/14.2.0/../../../../xtensa-esp-elf/bin/ld.exe: 
.pio/build/custom-st7789-160x128/src/modules/wifi/clients.cpp.o: plugin needed 
to handle lto object
C:/Users/phamm/.platformio/packages/toolchain-xtensa-esp-elf/bin/../lib/gcc/xte
nsa-esp-elf/14.2.0/../../../../xtensa-esp-elf/bin/ld.exe: 
.pio/build/custom-st7789-160x128/src/modules/wifi/clients.cpp.o: plugin needed 
to handle lto object
C:/Users/phamm/.platformio/packages/toolchain-xtensa-esp-elf/bin/../lib/gcc/xte
nsa-esp-elf/14.2.0/../../../../xtensa-esp-elf/bin/ld.exe: 
.pio/build/custom-st7789-160x128/src/modules/wifi/clients.cpp.o and 
.pio/build/custom-st7789-160x128/FrameworkArduinoVariant/variant.cpp.o: 
warning: multiple common of `__gnu_lto_slim'
C:/Users/phamm/.platformio/packages/toolchain-xtensa-esp-elf/bin/../lib/gcc/xte
nsa-esp-elf/14.2.0/../../../../xtensa-esp-elf/bin/ld.exe: 
.pio/build/custom-st7789-160x128/src/modules/wifi/deauther.cpp.o: plugin 
needed to handle lto object
C:/Users/phamm/.platformio/packages/toolchain-xtensa-esp-elf/bin/../lib/gcc/xte
nsa-esp-elf/14.2.0/../../../../xtensa-esp-elf/bin/ld.exe: 
.pio/build/custom-st7789-160x128/src/modules/wifi/deauther.cpp.o: plugin 
needed to handle lto object
C:/Users/phamm/.platformio/packages/toolchain-xtensa-esp-elf/bin/../lib/gcc/xte
nsa-esp-elf/14.2.0/../../../../xtensa-esp-elf/bin/ld.exe: 
.pio/build/custom-st7789-160x128/src/modules/wifi/deauther.cpp.o and 
.pio/build/custom-st7789-160x128/FrameworkArduinoVariant/variant.cpp.o: 
warning: multiple common of `__gnu_lto_slim'
C:/Users/phamm/.platformio/packages/toolchain-xtensa-esp-elf/bin/../lib/gcc/xte
nsa-esp-elf/14.2.0/../../../../xtensa-esp-elf/bin/ld.exe: 
.pio/build/custom-st7789-160x128/src/modules/wifi/evil_portal.cpp.o: plugin 
needed to handle lto object
C:/Users/phamm/.platformio/packages/toolchain-xtensa-esp-elf/bin/../lib/gcc/xte
nsa-esp-elf/14.2.0/../../../../xtensa-esp-elf/bin/ld.exe: 
.pio/build/custom-st7789-160x128/src/modules/wifi/evil_portal.cpp.o: plugin 
needed to handle lto object
C:/Users/phamm/.platformio/packages/toolchain-xtensa-esp-elf/bin/../lib/gcc/xte
nsa-esp-elf/14.2.0/../../../../xtensa-esp-elf/bin/ld.exe: 
.pio/build/custom-st7789-160x128/src/modules/wifi/evil_portal.cpp.o and 
.pio/build/custom-st7789-160x128/FrameworkArduinoVariant/variant.cpp.o: 
warning: multiple common of `__gnu_lto_slim'
C:/Users/phamm/.platformio/packages/toolchain-xtensa-esp-elf/bin/../lib/gcc/xte
nsa-esp-elf/14.2.0/../../../../xtensa-esp-elf/bin/ld.exe: 
.pio/build/custom-st7789-160x128/src/modules/wifi/karma_attack.cpp.o: plugin 
needed to handle lto object
C:/Users/phamm/.platformio/packages/toolchain-xtensa-esp-elf/bin/../lib/gcc/xte
nsa-esp-elf/14.2.0/../../../../xtensa-esp-elf/bin/ld.exe: 
.pio/build/custom-st7789-160x128/src/modules/wifi/karma_attack.cpp.o: plugin 
needed to handle lto object
C:/Users/phamm/.platformio/packages/toolchain-xtensa-esp-elf/bin/../lib/gcc/xte
nsa-esp-elf/14.2.0/../../../../xtensa-esp-elf/bin/ld.exe: 
.pio/build/custom-st7789-160x128/src/modules/wifi/karma_attack.cpp.o and 
.pio/build/custom-st7789-160x128/FrameworkArduinoVariant/variant.cpp.o: 
warning: multiple common of `__gnu_lto_slim'
C:/Users/phamm/.platformio/packages/toolchain-xtensa-esp-elf/bin/../lib/gcc/xte
nsa-esp-elf/14.2.0/../../../../xtensa-esp-elf/bin/ld.exe: 
.pio/build/custom-st7789-160x128/src/modules/wifi/responder.cpp.o: plugin 
needed to handle lto object
C:/Users/phamm/.platformio/packages/toolchain-xtensa-esp-elf/bin/../lib/gcc/xte
nsa-esp-elf/14.2.0/../../../../xtensa-esp-elf/bin/ld.exe: 
.pio/build/custom-st7789-160x128/src/modules/wifi/responder.cpp.o: plugin 
needed to handle lto object
C:/Users/phamm/.platformio/packages/toolchain-xtensa-esp-elf/bin/../lib/gcc/xte
nsa-esp-elf/14.2.0/../../../../xtensa-esp-elf/bin/ld.exe: 
.pio/build/custom-st7789-160x128/src/modules/wifi/responder.cpp.o and 
.pio/build/custom-st7789-160x128/FrameworkArduinoVariant/variant.cpp.o: 
warning: multiple common of `__gnu_lto_slim'
C:/Users/phamm/.platformio/packages/toolchain-xtensa-esp-elf/bin/../lib/gcc/xte
nsa-esp-elf/14.2.0/../../../../xtensa-esp-elf/bin/ld.exe: 
.pio/build/custom-st7789-160x128/src/modules/wifi/sniffer.cpp.o: plugin needed 
to handle lto object
C:/Users/phamm/.platformio/packages/toolchain-xtensa-esp-elf/bin/../lib/gcc/xte
nsa-esp-elf/14.2.0/../../../../xtensa-esp-elf/bin/ld.exe: 
.pio/build/custom-st7789-160x128/src/modules/wifi/sniffer.cpp.o: plugin needed 
to handle lto object
C:/Users/phamm/.platformio/packages/toolchain-xtensa-esp-elf/bin/../lib/gcc/xte
nsa-esp-elf/14.2.0/../../../../xtensa-esp-elf/bin/ld.exe: 
.pio/build/custom-st7789-160x128/src/modules/wifi/sniffer.cpp.o and 
.pio/build/custom-st7789-160x128/FrameworkArduinoVariant/variant.cpp.o: 
warning: multiple common of `__gnu_lto_slim'
C:/Users/phamm/.platformio/packages/toolchain-xtensa-esp-elf/bin/../lib/gcc/xte
nsa-esp-elf/14.2.0/../../../../xtensa-esp-elf/bin/ld.exe: 
.pio/build/custom-st7789-160x128/src/modules/wifi/socks4_proxy.cpp.o: plugin 
needed to handle lto object
C:/Users/phamm/.platformio/packages/toolchain-xtensa-esp-elf/bin/../lib/gcc/xte
nsa-esp-elf/14.2.0/../../../../xtensa-esp-elf/bin/ld.exe: 
.pio/build/custom-st7789-160x128/src/modules/wifi/socks4_proxy.cpp.o: plugin 
needed to handle lto object
C:/Users/phamm/.platformio/packages/toolchain-xtensa-esp-elf/bin/../lib/gcc/xte
nsa-esp-elf/14.2.0/../../../../xtensa-esp-elf/bin/ld.exe: 
.pio/build/custom-st7789-160x128/src/modules/wifi/socks4_proxy.cpp.o and 
.pio/build/custom-st7789-160x128/FrameworkArduinoVariant/variant.cpp.o: 
warning: multiple common of `__gnu_lto_slim'
C:/Users/phamm/.platformio/packages/toolchain-xtensa-esp-elf/bin/../lib/gcc/xte
nsa-esp-elf/14.2.0/../../../../xtensa-esp-elf/bin/ld.exe: 
.pio/build/custom-st7789-160x128/src/modules/wifi/tcp_utils.cpp.o: plugin 
needed to handle lto object
C:/Users/phamm/.platformio/packages/toolchain-xtensa-esp-elf/bin/../lib/gcc/xte
nsa-esp-elf/14.2.0/../../../../xtensa-esp-elf/bin/ld.exe: 
.pio/build/custom-st7789-160x128/src/modules/wifi/tcp_utils.cpp.o: plugin 
needed to handle lto object
C:/Users/phamm/.platformio/packages/toolchain-xtensa-esp-elf/bin/../lib/gcc/xte
nsa-esp-elf/14.2.0/../../../../xtensa-esp-elf/bin/ld.exe: 
.pio/build/custom-st7789-160x128/src/modules/wifi/tcp_utils.cpp.o and 
.pio/build/custom-st7789-160x128/FrameworkArduinoVariant/variant.cpp.o: 
warning: multiple common of `__gnu_lto_slim'
C:/Users/phamm/.platformio/packages/toolchain-xtensa-esp-elf/bin/../lib/gcc/xte
nsa-esp-elf/14.2.0/../../../../xtensa-esp-elf/bin/ld.exe: 
.pio/build/custom-st7789-160x128/src/modules/wifi/wifi_atks.cpp.o: plugin 
needed to handle lto object
C:/Users/phamm/.platformio/packages/toolchain-xtensa-esp-elf/bin/../lib/gcc/xte
nsa-esp-elf/14.2.0/../../../../xtensa-esp-elf/bin/ld.exe: 
.pio/build/custom-st7789-160x128/src/modules/wifi/wifi_atks.cpp.o: plugin 
needed to handle lto object
C:/Users/phamm/.platformio/packages/toolchain-xtensa-esp-elf/bin/../lib/gcc/xte
nsa-esp-elf/14.2.0/../../../../xtensa-esp-elf/bin/ld.exe: 
.pio/build/custom-st7789-160x128/src/modules/wifi/wifi_atks.cpp.o and 
.pio/build/custom-st7789-160x128/FrameworkArduinoVariant/variant.cpp.o: 
warning: multiple common of `__gnu_lto_slim'
C:/Users/phamm/.platformio/packages/toolchain-xtensa-esp-elf/bin/../lib/gcc/xte
nsa-esp-elf/14.2.0/../../../../xtensa-esp-elf/bin/ld.exe: 
.pio/build/custom-st7789-160x128/src/modules/wifi/wifi_recover.cpp.o: plugin 
needed to handle lto object
C:/Users/phamm/.platformio/packages/toolchain-xtensa-esp-elf/bin/../lib/gcc/xte
nsa-esp-elf/14.2.0/../../../../xtensa-esp-elf/bin/ld.exe: 
.pio/build/custom-st7789-160x128/src/modules/wifi/wifi_recover.cpp.o: plugin 
needed to handle lto object
C:/Users/phamm/.platformio/packages/toolchain-xtensa-esp-elf/bin/../lib/gcc/xte
nsa-esp-elf/14.2.0/../../../../xtensa-esp-elf/bin/ld.exe: 
.pio/build/custom-st7789-160x128/src/modules/wifi/wifi_recover.cpp.o and 
.pio/build/custom-st7789-160x128/FrameworkArduinoVariant/variant.cpp.o: 
warning: multiple common of `__gnu_lto_slim'
C:/Users/phamm/.platformio/packages/toolchain-xtensa-esp-elf/bin/../lib/gcc/xte
nsa-esp-elf/14.2.0/../../../../xtensa-esp-elf/bin/ld.exe: 
.pio/build/custom-st7789-160x128/libFrameworkArduino.a(main.cpp.o): plugin 
needed to handle lto object
C:/Users/phamm/.platformio/packages/toolchain-xtensa-esp-elf/bin/../lib/gcc/xte
nsa-esp-elf/14.2.0/../../../../xtensa-esp-elf/bin/ld.exe: 
.pio/build/custom-st7789-160x128/libFrameworkArduino.a(main.cpp.o): plugin 
needed to handle lto object
C:/Users/phamm/.platformio/packages/toolchain-xtensa-esp-elf/bin/../lib/gcc/xte
nsa-esp-elf/14.2.0/../../../../xtensa-esp-elf/bin/ld.exe: 
.pio/build/custom-st7789-160x128/libFrameworkArduino.a(main.cpp.o) and 
.pio/build/custom-st7789-160x128/FrameworkArduinoVariant/variant.cpp.o: 
warning: multiple common of `__gnu_lto_slim'
C:/Users/phamm/.platformio/packages/toolchain-xtensa-esp-elf/bin/../lib/gcc/xte
nsa-esp-elf/14.2.0/../../../../xtensa-esp-elf/bin/ld.exe: C:/Users/phamm/.platf
ormio/packages/framework-arduinoespressif32-libs/esp32/lib\libfreertos.a(app_st
artup.c.obj):(.literal.main_task+0x14): undefined reference to `app_main'
C:/Users/phamm/.platformio/packages/toolchain-xtensa-esp-elf/bin/../lib/gcc/xte
nsa-esp-elf/14.2.0/../../../../xtensa-esp-elf/bin/ld.exe: C:/Users/phamm/.platf
ormio/packages/framework-arduinoespressif32-libs/esp32/lib\libfreertos.a(app_st
artup.c.obj): in function `main_task':
/home/runner/work/esp32-arduino-lib-builder/esp32-arduino-lib-builder/esp-idf/c
omponents/freertos/app_startup.c:199:(.text.main_task+0x60): undefined 
reference to `app_main'
Memory region         Used Size  Region Size  %age Used
     iram0_0_seg:       44556 B       128 KB     33.99%
     iram0_2_seg:       96056 B    3342304 B      2.87%
     dram0_0_seg:       18788 B     124580 B     15.08%
     drom0_0_seg:       56580 B    4194272 B      1.35%
    rtc_iram_seg:           0 B       8176 B      0.00%
    rtc_data_seg:           0 B       8176 B      0.00%
rtc_fast_reserved_seg:          16 B         16 B    100.00%
    rtc_slow_seg:          32 B       7656 B      0.42%
rtc_slow_reserved_seg:          24 B         24 B    100.00%
  extern_ram_seg:           0 B         4 MB      0.00%
collect2.exe: error: ld returned 1 exit status
*** [.pio\build\custom-st7789-160x128\firmware.elf] Error 1
========================= [FAILED] Took 67.48 seconds =========================

Environment            Status    Duration
---------------------  --------  ------------
custom-st7789-160x128  FAILED    00:01:07.485
==================== 1 failed, 0 succeeded in 00:01:07.485 ====================
